16918011
16918009
16918009
16918009
16918005
16918000
16918002
16917993
16917990
16917994
16917994
16917994
16917994
16917994
16917994
16917991
16917991
16917981
16917983
16917973
16917973
16917983
16917983
16917993
16917993
16917993
16917995
16917995
16918001
16917996
16917996
16917996
16917990
16917990
16917990
16917985
16917986
16917991
16917991
16917991
16917984
16917975
16917975
16917975
16917975
16917975
16917975
16917972
16917972
16917982
16917990
16917990
16917983
16917983
16917982
16917984
16917984
16917984
16917983
16917991
16917983
16917983
16917983
16917974
16917983
16917983
16917983
16917983
16917992
16917988
16917997
16917997
16917997
16917997
16917994
16917994
16917994
16917994
16917998
16917998
16917998
16917998
16917998
16918000
16918006
16918006
16918006
16918006
16918005
16918014
16918014
16918014
16918014
16918012
16918007
16918007
16918016
16918022
16918022
16918019
16918019
