425048
425048
425040
425049
425049
425045
425053
425053
425053
425053
425053
425053
425053
425053
425053
425053
425061
425061
425061
425061
425071
425067
425067
425067
425062
425062
425070
425060
425060
425060
425060
425067
425067
425066
425075
425078
425081
425081
425081
425081
425081
425073
425081
425076
425076
425076
425078
425078
425078
425078
425082
425086
425086
425086
425089
425089
425089
425096
425106
425106
425106
425106
425099
425096
425094
425098
425098
425098
425106
425106
425106
425101
425101
425101
425095
425087
425085
425087
425087
425087
425091
425091
425091
425091
425091
425091
425091
425085
425090
425087
425077
425081
425081
425085
425095
425095
425095
425095
425088
425082
425091
425091
425091
425081
425081
425081
425081
425081
425073
425083
425083
425083
425083
425083
425083
425083
425083
425083
425093
425094
425084
425084
425094
425094
425104
425104
425103
425103
425105
425111
425111
425111
425111
425104
425096
425096
425096
425096
425096
425096
425097
425097
425097
425105
425105
425107
425109
425113
425113
425113
425113
425116
425116
425116
425116
425109
425109
425109
425109
425112
425112
425112
425112
425112
425112
425112
425112
425112
425108
425114
425108
425104
425114
425114
425116
425116
425116
425116
425126
425120
425120
425113
425113
425106
425106
425106
425106
425101
425101
425101
425101
425101
425110
425110
425110
425116
425116
425116
425110
425110
425103
425102
425102
425102
425102
425102
425102
425102
425106
425106
425113
425116
425116
425124
425124
425126
425126
425126
425121
425121
425116
425109
425102
425094
425094
425094
425101
425101
425101
425101
425102
425102
425102
425096
425086
425087
425087
425087
425087
425087
425093
425092
425092
425090
425097
425097
425097
425097
425097
425096
425102
425094
425097
425097
425097
425087
425081
425081
425081
425087
425087
425079
425087
425093
425094
425088
425088
425094
425094
425094
425098
425108
425100
425109
425106
425105
425105
425112
425105
425115
425112
425111
425111
425118
425118
425118
425118
425125
425125
425125
425119
425121
425121
425121
425121
425121
425121
425129
425129
425138
425138
425138
425148
425145
425145
425145
425144
425144
425144
425140
425136
425136
425136
425136
425137
425137
425137
425146
425146
425136
425136
425127
425117
425127
425125
425125
425125
425125
425128
425128
425132
425137
425132
425132
425134
425128
425137
425144
425144
425144
425139
425139
425139
425138
425138
425138
425142
425139
425149
425149
425153
425153
425153
425153
425153
425156
425149
425149
425146
425149
425149
425148
425148
425148
425142
425142
425142
425141
425141
425147
425141
425141
425149
425146
425146
425146
425146
425147
425148
425154
425157
425157
425157
425159
425159
425154
425154
425154
425144
425145
425144
425144
425144
425134
425131
425125
425125
425126
425124
425124
425126
425133
425133
425127
425127
425127
425127
425124
425124
425124
425124
425133
425133
425131
425131
425131
425130
425130
425123
425124
425133
425126
425126
425126
425117
425126
425117
425110
425118
425118
425118
425125
425130
425127
425127
425125
425125
425117
425117
425112
425118
425117
425117
425113
425112
425112
425117
425120
425123
425123
425123
425123
425123
425117
425108
425116
425111
425119
425123
425123
425123
425123
425123
425123
425120
425120
425115
425115
425115
425106
425113
425112
425112
425108
425107
425107
425102
425094
425092
425092
425090
425080
425077
425073
425073
425073
425073
425079
425081
425087
425087
425087
425087
425087
425081
425081
425081
425084
425084
425084
425084
425084
425092
425092
425092
425092
425092
425097
425091
425092
425087
425087
425093
425085
425075
425075
425075
425075
425081
425091
425091
425091
425091
425091
425098
425098
425098
425098
425090
425090
425085
425085
425085
425085
425092
425092
425092
425092
425092
425092
425092
425092
425101
425101
425101
425101
425101
425101
425101
425105
425104
425104
425104
425104
425114
425114
425114
425116
425110
425110
425100
425100
425097
425104
425102
425103
425103
425103
425095
425102
425098
425107
425107
425097
425097
425097
425097
425097
425097
425103
425103
425106
425096
425101
425100
425100
425100
425103
425097
425097
425097
425097
425097
425092
425089
425098
425101
425101
425101
425101
425101
425108
425115
425115
425123
425123
425122
425112
425121
425121
425111
425110
425110
425110
425106
425106
425106
425106
425106
425116
425116
425109
425099
425089
425083
425075
425075
425075
425075
425075
425075
425066
425072
425072
425073
425065
425065
425073
425076
425078
425078
425078
425078
425088
425094
425085
425085
425085
425085
425085
425085
425085
425085
425075
425075
425080
425080
425075
425081
425081
425081
425081
425081
425071
425071
425071
425064
425064
425055
425055
425053
425060
425052
425059
425062
425062
425066
425066
425066
425062
425068
425068
425068
425068
425063
425063
425063
425063
425063
425063
425063
425059
425059
425059
425062
425062
425062
425059
425064
425073
425074
425074
425065
425056
425064
425064
425060
425060
425061
425061
425060
425059
425068
425068
425068
425074
425074
425082
425090
425096
425093
425093
425083
425083
425083
425087
425087
425087
425087
425091
425091
425088
425088
425088
425088
425082
425086
425086
425086
425093
425093
425093
425093
425103
425103
425103
425103
425112
425109
425099
425092
425094
425094
425085
425085
425090
425081
425086
425086
425082
425092
425085
425086
425086
425077
425077
425077
425077
425077
425076
425076
425076
425076
425076
425079
425078
425078
425083
425081
425074
425074
425080
425086
425086
425086
425093
425097
425097
425097
425101
425109
425113
425116
425116
425119
425116
425107
425109
425111
425111
425113
425113
425113
425113
425122
425122
425118
425118
425114
425114
425123
425130
425130
425130
425133
425133
425129
425124
425124
425119
425119
425128
425119
425119
425119
425119
425114
425120
425119
425129
425126
425126
425127
425132
425141
425141
425141
425141
425141
425141
425141
425141
425151
425141
425141
425141
425141
425136
425145
425145
425145
425145
425136
425136
425136
425136
425133
425133
425137
425137
425136
425141
425141
425141
425141
425141
425134
425134
425134
425144
425144
425144
425151
425144
425144
425144
425134
425144
425144
425136
425136
425132
425132
425132
425127
425127
425126
425125
425133
425131
425133
425137
425132
425132
425142
425142
425142
425142
425142
425147
425147
425145
425145
425145
425142
425135
425134
425134
425140
425134
425134
425134
425140
425148
425158
425167
425166
425166
425158
425158
425156
425156
425152
425152
425154
425154
425154
425154
425161
425161
425161
425161
425161
425161
425159
425159
425159
425159
425159
425156
425164
425166
425166
425166
425175
425175
425175
425184
425182
425191
425196
425194
425188
425188
425185
425186
425191
425191
425191
425200
425200
425204
425204
425204
425205
425205
425205
425200
425200
425201
425201
425201
425197
425197
425197
425197
425207
425207
425200
425200
425200
425200
425191
425191
425198
425193
425193
425193
425193
425190
425190
425183
425180
425171
425177
425177
425177
425177
425178
425169
425179
425179
425185
425192
425192
425192
425192
425197
425196
425198
425193
425193
425188
425195
425190
425180
425180
425175
425175
425175
425166
425166
425165
425158
425158
425152
425149
425143
425151
425158
425168
425163
425158
425158
425158
425168
425168
425168
425172
425178
425178
425188
425188
425197
425197
425197
425190
425189
425185
425185
425185
425185
425186
425185
425185
425186
425191
425195
425190
425190
425193
425198
425198
425194
425194
425194
425194
425190
425200
425209
425211
425218
425225
425216
425216
425214
425220
425220
425220
425213
425212
425222
425222
425222
425223
425223
425223
425223
425222
425219
425226
425218
425210
425210
425200
425200
425202
425202
425201
425201
425197
425195
425195
425195
425195
425200
425200
425200
425200
425200
425200
425200
425200
425200
425200
425200
425200
425205
425205
425210
425210
425205
425212
425212
425212
425213
425213
425220
425222
425220
425230
425230
425230
425230
425231
425240
425240
425240
425240
425240
425249
425253
425253
425253
425253
425251
425252
425252
425252
425244
425242
425242
425244
425244
425244
425238
425239
425246
425241
425236
425236
425243
425243
425236
425240
425240
425240
425240
425240
425240
425240
425240
425230
425230
425240
425240
425240
425240
425240
425240
425241
425234
425234
425231
425229
425229
425229
425226
425217
425217
425217
425217
425227
425222
425222
425229
425229
425239
425244
425244
425234
425234
425244
425247
425255
425255
425253
425245
425245
425239
425239
425239
425238
425238
425239
425231
425231
425227
425220
425220
425210
425210
425207
425207
425215
425224
425224
425214
425214
425217
425217
425217
425216
425216
425213
425213
425213
425203
425206
425207
425197
425195
425196
425187
425187
425187
425187
425189
425189
425189
425189
425189
425189
425189
425191
425191
425181
425184
425184
425177
425176
425176
425176
425176
425166
425166
425157
425149
425149
425143
425143
425138
425130
425122
425122
425122
425122
425116
425112
425112
425112
425112
425112
425112
425112
425115
425115
425115
425112
425112
425112
425113
425113
425109
425100
425100
425110
425110
425108
425108
425108
425114
425114
425114
425116
425116
425116
425116
425116
425122
425122
425122
425121
425121
425123
425123
425123
425123
425126
425126
425123
425123
425123
425119
425119
425124
425124
425119
425129
425129
425121
425112
425112
425112
425112
425110
425110
425110
425117
425114
425114
425115
425115
425113
425119
425111
425111
425111
425111
425111
425102
425102
425102
425110
425107
425099
425096
425086
425085
425091
425091
425097
425106
425106
425106
425114
425114
425114
425123
425123
425123
425133
425133
425133
425133
425133
425133
425131
425131
425139
425145
425151
425144
425144
425136
425129
425129
425129
425122
425118
425118
425118
425118
425118
425126
425126
425126
425126
425126
425126
425126
425126
425126
425126
425126
425117
425117
425117
425118
425118
425108
425110
425115
425116
425116
425109
425110
425110
425110
425109
425109
425109
425099
425096
425099
425095
425095
425095
425095
425090
425090
425083
425083
425083
425083
425083
425082
425082
425082
425074
425074
425078
425075
425077
425077
425077
425077
425077
425077
425077
425077
425077
425068
425064
425059
425059
425049
425058
425058
425058
425055
425051
425057
425050
425050
425050
425050
425046
425046
425046
425050
425050
425050
425045
425045
425041
425051
425051
425051
425051
425051
425051
425042
425042
425033
425033
425033
425033
425033
425030
425024
425017
425017
425017
425017
425011
425011
425011
425001
424992
424998
424998
425005
425008
425018
425018
425018
425011
425008
425012
425012
425012
425012
425012
425012
425007
425000
425006
425006
425012
425012
425012
425012
425012
425017
425016
425019
425027
425027
425033
425036
425028
425028
425029
425026
425028
425030
425021
425021
425021
425024
425024
425034
425043
425043
425045
425039
425039
425039
425034
425034
425027
425035
425035
425035
425035
425035
425031
425031
425038
425043
425043
425044
425054
425054
425052
425052
425062
425057
425050
425057
425053
425053
425053
425048
425048
425048
425048
425048
425048
425048
425048
425048
425048
425055
425055
425055
425059
425061
425061
425061
425061
425061
425061
425057
425057
425067
425062
425070
425070
425061
425061
425061
425071
425071
425071
425071
425071
425071
425071
425064
425064
425056
425056
425056
425058
425065
425065
425071
425071
425068
425077
425082
425082
425072
425072
425066
425066
425074
425071
425071
425071
425071
425070
425070
425070
425070
425076
425069
425069
425060
425054
425044
425054
425054
425050
425050
425050
425050
425048
425048
425054
425064
425064
425064
425064
425061
425061
425061
425070
425070
425070
425070
425070
425070
425063
425057
425067
425058
425068
425068
425068
425070
425070
425065
425071
425081
425081
425081
425080
425080
425074
425068
425064
425066
425068
425061
425061
425055
425065
425055
425055
425055
425055
425058
425058
425058
425058
425064
425058
425065
425065
425065
425065
425059
425059
425049
425040
425037
425037
425045
425035
425035
425037
425037
425037
425042
425042
425042
425042
425047
425057
425058
425058
425051
425045
425045
425051
425050
425050
425050
425047
425045
425040
425040
425040
425040
425040
425048
425055
425055
425055
425055
425058
425058
425058
425067
425067
425067
425067
425067
425067
425077
425073
425078
425078
425076
425073
425065
425063
425063
425056
425056
425056
425056
425058
425056
425056
425056
425056
425046
425042
425035
425035
425035
425035
425035
425025
425024
425024
425015
425015
425017
425017
425017
425025
425025
425025
425015
425014
425010
425010
425017
425017
425023
425025
425026
425026
425026
425026
425029
425029
425029
425022
425022
425029
425029
425029
425029
425029
425026
425027
425027
425018
425014
425007
425016
425014
425008
425004
425000
425000
424998
424998
424998
424998
424995
424995
425003
425003
424998
424993
424997
425002
425002
425002
425002
425002
425002
425001
425001
425000
425006
425006
425006
425014
425014
425010
425015
425025
425017
425017
425013
425012
425018
425028
425028
425022
425022
425022
425015
425022
425025
425025
425025
425025
425025
425022
425024
425029
425022
425022
425022
425022
425022
425022
425022
425013
425004
424996
424999
424999
424993
424993
424991
424987
424987
424995
424995
425002
425002
425002
425002
425008
425008
425008
425001
424992
424984
424976
424966
424966
424965
424974
424974
424974
424982
424982
424982
424982
424982
424982
424984
424988
424988
424988
424982
424982
424982
424982
424986
424987
424980
424980
424980
424979
424979
424982
424979
424983
424983
424988
424993
424993
424999
424999
424999
424999
424999
425006
425006
424996
425005
424997
424997
425004
425004
425009
425009
425006
425007
425007
425007
425016
425021
425011
425011
425011
425011
425011
425021
425021
425021
425021
425028
425036
425027
425027
425027
425027
425020
425020
425020
425022
425029
425033
425033
425031
425021
425021
425021
425023
425028
425028
425028
425018
425018
425011
425011
425012
425012
425012
425012
425012
425017
425010
425010
425012
425012
425011
425011
425011
425001
424996
424988
424996
424996
424996
424996
424988
424978
424978
424978
424978
424972
424979
424979
424979
424970
424963
424967
424975
424967
424967
424962
424962
424962
424962
424958
424964
424954
424954
424954
424954
424959
424958
424958
424968
424968
424959
424959
424959
424959
424958
424958
424967
424971
424968
424968
424978
424974
424981
424987
424987
424995
424995
425001
425010
425010
425010
425013
425012
425009
425009
425009
425013
425013
425013
425013
425013
425007
425007
425007
425007
424998
424998
424998
424994
424994
425000
425000
425000
424995
424994
424994
424994
424995
425004
425004
425003
425003
425003
425003
425003
425003
425003
425003
425002
425002
424997
424997
424997
424997
424997
425005
425005
425005
425005
425005
425004
425004
425004
425004
425004
425004
425008
425015
425015
425013
425003
425008
425008
425005
425009
425009
425008
425008
425008
425008
425010
425010
425010
425010
425015
425009
425009
425015
425015
425015
425018
425015
425012
425004
425000
424994
424994
424986
424981
424979
424979
424979
424979
424970
424970
424970
424965
424965
424958
424950
424958
424955
424955
424955
424955
424955
424955
424962
424966
424975
424975
424970
424963
424955
424953
424948
424948
424948
424955
424955
424954
424955
424955
424953
424961
424961
424961
424961
424965
424960
424960
424957
424957
424950
424947
424947
424944
424944
424940
424946
424945
424945
424953
424948
424939
424939
424946
424952
424959
424962
424963
424970
424962
424968
424962
424962
424962
424967
424970
424961
424961
424961
424961
424961
424961
424951
424945
424945
424945
424955
424956
424956
424956
424956
424960
424955
424958
424950
424950
424950
424957
424950
424950
424950
424941
424941
424940
424940
424931
424932
424932
424934
424934
424934
424930
424930
424937
424937
424935
424935
424939
424936
424926
424926
424926
424935
424935
424935
424935
424938
424929
424925
424931
424940
424940
424940
424937
424928
424928
424928
424935
424935
424935
424931
424936
424936
424932
424932
424931
424931
424935
424929
424929
424929
424927
424927
424927
424927
424923
424923
424923
424923
424923
424921
424918
424923
424929
424929
424929
424929
424929
424929
424928
424928
424929
424929
424929
424929
424930
424926
424936
424935
424935
424944
424944
424949
424959
424966
424972
424980
424982
424985
424991
424985
424984
424994
424994
424997
424991
425001
424998
424998
424998
424998
424998
424998
424993
425001
425010
425010
425010
425010
425005
425007
425007
425007
425002
425002
425004
425012
425013
425011
425011
425011
425006
424999
424999
424999
424991
424994
425004
425004
425004
425004
425009
425012
425012
425012
425012
425006
425003
425003
425003
425006
425010
425019
425019
425019
425019
425024
425027
425037
425037
425037
425037
425027
425027
425027
425027
425029
425026
425018
425017
425023
425023
425023
425023
425023
425023
425023
425023
425023
425028
425028
425028
425028
425020
425014
425007
425013
425013
425013
425013
425013
425020
425020
425020
425020
425020
425020
425020
425020
425020
425019
425023
425029
425038
425041
425049
425059
425059
425052
425052
425052
425052
425049
425053
425053
425053
425053
425063
425063
425064
425068
425068
425076
425076
425076
425085
425085
425085
425095
425089
425086
425092
425091
425084
425084
425084
425074
425065
425065
425065
425065
425055
425055
425059
425059
425069
425069
425068
425068
425069
425068
425075
425075
425074
425074
425074
425074
425077
425077
425075
425075
425081
425081
425081
425081
425081
425081
425081
425088
425088
425083
425083
425089
425089
425089
425089
425089
425086
425076
425075
425074
425074
425070
425070
425061
425061
425061
425061
425061
425061
425059
425064
425064
425064
425065
425064
425055
425055
425048
425057
425055
425052
425042
425042
425033
425040
425043
425043
425043
425048
425050
425058
425058
425058
425054
425054
425048
425058
425055
425056
425056
425054
425054
425047
425049
425058
425058
425059
425059
425059
425062
425070
425070
425070
425070
425077
425077
425077
425083
425083
425083
425093
425093
425083
425073
425068
425068
425068
425068
425068
425061
425061
425061
425065
425073
425073
425073
425073
425067
425074
425080
425074
425068
425068
425076
425072
425072
425063
425063
425071
425071
425061
425057
425057
425057
425057
425057
425066
425066
425069
425069
425069
425069
425069
425062
425052
425052
425050
425052
425042
425042
425045
425042
425036
425030
425024
425024
425032
425032
425034
425034
425028
425032
425026
425030
425032
425037
425037
425031
425031
425031
425029
425035
425044
425041
425041
425041
425041
425041
425051
425051
425061
425061
425061
425061
425061
425061
425069
425069
425076
425076
425076
425086
425086
425076
425076
425066
425068
425072
425072
425072
425079
425083
425083
425083
425083
425084
425078
425087
425079
425079
425079
425079
425069
425078
425077
425077
425077
425071
425071
425071
425077
425069
425071
425080
425080
425079
425079
425076
425076
425067
425067
425067
425077
425077
425072
425072
425079
425073
425073
425073
425073
425073
425073
425073
425073
425077
425073
425073
425064
425070
425070
425070
425072
425067
425066
425065
425065
425075
425082
425090
425090
425090
425086
425084
425077
425077
425077
425077
425077
425068
425068
425068
425063
425063
425070
425065
425065
425065
425065
425065
425065
425065
425065
425065
425065
425060
425069
425062
425062
425071
425065
425060
425060
425060
425060
425060
425060
425058
425058
425052
425052
425043
425035
425035
425035
425032
425032
425032
425024
425024
425024
425025
425019
425019
425019
425014
425014
425014
425014
425011
425018
425014
425023
425013
425013
425006
425000
425008
425008
425010
425010
425010
425010
425010
425010
425003
424995
424985
424985
424986
424986
424986
424984
424984
424987
424987
424987
424987
424987
424985
424985
424985
424994
424989
424981
424981
424974
424974
424974
424983
424979
424979
424979
424979
424979
424979
424979
424979
424969
424969
424969
424969
424965
424956
424956
424956
424954
424955
424955
424955
424960
424963
424955
424957
424957
424957
424957
424957
424967
424961
424965
424971
424971
424971
424972
424977
424982
424982
424982
424982
424983
424975
424975
424965
424955
424948
424952
424952
424951
424951
424960
424960
424960
424962
424962
424962
424962
424957
424957
424947
424947
424951
424951
424951
424948
424957
424957
424960
424960
424957
424959
424960
424961
424961
424961
424961
424961
424966
424971
424961
424966
424966
424960
424958
424968
424968
424968
424964
424966
424966
424966
424966
424966
424966
424957
424957
424957
424957
424954
424944
424944
424944
424944
424944
424944
424950
424959
424966
424960
424960
424950
424950
424950
424950
424950
424946
424946
424946
424946
424954
424954
424954
424954
424946
424946
424946
424955
424955
424955
424955
424945
424950
424950
424950
424941
424941
424941
424935
424935
424944
424944
424951
424961
424961
424961
424961
424961
424961
424961
424961
424961
424952
424948
424948
424948
424948
424948
424948
424948
424948
424948
424948
424948
424948
424948
424948
424951
424951
424951
424953
424943
424933
424943
424943
424943
424940
424940
424940
424940
424940
424940
424940
424931
424931
424921
424921
424919
424913
424908
424916
424919
424917
424922
424912
424908
424908
424898
424889
424889
424889
424889
424889
424893
424893
424888
424888
424893
424893
424893
424884
424884
424884
424882
424882
424882
424892
424888
424888
424898
424904
424904
424904
424905
424905
424906
424901
424904
424904
424895
424892
424892
424890
424890
424880
424879
424879
424886
424884
424884
424884
424891
424891
424891
424891
424885
424883
424880
424880
424880
424880
424870
424863
424863
424863
424863
424859
424859
424859
424867
424860
424860
424855
424855
424855
424855
424853
424849
424853
424857
424862
424862
424862
424858
424858
424852
424848
424848
424848
424848
424841
424841
424838
424845
424845
424845
424845
424837
424837
424838
424846
424846
424846
424843
424835
424844
424841
424847
424847
424847
424847
424839
424846
424840
424840
424840
424842
424840
424840
424840
424840
424840
424834
424834
424830
424830
424824
424824
424834
424834
424830
424822
424822
424817
424822
424825
424825
424829
424829
424829
424819
424819
424820
424820
424820
424820
424819
424819
424819
424819
424819
424811
424811
424811
424811
424820
424820
424822
424822
424816
424811
424811
424816
424819
424826
424829
424830
424837
424837
424837
424840
424840
424840
424843
424842
424841
424834
424834
424834
424828
424822
424829
424829
424834
424834
424834
424835
424835
424843
424842
424842
424842
424852
424852
424852
424852
424852
424852
424852
424852
424861
424861
424861
424861
424858
424858
424855
424858
424858
424866
424871
424871
424863
424863
424855
424855
424857
424857
424848
424843
424843
424843
424853
424853
424857
424857
424857
424857
424857
424857
424862
424871
424876
424876
424876
424876
424876
424878
424888
424888
424884
424883
424884
424892
424893
424903
424903
424898
424896
424893
424892
424901
424901
424901
424894
424894
424888
424892
424892
424900
424899
424890
424892
424892
424892
424896
424898
424899
424903
424903
424903
424903
424903
424903
424903
424903
424903
424903
424898
424907
424910
424910
424915
424912
424912
424912
424918
424918
424921
424916
424921
424922
424922
424927
424927
424927
424922
424922
424922
424922
424921
424921
424921
424925
424925
424924
424924
424923
424923
424924
424924
424925
424932
424925
424925
424925
424925
424925
424925
424934
424927
424930
424930
424930
424930
424940
424940
424940
424940
424946
424946
424946
424956
424957
424954
424964
424964
424964
424963
424961
424969
424969
424972
424962
424962
424962
424954
424954
424954
424954
424952
424952
424952
424956
424956
424962
424960
424960
424970
424965
424964
424964
424973
424971
424968
424968
424967
424967
424967
424957
424956
424963
424962
424962
424971
424971
424971
424971
424971
424974
424974
424974
424975
424985
424985
424985
424990
424982
424982
424978
424985
424985
424985
424985
424985
424985
424985
424976
424984
424981
424981
424984
424984
424984
424984
424984
424984
424984
424984
424984
424987
424987
424987
424987
424987
424987
424987
424987
424996
424996
424996
424989
424989
424989
424989
424997
424995
424995
424995
424995
424996
425004
425004
425004
425004
425004
425009
425009
425009
425002
425002
424996
424986
424984
424984
424984
424989
424987
424987
424989
424989
424989
424982
424982
424982
424982
424983
424991
424993
424993
424999
425002
425002
425009
425005
425005
425005
425005
425005
425009
425009
425009
425003
425008
425008
425008
425008
424999
424999
425004
425004
425005
425015
425015
425015
425015
425015
425019
425024
425022
425022
425018
425018
425018
425018
425018
425018
425013
425013
425013
425013
425013
425016
425016
425016
425022
425022
425021
425016
425016
425016
425021
425021
425021
425031
425032
425032
425023
425023
425023
425023
425031
425026
425030
425035
425033
425033
425028
425028
425027
425027
425024
425030
425030
425038
425038
425028
425028
425032
425032
425032
425032
425030
425030
425037
425045
425045
425045
425045
425045
425051
425042
425042
425044
425044
425052
425052
425052
425043
425053
425053
425050
425060
425052
425049
425049
425055
425055
425055
425048
425048
425038
425038
425038
425028
425038
425038
425034
425034
425034
425032
425032
425033
425023
425026
425026
425026
425026
425036
425029
425029
425029
425027
425033
425038
425038
425041
425036
425032
425035
425035
425034
425041
425041
425041
425041
425046
425046
425046
425054
425054
425054
425058
425058
425058
425058
425058
425058
425051
425048
425040
425032
425032
425035
425028
425028
425034
425034
425034
425034
425034
425034
425035
425035
425035
425030
425020
425020
425020
425020
425020
425020
425020
425020
425018
425023
425023
425023
425023
425020
425017
425017
425017
425017
425015
425015
425015
425015
425015
425015
425015
425021
425016
425016
425009
425017
425015
425018
425018
425027
425027
425031
425031
425032
425025
425025
425026
425026
425019
425019
425019
425019
425024
425024
425028
425027
425027
425030
425030
425030
425040
425040
425043
425037
425027
425032
425035
425036
425045
425045
425052
425045
425043
425047
425037
425037
425037
425033
425033
425033
425033
425033
425033
425033
425033
425033
425033
425036
425036
425036
425041
425031
425031
425036
425036
425036
425036
425042
425042
425042
425047
425047
425047
425055
425048
425050
425050
425050
425050
425050
425055
425061
425061
425070
425070
425074
425074
425074
425079
425078
425078
425071
425071
425071
425071
425071
425071
425071
425071
425071
425079
425075
425073
425073
425064
425064
425064
425070
425071
425071
425061
425063
425063
425053
425053
425053
425049
425046
425046
425043
425043
425048
425052
425046
425053
425058
425058
425058
425056
425057
425062
425058
425067
425069
425068
425063
425063
425063
425063
425063
425063
425063
425059
425056
425056
425053
425053
425050
425050
425050
425058
425050
425050
425052
425052
425061
425061
425061
425054
425054
425046
425046
425037
425037
425037
425047
425045
425043
425050
425050
425048
425048
425051
425057
425058
425058
425058
425058
425067
425077
425077
425075
425065
425065
425065
425065
425065
425065
425065
425065
425066
425066
425066
425066
425066
425066
425057
425060
425060
425060
425059
425061
425071
425081
425081
425081
425081
425080
425080
425090
425090
425090
425098
425101
425104
425101
425101
425106
425106
425106
425106
425099
425093
425098
425101
425101
425101
425101
425101
425095
425091
425101
425095
425086
425080
425080
425080
425080
425079
425079
425079
425079
425079
425079
425079
425086
425089
425089
425089
425090
425090
425087
425082
425082
425082
425082
425082
425082
425083
425086
425084
425077
425068
425066
425066
425063
425063
425055
425064
425067
425062
425062
425070
425074
425079
425082
425082
425083
425083
425083
425082
425082
425082
425082
425082
425082
425079
425079
425079
425079
425079
425084
425086
425086
425091
425100
425100
425100
425100
425100
425100
425096
425096
425103
425105
425101
425101
425101
425101
425101
425101
425100
425091
425092
425099
425098
425098
425092
425084
425084
425084
425078
425078
425078
425078
425078
425078
425079
425077
425077
425077
425075
425067
425072
425072
425072
425072
425072
425081
425081
425076
425076
425067
425067
425067
425067
425065
425055
425055
425048
425048
425048
425048
425048
425050
425050
425046
425046
425046
425046
425046
425046
425039
425039
425049
425049
425043
425046
425046
425037
425037
425037
425037
425043
425052
425052
425056
425056
425054
425054
425044
425044
425042
425042
425040
425040
425037
425037
425031
425025
425025
425025
425029
425031
425033
425033
425033
425043
425052
425042
425042
425048
425048
425048
425048
425048
425048
425048
425058
425064
425066
425066
425066
425066
425064
425064
425064
425064
425062
425062
425057
425057
425063
425063
425057
425057
425057
425065
425071
425065
425074
425074
425081
425081
425091
425100
425100
425102
425104
425104
425112
425112
425112
425102
425112
425117
425117
425117
425115
425121
425121
425124
425114
425110
425114
425121
425125
425125
425128
425121
425121
425121
425113
425113
425115
425118
425127
425127
425127
425127
425124
425124
425128
425123
425131
425126
425126
425126
425126
425126
425129
425129
425129
425126
425128
425128
425128
425128
425138
425128
425131
425136
425140
425138
425139
425138
425144
425144
425144
425144
425144
425144
425153
425148
425144
425136
425136
425136
425143
425143
425143
425137
425145
425145
425136
425136
425136
425142
425135
425134
425130
425129
425132
425132
425141
425141
425141
425151
425151
425143
425139
425139
425139
425139
425139
425145
425145
425149
425149
425149
425151
425151
425147
425147
425146
425146
425153
425143
425143
425143
425143
425149
425146
425146
425156
425162
425159
425159
425163
425157
425164
425171
425172
425172
425172
425172
425172
425178
425178
425178
425178
425178
425178
425178
425178
425183
425183
425183
425183
425175
425175
425175
425165
425165
425165
425158
425158
425158
425152
425146
425147
425147
425147
425150
425150
425151
425151
425161
425161
425167
425176
425181
425180
425180
425180
425186
425186
425186
425186
425186
425191
425191
425201
425202
425202
425202
425195
425195
425197
425197
425197
425197
425197
425189
425189
425189
425189
425189
425189
425198
425198
425198
425198
425191
425191
425201
425201
425206
425212
425212
425212
425212
425216
425216
425211
425211
425219
425229
425229
425229
425238
425238
425238
425241
425241
425234
425233
425233
425226
425227
425235
425240
425240
425247
425247
425238
425238
425248
425243
425234
425234
425234
425224
425215
425215
425207
425212
425212
425212
425202
425203
425203
425203
425201
425208
425208
425214
425214
425214
425214
425211
425211
425215
425225
425234
425244
425237
425243
425243
425239
425245
425247
425250
425251
425252
425252
425247
425244
425235
425237
425235
425235
425232
425232
425240
425238
425238
425238
425238
425241
425241
425241
425243
425253
425257
425257
425253
425253
425243
425248
425248
425250
425245
425235
425231
425231
425227
425227
425227
425227
425234
425234
425242
425242
425240
425240
425240
425246
425250
425250
425245
425235
425226
425222
425222
425214
425221
425221
425221
425230
425230
425229
425229
425229
425229
425229
425229
425229
425219
425219
425209
425203
425203
425200
425200
425200
425200
425200
425207
425207
425211
425212
425212
425220
425220
425215
425215
425216
425216
425213
425218
425210
425210
425217
425217
425217
425217
425209
425209
425218
425209
425209
425209
425208
425208
425202
425201
425201
425196
425196
425196
425196
425196
425196
425203
425202
425202
425209
425207
425205
425205
425205
425205
425211
425215
425225
425216
425216
425216
425216
425216
425216
425216
425221
425222
425228
425228
425231
425231
425231
425231
425231
425231
425231
425234
425231
425231
425229
425220
425220
425220
425220
425222
425231
425241
425241
425241
425231
425226
425226
425226
425226
425221
425231
425226
425217
425217
425208
425208
425208
425202
425207
425207
425207
425207
425208
425208
425208
425208
425199
425205
425204
425204
425204
425198
425198
425202
425192
425183
425183
425187
425196
425196
425196
425204
425204
425204
425204
425204
425204
425195
425195
425204
425204
425198
425198
425190
425198
425198
425198
425198
425198
425198
425198
425198
425201
425201
425201
425201
425201
425201
425208
425202
425192
425183
425183
425193
425199
425203
425203
425203
425199
425207
425217
425217
425221
425230
425236
425231
425231
425221
425221
425218
425226
425226
425226
425226
425226
425218
425218
425218
425222
425222
425218
425209
425209
425209
425209
425207
425200
425192
425192
425201
425201
425203
425203
425195
425201
425201
425201
425200
425200
425192
425192
425197
425197
425194
425189
425188
425188
425195
425188
425188
425188
425191
425191
425191
425191
425191
425187
425187
425187
425183
425183
425175
425174
425174
425174
425174
425180
425180
425180
425184
425184
425184
425185
425185
425185
425193
425193
425193
425186
425190
425190
425191
425191
425191
425197
425203
425203
425203
425200
425200
425200
425202
425202
425202
425202
425202
425206
425206
425212
425222
425222
425222
425222
425223
425215
425215
425223
425226
425226
425231
425232
425229
425229
425229
425223
425227
425230
425239
425234
425240
425234
425240
425246
425237
425237
425237
425228
425228
425228
425228
425228
425226
425226
425227
425227
425222
425222
425224
425224
425216
425215
425222
425212
425212
425212
425215
425215
425215
425209
425209
425202
425192
425192
425192
425184
425194
425190
425190
425190
425190
425190
425190
425185
425185
425185
425185
425182
425179
425179
425179
425179
425179
425179
425179
425183
425175
425175
425175
425175
425175
425180
425180
425180
425172
425164
425170
425177
425177
425186
425179
425179
425179
425179
425171
425171
425171
425172
425177
425177
425174
425164
425155
425155
425155
425155
425161
425161
425161
425167
425175
425174
425174
425172
425172
425162
425162
425161
425161
425161
425167
425169
425164
425170
425170
425174
425166
425166
425166
425166
425166
425163
425164
425164
425159
425159
425155
425150
425146
425140
425140
425140
425132
425132
425132
425132
425128
425128
425128
425120
425120
425120
425126
425133
425130
425130
425129
425127
425127
425118
425118
425116
425116
425116
425110
425111
425111
425111
425116
425116
425107
425107
425107
425107
425107
425109
425109
425109
425103
425104
425104
425104
425104
425104
425104
425104
425104
425101
425101
425101
425101
425101
425106
425105
425105
425098
425098
425098
425098
425106
425106
425106
425115
425120
425123
425123
425123
425128
425128
425128
425122
425122
425129
425128
425128
425128
425133
425133
425133
425133
425141
425131
425131
425131
425131
425137
425137
425132
425132
425132
425132
425132
425132
425132
425132
425130
425130
425130
425130
425132
425132
425141
425141
425141
425141
425139
425145
425152
425152
425152
425152
425152
425152
425154
425154
425147
425151
425151
425161
425163
425172
425169
425169
425169
425160
425160
425160
425160
425154
425159
425169
425163
425165
425163
425169
425160
425169
425162
425155
425163
425167
425168
425168
425160
425166
425166
425166
425166
425166
425157
425157
425157
425152
425153
425146
425149
425149
425147
425143
425137
425137
425137
425139
425139
425133
425133
425133
425133
425138
425131
425131
425124
425127
425127
425130
425132
425126
425131
425140
425135
425135
425135
425135
425135
425135
425130
425130
425130
425133
425132
425132
425132
425140
425140
425150
425160
425166
425166
425173
425183
425183
425178
425178
425178
425183
425187
425188
425186
425186
425186
425196
425196
425194
425186
425186
425183
425183
425183
425183
425183
425191
425188
425188
425181
425189
425189
425189
425179
425172
425179
425179
425179
425180
425180
425190
425197
425197
425188
425188
425188
425179
425179
425179
425179
425179
425179
425179
425177
425179
425179
425179
425186
425186
425186
425176
425176
425176
425176
425182
425182
425189
425196
425192
425183
425173
425173
425173
425173
425173
425168
425168
425171
425168
425174
425166
425166
425170
425164
425162
425166
425176
425174
425174
425174
425175
425169
425166
425166
425173
425173
425177
425177
425185
425184
425183
425182
425187
425187
425196
425196
425186
425186
425192
425192
425192
425192
425192
425182
425186
425186
425186
425190
425180
425177
425183
425189
425189
425189
425189
425189
425189
425189
425196
425201
425204
425199
425193
425188
425185
425187
425177
425177
425187
425187
425187
425187
425187
425187
425187
425187
425187
425187
425187
425187
425187
425187
425187
425187
425187
425178
425173
425170
425170
425170
425170
425178
425168
425174
425166
425166
425167
425167
425167
425167
425164
425173
425175
425175
425175
425175
425167
425167
425173
425178
425178
425178
425185
425182
425177
425177
425177
425171
425171
425171
425171
425171
425168
425168
425168
425162
425155
425164
425159
425159
425159
425159
425163
425163
425160
425160
425151
425142
425142
425137
425141
425143
425143
425145
425140
425144
425150
425151
425149
425149
425143
425143
425143
425143
425143
425146
425141
425141
425142
425142
425134
425134
425133
425127
425124
425130
425130
425130
425130
425130
425140
425145
425145
425145
425142
425142
425150
425148
425148
425148
425148
425151
425151
425151
425151
425151
425142
425133
425125
425115
425115
425115
425112
425109
425109
425108
425099
425099
425104
425104
425102
425097
425098
425098
425102
425102
425102
425099
425099
425092
425092
425092
425092
425092
425092
425092
425092
425092
425094
425103
425103
425107
425104
425104
425104
425104
425104
425097
425098
425098
425107
425115
425121
425119
425113
425116
425116
425119
425121
425121
425126
425126
425116
425116
425124
425124
425117
425117
425118
425118
425118
425123
425122
425122
425122
425127
425127
425127
425132
425127
425133
425133
425139
425149
425149
425154
425154
425157
425161
425151
425151
425143
425143
425148
425148
425154
425150
425150
425154
425161
425161
425161
425161
425166
425159
425159
425155
425155
425155
425155
425148
425148
425147
425147
425147
425142
425140
425149
425153
425162
425169
425169
425174
425175
425175
425181
425181
425187
425183
425177
425187
425192
425192
425192
425192
425192
425188
425189
425190
425185
425185
425187
425187
425187
425187
425193
425193
425186
425191
425184
425189
425189
425189
425188
425194
425194
425194
425201
425211
425211
425211
425217
425217
425224
425225
425225
425218
425212
425217
425217
425217
425225
425225
425225
425225
425221
425221
425212
425212
425217
425221
425219
425219
425219
425219
425219
425227
425227
425226
425226
425236
425229
425229
425231
425225
425225
425225
425225
425225
425227
425227
425223
425230
425230
425234
425234
425234
425234
425229
425220
425217
425225
425225
425216
425214
425214
425220
425220
425211
425211
425213
425212
425219
425224
425224
425217
425217
425217
425217
425225
425225
425233
425233
425242
425242
425242
425242
425242
425244
425238
425238
425237
425237
425239
425239
425239
425239
425229
425221
425223
425223
425223
425226
425226
425226
425233
425231
425231
425231
425232
425235
425232
425231
425229
425229
425232
425234
425234
425234
425244
425243
425243
425244
425242
425242
425242
425242
425244
425244
425240
425234
425234
425234
425234
425234
425234
425241
425241
425249
425249
425255
425263
425263
425263
425260
425260
425260
425265
425263
425271
425267
425267
425267
425274
425277
425277
425277
425269
425269
425269
425269
425269
425269
425277
425277
425284
425284
425284
425284
425284
425277
425277
425277
425277
425270
425277
425274
425275
425275
425274
425275
425275
425275
425275
425275
425275
425275
425275
425277
425284
425290
425283
425283
425283
425288
425296
425295
425295
425305
425305
425305
425312
425312
425312
425312
425312
425306
425299
425291
425291
425287
425294
425294
425286
425294
425294
425294
425294
425294
425294
425294
425288
425288
425288
425288
425291
425286
425279
425279
425286
425286
425286
425286
425286
425280
425280
425280
425280
425280
425280
425280
425280
425280
425283
425283
425283
425276
425276
425276
425276
425276
425276
425271
425271
425271
425271
425271
425271
425271
425276
425276
425276
425272
425272
425272
425272
425277
425269
425269
425269
425259
425259
425264
425254
425254
425254
425247
425247
425237
425234
425242
425242
425243
425246
425246
425251
425251
425261
425261
425256
425256
425256
425261
425261
425261
425261
425267
425267
425269
425269
425269
425269
425269
425274
425274
425274
425275
425278
425278
425278
425271
425273
425273
425267
425267
425267
425267
425270
425263
425255
425255
425255
425249
425240
425238
425238
425238
425242
425242
425248
425248
425258
425266
425266
425266
425266
425264
425271
425271
425271
425271
425271
425268
425266
425266
425268
425264
425264
425264
425264
425264
425259
425269
425269
425264
425262
425262
425271
425281
425281
425281
425277
425277
425277
425277
425277
425286
425286
425286
425286
425286
425283
425285
425285
425284
425281
425291
425297
425297
425297
425297
425297
425289
425287
425286
425282
425282
425275
425279
425279
425283
425283
425291
425291
425284
425285
425280
425280
425284
425279
425279
425289
425289
425289
425298
425298
425298
425298
425298
425304
425304
425305
425305
425305
425298
425298
425294
425300
425300
425307
425307
425303
425303
425295
425295
425297
425295
425303
425303
425303
425303
425299
425299
425298
425299
425299
425294
425294
425295
425289
425289
425289
425289
425289
425289
425287
425278
425286
425286
425293
425293
425294
425294
425294
425294
425294
425294
425302
425298
425298
425298
425308
425308
425301
425305
425305
425303
425313
425310
425310
425310
425310
425313
425313
425313
425313
425313
425308
425298
425306
425306
425306
425306
425306
425297
425297
425297
425297
425297
425297
425297
425304
425313
425311
425311
425311
425311
425306
425306
425303
425311
425311
425311
425302
425302
425301
425306
425306
425306
425304
425304
425304
425304
425311
425320
425313
425319
425326
425329
425322
425322
425322
425322
425327
425327
425329
425326
425328
425328
425328
425324
425324
425324
425322
425322
425322
425322
425318
425318
425318
425318
425318
425323
425317
425317
425317
425325
425326
425326
425318
425311
425309
425312
425316
425316
425309
425309
425309
425309
425306
425306
425310
425319
425319
425319
425319
425319
425319
425311
425311
425311
425311
425311
425311
425308
425301
425307
425307
425307
425309
425309
425309
425317
425312
425306
425306
425306
425307
425307
425307
425307
425307
425307
425307
425315
425315
425309
425309
425317
425324
425316
425316
425316
425316
425324
425315
425314
425314
425305
425301
425301
425301
425306
425306
425306
425307
425298
425298
425298
425298
425305
425305
425305
425297
425291
425300
425300
425300
425301
425301
425301
425301
425301
425309
425309
425306
425305
425311
425307
425309
425312
425312
425312
425310
425310
425310
425310
425300
425310
425304
425297
425301
425311
425316
425316
425316
425316
425316
425316
425306
425316
425316
425319
425319
425323
425323
425322
425315
425317
425324
425324
425324
425324
425328
425337
425337
425338
425343
425334
425344
425344
425344
425354
425354
425354
425354
425364
425372
425363
425363
425363
425363
425368
425373
425373
425378
425375
425383
425378
425378
425386
425393
425388
425398
425398
425398
425398
425398
425406
425406
425404
425412
425412
425411
425404
425404
425408
425408
425400
425400
425400
425400
425400
425400
425390
425383
425375
425375
425377
425377
425377
425372
425368
425359
425359
425359
425355
425363
425363
425363
425358
425358
425358
425350
425350
425350
425352
425351
425350
425350
425350
425350
425355
425355
425355
425350
425350
425350
425350
425348
425348
425338
425347
425347
425350
425356
425346
425346
425346
425346
425346
425344
425344
425344
425344
425344
425340
425340
425340
425340
425347
425347
425347
425347
425339
425339
425335
425327
425327
425327
425327
425325
425325
425323
425323
425323
425331
425339
425346
425346
425356
425356
425356
425356
425356
425356
425356
425366
425366
425366
425365
425362
425362
425365
425365
425365
425360
425361
425361
425357
425356
425356
425356
425356
425356
425362
425366
425373
425373
425373
425363
425372
425372
425378
425378
425374
425365
425365
425365
425365
425359
425359
425349
425349
425349
425353
425353
425353
425352
425352
425352
425352
425354
425354
425354
425354
425354
425364
425359
425359
425362
425362
425362
425362
425372
425372
425372
425382
425382
425382
425382
425382
425375
425369
425370
425361
425361
425361
425361
425367
425367
425367
425367
425367
425367
425375
425374
425374
425374
425374
425374
425374
425374
425384
425384
425382
425372
425372
425377
425368
425367
425367
425374
425374
425381
425387
425377
425372
425378
425378
425372
425372
425372
425372
425372
425382
425382
425388
425381
425381
425386
425386
425386
425396
425396
425405
425405
425405
425400
425400
425410
425412
425412
425412
425408
425408
425415
425415
425415
425413
425413
425405
425401
425401
425401
425404
425395
425395
425395
425395
425395
425393
425393
425385
425385
425394
425395
425395
425386
425386
425396
425396
425396
425396
425396
425403
425403
425403
425403
425397
425397
425388
425388
425388
425388
425383
425383
425383
425391
425383
425378
425378
425378
425388
425388
425388
425388
425388
425388
425388
425388
425388
425392
425392
425382
425382
425382
425377
425376
425367
425377
425379
425379
425372
425363
425363
425360
425364
425370
425378
425378
425384
425384
425392
425391
425399
425399
425399
425399
425399
425399
425399
425399
425400
425406
425403
425411
425411
425411
425401
425401
425409
425409
425402
425408
425408
425408
425414
425414
425414
425414
425414
425414
425409
425404
425398
425398
425403
425403
425413
425413
425414
425414
425414
425414
425414
425404
425404
425412
425411
425411
425419
425419
425420
425420
425430
425430
425439
425439
425439
425439
425437
425437
425447
425455
425451
425451
425455
425451
425445
425444
425434
425427
425427
425418
425427
425427
425433
425425
425425
425425
425429
425435
425435
425434
425434
425432
425426
425419
425421
425421
425421
425411
425419
425427
425435
425435
425425
425425
425425
425430
425430
425430
425430
425430
425430
425425
425422
425420
425420
425420
425427
425436
425429
425439
425439
425431
425425
425425
425427
425424
425424
425415
425423
425423
425423
425423
425423
425421
425421
425421
425416
425407
425407
425411
425412
425412
425402
425405
425405
425405
425405
425412
425412
425412
425412
425417
425417
425413
425417
425417
425417
425417
425417
425417
425416
425416
425406
425406
425406
425406
425406
425406
425406
425399
425399
425392
425392
425392
425389
425389
425389
425389
425396
425396
425396
425406
425404
425404
425403
425403
425403
425403
425396
425392
425390
425390
425390
425390
425397
425397
425397
425397
425397
425397
425393
425393
425393
425385
425385
425385
425385
425389
425399
425399
425401
425401
425401
425410
425406
425406
425406
425415
425419
425419
425419
425422
425427
425420
425424
425424
425424
425424
425424
425430
425430
425424
425424
425429
425429
425429
425422
425412
425412
425412
425412
425404
425404
425413
425413
425413
425413
425413
425413
425418
425418
425422
425422
425422
425424
425425
425419
425419
425419
425427
425428
425428
425428
425428
425433
425440
425432
425433
425437
425437
425437
425437
425429
425429
425429
425437
425442
425442
425442
425442
425452
425452
425443
425443
425442
425443
425438
425429
425429
425429
425429
425429
425423
425425
425425
425428
425428
425428
425428
425425
425418
425418
425416
425416
425416
425416
425416
425420
425424
425423
425423
425423
425419
425414
425414
425411
425411
425411
425403
425404
425396
425396
425396
425396
425386
425386
425382
425388
425384
425384
425384
425386
425389
425386
425391
425382
425382
425382
425386
425378
425376
425381
425386
425392
425384
425389
425395
425388
425385
425389
425384
425392
425392
425392
425395
425395
425393
425393
425393
425393
425384
425387
425377
425380
425382
425378
425378
425378
425378
425378
425387
425387
425380
425378
425378
425383
425374
425374
425374
425380
425381
425382
425377
425377
425376
425371
425365
425367
425371
425371
425372
425372
425372
425372
425372
425372
425372
425372
425372
425379
425379
425378
425378
425378
425378
425376
425376
425377
425377
425368
425363
425363
425363
425361
425351
425349
425349
425353
425353
425358
425367
425370
425379
425379
425379
425381
425381
425382
425382
425382
425382
425382
425374
425367
425377
425377
425377
425377
425381
425381
425381
425372
425372
425378
425378
425386
425386
425386
425379
425383
425383
425383
425382
425382
425382
425382
425382
425382
425382
425374
425374
425374
425374
425371
425363
425367
425376
425376
425376
425367
425367
425367
425369
425373
425369
425369
425376
425376
425386
425386
425386
425394
425394
425397
425397
425397
425397
425397
425389
425380
425380
425380
425380
425390
425393
425393
425390
425381
425382
425386
425386
425386
425386
425386
425386
425386
425381
425376
425376
425386
425386
425395
425395
425395
425399
425390
425390
425389
425389
425389
425389
425389
425397
425388
425381
425381
425383
425383
425377
425377
425385
425385
425395
425395
425395
425395
425403
425403
425406
425406
425406
425410
425410
425404
425400
425400
425397
425390
425390
425390
425386
425395
425393
425393
425397
425397
425396
425396
425396
425396
425396
425396
425402
425409
425400
425398
425398
425398
425400
425400
425391
425391
425391
425391
425391
425388
425390
425390
425391
425391
425397
425397
425397
425397
425396
425396
425396
425399
425392
425400
425400
425410
425410
425410
425410
425408
425412
425412
425418
425418
425418
425417
425419
425427
425427
425417
425426
425420
425421
425421
425423
425425
425433
425433
425433
425433
425428
425428
425419
425419
425419
425419
425416
425423
425413
425410
425400
425400
425407
425400
425395
425395
425385
425385
425380
425370
425370
425378
425378
425386
425391
425399
425409
425409
425409
425405
425405
425405
425405
425413
425417
425413
425414
425417
425425
425425
425419
425419
425424
425424
425424
425424
425414
425420
425420
425420
425413
425417
425417
425424
425422
425428
425428
425423
425423
425423
425423
425424
425424
425424
425417
425425
425430
425420
425420
425420
425420
425425
425432
425424
425424
425424
425424
425425
425425
425425
425432
425427
425427
425427
425427
425425
425415
425415
425415
425418
425423
425423
425432
425437
425437
425437
425441
425442
425442
425442
425442
425438
425442
425442
425444
425444
425444
425436
425436
425446
425440
425440
425439
425440
425440
425432
425432
425432
425440
425440
425436
425436
425438
425438
425438
425430
425430
425437
425437
425437
425437
425437
425437
425437
425437
425437
425437
425447
425447
425447
425455
425458
425456
425456
425447
425448
425452
425442
425442
425440
425440
425440
425439
425432
425432
425432
425432
425428
425428
425428
425426
425432
425438
425435
425430
425433
425433
425433
425435
425442
425441
425440
425440
425440
425440
425450
425454
425454
425454
425454
425450
425450
425450
425456
425462
425462
425460
425450
425450
425460
425453
425443
425443
425442
425437
425437
425441
425441
425441
425441
425431
425421
425421
425421
425426
425423
425423
425423
425423
425423
425418
425418
425418
425418
425420
425430
425430
425430
425430
425430
425430
425425
425425
425425
425419
425419
425422
425422
425422
425423
425423
425423
425422
425432
425432
425435
425435
425427
425427
425423
425423
425423
425423
425414
425407
425407
425407
425405
425399
425399
425399
425408
425408
425408
425415
425416
425414
425411
425401
425391
425391
425383
425383
425383
425391
425391
425398
425397
425397
425397
425399
425395
425395
425395
425396
425396
425395
425395
425399
425399
425408
425414
425414
425418
425418
425418
425418
425418
425415
425415
425413
425413
425417
425426
425434
425429
425429
425435
425437
425437
425437
425437
425437
425437
425444
425444
425452
425445
425445
425439
425439
425444
425444
425450
425450
425450
425459
425464
425467
425467
425457
425458
425458
425465
425465
425457
425457
425457
425457
425457
425464
425455
425455
425465
425466
425466
425466
425466
425466
425466
425466
425466
425466
425466
425471
425461
425461
425467
425467
425467
425467
425474
425468
425459
425459
425456
425456
425456
425456
425456
425463
425463
425460
425454
425460
425460
425452
425451
425451
425451
425451
425451
425451
425451
425451
425451
425451
425447
425441
425447
425438
425438
425447
425442
425442
425441
425441
425441
425441
425441
425451
425455
425464
425456
425456
425448
425448
425448
425448
425442
425442
425432
425427
425420
425420
425412
425409
425402
425402
425395
425392
425394
425395
425404
425397
425407
425415
425412
425412
425402
425408
425408
425398
425406
425406
425406
425414
425416
425426
425424
425424
425426
425426
425426
425423
425423
425423
425429
425429
425429
425429
425435
425436
425445
425439
425439
425439
425437
425438
425438
425438
425428
425428
425422
425422
425420
425420
425412
425412
425412
425412
425414
425414
425414
425414
425421
425425
425425
425425
425425
425431
425431
425426
425426
425426
425426
425426
425416
425414
425414
425414
425404
425400
425390
425390
425400
425406
425406
425402
425398
425404
425404
425397
425397
425398
425397
425395
425395
425385
425385
425390
425384
425374
425374
425374
425374
425374
425369
425373
425376
425376
425378
425378
425371
425377
425377
425367
425357
425347
425347
425339
425339
425334
425334
425334
425334
425333
425333
425333
425342
425336
425336
425342
425352
425349
425349
425346
425350
425358
425358
425358
425360
425351
425341
425341
425332
425336
425338
425338
425334
425329
425326
425319
425319
425319
425319
425319
425319
425327
425331
425340
425338
425331
425323
425323
425323
425324
425314
425314
425314
425314
425314
425313
425313
425313
425313
425307
425303
425302
425302
425302
425310
425310
425310
425310
425310
425307
425312
425312
425310
425310
425310
425310
425313
425323
425318
425321
425321
425326
425326
425321
425327
425334
425334
425334
425342
425342
425343
425339
425339
425339
425334
425334
425340
425336
425336
425336
425336
425327
425327
425327
425327
425327
425327
425322
425322
425322
425319
425317
425317
425322
425322
425312
425319
425319
425325
425325
425330
425330
425323
425323
425323
425323
425323
425331
425331
425331
425331
425331
425331
425331
425328
425328
425328
425328
425328
425328
425328
425323
425323
425317
425324
425324
425324
425330
425330
425330
425330
425320
425317
425317
425324
425314
425314
425304
425312
425312
425310
425310
425307
425316
425307
425312
425312
425312
425312
425302
425302
425310
425307
425307
425307
425307
425307
425303
425303
425304
425304
425304
425305
425305
425312
425312
425315
425315
425315
425315
425310
425310
425316
425323
425323
425323
425314
425314
425321
425331
425325
425325
425326
425326
425326
425321
425314
425315
425315
425325
425334
425339
425342
425342
425341
425335
425335
425345
425345
425345
425345
425353
425353
425345
425336
425336
425336
425336
425340
425340
425347
425349
425352
425351
425345
425336
425338
425338
425335
425335
425335
425327
425333
425333
425333
425330
425330
425320
425320
425320
425312
425306
425306
425316
425316
425310
425319
425319
425327
425327
425317
425317
425317
425318
425311
425311
425303
425303
425295
425287
425282
425282
425282
425279
425279
425278
425283
425288
425281
425281
425281
425281
425281
425279
425279
425287
425291
425291
425291
425291
425291
425299
425289
425279
425279
425269
425262
425262
425262
425254
425254
425254
425253
425262
425262
425262
425262
425262
425256
425256
425256
425248
425248
425246
425246
425246
425246
425255
425255
425265
425265
425265
425262
425262
425265
425257
425257
425257
425251
425251
425249
425253
425245
425245
425242
425249
425239
425230
425230
425228
425233
425233
425227
425221
425225
425235
425245
425245
425249
425246
425251
425251
425250
425250
425250
425250
425257
425257
425266
425266
425269
425269
425264
425264
425264
425265
425269
425269
425273
425273
425281
425273
425276
425266
425266
425266
425266
425266
425266
425266
425266
425271
425268
425278
425268
425260
425260
425260
425260
425260
425257
425250
425250
425253
425253
425253
425250
425252
425252
425252
425249
425249
425249
425251
425251
425254
425254
425254
425254
425254
425245
425245
425245
425251
425258
425258
425258
425261
425266
425266
425268
425275
425275
425275
425275
425275
425271
425271
425280
425280
425280
425270
425270
425270
425261
425261
425260
425260
425260
425260
425266
425269
425269
425269
425269
425270
425271
425272
425272
425272
425272
425279
425279
425287
425293
425293
425293
425293
425293
425288
425288
425288
425288
425288
425296
425286
425286
425294
425294
425291
425297
425297
425297
425297
425297
425297
425297
425297
425295
425295
425292
425292
425292
425292
425292
425297
425302
425302
425302
425302
425302
425304
425304
425314
425318
425309
425309
425304
425308
425308
425306
425306
425306
425306
425308
425303
425303
425303
425303
425303
425303
425307
425307
425314
425314
425314
425313
425306
425306
425306
425310
425314
425319
425319
425314
425314
425320
425320
425328
425328
425329
425329
425329
425329
425329
425329
425323
425329
425326
425326
425326
425330
425330
425326
425318
425325
425329
425329
425329
425329
425333
425333
425334
425334
425336
425336
425336
425336
425327
425331
425322
425322
425328
425335
425327
425327
425330
425331
425325
425322
425324
425332
425325
425325
425325
425325
425325
425325
425335
425337
425337
425337
425328
425328
425330
425330
425337
425331
425327
425327
425327
425332
425332
425332
425332
425324
425320
425320
425320
425320
425329
425329
425329
425329
425326
425326
425333
425333
425333
425333
425341
425351
425351
425351
425344
425344
425348
425342
425332
425335
425345
425345
425345
425335
425335
425329
425326
425326
425326
425320
425315
425308
425312
425305
425305
425305
425300
425300
425304
425304
425304
425296
425297
425297
425297
425302
425302
425302
425302
425299
425299
425306
425306
425299
425299
425295
425304
425312
425312
425312
425303
425294
425292
425292
425292
425302
425304
425314
425305
425305
425305
425299
425291
425291
425291
425291
425291
425291
425291
425291
425290
425290
425281
425276
425286
425296
425296
425296
425296
425305
425296
425296
425301
425291
425291
425291
425291
425294
425284
425275
425272
425278
425287
425287
425288
425281
425281
425281
425273
425277
425277
425274
425274
425272
425272
425279
425288
425283
425283
425288
425286
425294
425294
425294
425294
425288
425296
425296
425303
425303
425300
425300
425300
425310
425315
425309
425312
425313
425321
425320
425320
425315
425315
425313
425314
425324
425324
425324
425314
425305
425305
425302
425298
425298
425298
425298
425298
425306
425303
425299
425299
425299
425294
425296
425296
425287
425286
425286
425293
425290
425290
425296
425296
425296
425296
425296
425296
425296
425296
425296
425296
425296
425297
425297
425289
425289
425289
425289
425289
425280
425275
425275
425275
425275
425275
425275
425278
425278
425278
425278
425278
425268
425268
425268
425268
425268
425268
425268
425268
425273
425278
425269
425264
425261
425255
425255
425256
425256
425256
425256
425259
425259
425250
425245
425252
425252
425251
425251
425251
425251
425253
425257
425257
425261
425266
425266
425266
425266
425275
425275
425275
425267
425262
425262
425258
425249
425249
425244
425250
425251
425251
425251
425251
425251
425251
425251
425254
425255
425255
425248
425248
425239
425239
425239
425229
425236
425232
425223
425228
425225
425227
425217
425217
425213
425213
425204
425204
425204
425204
425199
425199
425200
425209
425209
425209
425209
425213
425220
425224
425224
425224
425224
425224
425224
425224
425226
425232
425232
425232
425232
425235
425235
425235
425241
425241
425251
425251
425251
425251
425251
425251
425251
425251
425251
425251
425251
425241
425241
425241
425240
425242
425243
425244
425244
425244
425244
425244
425254
425264
425257
425265
425265
425262
425255
425261
425261
425261
425261
425255
425255
425262
425256
425252
425252
425252
425262
425255
425247
425247
425247
425242
425234
425227
425227
425236
425236
425236
425236
425236
425242
425242
425242
425250
425249
425258
425258
425263
425261
425261
425260
425260
425270
425270
425268
425263
425255
425253
425253
425257
425257
425257
425253
425246
425246
425246
425246
425238
425238
425248
425248
425248
425248
425244
425240
425240
425242
425233
425228
425234
425234
425233
425233
425226
425226
425226
425231
425241
425245
425245
425237
425241
425241
425241
425241
425241
425250
425260
425260
425266
425266
425266
425259
425259
425259
425259
425259
425259
425263
425263
425263
425268
425268
425262
425254
425258
425265
425269
425266
425266
425266
425264
425264
425264
425264
425271
425278
425278
425278
425279
425279
425279
425277
425277
425287
425287
425287
425287
425296
425292
425292
425292
425302
425302
425295
425295
425303
425310
425310
425310
425317
425317
425307
425307
425307
425307
425307
425307
425313
425303
425303
425313
425311
425319
425319
425319
425326
425328
425328
425328
425326
425317
425311
425311
425311
425304
425304
425303
425293
425293
425293
425295
425295
425301
425301
425301
425301
425308
425308
425308
425308
425308
425308
425308
425308
425308
425308
425306
425306
425313
425320
425315
425315
425321
425321
425321
425317
425326
425336
425336
425336
425327
425327
425327
425337
425335
425344
425344
425347
425347
425347
425344
425341
425341
425331
425323
425323
425318
425315
425315
425323
425315
425315
425309
425319
425319
425319
425309
425309
425319
425323
425323
425325
425318
425318
425318
425328
425328
425328
425328
425328
425328
425328
425335
425335
425335
425337
425337
425331
425325
425327
425327
425322
425326
425336
425336
425336
425345
425345
425345
425338
425329
425324
425324
425327
425327
425329
425333
425333
425331
425331
425334
425334
425334
425331
425328
425334
425342
425342
425338
425338
425338
425335
425339
425335
425336
425328
425327
425332
425332
425332
425326
425330
425330
425328
425322
425328
425327
425325
425332
425332
425332
425332
425332
425332
425332
425338
425338
425338
425348
425348
425348
425354
425344
425346
425354
425348
425348
425350
425340
425340
425340
425340
425340
425330
425330
425330
425322
425322
425321
425331
425331
425341
425341
425333
425326
425328
425327
425327
425331
425327
425320
425328
425320
425314
425314
425322
425318
425317
425327
425317
425317
425317
425316
425316
425316
425316
425312
425303
425303
425303
425303
425303
425305
425305
425308
425318
425328
425328
425328
425328
425326
425325
425324
425322
425314
425321
425318
425318
425312
425311
425311
425306
425316
425312
425304
425304
425313
425321
425321
425321
425321
425321
425328
425328
425322
425322
425322
425322
425324
425324
425324
425315
425310
425300
425295
425295
425285
425285
425292
425294
425304
425304
425299
425301
425301
425294
425294
425303
425312
425312
425316
425321
425321
425317
425315
425315
425315
425311
425307
425307
425309
425310
425310
425310
425310
425310
425302
425302
425311
425313
425313
425313
425313
425307
425316
425316
425316
425316
425322
425322
425321
425321
425327
425327
425327
425327
425327
425337
425340
425344
425354
425354
425354
425354
425351
425351
425344
425344
425335
425340
425340
425344
425345
425344
425345
425353
425353
425359
425358
425358
425364
425364
425373
425373
425373
425376
425376
425376
425373
425379
425387
425387
425387
425387
425387
425387
425392
425397
425397
425397
425397
425397
425397
425397
425389
425389
425398
425398
425398
425398
425403
425403
425403
425402
425402
425398
425398
425398
425398
425397
425397
425395
425395
425393
425400
425400
425397
425397
425405
425405
425405
425406
425406
425406
425406
425406
425406
425406
425406
425406
425404
425413
425413
425413
425408
425408
425411
425411
425421
425431
425427
425427
425427
425427
425421
425413
425413
425419
425425
425420
425428
425428
425428
425428
425432
425427
425427
425432
425430
425430
425430
425430
425430
425425
425425
425422
425413
425413
425413
425414
425414
425405
425405
425399
425394
425394
425403
425403
425398
425398
425398
425398
425398
425398
425395
425395
425394
425393
425393
425400
425400
425400
425402
425402
425402
425402
425396
425399
425405
425402
425398
425398
425397
425397
425405
425405
425407
425407
425407
425407
425400
425400
425400
425402
425394
425394
425394
425394
425402
425403
425403
425403
425400
425400
425400
425405
425405
425396
425396
425396
425396
425390
425390
425386
425391
425393
425396
425399
425399
425399
425399
425390
425390
425390
425390
425390
425390
425390
425393
425393
425393
425402
425393
425393
425393
425393
425389
425389
425389
425385
425385
425385
425380
425372
425372
425372
425372
425368
425368
425368
425362
425358
425357
425357
425355
425357
425366
425358
425349
425349
425349
425349
425349
425359
425359
425359
425369
425369
425369
425369
425369
425375
425375
425372
425372
425382
425382
425372
425369
425371
425365
425355
425355
425355
425355
425364
425364
425364
425364
425364
425366
425366
425366
425366
425367
425369
425369
425369
425361
425364
425364
425364
425364
425364
425364
425364
425364
425362
425362
425352
425361
425361
425366
425376
425376
425367
425367
425367
425359
425359
425355
425355
425352
425352
425352
425345
425343
425343
425334
425341
425348
425348
425348
425354
425354
425354
425358
425357
425364
425358
425358
425363
425364
425364
425364
425364
425372
425370
425364
425371
425371
425376
425383
425383
425383
425383
425388
425387
425381
425389
425389
425387
425377
425377
425379
425383
425381
425375
425371
425371
425363
425365
425368
425365
425365
425365
425363
425355
425346
425353
425357
425357
425357
425357
425358
425358
425358
425348
425348
425348
425342
425342
425342
425342
425352
425358
425349
425358
425349
425349
425349
425349
425343
425343
425343
425350
425354
425354
425349
425349
425349
425359
425357
425357
425357
425357
425359
425359
425359
425350
425357
425353
425353
425356
425356
425356
425361
425359
425359
425359
425359
425359
425364
425358
425368
425364
425364
425364
425364
425364
425356
425356
425353
425353
425353
425353
425353
425353
425353
425353
425347
425347
425347
425348
425356
425361
425361
425361
425361
425361
425364
425364
425355
425357
425357
425357
425367
425365
425362
425362
425362
425364
425364
425364
425364
425364
425363
425371
425375
425381
425381
425381
425374
425374
425383
425391
425391
425391
425391
425391
425386
425383
425383
425383
425391
425382
425376
425374
425374
425375
425375
425374
425384
425384
425392
425399
425399
425398
425398
425407
425407
425407
425401
425401
425401
425410
425410
425420
425420
425426
425425
425425
425416
425416
425416
425410
425410
425410
425417
425408
425403
425403
425400
425407
425414
425414
425414
425414
425421
425428
425428
425420
425411
425410
425410
425413
425413
425415
425418
425418
425414
425414
425414
425418
425415
425415
425415
425414
425414
425414
425412
425415
425425
425425
425425
425425
425418
425418
425423
425429
425429
425425
425433
425433
425433
425433
425433
425429
425436
425427
425427
425427
425420
425429
425429
425429
425438
425438
425438
425438
425444
425444
425444
425444
425454
425453
425453
425453
425460
425451
425453
425453
425453
425453
425457
425451
425447
425440
425440
425431
425431
425422
425422
425422
425422
425416
425416
425416
425409
425411
425411
425419
425419
425427
425427
425427
425427
425420
425417
425416
425416
425420
425420
425420
425418
425421
425421
425421
425424
425424
425415
425415
425415
425415
425411
425401
425394
425394
425394
425403
425403
425405
425407
425414
425414
425414
425414
425415
425415
425406
425406
425408
425398
425398
425403
425403
425403
425409
425409
425400
425400
425405
425405
425415
425423
425423
425413
425413
425413
425413
425423
425418
425414
425414
425414
425414
425414
425414
425415
425415
425415
425415
425425
425425
425430
425439
425439
425439
425439
425439
425435
425439
425439
425439
425439
425435
425435
425435
425435
425436
425432
425427
425427
425427
425434
425434
425427
425427
425437
425437
425438
425437
425437
425437
425433
425443
425443
425443
425433
425433
425430
425439
425439
425442
425445
425445
425445
425445
425437
425438
425438
425438
425438
425437
425430
425433
425427
425417
425424
425424
425424
425424
425424
425424
425420
425420
425419
425414
425414
425408
425408
425416
425418
425423
425424
425424
425422
425416
425416
425420
425420
425413
425413
425413
425413
425413
425418
425418
425418
425418
425414
425415
425421
425421
425421
425431
425431
425428
425435
425432
425424
425428
425429
425424
425434
425434
425429
425429
425431
425433
425433
425435
425435
425426
425433
425433
425424
425424
425424
425424
425430
425428
425428
425433
425433
425433
425430
425430
425423
425417
425420
425420
425426
425420
425427
425427
425427
425427
425424
425422
425415
425411
425405
425405
425413
425413
425412
425412
425413
425419
425419
425419
425419
425420
425410
425405
425414
425414
425416
425411
425402
425402
425406
425411
425413
425413
425413
425413
425413
425413
425413
425413
425404
425404
425404
425404
425394
425403
425403
425396
425386
425386
425386
425393
425393
425384
425384
425393
425393
425393
425393
425402
425402
425402
425400
425400
425400
425393
425393
425393
425393
425391
425391
425391
425391
425385
425385
425376
425367
425367
425374
425374
425374
425374
425370
425364
425364
425355
425355
425348
425354
425354
425357
425357
425357
425357
425357
425357
425357
425357
425348
425348
425348
425348
425348
425352
425355
425355
425355
425355
425355
425355
425355
425364
425364
425364
425362
425357
425354
425354
425357
425357
425365
425361
425361
425361
425361
425361
425361
425361
425370
425367
425371
425363
425361
425353
425353
425353
425360
425360
425360
425354
425354
425354
425354
425360
425370
425362
425357
425357
425357
425357
425362
425361
425361
425361
425361
425361
425361
425361
425361
425366
425366
425369
425370
425370
425378
425372
425372
425372
425369
425370
425370
425370
425370
425369
425361
425361
425359
425360
425360
425360
425360
425360
425370
425365
425365
425371
425363
425357
425366
425374
425374
425372
425364
425355
425355
425365
425365
425365
425365
425371
425371
425370
425364
425364
425362
425370
425369
425359
425369
425368
425370
425370
425362
425362
425362
425362
425362
425362
425354
425354
425354
425354
425354
425350
425350
425350
425350
425359
425367
425367
425367
425368
