37
1767
2083
1505
2208
3174
1012
3136
4044
2661
802
4772
931
2188
605
732
1473
1221
4070
706
3786
464
300
2857
4852
3026
2965
2102
4096
4859
1841
60
2465
645
4312
2002
4168
3292
2854
2043
194
4748
3298
1687
916
4465
1101
4649
4552
598
3717
3883
2111
1911
2502
2265
2737
2193
4200
3607
4086
3908
2529
222
908
3094
2212
1671
1975
344
4304
3338
613
3859
4323
104
3764
4309
432
3165
2410
4997
3502
1390
676
1052
559
432
4697
1277
2298
3609
675
2060
3997
1136
4662
3779
1051
3799
4908
4602
1494
4432
1250
2470
4912
3327
1387
3397
554
1416
1665
4262
3754
77
4954
3916
3405
4998
1353
4399
1095
3775
3999
1202
1560
428
868
4839
2623
3325
982
931
4923
1089
563
1571
1506
424
1259
4627
2176
4322
769
2354
4908
2893
1561
4610
3966
4045
4307
4962
1428
1227
4078
2211
3368
1992
4943
607
48
418
5008
2366
1130
505
3058
528
417
4965
5010
2413
2419
3494
259
4323
2253
3290
1908
2354
283
1938
3634
18
1562
2487
2312
3962
1670
78
1945
2316
4899
1577
4672
3004
3307
406
923
3271
2867
4413
2711
2161
4896
3517
3941
2801
4033
1419
772
746
3742
2673
1970
1636
2570
1432
3823
3373
2269
1355
1827
4117
1578
1975
4141
27
4042
214
4524
5002
3632
192
3801
2371
1824
3855
969
3163
2206
3322
555
933
5034
3510
2681
7
3212
2703
3272
4453
2944
4014
2848
3706
1245
3372
2788
1606
2995
3765
3198
2090
2936
2159
2833
4676
109
2577
1587
4320
4658
2519
2918
4914
222
2253
4556
428
1339
2693
1848
2956
5073
3354
880
5001
2595
1970
485
2985
1443
1045
5091
1961
1
4188
3076
325
2063
3767
2626
2505
1789
4296
2511
384
2117
3648
1123
189
2039
743
1536
3301
4228
2320
3432
1210
5012
1339
842
3113
4657
5108
2946
340
2607
2830
584
3858
2760
2003
690
19
3098
4510
2305
2593
1119
4602
329
1374
4965
420
3918
4025
625
3799
4349
2784
3653
3247
3536
340
2324
3740
788
2719
2496
157
4576
859
1043
4651
1317
4231
547
1666
850
27
3332
3018
4106
993
1144
3552
2004
3114
3076
2714
1032
2805
125
1853
2842
2608
339
2876
2526
4474
4148
5064
1975
722
2244
2185
3781
169
1302
4269
596
3137
3660
5079
3552
1013
1560
4636
3359
2810
1624
1777
2130
1903
2337
4034
5092
2894
3834
872
2466
2649
657
2154
1515
460
3668
3722
427
2904
3969
4066
1040
3321
3735
3042
2800
1954
2602
4405
1310
1012
3939
4913
444
88
690
1123
2128
3642
3005
4515
735
3812
1290
4620
4057
2359
2726
2765
413
4943
4238
2556
4390
3584
2042
578
3694
4769
1895
3553
4640
3697
2537
4621
1463
94
1551
2157
2269
4484
844
1434
4234
4617
3979
3730
826
582
4468
546
1185
1412
5074
4145
2975
1816
2441
2637
4870
2079
573
900
2618
1729
3247
920
184
1278
5073
3253
2785
3679
698
2616
4596
1315
1085
3450
4174
2998
1212
4941
2507
4782
1236
4844
126
1307
3848
4676
3345
2888
321
5177
2743
2324
2044
3474
714
1902
2978
4578
3304
3138
2271
3617
3826
4589
230
3827
1078
2252
2902
2324
5070
221
905
384
2575
2261
4906
224
4163
4907
5118
3118
1959
4492
4091
2997
1455
1645
1639
4411
4423
637
3299
1997
260
4960
698
4955
2709
1286
3588
3138
3472
4783
461
3477
4513
3939
206
1301
2071
810
1701
3768
1365
938
52
4122
4198
1741
2558
2069
105
3250
2484
342
1239
3521
3181
2384
2212
1160
2107
1566
4678
4472
3048
3951
104
1077
1031
2884
2673
983
4176
349
3182
395
2843
4234
1422
611
2327
396
4072
3314
2399
5052
1052
47
2116
3458
3122
2264
554
3502
1323
2988
4118
1960
1174
4429
4898
85
2901
4136
2102
4913
499
1212
938
2421
1564
676
1293
180
897
2172
3459
170
1423
2922
1275
506
3571
4845
4204
3533
5002
59
4495
157
1733
972
3706
2448
1390
4323
3380
5069
4775
3345
851
976
4790
1293
3327
889
1476
4633
1214
145
2558
1196
904
1068
3394
367
3579
1121
4819
3026
824
1011
725
3233
2044
4105
626
4553
2555
2142
3433
2088
4580
2149
4327
4923
3209
299
2789
1281
2834
3071
414
4411
1410
1762
3528
1284
3641
911
2437
4294
3140
835
4804
4641
1731
1751
266
3901
2660
1645
1862
4371
4156
3378
1544
1250
1798
3902
1506
5084
4059
1301
3698
799
1884
1013
4830
547
4364
4440
177
614
4658
3763
935
4990
3930
4626
3709
2651
3922
4034
4929
2298
2515
252
540
3362
2937
979
5236
3294
2220
2407
1760
2988
2417
1282
307
5033
3089
1369
809
4869
1338
3144
3522
5032
2766
5107
5247
1824
1187
2183
552
1597
1135
4035
456
4887
2985
4038
3810
2755
2370
4967
1069
3239
757
2246
1499
4353
2175
444
4361
4396
779
2037
4937
5096
2234
4002
72
2902
5106
1480
3257
1571
2779
1286
4613
1828
4750
4993
2082
1609
3513
1092
1743
1718
3406
1382
3487
691
5180
163
226
4956
1026
3180
2010
3412
1487
3104
3938
1281
5177
2175
1550
3127
4504
4936
242
1835
23
5010
3848
3917
471
1662
3338
5197
2636
1698
295
3916
644
3078
5167
1365
2564
444
428
3570
1834
1778
2329
1579
4996
4223
3270
5066
3778
1943
5193
4524
2220
1720
4625
2870
2442
2566
4303
2052
3227
4313
4275
815
4019
2275
643
2352
1423
2932
2718
93
4642
1336
1168
2559
1323
2972
1497
5186
3730
3558
127
2563
2262
3309
4072
3087
273
297
2050
3826
4137
3704
3081
1566
1648
4040
4617
1558
1036
4245
5098
4788
895
2791
1795
1201
2014
1623
2360
1704
2579
4282
4415
2348
4437
1373
317
1576
3525
2763
33
1893
1151
1579
3664
1527
1531
4431
1103
3479
4639
3026
4426
2566
1778
4743
2980
218
202
2981
270
2722
798
281
2632
3386
2950
3825
1808
3862
1092
3346
1082
4482
2407
3214
4206
2213
3382
1698
3269
3209
2043
2918
4539
5047
3884
4401
140
4989
3384
3174
284
3606
2959
2977
3920
3780
4913
3468
3504
915
824
4291
678
1675
42
2359
2476
827
4412
3350
1270
2911
3973
2706
488
2763
2672
1320
1788
3810
791
4116
3883
3723
119
4124
552
1190
669
3634
30
1655
1115
1335
1326
4422
5069
1388
3495
3076
3065
181
2475
45
300
2613
4672
577
1194
648
5222
1056
4545
1438
2194
2513
1411
4774
1062
2312
4719
3721
131
2441
1805
1945
2915
328
825
13
801
1017
3796
2132
4605
4360
4532
1024
4651
980
4135
878
5191
4408
889
2885
3491
4014
2287
4055
2105
2931
511
4930
391
850
3875
1039
4679
4275
354
1204
726
4771
3592
3364
2042
2294
4162
1049
4640
3975
3188
499
1121
2376
2510
3309
3102
4587
2894
3990
4240
983
2858
1550
1719
4871
1685
2879
2146
962
1545
2899
4101
1885
4476
3993
1531
3639
4142
1630
2757
1384
2686
1734
4509
3128
4224
290
1446
758
1021
3737
532
1592
4974
2588
4390
2323
1738
144
2714
4043
440
2086
1144
673
1751
2661
450
4329
3173
4962
2609
1859
3657
1326
1458
2337
334
1447
3003
4558
4601
4370
4162
1059
2580
1590
1158
1456
3542
522
733
5177
3093
4227
3120
527
2798
3539
532
932
3566
1247
3753
324
5240
4589
3348
4224
1963
733
5090
1010
1469
3117
1727
1293
550
3895
3740
4794
1676
1057
1587
3837
3055
2919
2158
3317
1122
643
801
2653
3500
4546
2845
2519
2
3559
1449
5355
3168
546
3124
1889
1568
3299
1313
933
3232
268
5252
4030
2075
4654
420
3030
3811
1555
4994
667
3527
4247
776
3674
1539
3964
4843
1671
2766
4485
1457
31
1522
1740
390
3844
1597
1963
2437
1754
1380
1129
2653
3660
3543
1335
515
4601
2273
1647
3673
3895
1276
2867
4686
654
4234
2344
4087
436
1061
50
15
1955
568
5062
3901
1539
1440
534
2837
1097
257
4523
2662
4125
3538
1804
2282
2026
3663
857
2454
1871
2940
2664
3571
2237
3987
3565
275
2084
1886
4152
436
961
2565
1024
4774
1549
2817
1754
1707
1750
116
1256
3779
3453
506
574
2431
3798
4708
4520
981
231
4937
1326
1778
4903
745
3811
68
2241
1536
310
2290
4545
3242
2664
414
4410
1901
5186
1108
5094
3597
3429
4382
5105
1598
4310
917
2438
3909
4643
2851
3375
1382
4600
1496
4144
790
1881
5164
1821
4091
1307
3708
385
3658
1715
3792
3821
4999
2907
3813
1469
3644
677
3859
5064
873
3345
1013
5242
2740
5056
5312
4501
1879
1341
3927
1686
3869
2770
4043
815
1367
1055
2343
338
4704
5431
3464
4955
3684
3893
2302
4930
4112
423
801
4098
4539
2324
674
470
469
1445
2470
4398
3530
5381
5428
3891
4578
4345
1538
1210
1716
4560
1530
96
5315
5208
3495
3177
8
4794
5297
4170
1071
4408
3275
3949
4371
4021
1301
532
5245
4329
329
2172
1960
72
3868
1543
3049
1653
5350
4084
1357
2686
5415
4974
3410
5128
4588
4865
406
3841
3010
991
2701
4078
1412
3904
3814
788
3673
4002
2139
1542
1605
2847
5157
4830
1120
1048
937
873
5066
2884
2329
2344
2421
3956
5060
1453
563
2126
267
2315
2371
4557
2490
919
74
3837
5155
4919
3766
5404
3841
4453
1648
1677
94
5312
4446
1264
3147
1136
2716
3397
1544
2687
2339
2815
212
1987
5338
1346
5277
3904
3113
2930
3183
1224
4862
3945
1150
774
1185
3078
1676
5427
4813
464
2123
89
1154
286
3423
5115
2315
2870
3256
4910
5352
4177
5038
2544
3005
5130
4487
4890
4277
1974
1797
1808
3968
3484
4585
5310
4062
375
3988
3440
2344
3480
307
3795
468
798
170
4444
2145
606
2480
2647
3628
3092
1724
2252
5391
2553
1436
4909
807
4112
561
3968
5020
2636
3107
2667
846
1752
2069
2978
4632
2399
3136
2078
1769
4156
1436
4330
4385
4440
1052
2218
4080
4117
3753
4512
5232
3319
1625
2343
2088
3914
86
1666
1383
526
4003
4008
3906
5308
1944
495
275
3273
3683
691
575
4050
794
363
3533
248
4429
3135
1193
17
3380
2273
4540
904
645
5103
808
3696
4132
1472
4347
3649
2924
425
2933
3618
4389
1937
1713
2945
1959
783
4808
5306
2272
513
476
2694
2839
3135
3119
4643
2343
4652
3816
4479
1226
2941
951
2776
3950
4949
4219
5437
3634
3337
1123
2723
2814
3896
1665
4303
1320
1953
2548
503
2049
5208
3697
3490
3496
598
3593
3850
2693
2340
3949
5162
2597
3965
2144
289
3950
2237
4304
1448
1414
4251
1968
2892
608
2711
617
3720
1983
577
5164
87
1948
5292
1970
2768
3546
2242
5182
1006
733
1838
2598
76
3780
3998
3622
4708
1605
2005
2084
879
355
4519
1463
5412
1304
3818
3785
1026
2286
1617
3394
1343
4111
1418
2460
3872
1226
5279
75
3493
3666
45
3987
5180
775
1719
4420
3660
1493
3753
1599
202
1218
299
5500
4396
2526
1841
-1
3450
2338
2868
5423
3935
3615
1556
468
587
2632
2328
2041
1926
2697
2023
332
2254
4275
5469
572
3910
522
1862
2254
505
4426
3042
2439
4120
1956
2299
3226
5443
3269
1361
3585
534
2678
3093
3166
2517
1387
5180
2419
3571
2476
3190
1646
245
4540
3278
1179
1265
1785
1529
3871
3983
3743
5409
905
4835
3742
1947
1059
3896
352
483
4801
2324
2273
3878
4908
2269
4702
783
1471
221
957
730
691
211
3088
2784
4534
5086
1395
399
378
2645
24
4930
4712
3875
2915
4288
3220
4334
3362
215
3705
1040
367
5038
317
1113
1135
1754
66
2929
681
5554
1361
302
3712
3636
1445
561
464
2009
3102
4472
1796
2016
1018
101
3228
308
4291
3375
2955
5105
3291
4514
2861
5512
2101
3001
2238
3773
4438
1256
2090
5208
2310
4056
4958
3170
1452
413
4299
1499
4412
4666
2267
3702
1743
618
3972
2997
4388
3141
4361
471
1468
4607
676
1708
3531
3328
5178
130
3079
1698
4561
1890
4817
2074
2062
1623
2968
4426
2674
4555
3522
4211
3226
5416
1309
1977
2727
3398
4995
3297
4020
100
42
1274
1655
4305
4358
5400
281
3164
2567
2236
1563
4017
2988
1635
3876
3968
1932
4643
4968
486
3331
1384
1541
85
1708
1445
1536
4687
2376
676
2929
4949
351
4019
2982
1245
3579
2577
3813
1681
5013
1940
1279
4078
1413
4027
843
3934
509
1482
4536
2255
5087
236
2011
3101
2797
1815
2838
814
4425
3994
5205
4480
455
778
2032
4561
3741
3201
4362
1989
5208
5400
2997
4197
4818
3655
789
2674
2978
209
2026
2124
744
360
541
2630
387
819
129
2876
3565
4882
4200
2668
4783
2459
5134
305
2584
2083
1479
3504
309
3188
4527
3369
4036
642
663
387
2453
4940
1721
4274
3533
356
4110
3350
2963
335
1154
2710
219
2479
743
1657
2430
5414
2595
2945
3326
3239
485
2391
3264
4759
2799
800
4721
2840
4923
1829
2968
3833
4943
5083
2341
255
5340
4002
4942
2264
1872
4580
3042
1566
4056
3922
3230
2770
4580
4589
1703
4089
999
2247
44
13
1267
5453
3125
5336
4913
1196
5049
1440
887
5180
1691
3736
3166
1496
5572
5099
4925
2305
4273
569
1309
3616
1944
1853
5464
4865
780
4640
2648
4733
1867
4820
4309
3666
3066
1531
4760
1227
1517
5472
237
1975
5164
3592
2907
5614
287
584
5500
742
18
1598
4420
4950
4750
5143
3667
1051
2855
1615
5057
3836
2958
2094
2684
3505
376
2533
2251
4217
5295
4446
3311
3808
5270
5126
197
3817
1283
4749
1107
3378
2765
2937
5458
1751
2565
201
1667
253
522
305
1268
2813
887
222
1071
3841
1550
3613
4003
5391
1511
710
23
1703
791
449
938
4650
697
2327
381
1026
1174
1032
671
5550
1603
1725
3813
4225
3648
1812
3613
3365
1201
1552
603
2810
3023
796
3862
1706
3631
5580
1418
1105
5294
5001
378
206
1565
2720
3808
1003
3975
3414
4020
4448
5574
1509
3310
4615
3312
941
1959
4408
435
3377
2601
3598
2144
5217
2929
4605
2622
4424
3010
1415
3769
4310
1317
1487
4740
197
2594
238
2237
5217
1902
729
4740
5089
1746
3834
63
4875
411
956
1471
428
499
113
5525
872
1602
5570
4136
2563
307
2350
2684
1670
4109
2292
3830
576
845
4785
3845
5135
1919
3673
1139
3649
756
239
247
4631
2470
5584
3540
2078
3713
886
618
1263
1504
1669
4914
3106
759
755
3186
1933
2175
530
3208
1256
2850
3701
1582
5297
5276
5240
388
4941
1307
379
3735
146
2035
1121
5632
1927
4481
989
724
1190
1379
2311
5001
510
5539
2496
2960
1773
2176
2468
4051
1342
2268
1849
1310
2132
5398
1240
2444
4033
1739
2540
1386
2966
5660
4468
4406
3367
5474
2286
3796
5327
3735
1007
3499
1763
523
5368
2686
3516
787
2998
3556
3678
5541
2703
234
1123
503
2072
3403
1914
2940
4003
1251
4763
3091
4869
4612
1149
3656
826
3823
1860
3165
4088
5492
5384
4904
4961
1061
1011
3654
4084
3838
1832
467
5522
5198
1018
3929
2985
4769
1187
2238
2359
3573
599
5435
1950
5014
1636
5615
1332
3544
352
2338
2958
5237
4965
27
2489
1547
1730
2836
3851
2099
1816
2942
380
765
4104
3479
1156
2599
5262
1922
1897
77
111
599
1380
3241
330
3230
2721
4618
519
1540
10
4840
5695
4471
525
930
3754
2187
4913
3522
3284
4104
1746
1638
5283
2004
5639
204
17
2361
3749
3051
803
5235
3496
750
1362
4960
1728
885
5500
5335
2654
3436
1672
4569
3945
2453
3570
236
5205
2272
5118
1864
4665
4797
4531
2659
323
1964
3320
2807
4423
5090
1903
383
4224
1079
1127
1839
3892
4671
781
3325
3888
5188
1390
3147
2835
220
2939
3414
3449
5356
1186
2920
2296
3104
1746
847
2878
1781
2582
1562
1464
3968
2440
4133
3769
149
1281
2512
1706
674
2211
508
2227
3820
700
1083
3996
3854
2762
5566
5559
44
1981
2965
4277
1198
4218
1579
3261
4965
4566
352
4630
3268
3170
2859
1257
415
2297
4252
672
3257
991
1590
3065
5559
2926
2469
173
254
5472
5534
2718
3618
1267
5357
2491
3937
4534
485
2019
4142
2300
1634
819
1342
3170
5659
395
4941
694
3335
842
355
5315
1102
59
673
4785
1249
4268
237
1127
3419
1953
4901
4069
2145
269
1646
4054
3587
4376
1229
5346
812
4302
1000
4865
2793
5663
1514
5555
1328
5287
5279
3791
2308
5119
246
4901
4817
1029
1786
1405
2978
2307
983
1908
3435
437
818
1202
1208
2848
3492
431
5733
2845
195
2210
940
3166
5338
3355
4401
1045
3862
2636
4410
5159
1666
4020
4372
11
624
373
4524
313
3885
5260
4588
3117
3002
5247
3348
1695
383
2323
4427
98
3599
3494
1403
4555
1046
2958
3597
2921
4477
393
3153
649
3959
1415
888
1800
1641
1896
1923
2153
1818
3023
5367
1495
1884
3738
1137
3729
1257
2767
573
678
3712
2636
3645
3922
2838
2877
3344
5502
3881
4533
4543
4209
3403
3602
3435
1248
1399
2659
2300
126
370
1269
2294
1889
1348
2312
2154
543
3657
1771
4193
960
2226
3853
976
3335
2012
4172
5469
4167
2895
4308
4910
4861
3704
2022
4798
629
3096
4896
3802
2684
2066
207
2743
5670
4601
5522
4545
4179
2744
1735
2648
2532
3841
5186
5344
67
2136
3735
795
3914
881
220
4954
975
1250
2559
1730
4520
4101
3877
5130
1288
4184
3740
5424
2855
4314
1334
2468
2353
3534
262
4624
2231
4081
3997
1307
2904
5251
129
5326
5742
4277
1288
397
3566
2386
3198
834
5763
3025
5402
3842
222
3820
4522
667
509
2203
4618
1186
5051
3073
3433
1417
2281
2976
3678
2118
1852
1055
4718
337
3391
540
5322
2589
2558
3980
2897
2701
2226
331
2160
4555
4608
1034
1914
2441
138
5516
4422
150
1248
4225
5036
4357
2027
4724
2611
1409
4073
811
1840
847
5501
1313
1883
2230
4410
3634
3240
2361
1306
3014
563
3709
1891
5000
938
2490
5592
1695
4807
3261
111
2443
5659
2437
818
2474
4767
1243
3999
2344
5215
3812
2823
1621
4176
1539
5181
634
5282
3377
5501
5530
2252
3735
3277
749
3320
2886
5114
5659
4791
3480
5315
1569
3696
1053
465
739
2597
2749
3128
4147
4393
1570
729
4825
4965
836
1268
5079
4114
5170
4567
5245
1310
3132
3552
3488
3045
4886
3221
5454
4802
2276
3813
3063
3728
5781
5505
4419
1300
5632
2139
828
5156
540
2292
2076
4078
2147
1014
1801
3054
322
1656
3344
5212
5159
1030
93
660
3824
3515
4331
3994
37
3296
736
202
2852
244
933
1612
3950
253
2149
1113
4871
791
3478
1236
3700
5528
922
2409
3378
718
5110
2639
4018
1111
4555
2510
5525
5781
4082
5185
81
2952
1572
406
917
5787
462
2968
5469
4906
3471
5449
161
1894
2243
4571
2916
901
3525
2044
2854
1294
5783
3570
5275
1728
4634
1833
1482
4596
4667
1482
3478
4677
3813
1033
5368
3447
4549
1180
4331
3470
2352
2635
3453
1407
3423
2768
223
1103
1906
2960
2568
805
3643
2469
503
4684
2361
1881
2427
5562
620
458
5341
1339
5754
612
2737
1079
5199
4426
789
5735
3566
3971
4909
3583
4372
3551
11
2336
865
5537
2520
5766
32
1457
4624
110
90
4024
3304
3605
1778
2558
4650
2799
5300
2775
1270
2854
4226
4512
2284
848
566
996
4518
85
5294
3209
4017
1538
4041
913
5060
3643
1170
1809
2377
2718
3475
4128
2538
4269
3688
2958
341
3486
5310
5851
4811
2338
725
1653
319
2226
4055
2284
5767
5842
1791
2742
1161
1837
1615
3162
3596
111
1885
3685
3537
2150
4161
2143
5028
1919
4467
1572
835
3126
2009
2269
5540
3423
3414
1879
2646
4306
264
1351
2466
1219
2882
5731
2128
3883
1022
2364
1922
4595
1255
4619
5372
2751
100
5283
1472
2803
5334
1001
1505
5268
170
680
1698
2690
5134
2297
3914
1693
5119
1557
2781
5462
5556
934
4513
4467
3656
1101
2419
3292
5492
2141
865
569
2573
2307
508
1804
1509
4309
5205
2484
2784
491
5134
245
2368
1278
606
123
545
4967
746
5270
158
2179
3246
2223
1223
3878
4586
1307
1821
1600
718
1674
4613
901
5737
46
5306
1138
3661
1325
2507
1780
1514
3471
3098
4630
645
4419
93
5066
2795
208
755
4317
4316
620
1399
2176
2432
1048
896
551
5029
2887
523
2133
1641
3866
4350
3931
2128
1759
1716
4014
2478
3350
1198
3055
791
162
33
1542
516
3694
309
4222
4
1256
3136
3549
3759
786
124
2224
3852
1092
1906
3434
2214
1862
3028
5658
3193
5012
5149
3444
3182
4432
2593
792
3429
2456
3271
967
5702
2342
1746
2821
635
2098
4206
1323
558
647
1127
143
3860
4064
3731
5807
3102
214
2441
2346
2509
259
4183
2762
1281
735
4004
4984
1764
3848
3432
1535
1685
503
1455
442
3112
3623
2554
3275
3213
1375
4462
1003
5683
3388
620
2642
4758
2887
3438
4996
5866
4297
1917
4607
1396
3406
138
5026
1639
1587
5562
5539
5660
1429
4027
5130
3761
1752
1998
4376
2190
903
2829
2741
4671
4963
3729
121
1092
1154
3366
4564
2669
3081
1777
239
4482
4419
5328
3385
1267
4686
3045
4308
3879
4743
4736
5853
821
2264
3834
3605
4302
3635
468
3791
2589
1714
3338
42
4462
1408
4357
3931
3097
2061
3666
1349
2310
3944
677
1181
1877
4136
5361
2234
3838
1880
4740
2745
2755
2701
3790
5198
2687
1755
2417
250
5042
4432
2177
1841
5552
2623
4920
5839
4381
3094
5234
5296
3279
2391
3141
5792
2957
1247
5754
4903
2621
2422
2765
2589
4959
229
3725
2683
535
2278
5833
5156
5322
5100
5634
1516
5262
2138
5124
4163
4727
194
4778
262
5001
3597
4565
5831
3884
3703
1926
414
4261
3220
4503
5518
277
5637
582
352
2647
3082
1964
5388
766
1905
5238
5901
757
4996
231
1272
2026
666
3180
4426
680
4181
1140
4162
3610
495
1402
3256
4330
545
4775
147
3664
2242
1613
701
3509
1506
1608
974
5279
5819
3371
2936
1700
4894
129
3004
4877
3900
1475
2421
2842
3731
1351
442
73
1814
3578
2322
4357
219
2631
3098
693
1255
4721
834
5239
2203
5899
983
2116
3076
2923
2887
5182
5393
502
991
3240
2956
3376
1322
2854
179
4088
5135
2598
3252
2706
2347
673
1128
2270
3345
2198
2341
1423
3766
54
5518
3811
3539
5840
3236
2364
2977
2182
2243
1255
3741
5425
5474
378
4505
4994
2809
2675
4065
104
434
2580
3606
3740
3513
147
4545
1016
1602
5938
1213
5106
3754
3705
4478
1823
2357
888
5391
1113
4958
1928
297
3756
1300
4179
4558
130
1394
4311
5163
1118
514
3839
1554
819
5377
289
4287
716
2479
3329
153
3747
5833
1622
3439
3698
5569
1960
2457
4830
2591
3513
1323
3200
2738
3286
407
3104
3488
4654
2110
5732
172
3779
80
5298
2595
2725
1208
3561
2007
393
2117
1698
3383
4943
4818
3474
4260
3022
640
1040
5333
2169
484
4705
2013
534
5902
2489
384
1723
1446
920
1583
1436
5434
1836
2992
4911
1060
439
1895
1290
3151
457
328
1645
2767
1373
1309
803
1351
2843
5650
3544
196
2972
3174
4538
1292
983
1170
4148
3884
128
1530
3115
3737
2758
2693
5270
2371
5383
5453
3584
159
4403
1783
1237
1354
2699
5549
372
5059
686
4513
3178
197
4946
4265
1843
1975
5019
4335
5378
5605
563
4727
5938
2792
2002
4092
335
620
3747
3093
2552
4224
3154
2670
295
5210
3087
3976
4689
3918
3822
2939
1444
4922
3645
4061
5907
5393
1405
1533
4302
4279
4575
2617
1655
4064
465
3383
5462
1779
2000
4481
926
5227
4767
2959
317
5922
5833
1788
3579
3067
260
3239
690
5422
743
3657
1898
1672
3132
4308
1008
3925
2673
346
5731
3445
2814
2620
1803
4219
1435
4617
2508
4813
123
3889
1437
5608
1054
2630
2308
2633
5967
2026
34
2844
3828
1785
4820
5408
4659
3062
5567
5327
2134
956
1824
5624
510
4413
1797
1777
3997
2870
828
4882
4209
631
3514
1983
1840
2512
342
3207
5192
1129
5783
3603
5188
3120
5538
5433
5376
19
4277
991
498
1396
207
4639
1593
14
162
1783
111
2396
4190
1447
5684
5642
4844
5526
3291
4441
2211
996
3700
2460
1653
1121
4750
5866
1489
4952
4300
2743
2495
1132
1541
672
5547
3182
2782
873
95
847
2894
6000
1187
736
357
726
2862
1910
4335
1657
4735
3839
1255
704
4670
3884
2736
2674
3038
3529
5465
3565
560
1057
5432
2848
3603
679
5100
1431
46
4212
886
4668
98
72
3503
370
5962
4243
3049
4145
3299
524
3474
4511
2057
4225
1486
3287
1825
5211
2680
1586
870
4908
5723
3575
1953
1142
2201
4469
1092
536
1857
4321
3002
5945
1062
612
451
3315
1275
4903
5884
5950
2116
2226
2242
2318
1549
196
535
1057
2623
277
2402
4674
4711
1751
2083
4355
3193
2369
1697
4322
5781
1277
4582
4871
5826
576
4329
1287
1835
1929
2758
1367
2768
3597
5683
4150
396
1458
6005
5761
3538
4660
707
1545
5710
2685
4950
134
4702
4282
1991
3214
3322
1376
515
3533
50
2784
2249
288
1065
5969
111
5106
4764
3072
3558
1934
400
1793
688
5130
924
3391
1379
3323
2568
1356
3053
4985
1098
3408
4137
864
4753
887
643
3927
4117
5694
1892
4781
1183
4144
2754
5016
54
4156
2370
5930
4340
75
3948
3197
4432
2021
3430
2081
4362
4406
3517
2180
3485
5607
2695
3863
2997
3183
976
2177
611
3413
4892
3470
5188
665
5148
1985
5941
3603
5385
1396
4974
5204
44
3853
3739
23
5314
570
5714
4694
869
3983
3646
4152
2247
3705
4620
693
38
5424
1054
1543
4553
590
3151
4725
4311
4937
506
4039
1589
3707
2388
6061
244
153
6057
2884
3061
159
3725
3464
4899
2668
2341
4511
4522
4447
2843
2118
260
4886
3170
807
6075
385
1611
2039
2644
2500
2639
2289
1621
3482
201
5514
113
1815
4930
5453
3553
3054
510
3264
3675
1185
5558
493
2442
5558
3738
4771
2669
4249
5227
2406
1101
4661
285
124
1408
2272
952
3616
4459
4776
5709
5112
903
5477
5524
1104
3145
1617
1512
4688
55
955
2910
295
1463
4718
3553
4760
2109
1924
2840
4436
2225
1187
626
4035
4359
3147
2274
359
56
1326
3109
4218
1915
4914
3102
2889
2901
1542
3176
492
2498
3822
1602
90
4546
5045
2470
3752
5144
609
3419
828
3755
4965
4833
116
1330
1917
3753
5122
4906
3174
1099
5912
1141
1119
873
1709
1116
1432
1491
4748
267
4934
2903
2742
1780
480
2325
2121
3252
5191
4416
4208
3218
5704
3000
3146
3942
2707
5978
310
3518
1873
1048
2333
1696
2508
667
3310
1956
1691
1245
5932
1825
2850
5505
2387
3620
4261
4908
5180
3767
3231
3541
1271
4670
5592
3147
4441
152
5529
4676
298
2618
5118
4924
3158
6096
4747
3129
6081
1321
5132
90
4397
3155
4974
5167
345
1873
2657
2327
219
1475
5552
790
5833
5141
2365
2697
2181
5290
206
5128
4207
3614
210
5474
4799
2572
5234
3022
381
2575
3308
1673
4220
416
797
4037
2737
753
887
2321
4359
353
1213
3767
3640
3532
1729
4562
5372
109
437
292
177
5828
2120
5975
5535
6062
4480
2912
728
5765
157
5671
3442
2153
167
3407
2946
5425
3950
4728
3
2013
682
566
3564
1824
143
1328
1482
2990
4727
632
3088
27
3209
838
300
2421
2208
3873
2795
3005
3585
3389
4690
5511
1439
960
5044
3725
5976
5569
76
1001
4350
27
5280
1280
766
2038
3913
3843
1491
1889
756
553
72
2755
1994
758
5263
735
4466
1181
5330
2895
2456
1367
1195
1106
497
2319
4388
155
916
962
1972
4856
4117
843
5737
3406
2596
2575
242
4518
716
1336
434
3468
350
785
5653
2487
3510
4595
3136
2998
1523
5045
5353
5419
231
4933
4632
2585
44
3897
3521
2594
1733
4486
4054
6026
1304
2970
5792
1126
3101
5143
4863
3123
5458
5661
2898
5079
5760
286
2052
1657
3090
1191
5748
1169
2665
3890
1083
3753
3210
4126
1848
3824
4807
1284
254
4357
808
2315
373
3585
4766
2487
2677
5713
100
423
669
2926
5505
939
1823
4369
4057
4255
5863
4872
4035
3165
1381
3879
2819
139
2720
4089
1113
827
115
3522
3643
1614
5164
5451
5961
3881
4668
2074
4875
5581
4220
3654
5583
5291
2318
4713
5790
3272
3601
2038
4730
1992
4294
177
3954
5927
2003
64
610
5267
5713
5649
2620
1818
210
1719
801
3648
5006
4844
97
1289
912
78
2271
4554
3996
2698
3464
1527
3297
2907
5714
4438
292
2599
3474
675
2766
3987
2573
3312
2098
4897
4647
3913
1796
5836
3401
453
3352
1998
2123
1698
1441
1563
4763
6024
114
1187
2536
2825
5639
2921
434
3719
2257
902
5748
4209
3752
4004
5342
4028
5417
390
137
5706
4156
5614
1243
2861
1451
1126
2799
3229
3664
2732
4095
4819
5531
3456
4231
2685
4245
4112
4685
3576
538
3961
1447
5034
493
3698
4822
2207
3613
5999
1674
4749
3710
4436
336
744
2910
2051
3515
2540
2288
3462
230
2346
5010
2489
4973
1036
4207
1522
276
4692
1712
4830
3471
4749
5854
4516
2042
3795
3355
1978
4699
3239
2661
2013
5974
2201
1894
1492
2226
1061
5057
1115
4719
2155
4668
2289
193
2410
4853
2312
123
5623
5758
1496
135
417
2561
445
2833
2378
3433
2178
4972
5323
5983
2968
5351
3799
570
976
3304
183
163
4282
5253
5755
5546
5037
2385
2852
4660
2855
1178
4635
2977
5976
716
5213
3774
989
986
3892
5820
4921
4522
5503
4447
1862
1136
4425
3163
2585
160
133
6091
916
4965
878
516
4336
3169
3588
1601
5330
1363
5687
3409
2988
2522
903
3873
478
2368
4337
4653
5651
5283
1191
3182
3445
716
3077
4839
5292
920
2931
5360
461
1181
1459
604
417
1714
866
2703
2160
133
3669
3068
5631
2663
2560
1535
2073
775
113
26
1643
5592
2930
72
3380
1070
1471
4856
1679
5011
2425
2783
2789
4436
5664
3157
4226
1700
45
2378
2165
79
5894
4509
2031
4932
1158
2632
5764
954
2159
1378
4026
2347
4778
938
593
2594
5763
5479
3437
4727
4924
4758
143
357
330
4894
391
279
45
3273
1888
1050
1408
453
386
4445
1572
4989
4502
141
1693
3517
3292
2910
1543
3152
2488
24
4512
2699
727
4624
5346
6156
358
4456
3397
3654
411
2267
1083
4202
2195
3941
1365
855
4407
5439
2957
4931
969
299
2429
2661
391
945
432
4830
1897
718
1234
294
4048
383
3429
2370
24
4559
3527
4360
3505
1402
5273
3502
4143
5523
1208
2274
2872
1388
2520
5398
1813
2697
3965
5983
3245
4158
22
5020
1042
327
2228
3336
2507
762
5212
5369
2199
3969
3589
106
1194
54
729
4558
4704
623
2018
1077
1159
1274
4293
1408
4019
2568
1179
6072
663
1275
912
5652
1460
3739
885
5342
5899
3848
3280
3848
3777
318
5496
3385
1521
2112
4385
-1
2601
1144
5981
5081
1807
3565
2773
589
546
1481
4340
1017
3181
5739
4633
870
5476
1958
4030
4063
2104
4794
920
5999
721
5544
4830
5577
3294
4127
2481
3610
5131
2633
4941
71
1328
1149
4087
2852
5054
5648
5447
1437
363
4996
3390
2118
1762
4485
2046
2616
4786
1989
2012
45
4917
4725
2813
2
4800
5432
2917
3343
61
190
5034
1521
3506
4330
3764
4312
3287
963
4804
3776
169
569
1488
6133
552
2766
5117
4990
5134
3954
19
5298
310
52
2662
8
636
1323
5473
2446
1774
1469
1032
1728
1796
8708
5792
1053
2442
657
2771
211
440
887
1684
3937
5689
2440
578
3611
2356
6057
4069
4637
2034
4206
184
5579
3610
3427
1079
1951
1728
599
4712
3075
2758
2381
393
1399
519
5900
192
1354
5191
5072
2639
1057
5790
5908
4366
4981
4998
3106
3984
4685
3531
2136
5760
591
1577
4181
3113
3404
4591
5689
4208
1925
3314
4600
3314
2704
1095
615
1967
2729
4482
1605
1172
2561
2876
5106
2797
3692
40
4148
2984
3791
1119
4608
5017
5807
1395
3999
2285
3941
3134
1796
3303
2379
3453
1211
4251
758
1964
1990
3846
5143
1872
4006
1552
1552
372
745
3462
2181
1971
3223
4427
5416
1089
2466
1601
610
396
432
3200
5910
5577
4169
1854
1221
3965
134
5832
2212
1521
4486
104
2501
5051
4786
6005
1665
962
1526
4039
917
748
6120
3025
2883
5054
5106
1045
4958
1617
958
1029
564
1752
4311
1226
2281
3791
218
4396
4390
220
5536
3186
5339
4000
2496
5086
820
2364
1994
595
1529
3735
4376
462
3175
2755
1820
4675
4004
258
121
5513
5201
1361
5750
3481
2229
4441
3438
1742
4771
1208
2828
5130
4414
4438
2522
25
3501
2814
802
3657
4612
5806
789
5546
927
476
3534
4520
3329
1897
2929
3438
355
4147
2814
2548
3891
1954
3161
3109
2234
5769
1133
4824
694
4208
5315
6005
566
3385
4066
4302
1110
2532
249
1963
1797
4988
3391
231
4035
934
3273
1716
3149
4401
2129
3939
941
3034
2669
762
1415
2864
5052
6064
750
5828
1996
2060
4108
746
4175
5284
5301
5126
5214
4601
2518
4840
3823
4819
5849
1089
799
1003
867
3660
129
1120
4180
3460
2730
5570
175
3899
2629
3642
5462
4618
1768
6028
2788
1413
2421
311
2444
3106
716
4759
1661
4028
4363
2669
994
801
2494
365
5470
2582
2959
6026
3508
566
2079
4880
3447
2650
3762
2998
4337
2656
5688
2371
5961
3719
3441
4558
4489
3588
160
1647
2611
3567
1429
1703
5882
2981
1007
5849
1968
4518
3514
3832
5171
3434
125
1540
907
3454
262
757
1543
4953
3085
4869
2202
1340
5381
2675
2257
3055
1182
237
4482
3062
622
1086
280
2957
2597
376
1548
330
4179
916
5014
2886
1906
1165
3209
3326
1290
2952
4342
5072
4204
5198
4883
245
3011
4963
2311
411
5961
4954
2123
1462
315
4376
4884
2801
4112
2787
4868
671
3427
6083
4626
1395
3711
3113
5520
877
4655
5792
247
1254
1902
699
465
3489
5925
19
412
4955
6187
2390
264
2194
754
2898
2972
5171
3548
5464
1878
1556
5424
4691
2863
4796
3554
1751
1545
4697
571
5442
2988
1409
896
5474
4846
4483
2175
3566
636
1398
1651
4131
2258
2798
2642
1698
4188
4676
3990
198
1511
5137
5209
2891
720
4424
3864
5784
1694
5108
3692
1410
526
3950
5800
237
4774
5472
3162
2638
4507
4292
561
4882
4117
2950
5253
4728
2674
3990
63
937
5601
5902
4325
1742
2351
1708
993
1631
5015
2537
1672
5328
5876
3492
2907
6046
4340
3222
4501
5697
1347
808
5472
1283
1975
762
880
5342
2759
5391
2260
502
2327
5836
3617
3496
3889
5695
5233
5405
953
2844
2323
2430
2530
502
269
3487
3800
2485
2051
1876
2048
1287
3380
2965
2296
628
4310
4764
2953
4402
4403
2110
2610
1439
3055
13
3229
1643
2624
5819
3477
3330
2426
5268
1401
3549
2302
612
4056
3125
4755
656
4197
5525
4919
2631
4664
564
2335
1526
1927
1612
1721
2127
6173
2198
731
5616
2868
936
4498
2734
2001
5930
4736
4850
5241
6217
2970
3601
414
928
1115
2638
614
6157
3079
4449
1677
788
5572
2560
4467
2456
4532
4254
2952
1192
3496
125
32
4559
940
851
1952
3165
3062
2950
5202
3414
329
2932
582
5814
1064
1228
4072
1584
230
696
425
2562
1275
3128
655
920
5667
149
6152
4294
3846
5545
3748
659
5267
6185
1579
540
4192
1906
4560
3458
4132
5014
509
284
5424
1477
1760
2222
1880
4578
303
4026
5983
4938
5188
1246
4715
4370
386
2515
5967
2404
4128
3700
5731
4847
2636
846
3830
5758
2090
2424
4986
3976
5616
693
4148
624
4227
2553
2996
404
3857
3012
2777
2830
4268
3051
2971
5383
4072
3792
5183
4369
496
1985
4845
662
5894
1647
712
1924
908
2276
2846
487
5622
5260
1683
3016
4130
582
5972
6059
2015
122
3582
2695
1860
1521
5690
4813
128
2842
2023
2388
498
2406
372
2561
2750
5268
843
1396
1054
5224
4039
2030
3106
2228
4711
3511
3576
4180
684
2678
1583
1379
1657
5690
5655
1328
350
3107
1850
1468
639
5035
3732
4453
1466
4444
3195
229
2362
4473
3286
3656
3824
6218
1300
190
5678
6251
5955
3813
1817
5180
2557
2627
6130
292
403
3390
585
3704
4987
2843
1326
1181
3783
398
4706
3153
1587
1435
3634
1299
1411
3937
5697
4008
3803
675
1665
3971
4276
2128
2262
100
3640
1055
3797
425
4427
205
3651
3137
1108
4825
2994
945
3138
3086
5057
3737
1336
5240
2507
5673
3975
4645
2555
1140
3730
937
3652
5911
5003
4176
2162
352
3120
5543
415
6276
1037
5896
3333
2142
3287
4343
711
5224
2318
2914
4610
2098
1960
4548
3469
2326
3779
5345
541
4482
5727
1242
77
1206
436
323
523
3707
4733
1008
5790
4736
1923
3853
5988
640
5464
872
4092
5868
4874
489
4301
5915
1953
4767
5936
5697
3488
4687
4711
6225
79
1355
527
4560
599
3307
41
541
416
1271
917
561
779
6046
3895
5212
4599
3811
4894
1696
1381
2125
1610
625
1751
3522
1675
4146
5863
4508
502
1027
1722
2392
519
43
873
5487
2548
3067
3044
2007
1389
2384
6068
6031
2648
981
3668
1247
2642
1600
39
5234
2691
4680
6153
1366
1857
1269
2582
5931
3209
2609
6176
1720
5067
819
2404
3917
3578
752
325
485
1694
3156
3768
715
1989
5447
204
5558
5807
4800
967
2637
3281
4505
3019
4006
5092
6185
5401
3487
1317
824
2730
2039
401
3239
2532
2281
4669
4969
4492
4329
987
3275
2487
605
124
5056
842
4989
5007
1410
4994
2152
676
2687
2950
333
2570
617
1151
5503
2097
3815
1291
4690
2739
1402
2446
2301
765
4340
5383
3517
2117
3634
1547
5045
5277
3998
1577
3907
1096
294
2362
4015
3408
3008
1135
2518
4322
583
4989
5439
38
2852
846
964
4073
853
5562
5956
218
2758
6062
1381
2273
3907
1511
3772
668
5339
2189
3570
2260
5096
4003
855
2494
2016
4932
4848
3916
2422
2035
1818
4985
3123
4569
1268
3741
6182
6207
5448
5288
954
3564
447
2867
595
810
776
2107
2521
5763
3924
1763
4321
1351
1132
1473
4944
5309
3839
233
5791
960
5308
1871
4002
4332
1127
4657
34
5143
2441
331
5601
2808
5900
3682
2922
2423
1853
1783
6004
290
1075
2193
838
1241
876
1236
4054
5947
3484
1451
3432
2510
5143
2478
2835
1746
155
6235
5595
2236
644
4358
5534
3583
2853
6113
2906
5380
4046
3873
4239
1831
2287
5733
4915
1441
4349
117
1918
3696
1514
2532
2163
1065
155
706
4049
2312
930
4839
1246
5611
3274
3414
1022
2019
1789
5674
417
3497
161
3852
4235
4698
3497
4252
131
4143
4363
201
27
2048
2822
2207
3316
5539
4278
4492
2701
3430
1810
292
4894
2651
4944
4360
2386
2039
1905
4552
1606
1150
3048
4147
3190
5544
6073
2998
775
4411
4868
4107
4715
2336
80
2728
4596
2705
3250
60
1048
3558
718
4916
1368
1583
4016
1171
1430
3422
1329
2922
1797
5850
59
1786
3036
4272
4234
3339
5171
5909
2521
6236
827
4118
705
1982
704
4196
6058
5851
5230
4793
3484
2245
4140
5378
253
1388
3462
19
843
2777
495
6132
5887
98
1814
5168
2384
674
263
4986
1497
623
1938
5838
2276
4466
2477
613
4607
4178
348
5286
2066
2563
6257
3
599
1977
3075
4012
4747
2458
1682
5562
248
4437
5950
1491
329
1372
1402
6048
1628
325
4406
1196
1031
3445
2796
1548
3925
512
4481
5494
337
1254
3219
2536
4843
2367
1108
5038
1974
2241
3285
4764
761
1003
5430
1554
4698
1973
522
2093
821
5112
2976
129
223
2117
1741
227
289
5709
2315
5899
3581
1833
1983
5813
3846
1434
2726
319
75
4797
1751
1601
1460
212
1854
653
2340
140
233
4375
4233
273
4153
1993
5693
5611
100
2311
1003
4071
2636
4284
5174
318
6141
5156
3374
3226
4113
2105
4433
4735
293
35
3151
2991
5073
982
1230
288
473
2706
4484
1536
4104
1380
714
2095
3943
1691
341
5926
4725
2432
5211
4759
573
748
1016
3751
40
357
4815
6064
3705
3982
1283
5936
3056
4280
6350
4930
3821
3522
988
124
1794
1829
83
2470
2848
1180
917
2835
2960
3432
4663
2474
1984
3177
3818
91
1037
110
2397
1656
4071
1334
4906
4121
3245
3949
4626
2352
3031
3925
6198
596
84
1512
598
2765
3403
5026
3585
2318
631
5828
4088
2333
205
251
2982
3644
3086
1988
2458
3236
5309
6083
4564
2067
904
682
243
3651
2364
641
3857
4624
656
2427
3270
2550
4070
5218
1371
442
1680
1333
4736
4804
5632
1842
2116
800
2141
5192
5437
2403
3273
5054
1475
6113
5946
3442
3105
3010
5109
781
1139
6202
267
5509
1046
2445
4561
3085
1917
707
514
5163
2021
4893
2993
3000
2275
5105
725
3033
1677
5662
2353
2571
1288
2217
3094
835
6029
5932
1720
218
1068
3058
4069
301
2337
4263
1517
603
5525
3223
4088
2554
1682
5508
2895
2512
2725
1036
5527
2679
2185
217
2195
5674
5477
5099
2369
806
96
2764
4956
4709
1523
162
2787
2058
2930
2582
3235
4376
6235
2222
5025
5002
5881
4094
4934
2867
2582
389
582
147
922
313
2031
4567
4123
6298
2411
4633
6028
3971
5799
1884
297
1041
1384
2367
1983
2330
2924
4405
6144
4019
2585
5363
733
726
2706
1808
767
1645
2179
5767
4602
4874
598
5503
4696
3610
1615
297
5512
2142
4747
2097
3045
3009
5077
315
3457
4145
2262
2742
6059
772
3858
3491
797
2105
3542
3050
2824
3005
1371
1204
479
2766
3128
2350
6397
2825
4906
6053
743
6300
3477
559
5525
3053
674
3998
636
1008
1858
2825
5766
653
2903
3371
1602
6194
370
214
2278
2100
5402
1491
44
950
4688
1785
938
685
4550
3027
5408
5568
36
988
3009
525
1002
3924
3416
4004
4716
4050
4032
3499
4302
5257
4866
3688
2830
880
6280
3348
5926
2808
1815
5772
1053
4569
5184
2919
5330
5678
2308
3586
1233
3905
1507
5512
715
2618
3602
422
2161
2213
2099
5350
4222
5554
1128
1936
3476
5445
2955
259
2101
2157
2458
6345
4974
4403
1152
4905
708
3910
4322
3751
290
4520
141
152
3696
3151
2659
766
394
1301
3726
1134
229
2710
4867
1110
274
5974
4784
5274
5572
4356
4084
4291
2154
1878
792
-1
4884
6245
1430
5049
330
2509
1601
3265
4584
6212
4226
3148
945
2996
5037
1181
340
31
907
5465
191
2015
1116
5401
3961
3624
3553
5617
1755
2592
4132
5509
3876
446
2278
1802
5872
1994
3937
827
4997
3788
4618
3255
4866
6082
3760
5474
3316
2004
2975
1906
1994
274
5965
3856
1158
1401
6327
3937
2274
121
141
5039
578
3180
1952
734
1611
3643
590
5148
2177
3866
770
571
4057
1555
2759
1595
2726
44
23
633
4208
4954
397
2605
1248
339
4473
4117
2992
735
542
2720
658
3978
1106
3677
2377
806
745
5057
2685
2270
2877
1070
757
5054
5960
5651
2345
337
250
4410
1733
890
4193
4304
6421
1724
2554
5074
1677
6120
2256
2315
519
3539
3260
2000
1337
1699
1964
3418
6300
2971
6379
4741
2997
3520
4130
850
32
1658
360
1569
1997
3658
5096
977
5292
2222
5518
270
3386
2887
3458
4572
851
1691
3316
5141
2345
1098
459
1498
2314
5584
27
238
1872
3808
793
1575
3239
3817
4896
1278
620
2482
2617
2639
3502
5071
1387
3118
3422
5020
48
2671
5398
79
5905
5934
5974
4886
4362
3522
2520
5854
3695
2855
1209
4326
3294
3363
2294
2149
60
287
6028
397
4126
5372
3136
5516
2487
5470
1685
3088
4617
2663
5404
1668
1135
5523
611
2894
5158
7323
4564
86
1648
5799
1568
4186
4181
391
1418
345
4314
3586
570
2036
4036
4571
1380
3089
518
166
4732
782
1457
4484
3368
1133
6012
1388
5763
1950
5155
3792
2815
4483
944
1940
1653
3225
388
427
6091
2152
1131
2033
3073
231
2006
2374
3029
3108
3187
6194
1404
3210
2813
1594
2211
5405
3291
536
2000
927
1423
1461
2339
3940
6121
6362
936
3356
1298
5479
1032
5713
3087
3597
1771
4394
807
3266
2656
2160
6013
1812
5552
2017
6064
2368
5082
2011
3004
5425
819
565
3177
6130
4576
6025
5051
3491
5729
4712
5622
1171
5503
1530
1323
5051
908
1414
5534
2293
4263
6134
2264
3738
5054
2900
1489
672
168
5755
894
2346
1257
981
4021
3782
84
2863
4003
613
1115
5589
3332
1382
81
29
1047
821
6173
4388
4061
3393
4599
4465
1402
6123
4938
1755
6089
2925
3542
1952
969
6303
1090
2294
5366
5515
1620
1590
4961
2696
756
2142
3806
3163
2548
9
6256
5694
487
4592
1207
4806
4648
5649
5134
301
2109
2666
5907
2760
546
6387
4515
4921
4319
4153
4190
5970
5120
4828
4087
6232
1131
800
4888
3166
3101
3079
4362
1901
2622
598
1314
571
1332
327
736
1572
5127
2729
2550
2713
1030
4589
4634
3469
6209
141
5188
5243
1973
4927
2895
3479
4642
6407
5894
4974
2974
1926
111
3141
3245
2547
5127
3772
2678
3280
4844
3925
4097
2482
1208
5133
1348
995
142
2459
3330
752
3351
3837
190
3457
3295
1069
3791
2861
1784
5601
425
286
575
3796
343
4384
1392
633
5710
1334
6196
3306
1491
2353
3288
3484
1731
129
1687
3982
818
4483
580
4524
5155
1939
3226
1696
3856
892
2474
261
5494
1199
1274
1145
1467
98
2215
3045
2104
91
3689
-1
1502
6387
2628
160
4651
4248
1248
6072
3525
3292
4819
293
5985
4505
1444
3293
3760
4638
5267
5811
3458
6225
6010
1372
6453
3921
19
6301
299
4538
3080
2148
3946
1615
6023
4065
5556
5155
3738
2051
3712
1912
3247
3225
1687
2021
4765
6165
1574
1116
6357
3391
5091
2757
5694
822
4917
619
809
4290
3050
3685
6408
1712
47
1025
3943
2572
1086
4791
2169
392
1751
301
926
4824
5870
1291
1649
3285
2536
2360
5005
4718
6146
3513
4687
3254
6164
6380
712
426
48
2344
1171
1645
2088
4952
1
4790
6026
6393
3638
1130
1858
6271
2719
42
1225
1273
761
3470
671
2472
5883
676
3396
4712
5199
3923
2896
3452
1939
6373
756
3593
2353
5812
1484
6356
4677
4196
536
2494
6012
5827
6312
1488
4735
6308
5224
2352
401
1136
1210
5027
5375
1285
5980
1260
5575
5876
1963
2057
5214
3120
2830
5509
4681
1355
4635
602
2571
4230
4620
146
3637
5968
4696
6259
105
3783
5802
5872
2607
4630
1153
4212
4115
4026
6068
37
2648
6141
4324
930
3305
471
968
4602
3653
403
3645
2333
1686
284
4652
845
3266
165
2561
5136
3679
2783
5090
114
122
1194
4272
4091
5639
2308
6347
196
2174
2789
3439
1481
4581
4031
2452
4524
5654
1991
1196
3685
6463
1850
1331
4488
3364
2760
1332
1806
2410
6173
216
259
2277
3228
2465
5877
3307
453
6282
5181
3122
1617
2143
3371
1812
6155
3735
5073
2862
1957
3879
3298
690
6254
336
6400
4626
6246
5846
423
4816
6059
482
3975
4931
4883
3753
1912
1885
4688
3836
6337
1227
6045
1304
3146
3226
3667
6444
5188
4219
3477
1468
5545
5118
259
374
4111
5489
1036
6196
2609
330
5231
5043
1836
2719
5128
5382
5974
3634
668
439
2354
5445
3747
6267
4350
2226
2412
516
1095
747
293
2474
5131
2033
807
750
923
1786
4491
1442
3044
5231
122
969
3397
3629
5080
2175
2566
1212
6004
237
1198
6432
2343
1098
5085
1847
3754
852
17
1109
4696
3318
5197
2481
5908
3975
259
6090
2818
1029
4858
4799
4819
1417
1172
574
579
2676
4444
1496
1289
5382
2388
4386
3903
489
4473
3056
2815
4681
5416
1323
2702
4629
213
3553
185
1970
5502
670
4040
2786
4326
2017
1814
2320
4775
3089
4538
4447
5867
4554
5423
2294
2080
589
3770
4651
2970
4961
1944
4588
3452
954
2944
2549
1348
6369
2139
2217
2480
4022
1991
2823
3137
488
4887
1720
4679
4010
4717
3128
2521
5978
161
2568
1947
329
5630
4177
5054
25
5670
6031
348
3000
1262
1099
2959
550
5002
1182
204
3175
2448
3075
3384
3239
2610
5002
482
390
3729
3055
2284
1716
2688
5405
5346
1602
1605
178
2956
1706
1377
4198
3134
1253
724
846
5670
1168
3489
6288
3821
121
5546
3834
4495
1355
3252
2588
5220
340
4891
6068
46
2480
2747
718
2330
1126
5502
490
3796
2368
1097
3743
2180
5337
2540
4506
734
434
3289
785
3118
3278
219
1286
6438
992
6121
30
5003
3775
1585
4120
1885
371
6212
5287
1269
5135
2580
5364
3123
4082
5188
212
2314
5172
2641
4819
3630
329
5322
4931
4339
205
1359
4390
5042
71
6155
2920
3483
1736
2501
2668
1144
1398
6360
5977
5831
6363
5748
3211
2526
4552
4776
5518
4
4008
1190
559
246
346
2211
4447
3818
2919
3148
2161
6027
4655
4610
565
3279
536
5525
5833
1919
852
4214
6416
3391
4637
1126
5977
2328
1984
4731
1533
4578
1425
2987
4608
1445
1533
4782
2534
2211
5378
3741
193
4688
5002
3089
3589
2658
5198
1888
3704
5424
933
2631
563
2696
1912
96
642
293
2699
938
531
2961
526
1631
3853
52
2359
5929
2324
2399
349
753
2418
880
4344
1221
238
4
4747
2231
2633
857
397
38
4877
6360
2399
4868
4873
4674
5372
1963
2186
2154
302
446
449
1834
1299
628
2612
2883
4968
5293
5749
6284
1367
3667
3673
1789
6510
2264
4771
4447
508
605
4955
5046
2864
4534
3498
2478
5253
419
3802
790
2054
3869
1809
113
2835
985
2854
1839
4349
5443
1331
4136
4206
1893
2626
4924
522
1591
5322
4279
1640
5191
2150
5545
3335
1553
2369
2917
1
3155
5913
2107
540
456
571
4918
885
276
3695
1973
1481
341
1109
2639
4834
4495
758
902
3917
1393
1308
1373
5872
5356
2795
5477
4069
3094
181
1584
1208
5026
3470
6277
1018
2718
431
3228
3326
5161
319
1036
179
5811
363
5341
2713
4471
3885
3924
6130
59
2861
1309
368
5856
839
2683
6265
1266
385
2075
3929
4165
4086
1069
268
976
342
2379
1230
1960
1370
1021
4622
3307
388
3495
4775
4095
6000
1254
4208
1879
368
4028
3322
4594
4307
473
5082
425
5113
3991
1026
4125
3597
1837
1622
3578
1808
3608
925
3862
2769
4705
2948
5113
570
5546
1860
3518
3528
3552
1714
2155
158
3802
335
4008
3424
4589
1912
866
751
2456
2079
4211
439
2890
2588
576
1218
612
1193
2829
5039
1741
1294
4859
690
6455
1760
4944
379
5440
120
2224
5205
3299
360
2751
316
1686
3355
4890
5445
2057
2512
1764
4637
1294
2144
1806
4412
3484
682
3818
3262
3892
6267
1312
1612
5644
1537
1649
4670
619
2179
637
83
2595
3497
1034
1641
1126
4147
205
5019
3243
2799
1039
3448
2134
2713
2435
2490
5308
2237
8197
3308
5582
2629
1157
2671
1475
1631
4973
1414
255
1100
6121
3582
3871
4052
4135
111
4705
3904
1840
1660
1903
2896
1641
4053
2618
738
2288
1348
5565
3139
896
109
4448
2937
1153
2628
5498
4690
5896
5664
2817
5956
5887
3175
4619
4827
3609
6335
6175
4766
3641
1864
3431
4706
1737
3805
457
5710
19
3707
2730
4985
2710
5612
3733
1383
3367
217
2906
2175
5545
3648
211
702
4797
2199
1130
205
3588
3707
1552
791
3918
2549
2644
29
3673
5535
6363
4239
4628
2624
1627
2086
3174
290
3407
2803
3563
5710
5840
986
1013
2448
1050
2656
6408
2302
127
5935
1471
1693
1809
810
3551
4312
4167
5654
2718
2931
1611
3196
2977
2725
2324
5610
2855
1691
1440
4242
4280
2773
4813
2534
3026
5811
1413
4725
5729
3488
2223
279
250
903
3642
3079
2320
5163
642
1662
416
2489
665
153
1702
2855
2829
1218
4989
2060
208
6201
6469
2365
1033
1509
3322
1026
1676
4627
5028
1897
1716
1991
5287
1107
5075
6437
4240
6325
2145
115
480
2692
4172
746
93
5535
3171
968
3678
1950
3274
2994
4859
1599
3259
2071
4792
3905
5980
281
2134
2288
3653
6029
6463
1222
3862
5816
2076
904
2119
5627
2186
516
449
1301
4528
3577
3768
931
1218
1083
5555
5194
4341
1289
5537
1345
4313
503
1357
1313
86
3754
2865
1341
1693
1824
4592
6360
909
5135
5874
1505
1993
2971
1825
1607
3582
5604
5964
1384
6354
1157
5584
2241
4553
1331
3598
273
693
915
1154
4263
6089
3721
6087
3483
2455
452
1230
4415
3599
2293
2563
163
6169
1873
1770
992
3012
1033
3772
1686
125
378
153
2563
841
2715
5391
812
2909
6108
3351
2230
2162
3482
1227
5360
916
6324
1975
3514
6538
4916
725
6009
889
2376
3657
145
1465
5695
3495
6091
116
5431
4956
4554
4530
5411
1306
3415
653
5019
5764
880
2157
6171
4856
3375
2477
6230
1526
5332
546
3236
12
6365
450
2574
3014
263
3860
3328
2444
2281
1308
4647
2169
4998
4242
1248
6061
2251
3914
857
89
5170
3455
4576
6406
2444
6339
4003
1109
3213
1643
4242
6559
324
6281
3865
2089
1442
1908
4807
6114
2227
818
1908
2710
579
4594
2857
5293
4987
6074
1479
501
3859
5079
3304
4349
3280
3664
308
2746
6360
4635
4209
4595
1193
5640
127
1332
3229
334
1548
3407
5622
4099
2708
3541
1280
2071
6000
3424
4303
730
1296
276
1154
3945
4701
1703
474
5314
6228
4094
1092
5843
2404
962
199
3815
3093
4986
6085
3935
1228
5595
6457
2387
5141
467
1810
5167
4698
3914
3332
4276
5356
3464
3675
4312
1893
702
3832
397
1116
1050
1630
1901
1738
4277
4660
2670
510
3269
5521
4627
322
3000
5165
3871
1729
398
334
4267
3016
1969
2569
5
3123
2741
4314
5965
2257
4531
2054
1364
6205
623
1833
1338
358
2258
715
2991
972
747
2182
1893
2720
5884
1668
5628
956
3336
4364
2969
3344
5224
2115
31
648
5566
6530
3626
2323
1924
129
1333
426
1154
747
4206
3243
288
2409
1522
5691
821
3158
5071
1481
4028
2997
4952
1680
5775
722
5351
924
5277
1028
3183
4997
1200
940
4530
3018
401
2337
1524
1817
4651
5790
1487
4377
1160
4576
6053
596
2742
5161
3243
430
1282
4735
5257
3202
2874
3871
4750
5968
3141
5736
5996
6544
1212
2250
143
1695
5089
4960
424
916
4370
1843
4670
4406
3530
4010
6563
5315
3545
2335
1332
655
3616
4847
1472
2600
3046
170
3626
1289
207
5729
2353
152
127
2051
3538
4953
2045
126
2320
4180
491
3384
5126
1826
5541
2277
1732
536
3142
5373
1548
3509
10
3626
2261
3717
1474
733
726
6185
6387
2000
1805
4043
2714
2168
1262
2101
6568
3361
4972
5401
3158
499
2294
3138
847
1471
4344
5507
3936
5103
2038
519
1658
5161
657
3818
4799
5874
645
5437
1893
1154
1117
3663
443
874
5984
4576
5712
4671
5504
4088
4406
852
264
3131
2782
3333
4428
1141
4570
3928
2684
86
991
1360
5353
3250
1872
6517
2733
3332
1003
4736
2579
2642
5978
3998
6019
2815
1430
4352
3363
2638
90
3738
1744
977
5343
684
527
1347
792
2829
4463
3379
2295
2954
3103
2427
2547
1556
999
23
1144
346
4952
2982
1977
6487
3998
404
56
1215
4105
3500
4402
834
2924
1837
2486
1094
536
2426
5821
4954
2136
1121
330
4392
3707
2696
753
6146
2159
5956
2549
6476
872
4838
968
5515
6100
5205
2456
4604
6107
3877
3933
2416
2386
1520
6406
73
3336
4205
3057
5183
1583
5971
2996
6274
2161
197
3981
5170
4894
4387
2280
3920
5328
4948
4838
99
4125
1279
511
1905
664
3683
2279
5323
1845
1099
818
5779
4101
2109
82
3013
2410
824
239
5904
1850
1408
5076
923
3013
663
2701
1819
569
3956
3501
4252
496
4489
827
1468
3186
248
5475
56
1102
4432
4684
3824
3016
1098
4376
3700
3990
4703
3554
5581
694
1491
4979
4963
5782
392
969
3838
4137
537
1420
149
469
5908
5431
1446
737
5126
2342
4677
6050
2971
417
6391
6288
310
1263
3904
1758
5901
1489
4868
2932
3463
326
2211
2213
1764
4620
598
1974
1702
2093
2354
414
2304
622
4205
339
4177
6281
83
5748
373
95
1698
4313
4766
2503
378
87
1564
4288
4543
4009
1417
788
2224
4504
765
1917
931
5352
339
4634
4948
1649
1286
2804
457
1303
6471
5426
2233
920
1053
1712
100
76
4277
6104
2789
5612
1496
2076
6113
5972
6062
1658
2825
1359
3551
2832
2381
3646
3469
5959
4066
1475
1942
410
5163
1604
2468
1550
2670
5670
14
5014
1956
961
1562
2982
2624
3149
459
1587
6453
1558
1842
1331
5403
1473
5275
4161
4783
4716
5236
195
243
258
1952
2227
372
5883
4973
25
2450
1838
3870
5410
3753
6243
4324
49
2900
2121
4973
2729
2467
6507
938
1187
2561
4168
184
492
2912
2855
2414
3095
4053
5961
243
6487
1210
2527
654
491
4032
1289
2976
178
1640
1509
911
753
2424
4038
1588
2651
1573
3612
821
642
3962
1729
140
4816
1194
6246
5073
1675
506
6416
5926
1983
163
858
504
1833
1526
1397
6480
2845
3106
237
4782
5516
4006
1477
5294
5221
3280
2492
6021
3287
2161
2193
4641
2926
6385
2996
1978
6001
168
3140
3446
390
2626
637
2525
6388
111
5963
3008
5516
2437
6341
1201
699
397
621
983
6169
3577
1851
6085
2093
1130
2384
3577
420
2363
3837
371
3245
4130
3729
4354
681
4069
919
4985
6194
37
5566
4482
1
5171
882
2557
988
1195
1094
5458
512
3035
4699
2793
2444
4104
5979
848
616
693
1667
5098
4896
1284
871
3013
1823
215
2684
1792
2727
4873
1911
2358
5360
713
2236
