Dealing at time 0
chkmin 9, Switching: f2 belike: 0 0 0 0 0 0 0 0 0 0 0 0 0 0 0 
2 3 8 9 11 13 14 
f2 belike: 0 9 9 0 0 0 0 9 9 0 9 0 9 9 0 
Dealing at time 1
chkmin 2, Switching: f2 belike: 0 9 9 0 0 0 0 9 9 0 9 0 9 9 0 
1 4 5 6 7 10 12 15 
f2 belike: 2 2 2 2 2 2 2 2 2 2 2 2 2 2 2 
Dealing at time 2
chkmin 11, Switching: f2 belike: 5 8 11 14 17 20 23 26 29 32 35 38 41 44 47 

f2 belike: 5 8 11 11 11 11 11 11 11 11 11 11 11 11 11 
Dealing at time 3
Met query [4,6], with 3 +i ops, will move 0.
chkmin 6, Switching: f2 belike: 6 10 14 15 16 17 18 19 20 21 22 23 24 25 26 

f2 belike: 6 6 6 6 6 6 6 6 6 6 6 6 6 6 6 
Dealing at time 4
chkmin 9, Switching: f2 belike: 7 8 9 10 11 12 13 14 15 16 17 18 19 20 21 

f2 belike: 7 8 9 9 9 9 9 9 9 9 9 9 9 9 9 
Dealing at time 5
chkmin 11, Switching: f2 belike: 7 8 9 9 9 9 9 9 9 9 9 9 9 9 9 

f2 belike: 7 8 9 9 9 9 9 9 9 9 9 9 9 9 9 
Dealing at time 6
chkmin 11, Switching: f2 belike: 7 8 9 9 9 9 9 9 9 9 9 9 9 9 9 

f2 belike: 7 8 9 9 9 9 9 9 9 9 9 9 9 9 9 
Dealing at time 7
Met query [4,4], with 5 +i ops, will move 0.
Met query [2,13], with 5 +i ops, will move 0.
chkmin 0, Switching: f2 belike: 7 8 9 9 9 9 9 9 9 9 9 9 9 9 9 

f2 belike: 0 0 0 0 0 0 0 0 0 0 0 0 0 0 0 
