108622019
993994810
629101729
119685738
24582932
261643886
582720408
172388065
401390401
146656002
980240203
285312437
470226161
617082060
575584798
280572076
665583951
361839644
136809694
432053175
80550093
226791115
383056516
892000189
904173813
352143506
189399533
702346725
286110940
320319502
265518525
359196267
271002052
297533968
113740704
393393312
732054314
227048255
675262986
646309009
967595561
310607389
994485751
910731970
911802190
612192519
284541630
464388988
426718958
79887508
83747506
367741497
824794138
98361606
579081424
17444645
845067706
753629328
620502923
558912971
174731475
614462319
61389550
781448119
519081842
804943780
52673442
626397140
534446609
156075919
813430864
150277581
563168326
436463438
764908670
904739533
208937828
899348373
535869947
737953742
8
965923687
305347940
803336007
529903530
805128044
355983009
705409013
297914248
114168699
919187122
421595460
426105566
843106420
477691952
556726594
493602014
38900607
973967525
686387926
