504048141
289701127
300207625
371085245
853933400
962759287
422188971
402311704
601118457
938014513
657032331
504917283
824763115
293875280
337720483
703977496
273316218
262086358
625794851
392581561
350483921
417145698
568616024
394810232
289060200
763258693
333814958
344798816
153851334
933866282
734005348
117164099
935146705
399682677
624291156
167335969
548000989
217974296
72538519
442435823
846752683
568352715
945593797
529506393
478249584
583224879
67707022
605500774
417248335
653556050
308113887
494162199
713194227
515601878
410731470
374924619
186470132
647351105
670853648
148769719
125132549
164830465
852235337
986987756
717506783
145727979
41701683
87009838
810390617
83473042
111574923
486685588
385932385
570173270
149972473
437132622
866183110
647406204
718722250
55197109
963769522
548949917
662326368
719729948
341456114
115507737
223999179
613224795
947668664
650266779
281129111
53705000
81567219
530774932
149289066
841092464
327283917
529516443
100086197
684712052
