132238408864777
34161328736331
182082320233263
112361883418822
237926517853823
127535281691540
232564506160147
5573034106085
259903477957892
13393660996638
94682628640974
78503958756497
57860995907191
109854046767547
154570358134928
288482060732414
44040839553501
162895987484294
245787871190130
2179311659352
189618265575838
47878963443367
109710924245366
281294358527013
276792240182658
120300154439031
43837931668982
38296364096420
30533251236568
162105458020479
194329399371567
40610097084314
116215600536810
287913056042707
259849015672088
169060320450602
64789359601868
101012919936451
185185972688271
210932410661592
279037307038756
186851025370042
190335027286513
252758280401182
216614907184891
137271433628319
206697908027860
250201907937632
45303147515561
109016825292500
93179819780007
241557478470072
27852341699334
263509732196581
238650715629592
227154302248962
224304341736479
14234973029575
86511295159350
152637653708015
169289111817977
111085695770190
175780897121635
38706986301078
211589572423171
49594439068194
18848681968651
21143489136155
245168985920450
173346918341250
134875568963062
112655951655370
84820126727156
137901381023163
170568243328796
256381224877815
36847028681627
70813722617652
249832738450975
84519445596207
143942507398627
57897564528958
9790008350753
218836752571026
265065956300278
103636584168897
40603963069653
287609764933085
138040427631200
121091996186008
247149303682736
156713091274466
287842039339939
18567332212135
164242416611975
185648465522048
71022584331827
59938634190157
26312936254744
61854949148459
205858219998904
90310006159215
264756951230733
176834575010248
17237082109605
173797142131508
152911668239430
149548152313959
38492789265126
115521124428306
84151287711727
138418273374050
248512765144182
252567486623227
25181956014002
109404669675184
30796232180781
197311671664284
130186076960829
162456426428058
127744185762914
243277041674612
260016022203488
273985406712255
226099296814492
176773856940721
236269097188466
196142674134743
203971897209545
161225892915636
91640839518115
102112434804433
262829423834259
5494923126878
241305909350194
177364065530040
270006897355250
250241185729928
70595879867963
113542722051807
8578797922517
237852992022003
185785764092463
158874526668123
179000653058593
179435196361169
131888533347331
11078017673679
75305130143432
98439313848877
160912159401529
69684326433586
44060816994599
61232563995632
182695365107976
146220688477643
237322383569362
179311224244891
101960829024033
283051958438420
49306572985572
28010422269805
162352486192417
271507206352727
65114071222888
15881629214513
160351536183055
230783723694776
24030626385920
280474986889961
53762357520877
131892333955231
273122901008039
174210897530659
235949496778938
119956125282479
277314665056393
279553312294867
292621761598787
56842710528985
258438131917560
50155183909372
164886324509226
167547839580934
129517911765376
239510309111632
160480727763059
74709383810859
185888933022840
129247369387366
52753271497765
105694870950334
50901792233374
45311813730001
279636243649105
106556441378004
23033900191570
41252641572277
244112876540742
249382259927247
163844506687379
18451358724072
242283164089930
109091310079458
95238323841305
6706305942407
66883235613692
282065163474827
235114816056973
110626996227016
205516553582022
40891462743538
21957337188435
46023978896628
67716716041551
90018834324209
226139295918708
109802494339787
193818061981641
266079112170908
277391376035935
206981461407858
210951711605245
245444925030502
267256348116396
102186688471265
95680127527280
101371941053106
5576158218922
117076748284151
36921866237036
274569857309166
145765278830260
248519078002669
37720960236744
136848724424265
191743505555939
240611161989592
107077613749971
161956897156385
24754089048009
175594934079511
17674830294074
211446199979962
70237205197848
186669610304099
53709764356092
156094679894733
112134054675741
70803530384545
88883797560954
72278856716609
186154966469737
232431917307242
119321943115853
281539353065057
84554301570796
72919118521295
9789942348392
34816778319039
88159547547766
277694391934929
288783711426557
108097429777727
278882421690438
51686390905109
275874908456080
100247772715966
19354736386259
82794593495325
47188533582693
211886467597952
180256510479587
188597082591423
208815706454558
206647540574283
284536768581083
100056892788018
240007466119933
57313412725953
145075347885041
124975362787898
148756582349426
201207517055662
206661799742903
280929716304604
280609326856819
151753707938319
19364205498561
109225906458224
201750730635414
29288648320172
257149168010340
121580802212876
182353235859471
73387987305719
163787962515101
287056934486342
40569061451859
59566449105841
34762936559564
147673008064607
266943903936013
175004640863564
49091885219983
175427668942998
185129686500596
94686567465060
46277031069710
64884991606239
17353065472937
206117550854019
130248924522275
120251449596233
214234699035902
147577448504191
171187159718539
159624888207314
55173139161995
159948843706200
229981332392285
255109464228025
225509792994956
206328568689939
260939808033125
103655472648078
192169298507928
271948346900688
234410199233360
12795210332659
199347446592437
21001266222599
65707491502191
175859949591084
224302660287552
100176945499343
71960827455872
26971733331147
97553336347734
234841466704608
136135159581655
217875707476823
87825755056062
166608688546693
234340104903445
181080224507766
271215085078124
20262109726086
264937407985669
134885179797546
77742815068373
192227704458848
174096923657675
82885666097164
231574834661662
135864933324389
237274780749350
156221582843264
262594385158478
195093234308663
114486596114644
129279864291742
144947660293787
291611044432549
49443574168043
105356911387218
171234827835529
149152800208785
17550338864295
278349306262056
218877193150983
285379197605524
8295557703968
206731764462182
79188110761278
92511176629401
29998835361332
189254416854973
241850434413181
35394158546454
66922408277412
47890692791794
185289021314459
66228151872805
86840420173336
119063482872019
115229541242488
19327431267354
217951397684281
269697339969394
201906954487230
44678785827893
279611009778230
249115098556586
28655065122975
9904320007622
57321095173268
34292264646147
91722829314404
157857374338926
195499868026458
172034880565462
133436381672332
169592960771615
33091705171766
257435388074628
175646683208818
17126794403979
160308216638660
266288993684890
182758837637880
276732569034047
197761881123668
266787497684709
87351434215102
95602630180262
72610043554850
233439062286738
183071278599085
61336799574031
271252078003247
253437624307808
288723851840814
270831585495818
38889294737491
221269386830123
87541605679200
77839669868541
104226754767330
64178500634001
177990891330714
84506002790044
140845806121063
284687841710537
201646817614608
268764907510224
234488795470567
103471396917884
263013202796517
92730545935122
83751982566348
67430473621923
69367568455339
55218818128723
11989076088673
105264267457212
191903170609851
18249587649567
119141844985470
191644317454453
29183642289764
79060313419765
83790641370100
237538145243543
73876467063457
254134381039268
292778228199031
3354180907309
271970502141016
237488095858154
20622821771065
12759245864357
284093985644439
290202797984587
56265837747603
247470921671381
58470010890863
128044490572332
186982910285414
243781448274279
33060251566928
194597621298823
60711432843760
291922066975887
74724397637534
171717265542527
201767917682265
56052036412808
4791802777519
260123875342796
52656433920102
149875617202239
138231527852191
247893453391841
86454552763268
232402406408161
21620182065159
263376270928519
174403588969239
8978626188540
15278576755178
46424395285419
70161475472425
192857972571603
95587138971167
197710649279234
33750354485790
138065805454625
123765503838796
19910199980487
85469736802703
93734281290171
24465318372954
27661254608443
287054284219571
11854759363722
51133777689666
235135744676847
36167365168488
23270962125434
57325107784556
143698650333783
84644775111830
173832987238121
278217969774886
70628525935766
165877131554717
207389392575744
100038176564890
20687985525594
31802094318899
81929771453451
194221950690284
72366278541583
195436990229595
224502609245230
249428735621779
139825833666720
208571273767096
167071765883016
167384272022122
104002035600941
231932555897039
30897973238603
151796001416295
10119463333960
121765404946855
111561268060887
265198667025179
155472847864341
153395576608231
199396174215884
66870642686763
94850297746689
148011519611496
141415617057829
287419050494454
8557116192712
8828917332824
202249822154198
261773785075970
161587012473105
171010270129719
52599842437905
249073459655629
93349754666833
106319232454804
80245064150699
24892778986227
62062261385030
232414277289571
162897143447454
27673767848467
227534209775231
178729256192044
169372227652596
211226487278107
37093569458035
269709162374363
26364998902768
24217903486020
169300985976777
155098819780355
28580308345979
110090851968829
253981308036301
35755129866716
1008725529495
85591434331610
276067817281822
171433849700879
125249898464760
107022183131543
153603444956718
242647778698828
186256328092015
237341698656782
125492081797230
189048918578377
83713292716229
132644663543465
138951800601905
3302158809996
117424752565465
228998158851834
126750524664375
279480494264552
79637460729633
87051256364497
271037959571126
238344730022876
255533723026626
17320328311829
127343031151815
100388356907859
168866366343589
125926289319936
222500825132082
272345378675267
3607567062373
155898821960552
36125856401295
13730029713827
203080388798005
229953387927634
216133167705974
52920301385811
222977441510675
115414162814731
173546780752846
258146836063736
235788012820954
225431090667404
226863670902665
39414992415079
105697741766170
69995700769642
175681814519037
57727908679858
191487655119577
84148289696251
38922781537743
212080093852747
171711615612802
242645557952367
85746443598708
147154215499441
245936416333161
261639467716531
1887945678918
245538872311078
172653573830731
75404270857055
111306072239295
212464833911295
166973415847026
178552692992688
207872471561222
87378937079050
72072855850125
260002752297180
213675629970209
231754006659669
176912000555106
95908791122330
6620682483271
164182993136129
94908542796846
258122211349899
92885698964469
156813073227609
185927011131271
147895110983861
272786350587075
126416683170966
49159297744740
255368583835402
215382451116636
268415401095966
159128025113818
228617070837842
112285721249538
168518938943858
36962213053614
269364249105782
6552437675936
63282882871970
231814133988699
91079197417645
199864782336502
182571132004223
247788198095962
54905828526796
12058317509219
62131200318353
291542106805181
175706619965950
281492248613169
217335205579378
18472820985189
233841210621644
81528232550114
188816482875579
103045253489996
15300311432753
88150116435916
159344009036638
65351857996936
162642498433427
94885317307032
258119750099476
214413542715739
61889148344205
239417560826567
96883515408071
264827291366861
216208337189715
9342898852337
96269633087223
252155548586425
208972410386507
45359355635663
205867828938416
39065795188854
69667925467906
52863203670662
281910784959206
281724993543885
292231493877728
149620817146728
10627652618001
77417975129306
26813619814542
37080503651783
147430604617806
138068569362498
28922487972749
206424160570726
115912509660663
28042178222400
69332594228228
41023527281695
91160184809801
197886561343974
201679594782661
131712257808123
220883259712929
272677888575231
35199150998358
69140083401829
75712852188809
111383079556882
120401929794136
166841050722904
110012685528433
22798084893415
129922036559405
178029258873546
128764244639663
78646991541332
143773526402107
6538517149161
47244378835510
29340615878786
85361516448642
181432471703857
156248225810565
97591229574281
41081471262548
76245658667854
11014336451056
260699220543735
243943759526582
2166407468084
3995844439727
169860979144080
118661264696746
9740225859240
7837950688090
161988179864249
286018697600038
73266206549600
285950512716275
115256752025914
221660203718718
27218557178516
69816359003248
202761114820178
279596890175962
249537162080748
92888845519940
208586516936733
26509357090634
38710588419326
65416400325194
74092973339499
45452454632027
39151715080814
109875387011339
290391310344487
242188757935898
62425094534996
10878137822914
36538734553348
40012871957296
9414726068188
121495947711115
1394404809708
237211424911746
104891029430779
159373361928534
217144848870102
16518809802439
44098541338827
138047996283040
212869110267967
139390072114889
151547845266487
101630694926186
283046949627437
99979611177708
132454141661467
278663960785222
124082232952173
142107582090054
170182446951481
59876499798801
170556784641554
242912397938062
38679704415863
138323236107984
177859930107350
38454962732518
284787791688673
265449950270481
136689847048899
178355436557436
46788686161246
173914686794213
14610273867514
185241376760545
36780407043984
37569210437961
20003099249010
9448921859173
156040464016035
124593199225534
120850075045408
264498121889876
113462515570520
162112355963780
192364398484856
167623679714269
15328967704245
221720993022685
65360104995381
136605769894080
13958897265590
191494661576881
245189779454250
145123081769633
220537470931079
49756777441788
101765212305494
85743347361226
70938473409002
291890331881212
30742613145574
50612572288774
244267691161508
101251359208508
9447701082331
289969845460483
185337158425101
80852714767506
46375330579925
191150684518583
115037929641281
254103755920140
278719489934402
236628200897449
245162695380725
156319872043462
257375297316676
147009262288001
169439951720410
288753777175221
66877370625489
5348499440603
247766036648672
208564895194230
288375037861539
55087172981655
15438109685348
197774815874782
216379451124466
222286839613586
128678814131179
105895514206054
124251840271045
188765967827445
146773288522637
91993628561892
65039793206684
14518607660596
127179301293188
117415208685848
63272377045492
32422695266998
117680857753015
209436723891181
89539755049359
212436616018062
60031414998101
59205758010197
91631175086319
200595560192951
287775895409471
159496477418802
27269115927607
59189314185960
52501657298478
106733254026230
197313485286495
81073308343714
237853369335468
221131395815183
211153663902683
161425212253455
254808035481623
82453036560396
72381222978059
180490494529908
48678365805415
10165149441553
244362489794519
237876439482794
95297698488162
97115093505573
259315180475402
128399597145077
110253877213030
77775031020230
144884304937404
25566003709553
50253363653575
211904103734156
284810237954854
136247290353891
173024963636124
202529404807895
261176303681483
283280851912506
269353835935280
82403847621521
87300525600580
288868247435659
25549282500479
242299144819205
33864370532483
74071588224832
166122501469192
45078742255712
190424517918550
264772946247600
141147558313415
69651359451356
182143541832592
117152975162035
155893127770786
93707277545596
33000769349233
190494029624861
82021175496374
69738667217371
61095472211657
24703326726414
223328897157549
103525303275089
239152326753908
66584324364079
28528352862418
7876949995765
248536352138378
92436046768821
140849731337959
187496385010529
5834840866210
248321266774314
9667158373070
81231126835417
229758599901951
48267592718065
261987115443879
91799544210788
100744763119839
110463802573567
178898516178269
127808303677623
97202236679814
134514053687559
241683466188309
271484619557806
15076648011129
131920056404031
45446342335142
103473457579290
37027376043351
141362392991799
265259234711277
251951128956772
46046686098052
218859200929411
131848838511178
78763521722791
4295740826912
214510584937957
286483159479111
217758893969046
277215639915788
243484471634805
287357752684773
263763659977988
21192307554445
99919199124306
188071041758894
175360611107328
263330837601224
34539957987045
221438169922849
94531137046310
44056759922108
69135678624067
26172659317227
160483941768278
221958320027592
199311616159973
224375085087374
30355407648979
167394564342651
201590671179456
92025763193145
58365433821614
196665890359837
157699700849919
113212444033378
283319554679084
265434533392730
19865536741792
8585681850404
161430277849637
90184561659786
105668442004725
158145276994159
285061784186227
102887002706522
141489017460138
101891393069320
232690016925708
4927329944466
129318153834586
219141713540679
119250111317629
82433655290436
235995121492743
102054913837533
169128657266294
51343881960846
191939736161858
241249745558833
228526898951359
288306545722674
196301027038120
131599600759502
271822595275984
118398355928010
94575193767223
161977515892798
197591258776424
231865337198506
114944311348727
214131393820886
210386461294159
196404067484112
5609960618555
89904142380082
262631761612071
127778272155732
13416844592248
30558975324406
158832247875793
129679365124986
110940181793004
138815752825599
206295758898002
14514596943401
239334700334458
181772888221309
258806323648416
166366958030092
201534722118969
267816749896808
155419136451353
213715296444993
257800492426562
45311715999840
49940103951283
276059435536660
93054642956530
13939062739592
115283149953430
93815763143857
100965489196919
226613225789532
242045086073550
160703691927186
54171767945031
76002042755286
127124555567477
119542820083365
103773801867129
125089329272699
208622785730484
217551942081148
59166953653884
59655950965691
117328409459357
203508972840667
113132106043823
153142849481312
269806821265899
115271035917302
179111122103394
228974995371663
183617201389199
291050074264908
272767067735993
163885633765386
22005339833169
140882291443685
109883000991864
195917337375868
74414195143403
166973891844308
250652474868115
220603266996174
196520160828189
196123143996837
135064317992937
114255459499039
193333670906048
283815240429744
92350802213024
155092034845475
265450374452788
190377637194448
256840099505504
201412977635994
31112901308528
28688284331085
205827886275700
43761041478833
26890296311885
174810129220642
73630949127237
200639769718825
241774844350854
256554963327990
140652810384811
179265360807331
16845119390330
267936863351775
170333952181963
220990368307434
73258031953375
190777464723885
119441065485871
48900346471687
204777580209802
284288042846032
31999482974161
111232245113518
214091193400962
206301187948977
17661170488288
283129037258717
161924041458591
35274133749871
129508953138203
128029187665945
210239810342410
188547495109464
157022449909798
212384990681827
189846361376011
55491142730046
151007491076707
258002807400924
283281517385076
44878080209309
219777455702213
278055021974718
242224538316491
20324712321042
201324199022143
268734250555541
54571260693632
259547773256449
24734462887765
84911351654104
164971284462130
111825312542631
253788471119455
223376084297271
259972435020910
12237546979204
92561039071428
292792952212293
83106193933711
184532112100587
279808569106501
253966728618841
172262865146979
130877205551865
169259667382258
275678872833376
42952258761409
23270684448766
19909139866268
115241736203754
159019870126773
71974486925950
263024692238983
144504475836313
176219717953259
177789010382771
269099117067412
20758914455389
202532722056157
69377520837765
190026356768237
122606186202135
196559919691429
65415047149531
34063839903927
113392285593542
91790608639515
284070650486920
175384926180895
46395288781572
206172779528776
274367596373500
133349012821912
69596676855457
35379335190297
194368931041257
44723150284846
80718418717380
31438552329040
40490175863860
229397411277006
14171346158177
212709826836059
45677092187622
12688975037112
205227686906863
229305945186703
54318888635163
74192888982286
75804776964972
126895512285656
267042634186316
222707246376685
198961969089921
189783244040456
116942420085420
265539725472548
200254511799702
197428375153042
32953495283605
172520043898296
181200527280087
171437076647997
50411714119255
276693716200165
194160259901797
220665389655552
185123472641320
115765002149375
26666429849599
258956566709418
195775178538068
197295893292377
250311963237013
282577048543388
106989735749780
280925844465369
124727686862561
87679361747223
274644031186794
12830310603628
234081060687016
156107165268187
204835102272376
176805530430182
276678647426640
78309833799596
86809874251585
13866527009962
231793292179967
178876650133483
80167027736978
147789978605902
140496575836143
113396004493177
62235107830816
75594990837557
148297774456391
203226332339965
51220265367799
171948933353516
225842992998154
124814601367741
235034850331093
66343949966651
107659015450993
288336910982641
177347042072080
25588305697690
127517406677025
125497813487047
173889184654633
152480051387771
94316773580694
55656639831895
55637508523626
226318196673048
19388503636429
291604110062121
189717184689653
55010089224159
264688642084129
80818346478380
272898402375575
9712840189634
238355036662683
112833885758925
58087873085319
245001768747982
122024562282252
173272825933200
7711609372921
24101819393861
200562860662584
129132955114524
140475042453023
42855270249670
217289791046621
67590099500907
208126068367689
82587744253675
260088441154056
26592227243343
265177425399021
106030826312789
252533490281216
249016206818491
211528195377962
206298920215186
280818654577422
131999700226799
184655400868899
98922106777292
206203921779512
220341037931644
19577924769394
202081644542507
238877360156063
128414824904878
221086080444237
259019464031808
2711261828056
46695567495081
120258438224985
147487850901786
278348489122607
240257768177714
251284564433464
211054768434290
291563100141253
14282297145848
222553048642659
130825345135492
169761134437905
286429486420458
279717758828484
203879523824834
81513871911753
75594694903025
145659452717966
238516713420681
196034075969247
169227608932549
90819295233327
191847032027271
171590184015962
20204815171162
288118281589795
103882420829527
260149723778602
35480985822783
235940831564270
185241852530669
110985527678353
189877970692774
47509631249332
2390231789072
192574600677758
197060422142815
253180778478038
269988577047874
281931747167989
175823628762693
79240858680662
189137756856153
244867960474247
48500035086613
76552733701246
217956822218394
26439065974889
228019178505965
235598681700790
34311439431273
120131286126131
181738514821738
157398502639038
82764325290067
121685019943896
152627544827477
80202281935104
154911153102408
11877512920677
230233508704547
137446899072913
104740217266629
251835532375625
118445448262618
118610352521995
64023133175003
13526223206588
25106330924494
152719307255091
274677447759835
181751845517675
169385561525836
62653053487365
69351332597570
103712088986554
72261928285954
288113544613540
292654742852269
264030029573474
36885006670869
88562347239897
190347814925158
111180287325228
65641488147472
147752392955920
31174454451555
44457197605677
209152177283157
227105805439570
282774229156507
90019676891185
14318396829420
160608355661121
183948105067230
237102943223602
14175336359054
135127044502097
174823649159195
129367526072777
106668931004965
23653783278123
207706763978800
229218697736739
71511974618076
141757391236014
144168415766750
245849280684620
289502205328505
158310636033809
74090698648592
271191776372162
190056678444839
17960556144265
260793616983249
262912100388564
51063651677238
153950007586305
186454091009672
200207228459081
52997967469036
281906979640508
9955860679206
179186892703631
175093124577067
280506323643783
118475332527872
180704409775201
94426658115166
133585564803060
142757622006691
41484261502910
162529179367944
273099106185927
45742466775201
142530806257335
105423413050156
64564003588832
195052443485187
43840833617732
47736954986264
225731694965530
3722259302155
111850428729246
219735013852646
43109667209953
178296464284108
146659553743540
65168642507455
172391236629005
153569615364624
216527567329355
6175327336317
231832727018231
189178350761416
227547987162345
249443397389169
28370747252946
106141135700551
272424072956950
34475083547859
20993532391461
205727369329406
187803390081692
245983872998238
272523097945231
241301687331168
29762140808879
242581694749130
235024041027194
127546109351043
138541676835200
179835077805610
111731983904441
268239673648843
49710742622154
140151535114168
27252581257748
48075861357607
104926773441204
224706213562477
190823686197712
173390893752856
254467483338524
154010332925004
195019339442530
58625586190042
63860146543712
245802443757722
136726844868661
124357289384747
214253164660901
227553382213609
267396312733022
273909974587289
235835793708317
232567780852057
91877140019295
208976496214936
179813583712497
113079849799464
130121420731002
186408468489346
211587021282876
248475647648276
139930188307238
103512705391363
190755683619154
278450389198710
66820395101274
245912886675545
108890287748187
35682359470377
70807499446234
130281450951629
247918708241093
269372965681462
93572884486139
224922636298140
91300344074602
221538297213081
80041807977032
228324931161146
205476051649816
17620331825644
145801432996034
277971098061196
254468048485438
209530888400675
59560653856678
277526129300592
196492575905722
272449602102742
94400486508108
142706381262313
118373562751415
223978635897796
229809880379864
24966191061705
7281756839623
180765772227269
58366327003975
143210576062294
247430333187128
46375729493792
66141938876430
47883349349914
92638717854931
43980779244156
34442570693803
210894451546738
134150694266204
58817373046334
136686230014407
212383433524181
65866952179720
208927989996575
249853872208037
52576197620365
146275254749460
9134795699172
272222597240828
59195926113174
180597255700346
45512596730516
81000356699630
167163908026883
67277341079539
178070276266759
224816134790876
249410188260881
207641152732936
91414076713261
3653393925922
131827050435448
287361934676718
207026090742526
198223896662736
227416572313258
182804429628400
142681869148135
205172419991682
143571343104714
57191849907574
201931097324163
131035807821889
182924574308012
259229384241146
82740986419403
140397355855488
249471577467004
165453778369456
187852764915670
98734694314020
100311146522068
30396949891457
162949299407399
205655575685659
251265019099631
203353831034237
87218853409916
103420549973082
208603707348797
95282973713420
278619898021774
115990984456474
81479480166065
58096158710425
105621956409366
44494072747995
25319542357771
27090972051607
239883802427385
86609674050008
15739613674551
32404977120384
230050096372611
171350531394437
206752039803048
168210505787316
188898659055804
202259225167433
291342179398437
23535217680513
115560997023115
266196788812631
4314564703273
253588993392061
253529487787212
61649029659463
217139431066307
47660552936603
188036679922425
138280750202582
260785374233038
90969798207342
46084702138983
70736662445315
141806930214780
158462752103822
157595266840546
144449227429292
219549479520483
170010811545049
36153467077311
270814517329867
55848038749090
21449493021016
78022640785227
41032659144943
38183576139886
93377443627147
28276740011421
134089837441316
64374723541030
42826452041888
38841821962040
55030823205078
174801095324358
104510501557789
134105396135475
230541741344199
220126498819409
155081881814889
234030348172936
13379829090182
30536867187671
254289921695301
27872804410527
252028578680913
160622849551886
254679340387513
34229085659959
137232483897912
219248539709232
168737337869310
34816959198607
124899331860766
267247814925563
288160422006124
230633723405231
34465076965905
279604579385270
49016886202701
182795264522117
35601572400731
250798459401959
34157702980628
171953476148769
151947777835260
53672964231328
53711202659425
62437282418209
201666895313492
21041463039408
79006168272040
205471235971501
248631659476758
261641179618435
167042901218513
73667848017019
253261105599638
32188484149846
201593147231261
260367965072229
34586657434614
61211993522994
267626336718472
277298301674010
32793751950862
105392160658172
148034127539058
53600362594906
8896138654108
44802736474399
28072822530920
49734093683604
279307473003576
283215324600285
236059250411748
89711550180045
205739324117584
37490270507765
251024663113473
182270421043416
12967534301302
98297902829803
168838521301672
237138551660923
158380680309438
177816286231932
61818785214883
21306963942156
72056032288029
248711795470164
28300842121293
514470737662
191145672047787
280431017376032
276390155572016
36581865691476
57843959956596
15821016832119
26111564079572
234081766328429
246532037474252
139272151770928
256902434773169
209108436742341
215676508017508
29966095443487
26033692664748
52597301600258
229005316957857
111978004836131
243260575730384
186635028808719
109124822850863
20409437043576
137480975657786
239744419724968
115515426823114
286233073269284
23396359110861
3753245578753
140132485939388
274001792902622
154548211298545
197567953956665
269372659189486
62529125671136
273444210533116
227763594184137
157553916716344
187880115168986
288171483836421
222566720458075
210558250312836
111249698971505
17648540234674
100282266811142
143501218183663
12681483596516
141590567506195
193131735603776
138559262754411
206862332114418
203970533687491
24464845467997
6849293319182
217315402875357
69145323933116
56278410035576
159227863828035
27490292467596
16166068087594
101974188868993
203205583593347
167218902057368
207309994833027
208491614193504
121510755431549
83903077332157
181011791841055
7597318804138
34696513625549
251806914565898
141513510722725
241089683435201
231265547706026
101163002957013
59371260035433
82554898601316
49709465275714
124764766588864
23246276188487
115899977622501
83943720266338
13528741802709
272374085174774
263396968449628
105312721548923
99196954594847
101669100984574
116703101769722
160862277641695
82380956250856
224135272306821
28736888687167
227109906440113
112835512148895
205012766283430
60516368529372
291199365043762
97354968507302
168827442588718
115173811616609
152611496237081
62359137546009
146643107414029
118555131852473
176498899975249
221214851100254
21900488838778
147666310656830
259366505182296
196361646293353
106854297884763
79174746041899
140564418577370
251661726868409
137246449771143
102801116603927
244121831353499
213475873394440
234483625911018
64536543901946
285713531480218
160987343848625
103336409808563
214064885602890
120419971763428
210708542299239
211372532704831
8623976934171
176709761241923
70524614017654
238321911483831
270664958175538
123750461919947
101438738234624
253232682757235
133508113094376
120969048507937
93842550070489
216121551940152
246596969759604
176627909577215
64396825388089
131902930205477
13091438344847
209817539755415
179246998997455
110749615439512
259090604151625
276526901376501
97862529878093
56307254814720
119818849011252
15945654513484
55464033200181
106489225131430
90865825992846
141704505518376
131536174227909
3629266680023
165302840357481
141348614865976
223799029215154
31113194795858
231776269811818
156588480626929
254554155529350
113581642236916
263194992295758
253584322640348
59111146030162
265828709837351
224206942206804
78481813395223
129889936615921
233672384504522
63697152236865
240960805621143
141294655323933
71492215271759
116495451765940
35862551336389
225131053011150
53620082927334
20576989530409
223023417975910
141949849905378
263158595788140
260272795492309
208060354442928
162188815282225
192706038304827
290468548596908
83462751730655
291110052280658
21929394027104
121127365601768
153661465131854
185271667654950
89864703809896
111271468849210
76310532966305
234531542706344
196372012892168
64125158525227
70966842742165
7528968312847
95320786118484
182083105108499
235568604499027
19617230299755
187091933831217
101128863297220
222507589514845
123483725464218
179240801296181
139127339749710
55506236330248
165997838040213
29771020411972
168482762629609
24397689013441
107130048493747
284037976173307
288576727772992
8861684059946
227471030449131
195296127227906
137726235009755
123368144387069
107914745108957
249814873271367
166425925261776
209321283962026
166286724572372
49207756901078
290088421496317
199984386034030
265867028554000
78732355956093
205206983147101
184033782568364
181310879856476
93389109512724
251974870743098
186083652355496
94146316955846
157689899345606
285645071284670
33414726220447
80163205069671
195517455880959
268924162930124
261171139564439
63990660773420
41559131943680
53959344090859
74138454542497
278312988902279
51070611898286
21007779522668
128605786408494
141602243043469
31173731894534
231774567526310
219324992187427
266598103459164
144402739861860
140298984624357
113656947437461
73709678840561
84061081949585
131241590834937
270005734832871
212926145519487
165666033931939
98045290766988
90645943062988
113040326881119
179258053039970
254616525415294
72973863287353
24426364184495
231258409067651
231202581854396
31930845337377
31989715339939
151407008368918
112464910636948
24054223265685
121547384775859
121448170680673
258426725421122
136201551776816
130810528509073
110072575262992
167433468568553
255213786949326
27320964115515
177744645006516
159043286339395
32879763299427
44605662619769
231218532911658
281970405022194
256281469025680
245327237839898
120284251208870
120311531019726
85016576078515
167156617175569
260320551624026
220520834265788
26039837212057
111433100641417
164643956895729
149554853462503
15109928631679
159229631854299
67750483229735
80169759699325
156482309059298
82868892459385
55934426055036
63787778994011
87877379005753
238075563219022
193741592910319
214678247438842
26414317364387
220466732970124
132466847954347
132006456987343
153274210181949
204569794495192
176608944932136
286281648607954
238940670399311
88948858183096
127882043353472
197065801318928
215261324085286
263887810687943
251838759624381
90020432990315
100959688123630
205860279920134
188749851753076
225561313507410
92843660124130
49611309391396
282429782710898
149743482562957
241791679379084
86390234315428
74093248234492
208079176123170
81219972828725
80486915472706
269952841745774
93635497584535
172356361204144
175563779586574
185171150913270
258552554318527
122997779315664
142944518877268
43221436090310
258193428807921
107218301412301
229124569659607
131150811512328
11738880363664
262820170004588
216996789229520
235474510377069
40971895851332
217090201782965
273116826585558
52125707067908
209800522867412
217169141780163
289025914235085
92033989435029
134591920549037
31921616960690
228038971351130
82172301982762
229318040665579
95552896414966
271522284606734
261534747341392
104747547658554
165517816293966
195800173634436
132780923205952
6981505555502
128464308514783
218416903529025
73414657888160
52858098772949
28673385998560
78308811980872
230996803270261
67015490579418
277350430300028
72354035421563
147203366930636
36587302598433
81008821057261
17728257946395
222285755065380
253918297485401
267803191478328
170152901398907
24378179580455
193920802746535
155859407226371
142521429330085
209784213002363
255503957455857
19059081662020
180923168746480
285301629729839
139777673850639
131095101520112
138313278238361
221814260111255
16616657037742
63037003333891
109270788004156
53259718700542
174518021819419
10502097532878
213828883156181
144346538412189
16056761084774
74286479585019
106168075519240
6166666808287
122349076799701
275545766740378
160073096607629
9027289468992
22130151638780
149637583003573
240511035288450
28618491401017
17481352723111
129131585598581
117947916350781
216479905539403
12145654600723
120726022662510
201010710801547
177488098314133
34063253230423
204872756193823
207363331525166
56668214815541
149715519012890
110814553651847
198841055865151
252687754862485
283869912463359
253168587719182
166204455240240
1160635530493
123563250026690
71116021689040
287591831885506
229910189652789
127966592220193
57426577293641
97372726810861
229528253877972
114933897803476
2090112120869
20860207529163
113677801679437
287912063821613
34555821434152
122697991898037
126312849200340
41846202002121
160066068690987
163991585760392
249555860010487
129379207511057
277755952201775
37097769839424
124389524551766
37755872622240
270307976418056
286130197838839
158919150248255
185696414225983
98128331055084
46374682657522
281461247568632
149621022949923
191520045194033
105692958212844
251483316380648
215100378929926
266909263235360
22968312056041
262182392774953
243974376533105
149244372827043
13459633055036
245925982021356
280985100958925
278179366263923
135553494529143
100404083055591
108349703822755
199321121333671
208321882697035
95177613232290
222970499674999
17069824009727
85446763702840
67167321326135
215023611901809
217619727332637
230416054167319
271532783688559
105163436851583
89894004947199
257962898677045
99220717210118
211172687772848
29446840563372
110175209563853
259784886594942
8801315196455
211590674827093
48523035810518
83473404100205
31746713686619
102928606674312
292817928292925
259502003852870
179967199776465
246776124364607
230944154556486
149183140396026
214522756786951
232312309502375
219990265362271
85415575886868
258422184102869
175144058535674
149610061191164
111912073589757
2295515520028
22397580377120
258173699516045
222814879674519
44011457455818
233134888518541
71696776549844
120993648126232
217263752008503
224637895461484
155707296925231
275333146566121
152428684956131
275308882420401
9150482733124
248072852614615
46117699748960
64116943183618
290797295079215
207451995258283
161391395980174
210322983313859
28212984016265
278865091342022
24509593565589
197036068425043
211809534706623
57495649618459
215794023027053
42341736754032
228872326755250
237703409410696
171162610351047
28578048684944
125674138576202
137675147607387
216449184997416
80967814321015
164956436822933
145812734948116
253516685800038
250131270972801
88332990727784
250603210770871
79856120688072
248891437641070
158212278512050
58927539210968
4704834424160
175436789537141
58656555684551
132865561644364
12565690603637
19984879677990
8560314046110
230177504966107
263289515617443
143853386128470
128408547205236
94742265689592
145274585495642
193531983299923
217145614731764
184726538815735
72036351605035
208981581376607
197018754468405
71878157101203
111737623573496
161817860285496
173318025497324
186461245060926
223815115567625
262841112269393
105343466600269
267995089689617
267991818130115
73331185765011
69882175779857
88499731179108
217670434617276
151012460763751
229700797439511
170559565517173
10567078580697
210138008182851
4544972184443
276456990373446
76967876570126
55587443125970
204242321956937
177542891136661
175734098103548
96495116620584
38291578173457
172234293093689
87254871431267
164809294094388
218509715068876
97053692210906
62814556039833
209883028099286
106817443283469
200071911644158
185596926353113
93463005142485
56255060206208
73978393712984
285815871303059
140244958048738
224971956699293
49068633264691
150749476979359
248770501785785
16333250283141
250919486270538
155574021973867
259663057894368
90595867861807
129845303552843
274737738892193
231533033972047
174293811148008
227979728638941
126127119670004
114925896194798
273808534256611
277443501367584
292776508946299
106964079698610
39390903248599
94718041468668
2139482134379
190241875089789
78519293130153
139318645888738
253561979598869
132138076367704
150267962832150
219736869294318
65674053355382
286898848576795
163618865725385
27314032214963
60634792592475
193709857815551
131573731431749
179906908821295
288969169685877
101786381668454
56204948177733
26444055663713
108855405680676
156982504805238
251924702265256
28320890441443
239528105134250
214915503792830
3183183264300
57847853166010
257349431859528
257828118775502
126752953886207
233944624105933
183362936704639
66805619866221
44488108732105
225393907768685
99460247483540
37791464527370
123489262177482
280318654078526
42787118287756
93179612584914
239567421040346
181243702934654
190548424699007
280321047045478
196737828631917
255704912813292
145503622837481
205750868722910
290735923805756
127240983543731
98663085389643
165418590825831
101949723957175
149160235543604
245966930263906
5398050096989
203329060227608
149048276380366
27396434395432
10348180679391
130660237426187
213693952763728
96127267145157
136461516421458
9065451553299
258071436724693
262533464156040
89198357474022
53134300029554
4049766245344
286733951582512
281098344125041
180845026206715
99702494559476
84496266759998
14767679315221
6437484776036
90352008847605
98051953515227
159036812090673
47201532886437
88629058348348
275289015964044
89560707411332
5882356946271
115775452290839
174658348919004
112902165256972
239137058847772
282979134477434
83908164937827
74511110064218
174377289139272
174313296432904
196769801343254
24805519766635
177346494877334
112062491415979
157943107070597
22645956435133
23865174512311
18592691216807
98751018601657
58821718814839
127955085263444
184403245815895
77854157268392
74085551240845
29138885098769
131323287495757
188141375888622
271558150469508
28454267679993
32181025373194
94104593917868
108807314546636
68973185691464
237438808904928
149147380586868
76222699827449
268009895148148
13970746711789
42081256647145
70309662137191
159555489672809
240602866615997
15300434928601
195951067937383
12075892969373
58151677868745
206880984532669
5649711338664
113569071863120
34010292670279
130373195360733
282647918402990
128714888689326
281999498950206
217370203911664
47379519051533
119480914164547
281298768395446
134588603792504
37303758527635
94878691850032
147507911232355
227496982973550
246748016394624
189812123032119
47275423879361
6519312175322
165922884013052
172525987888400
213624523611580
251502034814711
278811027170975
175389268863183
63582168702142
250027466651571
46741223985933
167932694367562
253806266504151
265988480973791
60739314841535
189714008877432
233848631288515
131179721187953
14800459252287
139026622807429
160903893161845
98898961401109
76616675048483
289842104908747
171005771497228
74535858852363
222766267451513
19433859834805
62111155457005
269827335069885
80576843292297
233584971804018
23723046328840
252782435706593
111792352036697
18672832520175
46477768933645
61648088846745
62118899365190
173563266750725
120867173452144
38194759922884
247379151140038
33129247986470
84974717577094
234627422319152
73034602189113
103210052275065
194015851239027
162002857290343
78927168535618
39042744422706
97352367252092
145982776753596
45059112912757
270903934473388
291700990514652
108001212052300
265699275566448
113676099789393
283389776996275
245064923732429
123181748452030
10960476609994
27566633897340
290346599350334
111819032312742
97547951174302
287707000635830
61922283491864
55137667675774
292559351985335
273631198643743
200621328817965
159793409745096
80789886123928
230094629387848
91768133847175
14144389939119
247485489789093
151418409400653
35365157630043
286536566844245
220910339284495
68720619730371
161242037728517
214515838249658
125870379779634
169188397680827
21632150554405
116232038852159
30738542353519
23833387667397
59343702524046
6522108227904
84546681053471
14407646073332
164108649317285
117136257462564
232992356642078
168807018484213
71191559050635
11206801585315
206458131416697
281768777773403
282449447205964
66899559456752
82209342634983
128404172258158
148112215143012
192195163930984
239578099176244
152479326280040
257530405733658
277623865758517
26860405384579
122167481914905
247944492027594
278334415456683
123526265481507
119136073639952
67808038930259
229947810419606
174273019897000
210253617415587
157479766730574
289165271589275
18111557652299
220310813908579
59983477799230
259035658370990
263486498502661
61084582908567
39996228678037
197074104644923
254865982054660
137002749646553
180911051770538
28031418668803
91903809399853
292390871250623
114149549640971
33418193506893
231298121147244
144317897526497
263549300188682
34742476295140
259228162249438
173120472015889
12693174538278
30986522937142
153546390837260
44941123354199
30573578746671
47631262677039
217635293760836
22486124484903
70885142988396
89892218270975
228299883225396
74682292554294
188365048944305
258905696365599
261878071663713
217672612729107
168074849512951
165077660080068
80787952888699
89444610947532
280509612906658
283169171830808
264470877583448
275036948443515
135997114503581
263488343984309
27894873960600
135679112193760
27293015300319
42336336012392
160762754886550
204817648580086
6346041655894
162066931802757
44511166828157
60051897212952
123086765658834
250813157202953
40900289583545
268488528362587
281349341174693
167021277687155
269165166485457
124424605740427
252541843439888
68955034531633
227324357883366
42865196138607
124482592345288
81552958915568
59939236409350
161320582338381
60712093300918
63331026128613
129521201243038
103930434501782
157153078024253
285329115783796
58322434112090
272164317441153
247142854299065
115325252284085
267691481924275
94913430519342
29888283969880
266669999833127
203615758056180
123060248689322
160203107654424
147337646290241
283781786039604
284303995236442
273428766374841
133204765665451
43543078864844
279118402936037
54723671057012
184282708608616
74153100145085
122358952381595
69880829992938
5660521469354
72958563257577
26277444262279
248570495833955
270783254115775
9769902525442
226927726215793
41878399150458
181186782297392
149862103651598
250035044837616
272273738392535
288348634549571
81374712802870
100337771521960
253048944663491
196128839067284
197176730999713
226066984784862
164090356705793
216804843128052
116940321467550
63349327543011
96528053105725
198324436672649
122594293097950
91359459064840
119888560682048
88278310970392
69893972650734
100303745372728
180436634298434
269786091818117
198112475987009
160986634867876
161734706702705
103934233664332
265368199522848
42080536451445
179019535513757
109191667883983
202930574980652
242046833622128
179080536629554
289313781197117
153073531631525
128024790550423
169755766952096
182127139191928
239405668185523
223387701229800
21566930817223
174562722932607
13546844914446
255886308266428
110465833667926
140332917733341
134552591707648
261967248159299
61341037784558
137480595494477
179429920370203
104991247706753
280921784980901
44640731823415
110199446327306
16944479409713
24249930354506
147423847766412
239702980700169
131184475842598
148525405528371
190174340275285
191031895702293
3218749336200
154232597715736
122337244387126
37353894307437
216265321412327
203712462479238
16226084994932
73275272643676
152706010469797
152117826772298
56603128485311
113126500517922
256838182318713
2595927732504
50228528876381
232470317777805
224490364652981
121923222434083
230483300080816
62469210072601
138588339143506
229425829336583
180494353985814
45960931809327
133328546135477
150274584090718
254200657987718
86541209284354
215625233161873
271465799019159
169707741791810
158985297077142
137713039505510
37328640345427
138993464086190
133574384849730
28098908536616
225841496540385
161861278110762
160177736680159
12863250398689
44110696809505
277840074435068
138619316202140
129634820474731
181138463848938
185074570750432
198808390753801
284315516367883
80488872456189
117071986741806
148832078891198
107373447723846
97303912191669
271657949665137
154706029973943
53569828130577
142358097826511
17985699699893
100627994540130
21958133559791
280854535810302
144108012696910
216205945948591
115255683565462
104150699008486
127093533507885
163338562214165
28700367659773
189055253979267
78741732380170
193269430653333
266237560555609
61636714298558
31647886895320
114129810161822
267929773421218
196383150488459
118312167038861
270924292594475
186048399145281
245453278523729
281678026605374
111134359854250
207315924425370
264996979589488
80651759098908
69690683420209
73520480666373
125259932489057
89705739112450
190544273889178
47711676303479
92755165569181
213838754383686
170331602422426
179803192664136
63204800355776
50421983359039
121243539864867
161287069131283
175371926450275
143200560861403
258609098111397
17665385427440
229905621045453
184956168861257
113014691108796
201333026571338
124411302690433
273341860364179
12136914172674
46858766974559
26359075758420
73763161901059
47805673331521
291653851056806
261576145412816
173682122708015
43663817510892
65782583299537
138815380496055
38153818521914
165844724564419
161973532735748
26092996123027
59827960290537
214655782196545
45747942699022
203604741545811
121393816459393
176302690197679
252884769607153
95531258190257
264579416121652
208997920124556
262757329712395
13168717072031
237354760990626
215786652516491
170356983424571
269690692370171
263283523770244
65356218842503
24672750563900
20956055233182
244037712521057
167052888865948
126799751895490
77924939471852
107825260527871
42769605590801
17683699989321
207727143359738
205020924552173
258891318575849
75452070453541
91337850973494
284830630144451
130234902626495
216320808144013
291249475741456
58518380250506
234111041202702
173493531023588
81324366611146
66624199174325
103364287116368
32392898155865
31897919304883
222563955369593
80138424555686
229767158299319
44951268632389
252855570493736
175084250645439
265046592843191
212499044840769
50959173432349
249489414594660
229315946179467
38593285735072
98819951714867
212889633401362
71168509177136
214730873377428
234008050631489
283994491821018
185767265331916
222568638321211
281016888045766
123808520393944
167611283265497
255451785693175
110440829379540
19757588776594
61461510552722
93839308284863
3434890270866
75491713372792
292735468394071
217234442103929
251910590290007
272412982034365
3259162750376
43474843774232
198680078907317
50319872407422
115770674901668
216107021762704
93561276123579
48567483520918
211069871214971
225585846296420
53877907765978
50052469976307
248070621133701
217079371404282
282949611082559
243031922034732
288660488014163
98564855313732
200311933903137
176596582748300
151579834814685
251739333638901
268748683818465
115411153911509
20321181917176
279599053958663
208571379953088
50865080420493
55405761084870
70064196466718
227807913186124
23249481214653
73884886327705
61479244604089
73819630033149
259878869681419
6961381326239
132170782859579
24131569775676
129062133408690
212362042308664
8940035752233
20192100416151
14465560035932
188972615918582
170223610330992
2700640473973
120413123438399
118288891467978
129199257731587
206545306010221
245469884050225
10478579104178
217677863972822
164772061845030
279649144657868
70097914505636
28645270682368
245746541797661
218744471323560
82338217137160
8346105139243
261528778559763
47051954045033
108234833187001
38601713658149
119237120237751
100213974223417
108529487350835
32952150387287
13283928288153
109188491369739
95120984881753
98406337968951
24725079932243
94051918510471
38821272721341
83336486813473
3995504290993
66258577548805
61714782808901
9847939533157
12226861952765
92609593759583
7358196603203
89442912726151
42336659833207
103594661365585
41731646958111
26096734894438
40553716151030
109916813358485
25757971560993
118721830942155
105260750438053
105522743788413
51346921010721
56870379506451
51835287255017
2557639914333
43183426605446
68969465140052
105481262580884
103725438500944
86822397734738
46110852465434
34887675205104
34975008189276
57350405193110
44593462964870
43225858838470
43852838863316
58502064801278
122029676684314
65595491832710
62525509857566
67670404975030
97481514898323
49672769789093
111704619781947
46690750096708
38645304731450
79267516530678
32950696565486
60364154232718
60472263908490
87027739449294
88210794228354
102573092959246
7466697053760
105147510041420
20086945944884
113668647260168
88607317387540
670776413860
95752895254534
23229709429780
97576992204720
89861343814606
110519201994390
53452465416435
73074866020213
103033494470649
50911460932291
56384194828305
19876561250813
12368944052319
62940936289225
56772990787577
115371592601623
19503072451186
65180428113498
116212596645660
38141519126708
84617020404172
116328018109300
109701221931172
17331285713732
31066763837652
53725029773678
77494382148138
97466372753138
77522723942486
101665008553644
106892024976780
120769530177472
110311746506354
105952630614356
32957876596746
40002064208732
3132771880990
2262588502366
94181341811672
69162353521236
41451576647554
36991387874864
15566988516390
34506154802276
111475319413244
101546949592364
82223668801046
110764290241930
15010255066756
15942675475676
101210191496300
106218093561802
53809267389904
11844878117812
41147206198544
108647920580834
22185881296706
46804791372830
2206594492446
13527174247000
44823730053404
104560647828694
86180386407228
117693860495030
88191542143328
930955485818
56786899208157
104378172275047
32509507522533
35225361719084
74273691662140
19547734607742
92433294801286
32455235265626
61299106404016
49789779905584
108086953940684
19563965361028
49645620323660
101871772868394
26854917241898
91054445869846
72870894000944
64334892922682
96253247855706
85081239470420
23426018689919
100007926229511
30144845016453
100691195621771
2300284273195
29623904061807
43395010192831
23619145101877
22752441392845
22560504830055
114436519291237
22994180269973
1358480861853
61278007610193
3538228733119
41695409350507
92591083443925
59499181199503
29489366702197
81404150793269
73264119600395
63812573390303
70840733721117
24101384048941
39219790064759
1916494570973
111215077426477
38275852110247
107023785687129
121512548340067
60882921038663
61315637779189
97421828773811
51729331950089
61108213447207
46157004142567
55893050486535
110464496059515
76884164607435
93419414454719
56229068899489
13715430125981
15645051474727
16307068515915
50762192703147
64658805761881
110401202450527
121780835627551
114600242702339
43597108981463
85226070848729
18138731885161
49619331930302
55486541884628
12793568841824
79668133292644
93160138306796
84728068548432
95559040937564
52736657969374
51685997029408
20207535076960
119962548026242
29815224454916
92348092308890
115288245460162
43626405487152
101031875948498
89330680478506
98048969014778
41738408766416
56978429916476
44173639673840
98480252334084
88835158697780
86188027335730
113015284654858
89917869972502
82763286948675
90397760829065
5431099104192
33037789259040
85562288139096
119168184542938
110370334308940
33677535014192
47408610574212
35912724500526
8273776264357
61202819616703
35445273403941
72679501621407
1134806257104
49857525580550
79026331022676
65891696673714
120411862911748
22027076181112
115284413881856
110401379489298
110879363337584
66499999458090
98998480906040
100084611322712
80590043880978
23772205605738
54125631385954
46923537629586
58527084962992
51517362789006
94158782843722
86957886730878
102643657672040
9829932783456
56209312268272
33736814068778
91241206791842
94449144415992
4064003233166
79702738730400
47361650951344
26926343290100
65294505730316
27708510465092
28701223712604
79793428380304
108832104750714
34462615151176
32414307256130
65045672940474
93954453824716
26501411322210
18027199954266
87116220433850
75736793440524
13371010376394
81628594180398
5735086146530
92529788011772
66342876487418
70718917223408
334264974731
112136077654584
88328384368032
35261457829350
80755967274658
102700212975210
39348193973764
88368706981916
99573233447062
60183805275206
114533148380340
85690811623764
41824644205390
47810775631210
120130215266926
83165063230008
88731690843800
51605353209092
16435292590308
68942869671022
103731701625430
63553523501710
40020466779108
54495527410972
73254144142644
36099879394918
41372719718046
98150613281360
3054823596828
56284133498610
82520812871864
82732821228886
9131865470570
75600666736598
17516498973004
41519797016666
13262957172258
10364369993498
44453876898336
59776508536846
6028171790980
71510791679820
121344051109704
56261806714802
50474754478886
25978596774672
108176652551376
95989112040661
76742985724993
95916617462729
10812489174347
115036181818621
90116115546331
118364347434473
98950487331367
60785720055109
103830094665885
29570944765565
57946030412739
23563921438589
28489540741767
737367467039
61283051210437
109857219259305
1494123993131
110046960629445
97827986095152
55011440451728
39968644177936
47448993491030
92621153175094
59137250781740
55155094467674
43094989688168
89212735213110
2956646425402
39345346109228
51460866806956
106790123236615
26907361565959
33139690576153
47012216689770
26124423497336
9189463229460
36979627159744
83983770894922
46226200955392
95041229438970
11448538969332
64942270426194
33932107186320
60106506904178
120432920556732
22206194638698
41531941596516
41289503424176
7496435700152
33758565059184
96088886232262
120333455860170
46768281802942
110768218034782
81266051550222
98921293802548
5960734821986
58599673205164
121439434350192
2377752461182
111499298053136
95932226445804
65174800211360
56290475462704
39196776399564
2632582602594
102378837192282
93420122023032
27238162226730
70251423409401
87446134947377
43156570583913
21890821238709
34186195135879
21887859768547
120404215081419
20848726170251
114622819406179
87234247555315
115432450363587
10965044203981
117902874380361
64728954699955
115461742088735
89413240353381
35877496050193
52775350681375
49119744284121
90378542373371
4663479487429
29280132990759
64471515049921
121208047773701
27035705062037
69921006696765
66030453914747
81436263808039
102737044043641
103484643845751
30023828699067
92749634318537
5816952690661
58545868762787
67890983508187
33331920450325
44858242063271
13823090284773
84572574823079
46450810914137
95246636911951
47838155862469
18983730505747
59767798972693
45899687491539
90912011819195
77695105912221
6125015736245
74928250958299
43328498674871
99573932641873
90946279682521
90529437138165
25134930029255
50774312644801
80877057897983
93259499503321
24261089756313
23771130672923
118962429613643
106985232845785
24712764727007
73212232653483
81376070451851
102962605338915
113922990089153
79714238370991
65517920683425
75623552341239
89963247225173
26355520979543
61812188995361
112761054220353
37706268709515
37750381181933
114387036887109
60664590748769
19231829518181
116726813998095
105356641522909
34563230722979
15049121134327
102199277015070
35246094586238
103347918480538
87497606371928
12484416991176
7517880149504
26393191234512
41221044230468
24043108348634
83909493654088
110655710671664
101215453901986
40775902516864
33645939685432
80597645900804
77168520543454
64474200554628
21545374430290
7826589026246
36564193354616
95035143711330
1437912245326
649997136492
4441526574412
26827121450742
19806180788580
97015724901344
28166060799370
84080897291850
19028711630324
92333345731316
116210025184712
24550162118486
88991400638494
3867747131448
26171214522604
77860672105052
15798016830642
21739884160474
66444966523758
5038175016242
95631073006830
112801961741774
98200965495532
112560571050820
96390753980140
19233082300142
92192319735464
58203318675702
32302560043030
84011958865118
107978250649462
96760045180796
62294211376296
69221745050322
39593615914892
26840422990448
100315211497414
4481274552948
121001456532366
27285514650006
32601342630056
1783958346734
105124470975822
89605214167146
41650978874448
8025329310546
72117181090166
44478326765574
39074289307510
56444215094402
9750963493588
117019543255204
44341547203970
100462917163842
67028039968360
85218505628482
95354310133154
88842493579058
113695852787708
107692255300912
75945681225892
77084445313879
87470143608025
4522126233313
109219875997599
30087947912711
7567008844573
121299294940631
49227532790929
25040391270473
77983607468569
43893612932587
118723419633831
84381923611389
14094585522295
83716955610279
62191872477383
39068611517605
101983302960565
28750379135665
34694338261833
98366133564557
49190335855673
50094876891687
28938203715951
36556226378103
69068072499907
43449241759005
105207617391707
44147951667489
12272840263773
98917703819989
104001544815075
87131181911961
87429364094007
3285779037665
97195906992021
57625288410443
2833633045843
82637159648825
93236066622809
15027398082135
117899452709867
41148784726857
17911916062337
82700898064235
103097170389615
55587150627991
90224342205931
22371572264849
102876631897581
37651629831693
16133055307995
56402811388703
66363614282815
23996220765975
27795352573159
111259618000793
26139593960119
80192460983281
62195788757091
39626035789791
89566306243132
97831095501550
64502652450052
107116190330784
61374583424348
14950700168696
101011404631954
105939025609828
77526766125800
78949940880690
53246003525482
78014503954336
25678061161983
81891620566349
7915204172189
45066786705051
66389836363255
34333523589077
99220223998083
47504479638251
53075679829199
82051977897553
10408261873491
83953240523697
121230404151891
34329147002315
60801356845989
13716547057637
58661833550877
114224918949565
76006808796377
6949666653550
24869544281720
93569686474696
103625405160904
83220939804160
109778552445692
14150018794538
43120696560778
71098744868274
35722367561178
20327465430976
106895000966492
27683011374134
100734119539988
91135179753034
30452576272346
117230414186596
112047888777850
5624900147878
51724227001752
43348730859326
87432229557037
24094179044433
79331726446183
46324853116599
77863933563403
26837443281657
68524578930445
108955185947814
80814629081210
2010591289850
75287070050860
41902688984558
79987983710442
36252819300120
67148558747266
103068624319874
5224058120186
90486313472754
2411579976298
72319009926614
88795463807032
40404406976678
61034823726012
110805638967614
26451789529770
21812263930278
117108254697346
120353852936992
6579398194862
21962786311266
18825008992786
109164168897024
82331520598820
91644516235296
12196961463508
119894631787500
8806430333130
110166840826634
68166349799846
28185491545474
79706314976586
93411421864254
8052366736376
14888871830060
73306531677824
97001208652450
63791775367296
80254532585224
76639320899166
27122601551182
51280329723214
11607072823700
112928656238094
3879113330418
85659088729862
103356966717524
118588936838696
99454809556496
2789017236182
20368484848238
35519553747470
7906490896600
67817822665000
67485669739686
1005267504656
71845763329692
32863659639148
9634761502970
5509787112062
66837698192736
40392136587294
40521417054162
53199828529461
75154303157939
65223611974113
85199426659513
64061948905953
108067191673817
83537808678441
53123090561931
121080255827571
36090199735735
85085189808295
6231895303877
104731224203233
59131233345819
63982230469645
23338396060323
46929214421293
8725326146427
