132
135
130
153
145
177
231
244
197
157
231
280
324
416
379
289
413
378
390
462
463
412
321
271
231
154
424
507
485
505
953
908
573
1012
908
1005
984
685
694
756
846
554
1016
943
14
423
384
278
408
850
577
739
386
458
562
752
635
603
565
586
662
607
841
206
105
253
701
291
111
1412
1442
1052
1750
1794
1892
1644
1608
2046
1987
1228
1319
1888
1893
1820
1835
1826
1776
1288
321
251
630
925
1002
686
648
741
4
1098
1178
1551
1193
1057
96
92
959
852
857
783
1369
1292
1441
1499
1480
1518
1352
711
1021
924
350
1927
1558
1464
1593
1934
138
403
185
45
772
908
243
1773
264
25
316
58
546
678
91
3539
2162
2159
2070
3613
3989
2506
2104
2209
2451
3992
2438
2061
2815
3313
3740
3375
2400
2855
2786
2685
2997
2312
554
500
83
655
1157
1367
1465
1197
1790
1296
1791
2848
2969
2701
3997
3617
2547
2377
2988
2834
3587
3073
3826
3470
3229
2478
2724
1123
617
414
175
222
3250
3554
2102
2378
3228
3544
2871
3694
3689
3041
1962
956
166
41
1960
719
1744
399
1259
1715
1045
1886
1307
1823
771
478
3076
1877
1062
1603
1716
1274
1786
1226
4050
934
135
233
48
64
73
1582
1509
1830
1554
162
2376
2785
2918
2829
2996
2752
2633
2903
2969
2829
2981
2711
2120
3514
3677
3084
3554
2572
3591
3868
2135
1821
3584
3190
3326
3131
3796
3827
3240
1539
2789
5012
6291
7638
6021
5534
5882
5159
5068
5479
5953
5414
5609
6701
6717
7858
6714
6748
7001
4876
6059
5308
6003
4943
5821
4928
5053
4331
4401
4208
5808
5634
7564
8041
7117
7391
6303
6666
6537
7673
7479
7325
8125
1692
394
1937
1875
988
1618
654
989
609
1703
1221
751
1854
2047
1195
2373
2581
2005
195
3369
2911
2258
2892
1029
834
7467
7831
7680
4437
4554
4314
5315
5389
8037
7431
6957
7216
6902
6744
8043
8018
7706
7767
7560
7779
7566
7531
5978
5603
2640
3353
3611
3794
4045
1109
930
418
1749
2040
536
622
1194
1304
345
7498
5037
4309
4370
4969
4462
4235
4316
4125
4507
7708
7355
4865
7532
7001
1441
1154
1369
1377
1143
1207
1141
2601
61
2707
3241
1779
3253
1034
3719
2932
483
1586
506
5157
5575
5906
5438
4419
6001
6983
6880
165
3025
3256
3753
1572
445
662
2247
3897
3594
1871
509
12
728
3427
3601
326
52
167
1805
920
2815
3482
3917
3984
7881
5783
6176
6900
4498
57
209
3603
2909
887
3897
2320
2867
5915
8002
2762
3224
3599
3071
881
426
450
2505
2216
2321
2746
3598
635
1523
5265
5896
5790
6084
1927
174
1953
1473
2632
3291
854
1326
3190
1426
2946
3508
6377
7441
346
1939
660
2946
1979
6241
6127
5203
5291
5961
4765
5114
4734
4071
943
6190
7976
4935
4693
7775
7024
3386
2785
2258
2585
2332
2053
2664
541
53
947
81
1567
368
1508
232
1951
1210
1015
3728
3949
3911
2138
690
374
935
4244
7869
5053
5476
5756
4950
4146
4252
6138
3394
16185
16056
14515
9291
8197
8458
8266
15472
9845
9874
11722
11335
10212
15367
15462
10020
9766
8517
8313
8470
9263
13528
13222
15851
14628
13779
14902
12960
13122
13033
15096
13527
15719
8683
9888
8718
9913
15104
15482
11507
9418
11857
9457
9756
14219
11009
13821
14141
12746
14400
14794
15955
952
758
215
5133
6871
7615
4474
4772
4464
6854
1070
3661
3031
1208
889
1603
2020
1409
3268
1313
113
4216
4464
5082
1714
7958
4241
7695
5835
7134
6812
4191
4350
6854
8068
5888
9163
8744
11272
14059
12922
12582
14955
12405
11178
9912
9319
9898
10591
9297
9695
10875
10441
8713
9116
10684
14776
10752
11069
11067
9483
10214
9670
10160
8611
7180
6446
7228
4729
6519
5884
4368
5435
6888
6972
6806
5013
7303
4566
4980
4742
4989
6000
4476
13800
14743
13255
10290
10205
8375
11075
11220
11991
11045
9282
15524
16207
15559
13810
11266
11857
11465
753
1223
5665
5658
6144
8034
5076
5033
7304
7950
6642
6873
407
1297
3457
2521
339
3334
50
3818
4292
3600
7268
6304
7933
7351
12660
12631
11113
9020
13735
13127
12134
10717
13875
10794
9278
14388
15162
14927
1130
1427
7139
7199
8065
947
6789
5590
1432
7536
6043
7089
862
13780
15471
12239
15036
14017
14140
13326
13379
13342
8546
12223
9071
8442
9390
7604
2051
3832
8025
6530
4806
5753
6094
5371
1178
1322
5228
2772
4272
4592
984
7857
10379
12641
12376
11023
10498
12383
15265
11020
8714
11875
10257
11033
11952
13910
13051
4499
4287
5329
2515
17
396
113
5247
6077
8005
5905
7474
5101
7870
10836
10160
11078
11555
10833
9186
9034
8306
6382
4570
5416
4185
5979
7729
7920
7756
2845
1562
2604
0
5134
83
5397
9450
9812
11418
9654
14040
14600
11019
9434
4500
7270
1798
6366
6568
909
2009
7141
6061
7010
5499
6775
5054
2734
1674
2678
2414
1481
8060
8014
2232
2946
4734
5897
3021
2404
10334
8921
10767
14696
12418
13861
13855
6995
6930
9666
11756
10091
12145
14885
13080
11075
13219
10664
10615
9499
13066
12784
9798
10729
8878
9229
8803
9041
9008
11877
8479
8421
11262
8153
6416
1212
6194
5850
5694
4127
3909
12347
12099
8609
8778
8542
8797
11175
11730
7996
7146
1523
2442
3838
16284
14093
12694
12494
12431
14187
11107
10175
12689
15420
15692
8886
10782
10701
10459
4651
7544
2987
3540
2302
2218
2160
6721
3873
11514
7426
5320
7550
5670
6383
1171
1339
7314
6424
202
16024
9138
10980
8317
10517
7783
6375
848
1084
124
3146
6497
7381
2500
7034
5485
4134
2403
8146
7287
3316
3836
7885
484
2451
3742
3016
2314
10044
11528
15444
15438
14553
13310
8638
12257
15978
13378
6623
2462
3473
1053
6123
330
3329
1847
3779
505
13140
7772
6027
1695
3641
8400
10565
9813
11367
13147
8588
10036
8348
9846
11576
11376
11053
15960
15143
9958
11881
15901
15767
16055
16307
665
144
7342
6546
454
167
6680
5995
1535
12827
8659
12228
13238
12508
14169
11513
10248
13230
16014
11854
11101
15760
13872
13680
14410
15049
8784
9869
13112
4016
6336
2270
4644
4176
3390
1580
15965
12217
10342
14581
15577
8548
8219
23381
16614
28866
28841
28818
17886
19635
24003
20785
26480
28179
26464
31403
30945
29917
28745
28746
28307
29245
20335
18488
20967
16647
20090
17885
18167
19978
22626
28895
31157
29940
30358
28541
26366
24174
19976
29626
32233
20432
17355
19486
16469
18742
19102
18999
30392
31200
28980
31593
24712
28599
24685
26322
26517
27264
27596
27111
21203
26698
28387
25998
31602
24783
25920
27762
26648
27295
27254
27183
27605
27027
16495
21694
23709
23591
20051
17007
19595
21043
12787
15122
13298
13430
12248
10517
533
9046
10555
10658
16105
13899
15218
13930
13052
14415
15018
11477
15763
11255
12777
7121
6969
5016
6260
333
1452
5666
1428
276
790
7222
4418
5382
9738
7210
2382
2180
7328
5973
1388
2240
7259
7877
6387
5829
2658
7156
12191
14666
15697
3634
8611
3289
16874
24366
25753
32449
26145
26275
29118
29750
24581
25160
31100
27036
22991
18245
17665
26601
21555
31174
29438
24777
25701
28611
27998
26279
26787
29161
28495
23025
28395
27439
23693
28577
26296
16820
12476
11300
12763
15749
12874
1757
12999
13362
10308
233
8056
2131
4367
12143
1330
2732
15099
8943
11698
7953
12336
16032
3414
3420
9750
8324
10413
2810
6110
9706
14620
9876
12440
9493
12160
10202
27766
28343
31594
26735
18468
23705
17079
22980
22127
17513
23837
24572
21629
22133
24324
23479
19330
22210
20590
22266
22184
22675
23941
24146
24125
23051
23441
23160
22367
22408
20369
24314
14853
11388
11708
15670
15199
9492
9058
13175
13296
15672
654
7540
8079
3125
5360
5981
5886
4920
5899
4893
5472
4591
8557
14298
26584
26120
29478
28354
27436
31956
29693
31974
32620
19298
15494
9420
9653
13479
1400
2617
7574
2345
5369
1416
2007
5487
5899
4699
5553
6343
13954
13341
10204
12724
8705
12140
13215
15840
9490
8766
17750
22330
21686
32409
24905
30492
26625
24598
28947
31447
26105
27819
28990
29710
31939
26206
21249
19249
19700
16662
23895
21778
20641
10741
16222
13164
1103
2608
3742
4085
5807
6643
14387
10084
9078
10197
16239
13256
11420
12617
1622
9300
1940
326
29953
30878
32333
28682
30983
32731
31828
28992
29624
31790
21657
24041
21420
24388
23920
21649
19612
17083
29162
19009
29327
20206
20782
32259
32756
31562
22697
30132
29289
19540
18517
1843
2806
306
15497
15068
16088
12619
15416
6250
8097
5933
6555
5970
6521
4931
11605
7475
7337
5764
6964
7767
3431
7100
213
4606
830
1997
12241
27222
23331
29958
24404
16445
24219
28812
28209
29620
19081
30601
18933
17207
16597
28788
30158
17413
19881
30816
25434
29454
17788
29770
31032
18653
16805
18148
17082
29075
28945
20273
16776
19267
18194
9323
11968
9627
8424
14849
4923
2295
616
15341
11836
8367
9185
9502
5671
6301
3173
12702
9725
6648
12349
12638
13751
610
32649
30975
31896
29390
28905
17288
32462
32072
32463
17418
17109
17143
16411
20744
27335
20333
18491
18685
19087
13576
15714
11115
10053
20446
16705
28091
22079
20126
21976
17699
18949
18365
17933
18691
18261
18906
23928
23850
17564
19196
6645
11551
12224
5137
6366
3799
1459
12289
12298
9750
8391
11146
11152
23909
24419
28560
25971
26621
26404
28289
22802
28173
21663
23313
23653
11608
2215
939
1898
1778
15803
16330
13556
10290
11961
2577
7247
887
1822
710
13279
12682
12966
5623
6278
2225
7167
2856
51
6578
10268
12510
4897
6816
14500
15387
8877
27344
25401
25463
16617
26741
31551
28309
16083
10740
490
12509
11705
19909
21343
17212
26283
31330
31284
28474
30595
25217
30270
27668
24426
25858
27794
28217
23682
21851
23971
27023
17752
32409
21986
22305
17397
23455
11883
18204
27097
28861
6826
3453
14096
10365
9926
8890
11388
3256
1222
3503
3631
154
2465
13501
16179
12465
9857
7873
4797
10702
10151
10279
9027
11502
11748
5528
10674
6498
8589
29517
28670
22320
29693
28451
28752
28909
28654
4171
3545
2281
477
6868
16069
16254
15072
10186
12868
14136
15669
12342
15791
10547
16252
1028
4678
3266
8894
7066
15489
14695
12528
13929
12395
10634
11378
11188
10792
11479
20547
21326
21792
20645
21953
20765
22398
21432
20789
22207
21433
26763
19121
25780
26134
28599
30617
24718
16222
3752
5773
19915
18800
16714
24317
22575
19059
24273
22330
23414
23922
12036
15163
15445
11869
5082
8047
1155
5573
3878
25768
26974
32039
30227
24598
23308
12110
20718
24158
20594
28107
27659
28407
15514
25
578
1294
586
1610
5635
1234
3562
4635
1582
1405
7691
7796
2307
2388
6109
6312
4849
32263
30184
3051
15572
13908
13214
10320
30100
10795
6022
5531
7452
2573
7059
11889
14690
13446
5084
4613
28923
29768
18008
29778
22257
20550
18307
21613
154
803
5304
7141
3798
912
11123
21419
18603
22567
19094
29507
28493
25630
16673
30895
16756
23692
22454
32233
23255
22600
24382
22849
24070
22430
19302
17282
17525
28531
23551
17434
17784
22527
19788
16754
16870
18434
19603
18202
20191
18627
20398
19819
27492
28127
27540
15896
19615
14865
12107
13852
16206
4710
12739
3320
13746
8459
25730
16062
15624
8380
3112
10351
5911
15275
2542
6663
7208
7671
13247
156
16289
7289
12114
31128
24293
26915
28008
30841
20465
23149
29676
24862
30486
22689
22542
22999
32697
32052
23866
23562
24327
27802
20101
16612
31530
28109
26713
18846
17023
25393
26596
16787
30009
23142
28506
26593
26123
25867
27925
27233
26856
27902
32138
28845
21540
24198
22964
7607
3297
24725
32462
15257
12464
13925
3476
12439
2935
15464
15019
7265
7723
4557
1116
16434
14502
19663
10194
9312
14660
16053
11709
11069
9555
8946
9202
9710
12596
10416
28190
21397
32154
27662
27457
26735
22023
26462
24160
29770
26499
21828
24247
16659
31257
32237
31963
25538
21698
15692
11987
3843
12524
3110
2045
11573
5106
11673
21544
24865
18198
16949
27853
29829
18358
18397
17182
20250
20994
25670
1660
5706
5964
6178
5982
21885
27281
28201
22034
20722
24240
17704
29812
26768
31056
32322
24141
19430
30593
29860
24116
22079
29447
30260
30336
22056
26084
31277
17567
18366
30544
25331
27949
19698
18476
26721
23628
32430
5893
14374
15094
1459
4554
13687
22978
15719
15799
8229
11818
154
30995
14595
3142
13087
1490
7576
10765
15057
2410
3148
4278
1180
4266
678
6461
1785
3677
7629
6094
1365
15466
12157
4866
6787
1335
13699
9029
6201
12728
15142
9373
4200
3358
10225
11730
8293
664
6880
7792
9987
11199
26923
24364
22169
28381
27054
4973
6409
2022
10701
9906
20321
18785
21618
21137
13355
13466
12220
7642
6982
6472
2717
1710
17376
12886
1404
13932
3227
2534
834
14496
12385
2896
3056
3238
5880
3944
5455
3957
3541
12322
5945
7403
6790
5203
1484
3865
7443
11399
16114
15918
4731
506
12836
6929
11645
4642
12034
11567
16110
1329
31912
7493
12149
14896
10850
53690
53291
55718
55744
48231
48386
44234
48232
37170
34184
62567
60572
51206
49755
56611
53964
63022
40890
42189
51270
38011
37085
39681
39233
52114
56376
52288
56803
58443
63957
33316
63478
51016
55441
55207
55553
61460
65163
60433
33978
48380
40441
35728
32920
33868
54676
54070
53071
52150
57262
42327
41636
43838
34644
37875
47444
43921
63328
55976
58178
57217
65456
49432
62138
54083
49857
33915
38240
40786
35733
33796
47702
59263
54279
57792
51349
58214
46572
40640
46813
36855
36281
35899
38871
36159
35023
35774
35214
35006
36056
65524
55254
40263
40339
39876
33767
34363
64272
7015
3801
2904
6372
3072
3653
11688
7434
16650
20874
1842
517
939
21363
19635
7902
2725
15523
9584
15601
12078
10560
12738
27443
1287
124
3202
12328
19080
25793
29807
13648
13714
9495
3883
4674
2168
5483
4030
1726
4734
6158
10232
2448
5590
5764
4425
3146
1063
7467
9989
3050
3214
7187
6208
2637
270
2927
14816
64983
60807
61589
63132
64649
55004
50276
62362
55877
54099
56446
44218
46997
34254
36587
48906
36343
35718
42214
44354
41337
45813
47607
40708
39889
40819
33389
39319
46067
41797
48080
44713
48234
47914
47116
47284
45580
45225
35540
36233
38864
38905
38547
47364
48333
36515
51998
58663
55059
13966
1139
5288
6873
7526
6648
5368
11401
4384
10331
9950
12248
8593
3461
15252
6777
3263
12735
7915
4165
2358
7415
4664
3785
10499
10814
14927
3972
15707
17471
26641
18494
18243
6662
13540
4537
13506
4164
14431
12979
3561
11914
9140
8672
20410
7964
202
2779
8114
7680
13910
9482
29210
26200
42274
40494
36386
44014
38697
36814
48097
39396
58762
49892
32814
63116
62515
41099
37333
63731
51320
39158
44110
51551
36351
56644
55885
34014
41542
42401
46657
59112
37584
50933
62427
53296
58884
51785
40717
48602
58918
51109
2499
9956
7724
2578
20598
12681
24605
2330
28801
20498
24890
30331
27866
20845
1013
23721
12231
3449
12679
4476
8156
6218
25834
22922
25679
21440
17763
24408
26962
21879
23130
26407
6379
22719
39954
60798
57989
59767
55029
52832
61989
33394
39760
49089
36015
38133
53339
54379
54379
53653
53617
49499
52197
47259
49027
43825
42056
35328
41569
42052
39821
61333
57380
60576
60395
60860
58768
57453
62234
65299
63418
52225
52202
50905
45187
50087
44447
41858
9751
8576
8996
30098
26879
31052
28748
27556
21775
20199
28337
29766
31635
16891
26193
27126
25534
2551
30213
32626
854
497
70
28848
22115
27576
25217
57552
57811
60849
56665
42264
37088
45965
48469
48285
51493
62633
63976
64759
65409
51258
44767
35385
39033
57025
38613
13486
25872
27624
26921
13370
364
222
12479
12373
928
190
3963
665
14175
14287
12043
299
15095
16125
29844
29455
26337
17735
30651
21266
21957
22448
12593
10852
6663
15661
39365
45765
37497
47478
40410
41776
33895
38623
44425
32820
50725
54004
58779
50761
57741
52598
64910
49808
50633
57736
65421
59165
58055
51794
52188
57470
61077
13515
7844
10157
22991
28810
20454
15925
3813
3843
4168
7381
13234
18472
17024
18371
15888
15128
6159
12939
11403
6029
1725
12527
9929
11577
455
812
1573
13530
64646
54063
43079
34827
36459
40902
43521
33281
46622
46314
47293
47498
39932
40675
39530
24446
30822
31647
1254
12826
15903
14350
15017
18747
31860
21257
21670
26321
23434
23529
44397
47034
34027
35929
36719
35206
36401
60592
60818
60635
64046
52086
60255
55247
57145
62609
60518
60945
54884
51187
65311
55741
54756
59405
64550
53500
57803
58322
64461
61656
63587
62330
50038
64493
65528
63530
2412
10576
1459
9093
4386
14731
1198
8681
7463
11921
14307
1476
4151
7833
15228
13129
9975
8518
11806
11440
11912
9636
8730
9749
9945
19938
29302
27285
21102
24873
21870
25779
18336
26930
10392
11666
11731
12353
15574
15982
15649
9700
8651
15172
7722
44694
34784
50875
51484
52173
49680
60700
51930
61777
60930
61959
62353
2359
6977
4814
7219
1245
59915
58952
62828
58494
52567
49303
51270
50967
61021
64981
44510
45516
40420
41983
20507
24262
17912
31314
8017
3962
5486
3174
6641
2922
2020
19547
17969
990
29834
24210
28532
20151
30010
43581
34878
42698
54448
65018
56214
36771
48438
40592
40278
35882
49611
61151
54515
37614
19082
26246
9512
2207
1413
32302
32715
16753
1444
10275
13213
8886
5594
14118
7540
1610
2376
20284
17664
18856
21126
11539
22866
21073
17205
10495
8247
10255
13955
7833
55773
60015
32891
37195
49318
33362
44018
36623
42812
45848
43984
8849
21241
20291
15171
25197
25574
4994
25942
24336
10612
32222
631
2738
8704
29125
26803
18590
710
4312
32350
4424
642
1452
31162
27137
30917
28397
63279
59960
62634
63953
53699
56381
58290
47851
46785
51169
64360
46211
14919
30176
23734
5328
9954
19804
30938
29992
1292
3059
6564
2453
6819
799
3416
11578
12366
11442
14717
5592
2548
9496
57937
49401
60252
41686
34308
42040
57085
51605
50288
62881
14051
3645
6954
5671
1355
6360
4801
8174
19830
29308
25208
28500
19158
32446
8325
5895
3484
8661
17334
1629
18024
31641
16223
6794
4518
2190
22310
56435
54786
62923
47850
34932
47438
42763
53704
57181
63940
58310
60981
50404
43992
41770
47260
47208
48765
58482
50658
40061
63938
57927
64867
40061
60127
40846
62142
1672
19534
30171
18858
28427
26245
14705
15432
53761
48621
40238
21174
7007
9055
9169
24412
20557
21340
16439
18866
20365
6086
8233
16133
17084
8932
5989
26302
17955
24265
14849
27667
25301
8213
32364
3920
9924
10950
26999
4409
3065
1309
27764
32969
40295
38944
38525
36732
38746
57737
42515
57661
61118
55362
37078
35366
32806
59092
36038
29091
32246
31861
32355
31858
26226
22537
4240
8690
15829
10666
12280
30140
61675
47749
49357
57324
53328
53856
47035
50797
46151
16927
30517
19389
15575
17836
5171
25965
4381
20139
12408
61082
57063
47543
57674
50343
50670
44499
43534
46098
46051
49793
36750
33349
38669
39032
48392
47994
56168
41458
45676
45827
41503
44231
47156
34695
45615
64607
55097
55891
50757
49232
42720
41535
52018
49065
43147
35499
39685
59016
64954
65054
39322
38563
25863
7873
5896
28268
25687
7293
1765
63802
65457
54447
59442
63950
54343
59416
63173
57848
7484
31194
4646
18268
15400
982
4737
27879
25784
28629
7420
13397
15864
14608
8958
32381
31372
18312
27090
14686
7116
15726
58671
50357
57106
34884
33893
35120
34689
35759
34560
36566
36778
34204
35551
33963
42395
49087
14821
11912
6507
30003
39252
54829
56370
63436
34146
38752
38130
34271
24941
30534
30521
32106
21074
21216
17643
13541
13841
13216
6852
15890
8396
14869
7237
4900
5407
32087
8915
18515
13144
21899
54225
45699
45272
44836
36794
45015
46126
51703
63257
57887
63306
65173
62523
57849
64671
61831
50663
60971
56587
64150
12293
17297
28695
19161
29795
16577
32685
29091
29903
23083
17887
17756
23862
22458
29378
29978
29688
20694
32536
16442
26152
20825
36838
41549
36149
45593
30346
17702
32630
21409
31205
21012
28053
30709
17216
18782
29480
24759
25337
28789
22226
22526
31683
19726
26225
19603
25454
27384
29488
28208
30071
27579
30094
30528
26304
27116
26740
35413
38158
35164
46397
456
4676
10435
5726
6158
1014
20398
13558
20470
10254
32435
2519
17819
8927
11537
10317
6717
14032
25008
18183
31461
21726
28103
25367
6867
2831
15027
15789
15860
8258
24153
20175
16816
25977
19826
17170
18346
17272
16674
18660
19934
36220
35960
45401
36451
10442
25542
19350
19144
46187
42067
47250
48528
33814
34181
56150
54840
53408
43155
44280
42672
41580
42189
63532
44641
4449
22979
28012
18190
23526
32679
21706
25649
15911
1473
14694
50376
13838
12422
14883
12820
9870
28344
24716
24745
27986
44197
35756
45857
33406
54946
61148
36886
38379
35908
62037
61717
64190
37250
44389
54391
4958
8894
3349
18395
5828
1994
56127
44355
44852
41635
35576
44532
35891
26002
2599
21925
24420
23542
41901
51888
53089
36232
56268
37989
50772
48017
47066
36438
57638
60846
28479
524
12611
812
15208
19279
1096
882
17952
17127
32525
30679
31665
31645
38053
54499
48044
54741
60680
59998
59060
15373
31207
30258
20029
44379
43920
58059
64446
49750
58341
62577
43066
35464
39022
40540
35459
53172
64475
38518
36726
39739
1348
6952
384
3762
65360
156
8400
4529
3370
11977
11046
14974
8930
11889
13575
52873
34421
50994
55284
55259
55751
55314
54269
56062
50885
54943
57725
46348
48007
45671
34856
42403
41762
54129
51476
51927
55035
54250
53403
52933
55614
50328
56503
56874
8352
5231
24709
25084
50169
53567
56380
26846
8417
31035
20963
29114
16933
21206
19954
48926
46904
43480
39425
60998
58083
58047
62045
12266
16442
18836
17575
26896
25284
39514
60089
32912
41619
16555
19634
16777
13168
16314
11905
13932
11246
8607
12838
16305
11917
6608
881
12231
55688
55735
52757
14944
12756
1368
3034
4947
5066
2027
7268
57917
59839
62212
55498
52963
57860
60245
35454
46026
46788
45839
36210
35335
35355
35578
31436
38054
34429
56058
46854
35694
43918
48726
25719
12456
3957
353
8453
1741
1910
677
146
1041
1932
65318
64613
55736
38723
33136
40712
42469
42863
33663
64152
62982
62380
48913
63607
60737
64104
58844
33860
37033
36001
35593
47573
56437
25134
21998
19930
15180
3830
10863
1827
16799
27514
210
6328
3694
199
3882
16113
5706
8523
52432
62719
64916
63472
61856
37890
40552
51399
53188
42062
34152
58403
50995
42352
36287
57245
54811
51932
43320
35406
48211
40298
52261
34740
34396
37545
38462
28721
14229
3517
6458
9601
1368
26356
46760
44528
34286
17606
2916
29222
16539
31857
25430
7824
23370
24808
30832
30743
11618
18669
27926
30174
24059
15093
20633
34005
55543
56898
40898
65396
50077
51834
60624
57223
43939
55907
58865
57464
55667
42885
63788
49351
58431
50907
33956
59426
63243
63508
60948
36605
41977
44053
45662
45136
65433
42408
61827
41191
38869
52590
56171
6246
30964
8477
13149
211
4200
31525
7969
13867
9093
10912
19684
10637
18236
9150
16567
23257
20408
21386
21818
51796
18994
54267
41935
47959
18272
41019
52408
59203
63193
56188
49936
33809
47687
38260
36288
48948
54836
64681
60134
39800
33711
40140
34430
44663
47992
54641
10671
13751
50525
48019
36783
51062
58647
37541
43731
18557
25515
24697
8427
15968
5912
57117
5893
26871
9902
5109
12565
10394
40942
46961
45202
20607
17385
13854
1440
64023
60264
49248
57405
55716
56576
49743
10979
13252
10506
2717
4412
15312
13828
9939
1711
812
5243
13619
54923
55155
52157
59237
33222
44585
54166
35903
34924
44842
47374
39206
39517
44628
47971
63870
57743
53626
35455
57505
50444
46977
39423
64046
53914
49601
56164
46582
58742
56990
52084
60420
34442
46804
34182
50509
47621
49997
48205
11037
17720
14927
19363
1172
4268
13099
567
6020
19282
9981
21244
30663
14180
15219
8343
10493
14258
11200
11184
10853
4716
37119
47273
55623
54952
45926
37361
57668
56763
56027
54878
40982
47214
19630
22469
1640
19596
24832
3267
1100
6483
12618
24342
25666
6191
3627
16387
20771
64261
58043
35571
43009
41309
48447
50474
60656
62420
57971
61883
9167
21755
16527
23125
17217
47067
38717
38265
45923
46898
38386
34343
47312
36482
41533
60843
57535
60072
61829
38882
47009
8741
1304
4946
14200
15114
6025
7947
14182
22569
17525
19898
14928
393
5406
11117
12254
23949
5250
5135
16528
24233
24179
18973
30245
24837
32131
35006
19329
20047
25205
5877
6652
6636
7005
26576
26093
24614
23691
20565
28512
25157
12811
20890
22326
21452
21515
21020
18570
16476
13867
27321
18311
13492
15702
19348
56335
46811
50123
18556
9688
8753
3476
7218
4031
4798
3377
4602
14635
17012
4740
3953
5381
24205
23293
15685
15940
12093
16987
5307
32381
31667
41466
45259
49880
50392
60185
57802
55375
56747
55009
47292
65373
33324
35890
60313
36202
35982
46720
49122
59654
65162
51304
55064
47180
47610
49449
56337
54373
57781
52335
57639
54328
55192
57490
55747
49938
49248
58017
63615
13463
14254
6522
23681
5042
27085
26077
61303
63701
34434
54951
34093
48234
21648
28320
30812
21254
31543
51762
62441
41312
47827
51061
52219
40150
39055
52050
51462
36126
44547
28379
28461
17817
19891
31691
39940
48867
45623
38622
34230
40416
36123
46178
44092
41618
46948
34257
39146
39367
40015
16034
51528
48334
41434
37404
40349
49788
16101
51307
51720
36244
63298
56045
23389
27839
59648
8385
23410
26688
2751
15540
12760
45748
35857
58753
55826
41278
37222
25743
4743
7729
31493
29635
64623
55972
35754
38950
37559
39363
37419
47448
44224
52090
52956
50637
50971
60364
34883
38743
42448
38914
23085
28269
19758
21954
31049
13851
23146
2993
25432
23220
26468
2215
7111
50095
60452
38486
46159
40057
45672
40854
46435
39907
41807
44161
40418
34381
46340
47947
39399
41359
37437
30767
17151
28833
9450
13622
32662
29040
17184
22888
29194
26155
17960
17488
32678
31452
5550
5136
31450
27417
10552
4638
6296
25621
24017
25219
27956
21945
21244
32675
24496
24777
17402
1764
3323
13676
15541
4024
32184
17372
28812
14038
56258
58433
62879
61433
46661
42182
47914
36976
41013
32815
39852
46650
41096
38010
55059
62391
58103
55809
58563
813
62925
56079
50299
60542
60242
55246
44465
32639
21424
24209
31376
17253
48251
48521
51539
65379
47352
58025
52209
59889
55522
50543
64033
54399
60444
58314
6547
27551
39462
30527
42824
56760
56057
60327
34934
44328
40158
33995
36572
40346
46352
48032
54861
54871
60393
34089
46982
58295
56783
34693
38033
40553
42939
41554
40652
44954
39879
62769
51947
34164
43527
334
12014
6299
8359
8812
3115
5858
26007
23245
22720
32214
3892
11874
49163
59291
53529
5983
13022
26196
14547
5304
2020
2446
63463
29
64356
59932
5598
8942
106
11636
16340
18388
17294
14019
20171
28165
26767
16936
64418
61942
52969
60973
78559
90332
102778
96496
102012
94970
82054
72339
94511
91373
86258
88000
80809
69923
91365
74975
108632
117325
112289
115076
115784
128538
104349
113882
103574
109466
128188
126723
130315
119596
113062
111497
82295
84055
82671
85603
82056
125989
122464
127551
128562
126269
101470
107112
121818
116067
124616
118453
117761
90686
67733
76846
75764
74169
89538
87839
96373
96640
98086
79838
76530
90157
69833
81891
73270
81661
77155
92288
92221
88891
86921
76779
85409
79607
80424
82267
97197
94079
93687
92621
84479
91863
94309
82915
101181
110090
108612
128342
130581
123513
123688
116749
130194
130688
129747
115649
120441
117978
124199
118556
104542
121342
118857
129139
112117
103467
94019
88942
73898
68097
73541
87585
122341
128352
1818
3574
29059
23630
17823
26998
50895
59449
65261
59933
45431
39406
32813
42979
49325
59183
63946
56230
43612
48580
46878
41095
60308
51019
45156
41808
36350
41935
55519
58846
62458
50713
48947
23038
28352
17620
10734
245
2907
12896
17737
30278
23218
30411
9305
13829
10160
4090
20263
24937
16783
24639
4770
53742
58484
14230
56074
57064
8853
4643
6624
11129
24187
27800
49104
32864
51500
52106
62624
49490
59870
62553
55674
56716
58999
61650
59443
54185
58313
14236
9460
23775
104361
109663
100478
130305
123727
129895
121580
114888
120620
117221
120869
122059
96627
86841
104901
100829
129279
130128
65704
65989
69047
77555
106577
121491
81513
93440
99171
115003
120582
110772
127748
103811
114252
116646
111337
71034
81491
99180
82390
72880
70297
82008
101381
123385
104310
130644
113380
83144
96870
85305
118444
110053
8759
10546
13777
3327
15114
14707
23285
31740
24620
9989
9608
9172
31679
50836
7994
21035
49005
41139
46325
41072
29
16688
11224
22540
15190
16869
3357
29991
64664
43885
57911
38682
64901
40020
64132
48581
60206
64746
49699
48127
42399
37790
34044
33640
60299
52632
51804
59456
7130
19451
7321
25368
5828
16400
7427
24846
27408
23266
36284
48926
91430
93088
90157
97778
84841
95004
97970
96233
98462
99880
107056
100110
79849
71925
84323
71334
96577
73336
78390
81037
67876
88209
111923
130207
119738
101735
100519
112236
103377
94903
78336
76827
73178
76222
69263
80821
93501
80089
95205
87007
74578
92685
83862
95887
65652
81095
74015
80875
69573
74886
82582
65607
87417
87061
65971
69848
78656
91433
43760
46654
36158
9751
10182
15514
10274
4178
24601
49049
58294
64731
49749
41146
34354
19611
17513
1206
19854
29465
4943
29569
16759
61353
38127
42985
63984
48105
34234
56622
60402
57184
51080
37745
33731
35153
39836
39530
45952
40363
34842
51237
108383
102073
102465
103461
105843
92313
92808
93429
93160
73097
84585
66016
81657
75721
79399
105442
91251
95765
97690
74692
70185
81498
80384
78167
78295
81716
84443
128495
107112
68761
68072
91377
93315
85473
71626
68599
70873
81631
109972
128475
100196
125477
101616
87670
126043
108703
112954
16826
794
54068
23720
62017
39886
48158
65248
56129
41820
10670
28366
8114
8130
4554
2568
55129
9070
3829
1877
13235
43951
8606
44307
23601
16027
33873
58027
43870
63772
54466
56441
46972
64419
57070
31431
55902
45208
35988
45342
33525
41922
62992
45241
37895
59539
51165
63365
59285
63875
49670
56972
73400
127713
117237
89088
105109
120317
124529
67773
79249
88101
128759
90699
75256
85484
112453
114722
115291
122813
103651
115229
105927
105173
76293
40154
54468
37456
62846
585
10925
21261
27332
24084
10492
43228
26856
37880
11334
19006
3982
40716
10538
19820
16815
24594
1644
27409
9074
21615
51839
47520
48150
33640
40558
18281
44240
37319
38868
39912
43762
39241
62924
33670
60897
33105
70957
72608
66965
90988
70342
73483
110473
122861
74161
93960
97707
70458
83177
80712
97038
102103
118222
95688
75144
79091
84547
122058
94299
82738
80576
71777
68419
81544
121689
129606
68857
74400
122650
105397
72364
122370
99579
87060
87420
78396
30654
42918
46008
6008
32183
52330
49016
661
5827
20527
15404
46165
21708
12034
50858
44511
3246
61412
18287
11384
301
11106
11256
4662
3242
19234
6909
17128
27930
1992
3418
93775
104625
126060
102684
122425
116365
98536
69335
116598
104251
121788
80055
99818
101330
119134
107403
114368
122193
99267
127900
115081
118660
103472
111758
123023
104875
79946
94295
11466
23155
7139
29381
3588
30833
54208
47485
49387
18146
23881
7778
5124
7346
6598
5884
16461
18570
10397
17391
6031
29656
22274
18373
16605
13541
15393
29095
7744
32032
26164
31578
30146
28769
47051
49172
45429
52456
93076
66484
94467
70021
89816
86093
66541
68243
107967
130189
109395
125993
108472
70128
91288
72962
104919
106170
109794
113274
117937
108353
102749
111166
116367
113293
107244
109081
83834
77584
80697
115571
113900
119818
121508
99248
98369
100642
103484
101599
125469
27574
2764
6096
35585
63797
56041
23784
60477
47528
41635
52773
42256
55496
61889
19316
18765
15322
10365
18397
6491
25027
7480
32565
30615
30881
27547
28152
27945
24513
9648
12828
86687
104796
111420
114311
122576
108493
119231
104069
115311
122182
99625
98972
98536
99532
127172
124468
103249
105338
122018
111657
121987
75414
125680
100500
119522
73741
91137
71897
71519
34211
62331
40413
37885
41490
43762
42458
44128
41606
57497
33609
59022
62748
4881
3399
17838
26051
126755
92943
97656
130812
102503
121170
91834
78479
96808
94896
99052
102477
99893
122506
119278
101356
114862
121682
100948
105980
108373
122705
69733
116462
97100
91853
119029
112744
86410
69315
95675
127541
101350
98961
993
2146
15328
15855
20751
13070
10647
28646
18692
59575
47497
33893
42452
42148
50076
24425
37093
23727
31971
14238
3236
24816
15206
10574
10466
13762
16133
65489
38392
69780
84534
90210
90158
81662
79272
73530
74628
126940
72324
70882
93267
67242
66112
94298
94415
68345
95070
79520
95039
93389
76283
71824
77597
115883
117663
112301
125187
78733
130936
16088
54472
52876
16343
5449
8823
25013
28159
15860
15264
22425
14553
14210
4502
34997
96762
88731
89729
82997
89318
87210
72274
125966
89424
95962
76537
68339
71182
66522
94535
91017
96109
95371
67509
66747
69825
97752
104648
102842
107893
107479
112415
112088
119585
46036
18840
51777
8351
41948
15129
14628
14479
62496
11805
15659
19433
9777
19822
24135
21643
24557
12507
44105
44765
48055
82984
96215
96220
67238
68735
78420
87452
87322
107460
104897
129857
92319
81957
66076
13034
19259
52255
56083
7299
11791
18512
34473
63117
55712
54945
45209
43257
65159
39112
16415
23277
28994
1431
11275
44041
39465
64839
24368
12485
4319
30071
2693
1407
42766
52897
48561
37629
58349
45645
34170
53185
56201
58320
39295
47179
45765
44403
64855
38667
43481
51012
39234
39572
55746
45221
39116
59532
37858
33431
61889
95286
82577
74063
91696
78446
82454
83104
66537
71596
87673
83731
65825
97001
111420
117814
100840
102013
102683
100274
100588
103444
26692
25491
6887
7902
2365
375
3175
25328
54333
55493
43211
50523
45216
64602
62191
88121
84193
82823
86619
97729
92256
77456
85137
90734
70219
71712
113139
121173
127759
106005
103560
106246
120088
122976
130816
117953
110794
124485
109333
98300
78673
84727
97715
73733
100739
116704
102477
115169
128685
117612
124313
117615
10235
27538
13444
8693
4813
11450
11741
6937
12777
21464
22239
918
30594
19504
25321
15558
18271
14064
109270
29291
1340
57277
41702
33676
41265
35038
47596
29909
3225
27880
21996
9588
30196
10565
38144
35590
52343
35732
59265
41489
39776
52075
51756
36657
63709
53195
57654
34372
52241
44947
69104
80182
74841
67416
69825
68877
72903
67081
91327
67247
82012
81672
90697
89059
71734
93622
74143
94886
75581
88987
84355
82977
84826
84808
96759
128914
105512
128319
108723
123090
98981
114443
105719
113796
117845
100111
115304
95409
39928
62579
52755
51427
49965
54473
49438
57816
41446
38854
36371
55198
33988
39611
39395
43116
35356
41064
96366
81141
92127
85030
98276
70304
92939
84740
97321
93675
36514
38757
41008
64316
56881
35639
52536
56454
22568
31450
8202
46425
52557
32829
15604
24124
22548
23511
27635
26442
37748
18337
58717
59662
62085
49352
42354
9159
31026
51226
17960
13890
23106
61440
44825
54927
49098
33512
45986
7448
6576
20563
589
99085
65749
98802
103742
117128
71300
70889
67051
79813
92994
96451
81282
102698
81237
129451
120083
121619
130315
88654
88300
77954
84612
75600
110659
73455
47337
33325
45959
35085
39457
34577
36428
59995
51285
64676
51554
42880
40664
52583
42637
42476
63058
4118
31947
29081
34176
54864
17480
126980
100765
117814
110999
105506
5180
3586
15390
50296
61879
52215
62282
19239
18165
18573
24270
43749
44565
20466
17425
52431
16819
108035
21405
61162
47737
5342
11062
15505
3951
8572
24934
30129
52006
52538
61426
2590
52965
49551
27458
17652
32760
28971
3596
14711
5901
8386
37092
52154
42372
56211
14378
32678
61023
14170
122409
129569
98272
124000
98594
94870
124284
115156
97767
75688
86821
93398
110125
127705
102629
84045
74934
76615
67395
129386
123649
101807
98583
131001
104391
86895
111882
126782
103042
108752
98622
9358
50922
33270
29228
25136
19155
16005
42057
431
14564
12956
27989
28965
38175
32787
24422
18946
37551
39977
48574
34858
21652
32686
50892
60704
21586
1454
12153
5352
50044
6230
30809
99094
119670
81461
4557
36033
3550
12550
54759
51413
59899
44148
29
2193
55299
54951
60289
10435
65506
62033
54982
6104
3008
13574
73055
125118
129007
101816
78749
87232
3529
53627
54929
54816
8670
43527
49107
62179
47830
39803
64545
58748
52734
58184
53180
76890
67115
73631
81707
100302
74953
88782
126685
76011
66157
72261
68988
77198
101214
65922
111464
117641
89020
67577
115133
69307
69011
70260
91911
129256
100162
117238
113883
2136
25792
5450
46877
37561
51302
37393
37218
39940
87653
86388
88300
84566
111671
107352
109808
104650
98682
105274
113351
85712
66038
128566
78371
128863
76535
69181
62114
51563
49979
57692
52765
68184
83749
86318
93130
85615
90693
124176
86449
95733
95670
85995
82495
83500
73711
115480
126742
122560
115640
114783
116341
119929
121175
75115
79878
115637
122318
126414
94035
93198
100371
106679
110005
91964
94625
105599
104456
86753
83198
89025
83871
83100
124539
128234
105863
96267
73728
112349
86059
72103
89522
62441
54807
40746
39920
40022
39136
24748
27181
40297
34761
18106
6605
17110
59229
23681
29226
22582
20767
11710
126775
125142
129695
128670
130395
120283
124264
125533
103385
104962
102104
96290
85294
83210
108290
110660
118899
106210
100657
101514
104810
2404
36759
50144
6912
16280
4213
60943
42031
57170
50936
78361
75023
77944
94903
130460
124154
122574
111815
129972
98562
106516
122908
114578
3486
23077
36064
53631
54368
46770
39106
107352
125884
116532
106833
104880
83040
111906
111918
90954
125080
122262
124436
100003
77072
96297
116586
84276
79198
101764
79347
96021
116048
101116
130947
98587
77324
71622
97685
82446
100193
111230
122050
80990
109530
102824
92726
114920
103963
115408
104965
78804
77154
71824
72160
120096
109008
114168
119240
14896
28779
28978
9928
38222
24382
40614
6052
19211
12094
42424
11551
6429
8273
5629
7820
30226
62536
62956
4455
64603
57880
15281
23108
27885
32658
25512
59328
49828
39581
37646
19761
69303
39236
7898
62781
36832
63666
33713
5717
26255
29809
59326
62100
9005
13780
60878
62814
58808
62510
50827
59491
58978
121158
119963
114782
129216
79801
79838
93882
73920
112957
127769
100991
130827
96489
116947
76203
73622
70929
104631
71158
87531
85106
93020
75066
80454
87290
101411
107287
98005
15039
19666
24039
45353
59962
27054
3391
114288
101380
102200
129902
120090
67384
67735
78750
95907
3753
109581
80311
79813
93624
130135
107298
83694
116202
72304
80765
119946
70020
105760
67685
123520
130608
119472
113568
105114
100196
76680
114548
91661
96291
83312
109680
104281
94671
83493
82080
67208
86522
123484
117461
122758
108104
112957
69246
107099
67264
72688
97899
110458
100166
90549
110804
89201
82857
109129
114259
110536
86179
84157
124987
84147
88183
82126
67536
83323
68401
59306
59671
41778
9339
49334
5423
8359
61786
63002
49448
56910
57550
3242
16317
59880
19686
36231
48315
44628
25017
46377
45783
99434
106173
97855
68161
122007
103758
86366
72119
130794
80197
76704
77824
35574
11968
3205
57961
5380
10520
4009
107965
113155
101334
128164
121862
120288
128473
124266
115016
52463
15196
8069
47235
42884
42252
6080
109428
99747
130482
82751
127447
107658
74696
90788
80481
70586
129227
56540
96
28987
9165
33861
50530
45724
56679
9091
22808
38620
59597
46685
50561
11463
51898
8459
52590
8516
12660
58049
59701
41260
52287
5281
122023
115438
129792
127835
119532
73065
92445
89746
83996
94909
91677
93780
92550
130497
21603
51287
63787
31786
114144
32095
42692
42661
57561
36618
23970
25080
50330
59165
62013
10084
13038
10596
15755
10138
27606
26433
24343
19229
29287
107569
110236
102794
107554
109359
111427
113984
108327
99600
108210
100018
80283
85048
95615
93013
82788
68724
77685
65990
65974
67148
73325
67229
77397
79640
75957
76549
79798
117887
127004
125648
122454
120433
90404
86434
87864
96515
96273
112422
110082
103531
111596
36809
23838
44544
34663
37581
38278
22251
42087
24303
9719
16312
55449
52515
64573
50878
53771
13227
12062
14574
60051
11249
47
13548
15182
58399
53657
56893
59271
64456
59820
4990
17142
18547
2691
52977
45619
50293
38567
6207
21341
21847
27118
29691
17999
326
805
35707
57625
18778
10673
4706
25863
6345
27397
19723
4853
18662
4286
20960
129504
110313
116650
110886
129345
99261
66738
74856
78676
66449
73477
84171
120366
117170
42711
35662
54508
27840
13661
37894
42598
65232
44830
38664
34234
41791
30781
22507
30522
23717
107353
105917
97311
88123
76153
69535
72852
80879
125509
114830
25670
10070
9158
1392
52555
44607
49136
36816
46097
57954
26566
11145
28969
12986
12704
128654
126650
116616
120897
115804
119059
124180
115041
104273
96667
105536
129652
99698
127136
123340
114966
93378
97804
67500
68893
69628
90509
72287
68314
73211
67577
71045
65800
71801
72991
76440
82183
102431
105640
104480
107337
112519
109039
75641
75065
80891
88899
82594
73664
80868
65605
68314
69033
90040
86982
114550
111185
112529
106108
104599
111878
69183
65729
71745
130198
85191
92132
114569
99515
101797
119734
124550
13058
3122
51557
41961
81775
97542
74902
81536
95972
80891
81985
82141
71665
95321
87040
92523
97498
70559
86433
39987
47526
80335
69637
120267
69679
126710
73825
120891
105095
116464
122930
105180
108889
1891
64303
91403
97821
75952
76404
79492
117319
81263
67650
129990
72891
127632
77590
79681
68443
67459
74165
78426
88881
73989
86611
82423
97612
92614
69772
69230
78384
76220
83458
82992
84922
79940
94536
98262
85691
82506
45712
42480
38290
37600
43915
35012
81289
81798
82830
72263
113105
81969
110396
109738
112425
118997
89174
117471
128757
123751
129876
122028
113304
111110
108551
99866
103713
127007
105724
125727
118297
108951
102247
69400
127049
130498
97780
100459
34799
29253
14516
33518
5555
29210
12269
23063
51404
17563
4335
19306
1148
14816
32051
53023
23884
55492
3246
15008
11121
20514
29571
31313
111517
109339
112246
100053
104656
109438
110738
113679
122376
127160
125359
121284
99286
109637
110501
23800
44056
41920
46917
48735
41885
37679
18938
103734
113912
99401
22949
21263
20430
19460
53719
47351
38146
25182
47543
17968
35226
39946
35305
37694
60238
54446
62316
9276
55651
55703
52492
58510
64794
58498
57925
18966
20902
18383
48188
32960
34004
40594
35210
39490
28215
24760
14677
1330
12968
27477
11720
95783
91955
96643
92385
93704
97231
94592
93404
122340
82618
87817
99278
95468
83577
88018
66576
79327
102994
116177
116815
130836
47598
63282
48962
36660
88710
68708
67678
120124
104931
121732
99212
1282
15478
64283
53344
50027
53329
51554
12636
68422
77114
85676
54379
56930
31210
100081
118567
103939
127159
130243
96113
111883
77144
84233
84178
59701
6077
4737
28167
193
29259
3007
39195
34681
15115
43440
27230
49416
811
16997
123769
28008
10719
25393
51048
84427
73669
92817
121351
117119
79379
75513
120419
76239
117069
81279
89746
123675
89681
8192
14812
21268
56315
38552
63052
48976
59170
52805
9365
21275
25677
18807
363
3034
49956
59626
60483
50945
57036
80956
111964
13524
25104
126356
65088
27167
65477
27977
57943
47227
54702
52369
49097
54466
47119
53461
58309
49346
55487
107975
116905
115045
127866
28954
9441
109273
107110
75589
112937
121474
100055
67527
73912
84930
117226
108852
107087
106546
114239
106730
104407
108607
110245
118429
121178
121482
109785
120329
112072
122475
27648
15866
20432
3302
9098
11980
10753
43027
12971
47851
46592
32787
4999
11343
17023
3489
6371
5044
5803
48142
8090
60272
1793
12621
21486
28667
6755
99165
115199
92045
128749
77761
73832
65728
62735
48848
59961
45516
44503
41501
46009
40712
33243
37696
35282
88890
46610
19990
63110
30342
29411
31015
17286
25968
26121
99556
124492
101279
127169
123104
129966
123133
12260
23365
125051
16629
25658
29526
21898
21051
911
10875
14277
16155
9611
14268
32064
60665
64072
55022
63840
50815
39960
63288
53176
31453
29373
17376
32637
798
7048
5896
7884
122552
120365
4964
14001
120195
123896
125277
119937
9609
123839
129573
11228
27038
20738
24142
3810
8656
9420
5199
5308
28375
27066
25722
28075
32511
28534
11932
112070
119824
127500
124931
103272
102470
100130
105683
109151
108657
77750
72825
74558
77680
71482
80471
90747
74414
77784
76931
86263
87928
89365
43789
37126
36656
55877
28313
20095
454
37490
20848
57624
59357
55180
36009
35440
42914
48012
39262
34163
44181
46622
36930
82608
92633
97124
126053
130852
118316
117774
117966
122631
104701
103292
109570
126166
113352
85085
129026
113270
111683
101076
108032
99388
122867
124815
123783
107245
108463
113032
111927
114626
98772
117343
129595
6305
1966
4496
8691
9625
13963
36784
47816
46445
44904
45846
47527
49436
51640
60492
49783
62025
56018
55003
66961
97244
69450
77167
92172
74071
79345
83547
78824
113371
125326
124382
123875
82123
119773
91656
83708
72689
70402
69862
103948
101501
108557
109613
113787
110155
104148
112841
28001
1697
7164
100163
103757
112965
95663
84169
75763
70230
74795
78424
77379
71109
71653
67878
69328
72239
85206
73102
123219
125958
122973
121687
121774
118672
102180
101761
103703
113813
120963
101861
114933
111938
109490
67554
73950
94984
106092
79417
103925
67085
89999
1617
45871
26542
30070
18114
4371
19496
5110
18874
9903
28574
65322
31890
50948
19622
32718
7111
6321
55727
37613
44325
16747
14124
7177
13712
5954
56862
20383
7016
11302
105318
110559
22644
1741
7904
21705
8955
14123
12102
3524
130740
120104
105378
117644
120540
109036
122490
3705
78186
83177
86552
72250
81970
71943
80736
84871
74018
74872
91232
75852
24070
18315
18357
26660
15793
60297
52246
66266
128716
70308
109950
86672
110539
126592
94633
69719
4742
19948
17129
17755
14853
44669
16912
47630
27984
36168
44500
15658
54675
122975
73069
125865
82993
25707
50131
126119
66151
114373
126446
87386
85313
109214
78538
129959
92067
87588
72143
93397
111676
98314
122635
94914
82461
76988
72159
101450
83756
116086
123232
88720
83701
78834
70466
85456
89029
103053
87545
94497
78640
94441
27230
26495
62805
53561
80468
96164
77837
99831
115022
127133
67314
95898
109450
108710
126004
129486
117655
82564
88263
79609
82798
96224
120239
106112
129088
129937
13881
48830
57778
47324
39306
38622
48769
61733
54930
38270
31240
40243
32847
35385
52255
39841
52071
55849
37567
46539
57202
63404
47024
16950
20717
22546
35343
41671
80470
124647
120624
71292
67579
84204
73638
117864
98529
115710
119178
100396
92634
113693
120747
107663
98745
67703
128416
101278
104295
127617
72636
107882
97765
89062
75063
120221
111537
85711
66515
71989
116252
127603
90130
96919
126945
85789
38100
28398
31149
25041
53881
83707
105296
94053
116255
97022
83498
95981
76311
120621
81082
98875
87464
42461
42729
42521
46794
114142
108979
113269
114447
100881
80181
117294
98014
113189
125441
68720
109110
36441
18245
24203
31951
54675
1523
41055
1830
44455
12835
26272
36871
43449
472
47334
1134
21001
52064
54023
45270
45014
21187
97594
118345
105022
130654
81692
106114
93365
107396
110571
107658
79770
103255
67946
51211
53341
7998
16481
17541
61529
1609
37616
35630
64230
18013
44342
44307
44439
45714
51169
10352
30436
35987
60530
52127
33477
20049
4817
25843
29174
100440
120652
108826
112751
99709
59643
33576
64526
117784
123801
120901
17170
27970
30169
39411
33669
33736
88506
44790
44591
40670
44476
38711
60997
13445
125214
68409
69840
79488
76353
66913
69863
97635
23845
31688
103834
66446
130572
114658
102881
110674
66938
76294
87036
104478
77789
74748
70913
69724
122313
124071
122219
121171
125362
91840
115402
115916
107196
88963
97055
128033
69442
82486
90543
81304
77282
126382
61749
35028
47512
44609
52964
73084
51153
23749
108456
103317
109401
120365
123625
123164
96200
10021
26457
40291
48094
54147
2175
11109
13149
61535
62131
57573
90375
95679
128753
127855
84521
20979
9033
14523
7811
48777
48795
10981
12574
34744
36484
16344
119526
85674
94533
67884
78738
107186
109533
102059
90783
80106
126462
98839
94268
97522
116227
124337
93965
91874
112846
129182
57025
44415
17463
105581
20523
44069
42227
43613
97270
24047
48811
13160
14114
19565
28138
61605
8884
10630
90320
91298
84956
77716
103085
119799
128003
87841
82094
71339
76431
90793
39426
56783
2016
496
7748
7606
31816
48712
51658
22380
52734
130950
44678
99893
12521
21187
72
45996
52961
49192
13353
22628
11554
6062
63708
115546
120332
115116
115520
130930
69081
80972
113995
104381
51971
8847
42222
33874
54647
61465
1070
41554
47102
14865
60465
39757
32729
11013
2285
27413
17825
47334
99393
15890
49563
48464
25417
1367
81660
126046
74240
117612
81538
126592
70362
92594
70832
71555
88698
86068
100255
110370
32275
45223
39922
62906
3090
64401
1144
2293
21575
33765
21099
31321
11871
234
7431
9390
55712
59601
24389
20702
53958
57771
40094
95926
65837
110338
69116
125667
126648
67970
96882
100871
100616
106356
91517
93207
127463
117228
115689
81444
71567
123905
99512
76831
47966
26190
15948
60445
42133
17063
2777
57151
7085
21760
35478
38080
100207
110909
108167
75704
78862
98312
119722
99065
83209
78834
118550
102217
112660
110600
102527
76743
130901
71253
88100
30811
21194
44869
63983
8849
39487
37435
7447
53105
25455
7922
37007
32774
3330
2136
36662
49058
6552
47983
49990
46974
64975
59603
35485
47671
53166
50042
60477
47685
56860
64037
34355
6434
29893
34735
33777
27616
3321
62014
53549
1125
28500
37686
26156
39672
25131
23379
17142
27992
39934
57005
17339
55670
56271
21680
20230
23156
34438
45332
41338
34620
29296
26763
32175
56335
70960
19056
25238
30424
26289
20261
17007
24914
18643
27068
23473
117005
85189
89033
72947
96568
102155
28402
86966
68804
117342
130642
71001
76623
78269
77861
73327
74104
111349
94469
128700
116795
117691
111355
105592
122243
107429
121060
123359
103573
106623
122692
9750
29436
19373
7440
60540
64773
45350
41911
61350
10965
1016
53628
47126
43779
58472
55451
47160
17498
3061
9108
15264
13533
10118
55253
95274
114127
8305
56971
56016
118630
21718
107822
108351
87893
96327
91613
54618
14516
4319
6846
4917
26317
36869
55518
38224
20747
31281
19484
22652
24414
23117
23341
20573
21253
27073
73131
91108
93930
110327
37776
25863
13919
60105
41029
27699
30175
33105
32900
33880
33546
33440
47315
46842
44282
35009
123189
104040
74251
92057
123872
109194
90966
77262
120181
103371
120460
106857
118819
129350
118152
109232
98877
118746
73246
85473
114493
121344
20299
25630
28551
4808
24880
31850
18940
35619
62123
42319
61131
51858
17532
58858
78564
32620
19696
33016
40284
125662
12048
12174
130008
105822
23860
14094
5490
107792
93170
63133
81840
87163
112559
11071
79085
91145
99326
114987
86460
120154
117419
59946
74385
24532
27341
56754
62406
6483
28519
40581
43194
15800
24102
36458
34151
61429
56423
38535
83600
41115
81948
89029
129615
2563
57625
38066
29042
12943
59981
40950
10345
26229
58803
45826
110972
12360
61134
22342
42763
51129
50877
120454
124338
100100
78028
93118
78938
117404
112105
94555
80947
76148
99856
106010
68957
77965
108003
83247
37567
38636
8052
864
91771
38039
116300
115926
40676
49021
3138
6747
6187
11837
6194
11430
76610
71866
117528
107859
90585
127160
124914
54074
16244
18678
13821
12905
8600
14954
13557
13627
56735
20951
3577
25872
45559
18140
34287
19042
32822
40114
31391
2827
13538
19520
39115
64786
6796
30892
51656
47127
49700
87033
97554
110211
72484
93552
72152
119328
67696
124294
79306
88160
79438
108363
119570
106454
129828
99528
5613
30704
39689
55763
16091
23395
36701
49819
52173
32575
29793
5916
51292
95730
100906
128297
73476
82036
99472
116856
81011
96878
99762
71149
117843
78874
89238
118858
119984
85010
85377
120455
112810
93355
82026
115045
100078
67018
75288
85802
88963
107740
111839
114438
107814
99049
88203
74686
5169
22597
33856
52063
14995
4632
15960
1402
13504
34174
38553
3887
6073
2908
56528
28966
26128
61300
35705
4551
127142
75038
77431
91022
85458
115957
127184
65943
82059
94347
79787
68210
95658
90166
76769
65873
92976
85478
70461
79742
98060
90457
71390
72092
52010
58270
65287
50963
57568
50874
68444
67358
69292
69430
94179
101568
66686
81908
71440
82273
94360
95708
92804
43439
47533
33138
42373
46774
35948
36798
38765
44296
32877
28582
30032
31542
104649
106159
76887
66359
82492
101756
115068
4783
10622
8564
49372
29697
26744
34050
43348
42773
18687
23719
9925
29180
59287
26863
6435
63149
57405
118191
13269
50232
62923
63308
64653
58632
55177
14543
54438
116470
124928
111959
80904
122722
3912
113410
98493
129382
125410
108014
101322
120859
76916
72463
84422
97150
77455
93229
78034
87455
27507
33136
30715
1001
25538
10452
5547
21565
32397
23285
32206
28831
26118
27715
31673
34261
29303
27413
45923
38584
47181
52560
64476
114022
1607
18456
4802
123799
129081
127133
123047
123167
116864
122018
125226
67963
91693
109489
113712
54556
70057
101321
118678
122176
108207
113004
99345
89305
73875
107352
99204
21994
9040
120778
94521
91850
90558
89033
70535
70836
97051
43641
74292
60101
78882
68174
61020
77174
116218
99577
100030
68430
93228
94647
77527
80585
87261
73265
113658
108722
121892
99463
102108
105714
129713
90343
70451
79110
125312
122106
42648
91208
120853
119467
83852
66559
121883
11491
69645
29675
57564
47775
4492
25583
21211
8564
58792
52370
3807
18225
5049
52150
41166
12502
22891
65182
68271
102715
129613
94211
78146
96374
70773
127158
102509
79596
93680
128737
121233
26987
25647
10217
26369
8987
53491
8185
20546
50840
61148
37903
40770
65462
63421
38608
47590
63100
50532
51034
47740
37383
38217
35251
46327
21485
31560
10655
11472
25661
14950
8993
69131
67131
117962
108642
103446
98802
125722
104470
120386
101634
112436
121739
77515
84613
113285
125258
91356
85846
112140
105332
65780
82858
100888
103271
10390
58538
23069
13403
8360
31626
30311
5001
12476
22376
14257
648
18028
30998
9840
55416
8906
44422
30916
57110
42442
35825
54827
41066
40236
39965
50537
59157
48078
43247
67664
95487
74926
88334
68543
90349
82257
66353
73643
71917
80030
77021
121430
115606
115240
32673
27578
25199
34125
34337
20418
8108
4084
6594
1184
9335
11122
8788
119700
120976
67537
74941
109874
112144
117980
110626
94542
83618
67329
38053
47312
36072
48174
39695
60347
63344
49671
27235
32361
44119
63523
60178
28528
60017
78548
125383
94878
95548
98769
110909
117005
112807
106673
103897
84609
92542
96384
109688
106364
117776
122508
115458
104313
115572
59434
63748
25989
24581
35709
38731
50266
59408
20352
30605
6701
14031
10705
7599
11737
42554
43960
38348
40600
46638
35166
42879
43364
25296
22733
13403
118245
76481
75643
73336
86479
86902
66724
74259
73411
67314
121745
130956
116589
28649
27543
29450
144
118746
5702
25257
111014
124052
67662
86430
90518
59296
52436
61360
52503
89281
72479
71163
92602
94945
128626
99989
99129
115942
30661
39350
63486
47864
52938
43433
88566
66057
92016
95786
70534
73094
122266
102262
81126
67223
112832
102699
1048
10654
113066
75469
76627
147575
144155
158395
177145
179511
203160
252608
132657
140639
156042
148160
256149
212403
224960
217502
189376
197775
219231
227607
212299
165555
200323
185031
182370
210724
146139
134059
240960
256975
248569
131302
147800
251676
172469
228890
225742
227569
210836
194398
181738
165920
170465
189080
237557
239808
251615
133038
258157
260173
261768
232724
250529
230312
179790
166384
175188
187547
167853
170135
132637
190948
190896
163083
146338
156043
196117
194218
185701
176748
170720
185699
249332
220904
214790
217665
216886
216583
213547
223543
227046
217695
215133
257300
222669
159845
178279
162908
160686
181321
192439
179043
168726
178979
191231
177955
195761
172210
155598
181966
139791
166689
177177
140701
259346
222539
232228
203168
218597
198852
197082
225202
177578
162748
191514
139302
164377
179894
177654
171566
173314
179855
152143
132117
154395
132147
164189
183122
135740
186042
132025
210882
235517
260395
250127
229274
247363
224629
222495
214472
256570
250015
236623
243431
206587
144569
155911
184570
158426
193050
184177
143973
186591
184143
215215
260031
218146
139727
158863
73263
127342
78881
65905
85349
118359
103842
108733
103634
88993
39051
13762
23247
53300
61714
43118
36148
22830
32109
13468
126424
91067
96387
32982
48204
25827
25410
14517
102593
122945
119917
127429
120487
114605
103966
67736
81597
86745
87719
126870
71396
76421
89993
27400
25764
22561
128044
85358
97208
78402
71018
108723
100468
115624
114699
92631
49002
57102
55659
14848
20052
21826
20153
20167
24838
28965
26593
95515
91043
57731
45421
21230
25172
71505
90495
116553
156465
160176
160832
156298
165505
171395
166157
171991
177247
176113
187380
173003
139515
146635
146502
139794
181284
196104
208371
206710
164716
195213
166279
173145
167409
159343
161131
231434
241396
256584
210165
218877
166670
188874
160666
155814
259621
239576
199718
172565
248753
239419
252681
245961
257073
231531
233301
161959
145399
237138
41154
62721
57166
54907
29554
22921
105465
119296
60933
57099
38165
44931
63417
62176
45906
51092
42390
37417
15709
48791
55579
24630
30114
60324
29952
26494
30738
19011
47995
41961
1055
6689
4677
13880
21280
82293
128631
125523
80813
73361
116496
94333
108552
123540
73473
5010
35230
63462
9194
40315
24148
29233
16131
13952
2392
24267
95033
186575
185991
193506
257276
209024
160807
188831
188859
143839
257344
255034
249663
252273
261009
173646
140551
146903
138726
135059
191148
154821
165292
164999
191399
193754
190029
185916
181272
142332
153067
150786
161644
138250
258010
230542
235049
246722
213023
162441
237402
246352
246013
250286
250851
244527
190274
151237
141497
150804
154656
179390
150674
147239
135954
141314
146968
134540
257006
240963
197656
243671
203726
260739
237447
159907
135461
140896
136979
144927
159959
251826
225913
216318
202061
182071
225163
216543
171229
206005
39798
14419
130771
18462
83905
75298
76487
25534
106140
98367
71268
103875
109701
128108
76070
95898
26509
64889
33378
20820
1534
60126
9589
2029
47207
2612
9608
37958
62597
35583
17661
53272
64389
51087
54519
47961
46172
33478
51815
50303
39867
58542
54865
37099
42938
36808
65419
60377
36305
26563
64484
59943
24059
71625
73699
86118
103846
84965
68891
128453
124097
120963
120772
99909
83257
66924
91098
71357
117143
128413
114943
114777
121344
119084
120878
118942
147652
131245
183547
254617
201554
253918
238769
222401
211391
199336
211131
207607
230071
210582
227040
245103
230851
229569
233255
243597
235367
250520
257520
244393
261668
254837
174401
150436
153466
170800
152397
171982
134073
156520
149473
137587
140987
156895
154314
152758
162882
153092
152397
149377
161836
154173
131397
155319
170305
189891
152540
159546
146354
143342
177572
177816
217888
243790
256581
234951
248013
213959
131468
135554
236252
4444
92612
77120
73462
70702
111059
98315
107365
4128
59199
25671
38962
4017
20141
64659
51073
58865
2971
9232
22634
22458
25385
29092
14294
28169
48273
7291
40245
12796
19959
44403
65120
24260
32673
7970
109970
103389
109279
92643
101075
69456
84342
84303
74721
75773
86826
109798
122860
72127
111033
83825
103675
118377
82687
84403
94498
152001
135991
169321
191672
152152
171910
145666
179419
148809
162783
135158
188883
151021
156145
152805
155711
180694
208026
205298
203520
221184
211598
210032
235870
219091
227415
251233
247410
247571
213224
221486
172833
136910
153350
158604
144836
232244
250072
236373
154342
151548
160144
211488
236083
198327
226108
224065
195641
145165
152605
193821
152150
91109
114789
97803
101604
69540
88109
71366
42786
57987
60920
15506
31498
37013
37921
60377
79086
94566
91013
40712
22819
114144
101840
96300
123331
111332
89144
119573
125269
129380
116491
4637
12085
33297
7743
19978
64662
21162
28884
58572
13240
4179
230346
236153
211700
243715
158936
232840
204869
226599
135570
167283
186745
190735
164323
179663
229714
199740
197684
200164
202970
197475
203761
202869
188884
164407
255661
155905
185842
190394
247963
244349
234638
221582
208260
243468
248813
220899
230412
203175
242872
223732
250140
201143
209273
140438
182044
194555
131700
167872
151687
241045
51202
64888
20734
25900
5633
12143
7159
10204
5412
21502
35937
50867
52108
9574
33129
39957
38185
39916
16224
6213
14861
10947
5743
5546
13314
9800
86080
88488
121042
127107
114678
130751
80136
69564
100884
95647
111533
127430
81970
81712
85957
39022
211977
242936
230939
260685
260838
245385
250336
247215
208788
133739
159393
179258
189051
170745
178677
192863
203197
212409
228170
179267
186154
158988
183794
171300
212572
143364
163332
138922
171226
152614
134312
180369
176347
173743
177652
169644
175277
169432
176350
260947
260774
243410
215758
249223
226738
251706
230977
245180
52390
36795
5419
22187
2691
19916
22429
30936
36970
76202
130471
89531
112983
102006
11654
7928
6951
7265
2829
208
62506
52534
31354
6809
5946
19501
47691
58382
28172
8356
34446
14370
34872
33520
35706
34241
34414
37050
39153
36841
34544
34584
33886
252170
200542
228895
245272
178380
170026
183066
191087
184052
245205
204097
218375
213434
223046
223022
236407
202397
136553
159712
261416
241517
238419
251701
238278
190331
140635
229789
227336
209777
210238
233922
21505
5310
42932
44024
39244
39580
37245
36543
45565
14937
5245
63465
121635
73953
123503
123032
3942
1366
70430
73304
81864
7463
37323
97267
122341
78821
105615
95149
112063
112555
104495
78550
86738
18533
46293
84309
60040
50244
46906
94952
130768
52974
96715
21861
8511
59158
32061
101637
79573
112243
65877
123193
107617
111616
93398
3685
29986
47256
100470
106342
19636
23870
126712
146350
223684
246614
162774
175969
134879
146189
158435
170579
191223
197802
175303
238333
233212
210877
212465
246652
234165
211796
238024
217368
181234
135118
159643
152121
255569
186291
148523
233565
200525
253307
176533
162051
134370
248079
161522
164329
176699
164917
214191
234824
167293
244950
216430
245546
148102
139034
249870
163474
155241
200997
136673
117732
13300
36463
19252
32978
111400
93356
103933
93931
28739
35851
29257
59504
19572
79569
20169
45361
57400
71913
60917
81533
104335
224128
204007
211855
152521
220474
141976
223824
258529
151111
190253
154821
220600
259331
250193
219239
258446
234157
187120
254684
231650
221878
247661
142791
225398
178206
143378
134561
176121
216983
63691
15724
29312
48900
43256
32735
15137
11868
79227
77167
96528
92417
14909
49194
48390
43378
10540
79548
113793
68773
7079
92900
126983
118306
93258
128186
16105
9298
54698
111624
122400
99082
110715
56513
14139
92913
48325
31714
7282
36950
54194
35833
81938
58702
12895
19571
82232
79162
117754
107604
107772
9639
251093
219403
158693
144453
185680
149558
157984
142680
190645
154590
224074
259218
205101
258193
184834
164945
230507
261102
182643
139088
199407
195076
176122
142631
165990
137156
229201
133052
217216
136958
248775
227544
204708
30768
22084
8390
117207
100901
130378
105054
103960
99812
99134
102970
102479
98574
100601
104076
110426
7358
125389
89167
118117
76266
93846
32493
64318
26630
72226
161092
177260
158407
150263
185770
233837
255425
246608
234844
233693
225099
151722
258483
226796
224973
258134
179475
250344
166828
246469
172066
153208
202904
158899
234552
206206
256102
219838
145625
109620
86659
121272
98709
109182
65168
17412
23963
18764
23670
13862
123484
106977
67559
118391
100510
107133
6452
97892
110120
44740
14226
248798
179935
207829
132221
188330
167976
163382
162482
158650
159120
132276
134132
257932
142812
144634
143614
181676
143126
186469
131479
192497
147094
180516
168083
248917
258854
199083
238792
233444
227088
234084
239282
230324
225920
228744
229380
229346
241701
225295
256339
239571
141999
190642
66294
114436
30763
81444
56752
52066
61116
20761
37103
38193
26762
41875
21267
25022
61861
65142
56002
16890
28796
33311
18749
22179
108124
79715
123953
130293
73296
117406
20127
4989
61735
83441
119007
90223
68825
171813
147345
211215
257197
218101
240153
172881
147587
190159
131298
169086
133706
165910
188305
150409
145737
184326
194158
135366
186277
139317
169465
134760
142804
156370
165166
171107
139339
154388
166484
135890
178722
165282
169332
74382
81788
93928
94366
107876
113520
77220
107628
93416
70562
68644
42396
62766
45788
61033
39361
79282
107826
124889
73899
73905
74674
90784
85590
85890
97456
83861
111458
68258
73870
69604
74570
29158
28548
12750
3136
33038
39434
12079
60968
21551
55321
2666
12882
51185
120062
100354
67870
119699
98680
32094
5732
47962
62726
12476
147970
173178
151095
164317
187410
172940
179797
173928
253816
219554
216213
136889
144303
206383
204230
260500
208986
252495
257629
197981
49641
1895
9254
49522
33620
42454
35574
19227
11400
64171
57133
13790
57133
39618
87143
127763
110129
110694
101312
91908
156768
167247
153071
179044
149732
178599
150447
179453
167981
188644
143138
184402
179378
165706
136828
247542
223843
246617
240183
137690
175108
139587
142573
191312
139181
183695
142307
163349
196162
183200
139232
226168
235472
198611
255660
205847
202268
158933
146556
158454
184149
168130
149780
133346
206280
206722
207398
208706
241585
225454
221610
204500
209074
247745
207662
229437
138036
98322
122695
66613
67881
83926
107978
102885
94958
106373
86362
94925
130177
192241
143888
188906
136775
136645
173138
151014
133451
176287
166651
220698
222679
167771
183949
154721
180217
149052
145479
191088
170086
172402
138334
139672
234932
208566
245005
36235
5176
40030
63053
51059
36461
4482
46195
5553
37819
23550
26803
52592
40462
9731
62085
55461
12752
15170
53275
51266
52574
7478
65390
1078
65280
39100
5286
37188
26309
29279
45409
56614
40358
25793
31564
36328
193587
213240
256063
209462
199828
261283
257912
173440
168718
165111
237895
160101
174467
149599
177854
155377
179264
180697
178088
155300
139315
176470
165463
174932
136112
157668
181831
167734
188224
160028
175389
81662
119862
100205
99239
98390
97998
97517
111144
90494
128939
76237
81190
74970
80436
130147
116393
75665
121403
82834
95973
68071
125266
82303
98132
119099
65760
122025
78746
120400
82922
105895
130088
93663
102907
94361
100799
90256
73328
92319
112349
86500
100161
67358
93613
80318
83262
125227
86472
18608
102556
26870
237847
214588
245218
241635
238113
238918
239798
21474
22517
21085
22250
18312
22775
22571
50951
43357
34369
23262
55762
24735
59942
20198
57675
34425
16391
49116
3006
27385
17442
22574
57987
29293
13593
19517
59359
31973
54047
214097
247731
230447
239917
243637
243466
160975
168513
166450
171250
167624
159350
164306
171388
179672
154638
141990
131100
191006
186070
143704
239680
240083
237493
207594
162810
53821
12829
14593
54094
50562
12497
49935
13442
50202
253588
259736
172846
236312
152181
143773
164580
150329
175403
177099
157759
222559
261126
23173
126478
79684
67894
119381
127555
124654
127149
72803
103794
185553
133633
187504
171901
159035
173004
173899
152307
175273
143232
146120
188197
141522
141844
225698
222895
219515
245366
231664
239785
174245
175359
172458
249860
203590
260207
188415
161303
220906
186385
213620
239089
238466
213980
211706
163612
171550
147758
241782
242326
255032
230186
182798
180070
185732
188199
180299
182774
135650
138017
178688
139400
164914
143020
176796
231238
217779
209831
210365
208663
211406
217804
229366
209042
226935
221271
227911
197799
221691
42100
4742
41414
60962
30555
47391
120083
177632
143906
174224
151988
232828
241996
211194
260046
251978
252203
134838
190158
260515
216955
212160
230775
199607
240078
233691
253992
250276
181035
168415
175074
221836
229056
188070
203709
186547
195051
181300
185400
186437
27226
42758
102889
105531
88587
96170
105852
85715
182631
185497
167309
157835
244520
160284
193509
131485
163139
152397
152811
167792
161124
190346
186656
189875
169312
256371
209197
196784
250937
237342
220098
213134
242274
260490
211386
206063
261401
245695
212905
164394
134161
199239
46476
11942
33011
52112
63125
86202
70629
93122
418
43800
60583
30685
125501
129067
79802
107368
77220
111140
76589
8985
9648
11818
18184
53596
54574
30408
43848
70129
71950
76828
66903
69531
57386
79444
198040
201110
219776
238953
196883
254463
148023
162974
139676
133072
109752
97372
121982
129556
86430
90679
94228
69844
55752
28124
52516
68989
114165
82771
91645
97162
93725
88235
124350
113559
116076
15520
123272
40586
90979
104261
20945
6362
53361
23145
50767
14557
36901
43682
78720
10794
18896
82188
83254
85324
98270
98973
125357
103833
57093
12435
4393
36107
39471
53644
4856
26832
17834
31295
25991
249359
204765
219328
223028
246274
209522
239630
224543
216242
237734
252649
246218
261909
208033
239049
240463
185749
153971
134781
193510
145965
114242
104642
79082
80985
65723
73846
104071
102400
103088
102981
66414
72028
113623
86085
70830
65572
72486
68878
72227
133489
179881
173962
142048
170386
168412
216283
244935
216944
211216
241742
35936
86326
88116
86263
90526
92330
92965
84108
96856
106024
100681
128231
120655
91409
53878
123907
115367
56952
61066
9995
75616
73543
99157
79710
126361
110462
98697
75116
91747
84977
129056
91465
163803
143733
260351
226491
259154
247014
157580
157200
188093
142476
187180
146628
138465
244616
203574
249131
257484
258784
229710
237070
257898
204377
212249
198449
205623
211553
212525
222821
225473
222825
246576
226402
211100
162373
215313
209451
249373
45595
55296
64917
30762
45227
28465
1971
10465
34345
25934
104172
83538
256046
146163
167415
157911
156119
174237
132206
142664
192997
153950
177125
132947
227168
219254
135837
202437
177122
244826
175134
209944
153441
193599
201581
230262
208524
36265
3093
57310
37240
57865
5085
27157
62987
31501
16071
54769
105434
116195
65018
113977
87977
159357
166915
184070
189849
244641
256248
174830
136654
131186
180636
151586
140718
178387
153623
163112
178869
137307
143697
66951
125059
101933
105389
43432
63763
28711
48237
246247
259085
208947
217766
247832
203863
217428
257924
227440
214836
222842
257805
249587
222465
260396
261211
222739
251747
241694
203418
245715
247853
215542
237848
239368
243432
202727
232692
201068
158028
192690
163554
222898
239434
204537
243163
164369
152130
222227
252131
227902
247409
259355
250763
253554
247101
258647
259496
189834
197552
218030
219635
223629
218607
252564
228310
240585
208867
246343
211213
243017
217518
253736
177725
109653
33358
121162
71772
70935
71627
121683
125819
84821
123369
67599
108547
84958
114496
88320
99776
81129
124084
130390
112175
105264
103853
44309
6735
62863
107326
91236
108590
93964
98722
100626
39029
252711
227438
232614
212316
256322
202406
250410
204766
247242
42304
23496
40333
12802
43479
24360
36769
25904
41428
19080
58791
15532
33482
5971
88371
121779
77066
107972
89817
107031
185388
171340
176386
150282
141569
155056
151617
158558
150973
150588
191494
181066
241294
215758
257499
213560
229911
102390
90754
81688
107907
108429
98985
118903
70483
103391
114972
121367
113269
109401
113383
42219
250484
253664
201269
261185
231370
220819
254258
254342
261678
184022
151006
206898
231450
225261
173207
191174
179464
167386
192273
192492
186794
178530
184159
178618
169552
93349
88867
33405
45652
59193
10226
3807
11603
63015
57534
51506
38746
16940
6878
50443
38832
22298
5566
11064
38377
53379
24814
19598
22165
28833
2247
28632
19378
10688
15368
7019
25353
20856
8033
20423
35213
10238
47025
26125
15
20480
20406
55697
129663
169727
160899
187916
99594
59333
1564
38315
94189
119106
185422
176254
176107
184040
173463
141823
150593
143735
148705
139779
132276
128499
76355
125880
105912
110705
101915
121005
121735
155230
132485
155336
162470
153050
102517
110222
98777
19641
37409
48045
32302
15451
28268
26784
21729
15094
18054
42796
27682
28854
2
3547
85141
124630
113958
119495
103606
84638
187168
193796
165324
174138
185124
208640
223559
234225
236122
147008
143471
148430
237538
260635
133848
141503
246189
238855
158481
151631
149646
31556
1796
10179
112914
67537
99729
85672
118331
97259
28228
29262
29958
31638
27634
28814
27730
30174
27298
32725
20679
847
30886
109908
91163
70497
86167
68988
85783
73226
84037
96565
76723
74027
216529
237641
209655
225091
206786
175592
192934
191911
160696
158898
152046
148314
148136
137627
244726
221060
233087
236963
146535
227127
203309
165683
167417
186666
171488
177252
148754
179212
136705
132767
182019
190125
238487
255865
227923
252308
197428
111914
83274
53870
8750
41322
122019
107835
73041
113628
46063
21490
66418
125670
69530
99312
78044
117610
83178
115684
79310
12816
57058
117222
97964
67821
104926
61508
102748
66182
199216
207290
210670
212681
214046
255107
221630
224645
248643
205183
259704
182939
135279
183701
256636
174924
210499
245153
191301
156947
170314
186434
178274
175543
177845
193002
222015
131914
153260
139218
147035
192112
186086
183422
188429
152865
136451
181283
176250
191634
173742
258524
185802
144470
146834
238544
193948
170571
192642
131314
144956
120066
112794
91193
65049
44048
67045
129299
35881
7235
102263
92858
31454
25745
40134
29979
39341
261981
225891
138131
160295
144530
137418
225516
167586
216204
222132
190876
169994
159791
164463
163282
170010
173769
178222
154617
172607
156476
153599
199866
146098
216492
253078
158875
224754
168616
179311
192511
145665
176308
226439
135471
148144
179813
179962
167621
185914
221556
226265
199689
221585
238863
212787
155795
255754
197624
158048
222126
6776
43542
6284
86890
78316
29420
97940
24546
59563
54478
246051
197046
201766
180370
97275
50718
22262
16474
124119
77417
72415
83602
70864
68886
69302
91952
66172
57790
42602
22866
46278
22785
126849
65620
112439
119482
108735
19601
91903
32514
15267
118675
32294
28816
4661
3925
13847
35832
7662
13602
108434
31806
24117
108091
125062
128300
51132
167445
153702
109333
124008
65634
73014
117183
97335
42224
126295
25771
54309
35590
35831
70921
36442
48976
78911
49393
42518
123407
113318
100058
51339
9171
22073
31402
6400
20483
173429
159144
173782
141206
180752
153430
159076
162452
146256
131318
149282
132311
162921
140596
180025
113117
41184
33312
55006
203125
202129
154783
252475
229405
234125
235513
243539
240265
26397
87946
22526
76893
104145
130068
67957
221632
220576
236351
171551
146560
228538
255152
210702
234861
155325
180470
150818
133644
135642
146410
135701
133586
242158
2994
110657
104726
28040
98678
64301
36318
204697
245619
247537
234512
245927
236174
247946
139175
161071
154127
241599
237083
257254
163630
240603
16433
49541
19204
16110
124163
104880
18357
10479
2934
112799
7236
23149
124671
71667
116878
578
11316
54582
243629
258505
151133
260361
236829
140837
146101
238659
260453
251873
259214
253071
231329
156723
146439
159048
145444
251743
182047
48376
63115
43414
57236
45118
129871
131575
135253
181147
182980
171812
107808
62136
95511
6943
87943
115012
120852
122789
100321
149022
154960
150206
154263
152684
174260
174641
177960
260293
215141
151551
163610
211322
171905
179191
38099
74658
94225
16138
29241
105220
13124
92702
38148
79706
68388
77060
74248
44946
36692
53754
59884
82969
38202
36863
35572
52356
50182
128102
89165
45197
36183
77525
67729
126183
65873
61098
34002
71730
93983
49670
62610
61862
88474
117642
48160
12672
75194
65989
16159
58007
12271
67875
131531
224017
159313
209247
184009
167303
171143
219701
217236
169214
171044
148524
193101
148773
212289
194575
255065
165009
239225
219841
244122
166252
242038
219100
250189
172477
151468
158322
142273
156385
19943
117857
31761
65180
86654
118229
124761
78149
127691
66736
128172
69406
119779
65871
64019
26847
64084
20759
66010
118532
51960
15986
40854
10184
5214
122162
29076
27420
29698
31148
9009
281
4597
14781
58247
53796
28155
22503
125
1349
17072
56048
55877
4710
53505
129000
256128
169165
210533
163973
205302
217120
203904
253722
226775
163876
181032
169817
181661
164320
190778
191819
162709
137097
231979
168068
165621
183436
149821
190707
158742
143133
162868
184724
222488
252836
201270
228081
253289
215398
40234
65184
126416
107629
9141
20954
9450
20371
18802
13798
54660
2265
50837
121535
65797
39929
228917
200690
219099
246118
164748
181460
185263
192269
161000
171328
138327
156531
171723
172108
224357
260915
51462
203704
162774
64950
20433
72278
109457
113789
117295
104658
110701
100611
119775
95500
38672
78513
100077
195658
246257
243337
250623
236019
148654
178524
167494
184796
187139
48385
93827
118795
49951
89911
33914
23706
43541
63179
46444
61884
98514
70961
248310
243854
250636
259056
233198
251783
169249
218343
201081
189393
171875
189363
156915
142614
196305
176559
158868
196276
178173
173540
230243
230045
244552
26818
26856
118643
17220
52257
46120
50966
53930
42402
83838
76722
73167
66026
94653
75913
70358
50262
13750
23483
233057
197715
224841
196756
251459
255201
164319
142432
166164
185006
193908
195474
188766
168895
176248
195988
189636
179918
178934
195603
183669
164979
169295
168821
194796
172239
145073
172461
170222
169756
190505
169049
212354
216934
219980
206596
212995
237827
157547
215191
240753
90035
74922
124079
107296
126858
110346
110932
53854
20553
50845
20906
118089
90446
99508
5008
69487
19871
76650
27893
60856
748
48017
56346
45195
54191
49690
61342
17719
32761
44123
86021
74617
73873
94382
85332
78190
75234
33675
16326
1195
40092
65506
52700
36992
45330
115202
128987
112961
150496
193536
240319
168993
197166
131795
153585
165899
172755
201081
198404
205335
145759
140345
134161
142203
144561
161623
161721
150847
160874
152354
255675
238956
190142
167771
173318
175482
186003
166450
169107
176996
159073
160297
148839
218359
189311
134668
200606
243705
204479
145297
101190
84301
7349
4287
26906
26437
31015
13725
11166
13346
96692
68644
58372
47935
225525
243315
184444
183158
193810
165363
191115
81794
80258
91476
81964
72244
77128
37233
38131
96256
51099
48471
63592
58420
210486
215669
251297
249750
208206
148204
132368
131777
117392
119964
53211
16266
112994
113653
107326
112272
105673
101996
34268
41638
64339
61969
35642
33362
3636
227416
257670
16226
48182
11650
42758
124015
204139
183662
140266
103942
24159
89495
106512
80620
71532
92964
11997
107627
87571
23886
74711
105677
42817
20138
45403
107891
173272
140819
244033
260317
231011
153347
157609
177830
140598
168728
187754
249757
216852
234428
179193
222197
222061
211740
185278
179622
190332
213337
225458
222148
173414
228147
226487
209557
237599
131279
206894
256221
134367
153062
9750
67080
55777
41207
99845
71503
118909
21490
249861
230629
193637
252883
220565
214567
160390
178175
185037
176351
147635
134797
244447
237761
246895
215123
237263
213120
215060
249908
193820
74798
83221
127268
76329
130145
88604
23680
104460
87883
113371
34462
33846
37352
226670
223746
229138
212630
227668
200934
259545
152458
237094
175270
228581
219973
228564
214714
148023
83757
101414
29446
26885
86689
86239
176931
251044
204754
222250
252464
236991
247632
248928
245508
194326
198564
172414
169582
176775
256879
233169
44507
22715
57669
68208
95356
71336
83468
261120
181861
131906
61979
27883
72126
99955
40855
60915
52578
243617
249885
159182
255082
205641
218766
170884
233413
174205
193688
215512
228061
189053
169351
177313
229218
194126
247174
194342
153858
209159
182197
153171
155446
231935
240139
190430
246765
206082
158458
138138
145125
237428
245423
156632
142222
250292
256407
139049
235418
93116
96226
47375
5607
118986
125556
73536
16077
110866
114400
124913
10301
124204
57094
258751
252992
237412
247957
257839
237290
237022
242398
138128
241458
141840
157926
133917
224775
193401
193036
194917
165923
204447
139790
238125
238875
253129
177120
145752
154152
153418
162668
246663
255809
245148
231415
143231
134123
170914
194871
193441
183331
145927
199585
133929
25803
257722
139035
236623
152609
234414
154974
250339
159699
255449
209581
142876
158649
223473
222684
177563
213109
134030
157565
223897
134314
209271
253727
185163
199719
175465
229421
154869
243251
135226
137414
41585
40230
111530
13710
107764
19065
152277
162442
258545
242999
110597
24195
143456
142350
191379
176544
167765
252048
257722
178716
162193
244211
259522
194786
260346
135430
261956
259934
144640
260081
118683
13271
71401
70694
59560
49294
33400
47664
75228
60459
61543
77471
63383
64862
82968
89930
169439
207939
197566
173092
167895
210359
224165
170858
179757
250508
261072
160844
229464
207028
160822
172142
162648
205506
151776
118460
252605
165104
146958
203776
173268
171284
219129
210869
194983
182500
159243
207187
244813
146137
196225
162623
224603
215487
202307
217421
248939
245523
220566
133336
227183
201201
186246
200761
209372
218026
222561
207531
191509
174195
225368
197716
173802
167598
210669
224874
224280
161190
181846
233952
176568
88033
61421
124735
14129
2975
16647
61979
197146
248326
209816
203279
176522
192505
208056
226205
214450
255023
150087
136155
131955
210042
249690
199324
256894
189162
208214
201808
243982
176610
156434
189788
238259
252031
155398
161914
162398
158648
162591
260644
211468
261028
167432
149653
201447
143254
177198
246043
221251
261660
138382
32997
54818
118618
92072
122700
166326
118050
88676
13098
48260
56114
33016
44666
64678
89790
89063
86506
77541
106513
18095
39011
108211
43708
38352
17612
43790
87436
71527
90820
70827
52173
37340
58625
74473
68443
97657
65996
40354
33394
48384
119319
114993
103477
6144
20430
38401
38948
125784
129162
5318
61509
40380
16572
235571
188105
198827
175197
165663
220579
219361
196817
184963
164232
91038
213740
214961
200443
214429
203085
250635
259418
250115
254273
252533
261631
22270
29106
111170
97064
56019
59065
61540
38456
176832
223276
236776
10826
232774
155238
222328
43249
46838
44857
221802
247734
154362
131154
168352
196919
225676
214006
216526
195134
150075
258288
176964
31593
7549
28637
115176
124034
2793
36667
83145
73119
57955
147104
232041
65224
41738
37893
59657
202024
196807
226053
202861
200161
229139
222860
164193
244100
192956
162629
197309
198635
239633
137908
209754
233083
244795
154527
174810
179268
221562
211248
217110
229073
230525
258559
222979
175574
151084
235695
24717
6309
10740
12325
553
24544
72101
89786
89752
129840
122961
98447
101697
129861
92109
58931
60153
35221
12172
101825
93116
10989
2869
17725
21768
41933
60758
226253
205521
209737
193642
140880
137448
198259
207245
181800
200830
204549
192899
165459
193189
187293
177823
175777
192291
193750
205365
156810
149314
147941
158428
237656
242948
164557
155787
241384
258280
256457
196974
239453
196896
243143
239054
233465
158315
153408
228787
228310
229212
243798
226210
252625
161455
176967
235670
249804
257659
252905
253097
254415
244503
236033
234284
262060
254011
238697
246221
158202
132731
136396
157911
152714
142150
253354
260501
233488
259956
34314
43900
260253
244083
176314
231204
235839
253199
247521
240431
151885
136263
132945
171494
145688
175591
178753
138324
169889
195908
131096
163495
144475
253359
149427
132883
155128
100916
119016
98380
81464
193370
222714
207267
214919
201326
154822
230256
253865
261599
252961
261498
252896
259132
198804
212163
198894
205452
232089
242739
236153
163280
162631
140197
180369
133607
185067
259918
68392
105952
95672
16464
30833
18467
27167
44910
33903
52168
244334
211135
199411
251479
199994
211576
253110
150053
161341
140334
132798
219021
222447
215303
196549
187692
171953
167175
188701
188329
138813
138424
178893
198370
213548
197077
211498
55002
58308
54239
51631
36668
4475
48387
122576
93265
116524
131066
123989
109753
65775
107033
200455
238381
261417
228391
198817
239593
162474
165233
170813
167604
185201
136907
251113
209902
201592
220314
220266
199094
192083
137810
179869
182236
186610
195859
204411
222773
251809
221298
54151
13853
127976
114164
113758
73892
74566
92320
45562
56122
50852
53126
55967
65112
83271
105054
81190
81145
123693
98031
43421
233
53841
43027
10407
254791
259368
237384
243175
251201
256519
241875
235345
240851
242325
250263
260216
225143
218673
257360
228320
213220
206207
203397
224513
206105
218937
228443
239829
203739
209765
203325
206999
236843
213538
216004
254222
242556
229953
261368
217725
166949
229067
48746
25190
58
5852
26019
46295
32535
16543
29887
