1272
731
1031
168
1665
1401
1007
1593
421
890
697
1171
1014
1136
160
727
318
1366
2409
1215
784
1237
1547
2024
1198
735
1217
1381
1050
1540
1946
1384
1820
861
1904
586
214
1286
1189
1393
1963
287
1270
1314
408
1193
2253
986
403
1001
1306
380
734
1600
970
298
1375
621
1456
559
825
1064
1658
1438
1812
2248
585
668
630
126
374
755
1679
1321
383
1230
1283
1116
1064
1184
206
195
446
1283
945
1426
996
19
1038
867
1889
499
2513
1115
1654
1425
660
1933
1615
1010
1019
1542
1290
2212
1738
781
380
1039
941
1616
1473
2137
1662
548
475
1369
429
1878
292
30
1539
48
1670
2013
334
1742
1430
983
450
1277
213
1457
1910
1090
952
372
243
1045
1006
713
1474
549
2622
865
1601
371
2034
999
1744
751
1824
1510
1240
1890
1221
1170
779
766
1767
1654
757
593
433
100
687
1054
1291
1238
1931
1467
774
1843
1272
693
1405
1145
1042
1465
810
783
460
278
1503
736
797
1022
1903
2021
1348
982
266
1036
1745
1074
670
614
105
506
984
1264
1094
1503
266
1030
1351
1978
251
1617
1392
281
936
2323
994
2286
592
1629
2297
1239
256
1246
1370
133
2125
1753
1468
1839
119
85
526
1526
1622
671
1351
1382
1032
1024
506
926
1739
714
1207
1546
617
834
1317
395
313
508
562
956
1430
764
301
740
759
838
1113
1476
862
751
1591
1233
717
1877
1601
1481
210
757
1766
706
292
1197
301
439
891
273
1715
334
1755
731
1745
350
301
1893
1392
2259
611
1617
2436
461
467
1654
1625
276
1281
1164
911
1782
1168
1301
775
2199
1768
1562
396
1857
1743
153
1531
81
154
1176
1344
859
2095
1231
655
1686
693
2522
419
835
818
1739
2179
1377
244
577
945
178
1614
510
447
24
922
542
1723
1067
1451
366
894
1609
948
1274
1811
1313
1519
602
1781
736
1841
1109
1062
255
157
2104
293
1717
1281
1193
1031
1682
119
1064
895
1836
1013
623
887
884
2711
107
460
914
2040
1512
1756
553
2386
278
1038
1795
2226
587
343
955
476
981
734
1305
1831
1821
2267
547
1179
465
1220
650
1214
351
685
1232
960
1119
1261
421
152
391
356
928
2071
987
114
157
1953
225
569
1936
1434
430
468
1994
1601
1987
922
1084
1153
1736
355
1599
835
2072
572
1197
724
395
1239
399
246
1939
1385
457
1396
1082
843
1785
440
1499
1153
444
765
966
1424
852
209
1035
2352
749
1263
581
277
2005
1989
1771
1536
1098
1755
522
950
141
785
930
1387
1632
2053
1471
454
833
979
453
1240
1266
1454
1064
1734
172
1298
841
500
886
2156
2049
1421
1470
185
637
19
1806
1428
959
1021
2130
249
1059
836
1297
1153
491
869
54
994
1458
652
168
418
1697
2091
1609
759
1061
740
1305
1933
334
166
2406
1511
1492
1074
568
1193
1597
1510
1281
2301
1125
2089
315
1049
1534
904
546
1234
1815
741
874
1118
342
1453
2449
828
928
698
942
734
1414
1298
1538
1592
731
119
735
130
2108
1264
1132
484
1435
946
1885
923
1704
1549
1832
2348
636
1409
1505
868
294
816
1030
804
150
525
320
1091
1301
771
1159
885
782
523
1445
1194
325
1542
771
835
1304
583
453
165
1089
1125
1840
609
1373
953
1030
1518
831
1402
316
363
243
526
809
544
1665
2010
1818
1484
884
291
578
489
1188
486
682
947
515
1037
741
359
1174
677
1787
1513
611
1510
821
1684
1166
184
2314
253
1553
774
1958
2143
24
718
996
512
115
808
609
1904
770
902
1059
25
547
1050
269
1652
1343
1703
1552
2059
1495
539
190
1484
858
667
1604
1257
1618
698
943
1392
327
1042
1341
255
1836
1218
334
997
410
388
1906
978
1186
1398
366
182
626
901
979
183
575
454
1464
1924
1328
1519
1665
146
1207
713
410
1171
79
1697
1280
305
1173
659
160
669
1860
1725
960
371
1313
1885
940
740
1725
144
1117
600
45
545
1509
716
1688
993
2436
2276
821
1075
219
1046
1370
140
454
212
2594
1299
157
623
689
569
1555
596
500
1615
373
663
120
550
993
915
993
1717
1056
1240
867
1668
1472
409
1077
605
638
1040
240
138
478
2472
454
1716
2108
741
1532
553
830
86
276
311
2196
663
497
109
225
626
255
1319
550
1607
636
782
73
1555
1212
870
284
1813
327
702
1401
1840
493
816
1013
323
615
675
89
250
1650
1354
1200
1944
1217
102
1959
1408
2001
915
1502
1680
2060
1169
1443
1114
1392
669
1800
874
1782
1876
464
694
622
1416
277
84
123
1187
1816
1503
1585
339
1607
1407
1134
973
1009
711
874
402
517
889
229
1067
568
1153
1453
473
1880
961
759
2045
570
2015
812
1516
895
1565
1374
1530
1946
1031
1094
1211
1186
1005
352
70
884
1871
1883
1447
421
567
1190
1391
1429
834
1257
534
1165
1791
1233
259
175
378
746
1773
1425
1649
1263
1155
377
622
640
533
548
1316
483
1881
472
1458
859
1620
1287
298
355
501
1046
902
2227
1004
2304
794
678
329
579
58
461
390
89
957
1679
572
1886
1278
1690
1231
704
1607
1554
908
1188
321
202
2139
1632
1352
1106
1029
1826
1235
349
329
1073
494
1524
363
1186
663
927
850
486
1443
1417
58
1448
1312
428
1824
1547
497
974
848
336
1056
225
1079
1280
807
2344
567
1877
379
883
563
779
1878
265
522
445
1132
1085
2152
1414
727
1493
2388
1161
1373
1834
828
699
180
1367
1195
1483
1423
1902
745
729
681
410
1469
2066
685
1808
703
801
1113
1888
730
2728
1186
326
1540
697
666
155
692
980
1631
2130
1468
2221
1419
2024
1991
1059
1637
408
135
1192
1987
588
816
1128
1744
151
384
1586
1034
1576
1183
276
221
888
1551
2185
1104
912
1333
818
1927
196
1890
542
1104
1450
593
1380
1287
1545
1983
1101
1232
386
2131
825
1184
765
2218
1186
1549
570
1109
947
776
225
1070
677
1626
333
727
1369
1591
519
723
1335
1480
1273
764
1653
1445
2222
912
1013
1448
114
215
987
634
1551
675
554
422
1082
1446
75
2004
969
944
1136
592
2003
819
673
1205
1027
1158
2036
810
757
504
1167
1570
2087
629
1665
324
1089
384
1057
484
721
665
1981
1113
231
1535
751
1810
380
559
1552
1240
931
1459
761
915
1068
1308
2009
1857
453
336
126
190
440
1416
1618
1182
767
1242
814
1792
912
1478
472
1038
646
1391
2163
293
1205
1583
1085
927
1688
1057
230
1048
1027
1282
687
1884
390
1600
655
1522
438
1540
1581
99
570
243
1769
519
696
944
271
807
621
894
1260
1295
1707
537
1669
899
771
683
311
605
1538
1345
2239
1954
1235
948
1963
1322
1368
1444
1611
745
593
565
2152
482
2007
2079
2035
463
2219
1152
240
1550
1106
810
1160
2203
958
1676
770
222
906
1779
1425
805
894
783
779
1176
1084
1637
996
2520
1532
1437
1091
1047
1746
372
136
826
915
1189
2059
857
1881
1711
1055
1667
666
366
1191
2133
1680
407
1369
1928
1186
723
2273
768
801
351
676
486
649
1020
1719
1605
718
1919
739
545
1192
1785
1116
516
1711
1169
486
1634
612
1006
1290
2186
1151
1145
120
650
1321
405
1242
2068
2318
983
1487
297
1350
2277
414
1942
262
1432
363
1698
106
1093
1005
1527
2182
970
1232
1978
224
1599
1972
962
982
1643
1195
1128
294
1702
1343
932
322
457
2073
668
1482
540
670
1090
1822
1010
316
1253
1529
12
2130
1014
981
2025
733
654
806
1566
688
577
2216
866
1225
1013
247
1313
141
195
632
1147
895
1305
788
1391
1486
582
1073
96
1828
839
889
1344
922
2236
1352
683
713
457
567
1865
846
1223
1002
904
1496
1005
1016
1518
802
790
790
2247
991
1258
839
182
472
1166
130
1315
762
1420
298
612
425
759
553
869
2033
2447
910
472
1519
189
1332
1444
346
242
669
979
497
187
1600
1275
1229
455
639
1225
401
1084
778
1586
2341
1977
707
1077
815
939
1809
1087
525
333
1094
327
2041
282
394
1132
2103
1594
945
766
587
818
214
968
1459
918
157
1905
1374
1620
774
593
491
1129
1945
705
1222
398
1651
1806
406
699
727
824
1224
107
1617
1163
907
1455
1343
1796
663
1516
1943
1282
253
1206
196
1471
1561
627
1571
1061
610
1034
840
248
530
1376
184
504
1969
1552
1004
560
1584
823
1232
1627
1286
373
1087
1183
1686
1031
1441
866
1290
358
2042
535
663
1261
1238
1512
1620
1923
216
1227
1211
133
772
509
1533
1803
1091
1683
221
289
1067
1000
851
1199
705
1334
557
354
448
1610
1425
1326
808
878
1201
1355
1205
1249
1705
1357
2374
205
1769
846
1757
1384
1040
1241
1530
1310
1114
1242
909
1804
1029
36
821
942
133
1117
571
334
904
400
1126
669
552
1065
1547
2018
1668
2125
347
1642
1173
326
817
508
788
832
255
306
120
207
998
1436
183
599
958
1716
236
268
1935
291
1116
1399
1201
1536
1678
2305
1312
1339
745
1682
1758
156
877
1439
928
698
707
635
912
316
1393
2331
458
74
334
821
424
891
2418
891
113
849
421
1499
648
268
1137
851
2062
783
956
1118
866
496
1324
1348
926
1019
426
957
1008
1094
1510
259
1451
1870
600
1769
129
837
1077
766
1444
569
1505
1486
812
796
515
887
397
699
732
985
608
235
727
1044
961
302
780
498
1844
672
981
381
627
1175
392
1578
808
732
1841
632
877
998
826
1073
828
693
1234
371
802
560
1221
1690
1379
801
430
1774
440
865
665
1770
961
1324
1682
1665
266
939
1059
510
2428
1199
1208
904
317
227
1398
280
428
1864
881
240
714
336
544
601
736
791
1582
666
1053
1569
1984
1565
483
1128
223
459
169
1439
1755
1415
2367
712
1639
1061
866
70
763
677
2214
1331
1844
1733
1841
1095
1784
1443
212
755
271
1721
505
980
1542
702
449
1141
290
679
1170
116
1367
1989
1728
431
1435
1178
2001
508
1089
960
464
2065
441
1523
588
103
2601
1296
278
631
783
637
817
875
429
996
171
896
493
826
728
895
1013
712
1232
1193
582
251
719
1629
947
1149
572
984
1926
1269
1824
126
1541
1073
1295
532
1034
417
1140
635
1411
1619
1158
2484
825
1014
1248
981
670
1605
513
1324
1418
1210
701
444
991
413
1106
1225
1487
171
989
434
1490
1154
1176
1958
2103
1078
1115
1221
1017
1093
1016
143
630
1030
1001
1795
677
358
866
12
431
2528
192
144
894
1203
790
756
237
668
1542
754
746
1548
907
124
1000
501
1128
1696
862
1867
368
646
1887
1031
1810
825
2086
1172
1268
361
804
1092
1384
703
2003
1562
2357
1229
498
739
1515
1291
747
1614
486
608
817
1240
847
1096
1294
1349
1725
491
865
459
2034
381
1310
1510
116
616
1477
1912
282
673
2477
1320
744
1270
2026
879
1160
354
1383
638
2021
275
638
874
957
989
1344
1749
1463
2184
408
1387
1164
1884
1123
1005
578
929
1488
2105
2142
1304
1270
1442
1600
41
1637
1017
63
798
203
179
1044
859
758
1254
1545
1070
824
701
2609
1650
253
313
1074
199
1668
145
875
918
316
449
561
720
1024
1496
1283
1113
1973
1221
1303
759
310
646
2343
1276
1079
176
630
1753
491
918
978
674
183
1268
1051
991
1545
72
1537
497
1275
590
1731
1008
931
605
1173
954
699
821
629
365
101
1420
1932
906
477
895
267
2303
845
1932
1251
206
2090
732
618
1128
2204
1592
1456
1438
1538
1508
525
1600
1398
924
161
697
176
1104
39
1727
1710
1745
1054
1939
350
152
1603
173
2721
221
413
1100
496
1265
229
1305
879
964
689
339
550
1189
1644
2393
707
497
1050
753
1183
1056
768
1102
1388
44
635
964
713
1192
1861
150
1532
963
75
1097
263
870
1918
810
294
235
1375
1863
1918
251
737
652
1334
1503
2090
1887
995
1296
910
991
946
1664
1436
707
2399
690
1497
829
997
974
1535
449
129
1263
1740
1843
1796
429
548
688
1424
475
1057
2221
1683
1657
1514
1455
1078
278
815
1023
385
1311
1191
2232
532
1021
636
2521
1551
951
1049
1316
703
1081
1493
1361
606
770
633
381
982
1279
576
756
1783
1900
1334
1224
1947
1547
2098
1790
1662
2261
1351
1210
665
1290
1113
821
996
758
620
1862
1390
2174
699
477
399
177
777
138
624
1449
1318
1599
780
1002
912
1635
2129
1508
1909
347
654
1245
434
1311
728
1592
260
576
1142
2033
484
1759
1129
1342
671
1589
158
2400
1386
1261
576
428
1793
1852
350
1200
804
930
243
1990
608
189
1037
1338
1150
2381
972
1334
1160
914
298
1290
187
499
719
1500
1262
1504
123
1322
195
2037
509
1233
1432
1590
1392
583
463
1431
2508
509
743
1221
1776
1503
1308
1055
1433
1739
2139
1791
259
1012
1572
253
887
267
1222
249
1040
2332
1100
1518
1696
756
192
132
1040
251
2049
233
917
704
1417
2128
1815
1091
297
576
236
1300
1273
1665
1312
933
395
311
499
539
55
2227
1238
171
536
308
304
625
791
738
1022
921
1357
790
580
1218
1061
1650
298
629
1405
152
775
574
1252
1154
1219
2054
2627
1903
2155
1353
1195
1596
636
436
498
1059
1217
1021
342
1145
69
129
1165
974
194
832
492
1698
1126
496
167
792
287
366
1282
2012
2086
589
1691
283
1430
1402
544
2378
737
1722
170
2010
329
1733
394
972
1252
502
1039
758
1319
1712
625
1189
2349
109
670
2012
129
1783
2296
1173
321
1000
939
1256
1522
1564
1678
1224
891
1936
1339
360
816
546
1351
1372
1815
2293
916
2050
1356
1666
747
896
1071
1067
2059
519
1588
354
890
226
1143
1096
2050
447
903
963
314
994
993
798
673
648
1038
1156
928
575
1650
1381
775
748
1262
1212
1288
411
1243
766
1265
1052
1409
670
1824
1091
1240
1024
527
457
1473
1302
1743
1059
1405
1328
655
1295
1303
1751
177
152
736
1611
2370
1384
103
1189
1415
738
1684
1411
1408
668
750
2124
1039
1822
1330
1633
1150
2442
1678
515
651
1574
845
1069
955
282
522
1926
1422
1440
953
756
1364
1860
708
1109
1535
1553
2754
1487
848
656
698
1020
1065
1161
1816
51
251
584
1866
1641
1076
993
1441
506
1328
1110
901
487
1590
1242
885
1391
886
1699
982
1848
1827
670
1049
660
750
1701
164
860
1228
1721
1607
1205
1063
2176
474
1143
1604
1562
1347
1355
2172
1548
301
1263
277
1761
597
1559
1530
1070
1320
501
781
443
390
257
603
1388
1652
993
552
1946
884
197
1386
1006
821
191
649
1719
441
1822
631
377
227
1286
87
650
1020
1683
1955
327
1681
1797
1048
754
828
1937
564
2064
512
760
1158
1151
785
995
934
552
1338
596
717
355
672
840
1879
559
1593
560
660
103
549
573
1221
501
1124
1698
2201
1495
251
562
382
545
1941
1158
1368
834
996
366
1504
1229
927
562
2266
340
219
92
1363
1280
55
1123
666
527
1191
1993
959
1102
705
1075
1031
716
1444
1111
1523
642
721
915
1324
1029
1530
1354
2096
360
1718
1163
1937
1737
906
912
1022
1166
2030
1828
1175
635
342
979
1751
1102
526
1115
1050
1314
796
611
369
144
2071
80
1124
1138
1454
2565
492
550
1554
1108
626
1340
540
1299
338
1767
1608
1498
1410
1251
845
1657
1220
1006
1249
113
1962
375
1565
611
1446
1199
1409
1554
87
1720
960
1317
690
1810
45
1329
957
1525
547
1208
1418
1696
960
1220
1371
1754
2157
84
1985
673
2189
1500
1470
673
1081
396
622
1083
794
1156
278
113
1117
1542
1693
925
1428
2014
1833
1442
1419
943
2111
460
1185
1369
659
204
973
1716
1677
1941
1053
188
1914
614
157
1690
943
431
1268
258
1699
345
943
453
2304
927
327
2293
545
1435
2056
1819
1367
632
649
500
314
583
1850
559
1611
353
285
1422
763
1601
1416
558
943
1104
646
1418
592
882
60
1274
1414
1266
1234
31
1403
2001
117
1098
1064
1800
772
622
635
695
848
281
1569
645
664
1385
1680
1402
541
1235
1117
349
526
20
89
1485
1818
322
911
1236
1299
1794
1507
420
1799
857
938
1889
825
1020
1989
107
1684
442
1229
1789
385
846
483
1260
198
503
1822
2020
599
139
1000
1396
323
1676
865
1039
1170
788
1987
1159
1185
1163
370
656
1058
2475
27
1460
937
818
1157
2211
1900
1216
1045
1366
1583
634
623
1380
605
674
332
412
1277
1676
1950
2266
1084
1788
1249
338
1433
1404
96
1095
487
818
233
1415
693
1516
463
1698
232
1055
483
1579
889
1445
1391
1285
618
1069
486
436
2047
1608
768
851
685
1188
1604
533
945
382
202
916
398
586
716
594
564
30
894
1014
1624
2097
1059
1037
95
1769
349
1212
208
1112
753
1481
1238
1518
605
1373
1209
1463
1668
658
620
855
550
1237
1680
1859
1140
953
1595
1148
410
759
634
583
159
650
832
615
663
2406
1552
744
1531
467
1238
1678
1443
763
1472
1805
304
838
836
1516
877
1076
2320
943
1490
1503
1458
471
1957
1261
176
1932
1024
292
262
1198
1673
1276
306
697
1058
1536
1028
1096
2428
670
1428
1515
578
153
1686
1114
938
1630
202
1328
122
1162
914
1530
1175
860
209
369
1219
528
653
910
1068
1013
407
994
1246
989
1741
1552
748
945
700
684
1293
1974
2235
723
1519
1387
1474
969
797
809
1400
753
384
439
619
880
1033
268
222
517
996
761
241
1207
163
1372
1350
1147
1785
974
1464
681
1150
1329
1492
473
1116
1080
1263
791
259
518
316
1343
129
706
1593
602
722
1798
1445
1021
710
2172
1323
667
2123
1026
486
325
1549
1070
767
1144
672
2421
484
920
244
2121
1104
289
1115
1334
1733
1038
752
299
270
1283
1054
74
608
365
1713
1675
820
981
318
357
677
38
816
858
267
637
502
1309
1591
952
757
708
353
963
1463
194
952
344
1167
1233
245
1624
734
1856
1119
406
93
1178
640
1035
573
1456
1188
420
778
1901
1828
1975
106
1377
1666
1183
999
1424
612
1007
193
770
314
1675
838
1123
633
810
307
1406
551
1309
887
2075
464
198
1541
590
513
1266
557
676
1966
1406
1682
462
639
744
1596
669
654
730
377
1434
190
1959
859
1452
1706
914
1302
1021
2057
1801
1389
2313
777
1379
682
484
524
1788
1716
703
2069
1007
1307
1686
1111
1810
1029
1705
688
869
1236
1532
26
240
1168
1043
199
736
1651
420
1816
258
1148
2120
904
937
1417
1007
159
312
1141
252
1024
527
657
1384
1467
1029
240
1045
1559
590
846
261
1506
1734
673
1090
1492
821
1305
650
105
1640
761
1648
1111
2089
712
867
546
2678
1062
1005
613
1353
1702
1319
1150
1779
507
1499
566
1033
300
939
2151
1094
2109
1325
440
2049
1628
1387
328
1806
2107
1523
2349
867
824
1596
89
983
1233
1058
747
522
618
266
284
602
236
1358
520
1768
1464
393
1214
179
240
436
1488
509
1336
1685
86
1802
1501
951
389
761
1118
602
440
349
1241
868
1204
2366
515
598
424
1488
1137
2033
71
778
1319
817
1773
758
862
185
611
1332
168
1263
1866
883
2065
841
1412
715
1745
1191
849
2247
695
271
1114
1817
1548
997
960
1862
1057
431
1276
905
426
252
224
936
2168
596
370
1460
995
1264
347
665
1664
1530
1230
1746
489
590
1119
647
106
1409
2223
916
1523
913
588
635
942
311
1249
1044
1801
964
1014
692
622
258
2098
245
1243
1194
1971
1616
1279
585
1168
841
976
1058
1008
1383
173
1527
1124
1319
2145
1337
622
454
1571
521
1800
1768
2401
361
1169
1926
685
917
1270
119
1020
1864
711
1265
300
1318
1099
1137
1190
598
1522
917
1945
1415
459
1983
131
1079
1240
1033
1485
862
32
1532
1501
1140
1339
2216
997
1111
309
1372
834
2021
1321
815
487
1234
1107
528
472
614
1824
1140
1122
131
1286
1169
1440
975
1341
1059
1342
996
1532
2138
363
1188
1325
1174
561
1032
1126
390
354
323
776
1662
935
206
2207
1559
1544
2054
257
939
940
262
745
1412
702
2286
167
1646
1499
549
1008
617
1892
2344
233
471
933
1542
521
1197
1434
2375
1373
912
1399
935
558
851
494
1974
886
2166
520
976
277
793
1419
1434
1474
1163
1265
741
1544
865
14
99
2107
727
1016
1027
376
1261
414
402
745
1293
869
115
547
1668
847
1016
1575
1046
283
334
1836
335
1169
724
1638
890
493
540
655
822
209
1091
1537
203
799
691
911
1279
1055
544
1299
654
906
628
1950
737
152
749
1283
988
1957
936
1691
1247
345
458
1130
1715
379
677
1410
1559
108
412
2147
527
2159
1431
129
1590
1737
854
1776
1458
36
1870
586
542
316
776
1089
1422
1046
1051
1072
52
2046
1405
1647
921
311
1669
544
1605
1963
1080
1324
476
27
1556
526
772
816
533
2059
812
1328
1551
332
1582
2313
1087
977
2092
1065
102
267
824
999
1718
1683
1560
683
1780
952
1179
1060
1070
1257
1448
975
1409
961
605
583
559
757
1353
1055
255
692
86
1140
1400
1513
495
1180
82
1418
1969
1597
2072
1762
875
1190
235
517
1038
1616
1233
1794
1182
503
1241
647
906
2008
607
956
443
1837
2012
906
1242
1703
702
392
998
796
640
666
921
1586
71
1133
1431
464
682
1070
1692
513
1381
1961
2027
1358
709
339
458
379
1131
240
1447
1488
1427
1012
1390
663
1515
379
1980
1051
641
665
1273
1503
890
1334
1105
921
1404
1763
180
952
459
1372
1876
1395
345
2134
1208
2364
573
286
246
812
936
1054
1959
938
1711
102
768
586
1304
1613
727
289
1318
364
1169
762
820
840
1827
942
720
71
136
1395
1519
1147
867
1836
667
2239
884
1574
500
104
2191
1493
1089
2435
1827
409
2078
1104
593
641
1909
609
861
2287
1742
1222
1404
1590
1818
1446
1288
635
1359
1315
1134
1520
789
364
667
1868
1401
210
487
761
762
1150
1075
1286
1192
1615
1475
360
322
256
850
217
573
1908
1883
1455
1029
1596
241
957
2175
358
1382
1733
931
561
1263
2375
295
1118
1338
1711
871
622
1642
1410
1554
1987
1871
316
1020
670
316
1190
1572
1142
491
1059
532
674
604
509
2162
1339
917
1682
463
435
1103
1313
153
1322
277
768
230
160
1069
2084
1109
1573
97
502
1364
1661
846
1937
1712
1245
1321
664
752
744
750
748
2382
675
681
896
2304
1005
1693
138
663
659
2029
1567
1857
646
1059
2219
574
1080
1970
1214
1815
954
1070
300
377
1212
1646
324
381
1450
2167
1718
2052
932
1681
1683
522
278
1171
1170
1394
1278
1660
1787
1121
363
198
1401
1152
769
1065
2147
266
799
425
2097
1363
1399
1643
1376
676
315
1798
901
1721
469
1838
1213
379
1438
1943
1104
496
17
196
579
1557
387
1451
1725
771
377
942
1294
747
1453
1852
1586
1398
318
982
1699
425
512
2153
1389
2014
1703
199
365
1608
1160
790
1698
1267
1314
1699
656
1611
2298
1679
666
1871
1383
1576
1201
406
1453
656
500
1846
1539
97
1574
1680
963
1174
498
471
746
418
2467
317
1528
166
1185
1687
1591
888
776
323
1631
772
1123
1642
1369
1015
838
762
270
1512
1398
195
673
1041
167
562
769
719
1665
2102
1446
1053
1810
1872
1130
1113
993
1399
1112
1474
613
662
1456
1794
1561
1052
917
1542
638
1643
689
342
951
1202
1064
1902
1901
1847
1942
1158
642
1094
1765
1645
1091
2313
1234
576
2030
498
1554
1157
381
1048
1783
1072
1708
107
650
871
1688
273
386
669
943
1682
669
653
595
273
1549
178
1774
277
604
2298
639
658
387
1670
991
187
2198
1744
139
1284
849
1504
738
2082
1390
802
518
649
1304
911
1459
933
410
1503
1132
1680
667
1546
490
554
240
326
931
736
2289
1176
488
1442
409
217
591
1122
1330
634
835
727
1493
187
767
1272
140
491
2166
671
156
829
1001
593
860
1655
117
1785
594
133
1225
1236
120
281
544
352
464
1655
1749
1281
1134
539
1309
765
1244
2515
650
770
2040
1249
568
456
283
1497
1234
598
250
332
1166
1351
2627
64
338
1244
1075
485
820
1178
1576
1293
1564
275
853
1954
201
557
965
940
158
715
1482
89
71
895
424
1585
953
1625
1790
656
194
910
2058
551
1007
131
511
879
2055
1608
1199
2196
1592
1355
234
792
758
845
416
1145
860
656
987
289
451
2303
670
975
1674
1333
495
1833
396
790
271
2249
111
372
1621
418
624
742
1062
844
823
809
1474
474
299
702
665
1339
1449
1298
1469
405
1066
122
1141
1853
986
408
2705
1126
980
834
1047
91
406
700
68
471
1412
1681
767
673
1962
422
1158
553
898
415
1503
768
1622
500
658
783
2322
434
533
1314
948
1399
812
1037
454
1450
711
442
1643
409
899
1239
987
957
338
306
1039
1801
691
610
1564
844
575
425
625
682
2493
679
196
1120
1559
192
1434
350
687
1253
2004
863
683
821
822
432
408
1686
644
1467
574
1846
294
1325
468
759
1097
1615
816
362
116
117
1040
1328
1158
857
1857
786
610
659
397
1377
882
648
766
60
1831
1209
145
906
448
758
682
628
93
1123
1884
1200
449
2139
492
1139
349
1261
641
990
2191
653
226
2319
1632
123
1518
1346
567
1349
927
1407
1978
263
894
1043
410
827
473
1164
907
553
1225
1150
670
1121
1301
2064
1215
261
586
988
926
2385
491
507
1633
338
822
577
364
1750
1066
677
714
909
853
1700
254
631
344
1646
647
1023
1696
2043
1248
1529
1284
912
1210
344
1393
1354
1277
742
271
277
2047
563
548
1479
1017
940
1418
1206
531
942
1190
2012
796
1254
186
1890
1195
1764
1022
1150
742
1088
2024
955
1080
1751
1212
782
1101
1445
1187
347
1166
176
611
1766
774
1479
295
623
1854
641
580
2094
1073
258
1838
987
748
1685
395
938
1065
324
1214
482
795
270
426
70
495
1920
615
1425
1187
2172
1387
1441
1241
275
281
2070
937
2034
153
1146
1633
1766
672
976
836
1710
1043
1102
466
399
2024
803
1115
762
1708
480
928
631
1352
2155
798
529
1015
1393
2159
1645
111
724
467
592
602
1133
674
1198
923
819
1221
1007
488
1574
324
820
2094
1429
1828
1281
1994
303
124
1106
469
1495
382
1189
479
968
219
1255
858
396
1145
1661
1932
802
1330
595
1234
928
813
250
1254
680
1215
2116
894
1048
1028
1745
780
1017
992
1774
1083
468
816
595
445
354
2101
971
495
1125
2039
707
548
321
518
390
670
383
1525
522
1396
436
878
910
1333
1505
1932
172
650
1880
364
1287
1547
1677
995
732
1519
2288
1428
1383
1365
1583
461
2026
1099
745
1325
431
550
553
748
411
1018
374
937
722
689
1395
561
1443
1886
1400
654
1262
1547
2046
606
775
1313
904
967
222
664
990
1257
