90037197
348359550
56170035
601184923
778350195
921766754
214301294
933059855
606877060
42794912
152907775
235590606
870977361
660847001
22024630
866769758
804327689
76989815
4193389
861686261
260937169
533654479
520410971
223560093
882032036
430431635
603245674
335562666
368862427
138815827
182622486
258281734
852734601
631223437
83688057
493481081
380951266
426898659
180509344
722143043
297769025
125531969
963109257
27987734
940004
870344184
187210925
19813783
579048387
730792184
300975748
492217565
745238793
914120059
902580740
58478938
741164913
816609767
269855292
708347398
118539345
811748
610104256
198720796
380872799
342369660
131243917
631950431
724403099
293155168
679581109
905412641
256275594
845416432
888533416
49449220
264213348
96255956
966683636
714490151
212922130
72678359
2154702
958143400
220202262
610774190
969933957
639493561
944073181
133307799
280572162
340810119
839090
405651897
659533482
296052634
405594582
974041031
421806796
89359002
818580786
569146894
890279679
608708245
792008983
293732386
678016901
932003358
736073127
937785096
502378398
239547410
430823518
215139122
285718606
434912024
964702029
697145104
596396095
423777045
842597255
89386616
148552120
317647735
676265955
5288461
195304310
509243434
3365699
173667015
306048296
789517178
846533487
176443208
499697671
790732423
419460896
345842989
965944397
72882355
779971069
766116749
196631793
298649640
571036906
377783496
794257092
230298138
90503308
87833412
894810345
687550526
519061125
846030822
81317143
877966851
977608850
801377718
796482148
847375388
318292937
182943564
655140057
702340349
696420855
873610028
256228669
386826775
107140451
833502858
702292246
357943739
627415808
268648209
358889725
200731489
927478316
865936506
248366136
102781049
437052439
942328920
903808662
42659644
871737900
775897742
631095120
623118134
528860340
704694400
137077735
434535164
283892115
553507809
474515009
782714482
155264712
588058613
947280707
907892731
