719274214
968979073
517196871
459353865
754028368
335100732
138994254
871088240
798811434
698529040
326161427
335459200
187067199
777978410
321243575
575114563
444198358
187551892
185675640
860580908
609238550
781856677
962387900
514251190
278243059
778348658
719726823
644759240
285852235
540913303
773435920
452761054
23222101
920309993
435747808
739127416
670888456
642045678
350293739
483425362
167898635
74393793
218802285
440405167
499836148
172707785
812576472
184129085
60524793
324348688
552241602
41416715
378224961
427441437
462484489
253188641
642937011
40629741
732275767
70167228
785099101
39973954
717306165
863566514
398850568
439811354
559204990
715077404
599478551
354572165
668960979
336449163
254402327
28388357
940142791
220748030
932680647
685017868
233512535
308327353
886999339
705542557
159536127
160228622
496929148
543645146
691446008
179787920
511377331
908565010
244983471
84349092
378324819
561636511
738162501
177616712
15078810
780375383
161870093
946326211
