==== USR -> obf mapping ====
c:OBF.in.cpp@8039@F@main#@ans -> xe8k
c:OBF.in.cpp@7958@F@main#@base -> z7kh
c:OBF.in.cpp@7904@F@main#@u -> t7lQ
c:OBF.in.cpp@7818@F@main#@run -> QikP
c:OBF.in.cpp@3766@F@main#@Sa@F@operator()#I#1@u -> hjXn
c:OBF.in.cpp@3747@F@main#@addNode -> m9vb
c:OBF.in.cpp@3703@F@main#@used -> nvXR
c:OBF.in.cpp@905@F@main#@S@Frame@FI@p -> WShT
c:OBF.in.cpp@374@F@main#@i -> L7Wz
c:OBF.in.cpp@905@F@main#@S@Frame@FI@u -> dAI9
c:OBF.in.cpp@2823@F@main#@u -> fuHd
c:OBF.in.cpp@7846@F@main#@t -> oXuA
c:OBF.in.cpp@411@F@main#@x -> SH5f
c:OBF.in.cpp@849@F@main#@timer -> NbtL
c:OBF.in.cpp@153@F@main#@n -> pJOX
c:OBF.in.cpp@206@F@main#@maxColor -> g9rY
c:OBF.in.cpp@905@F@main#@S@Frame -> QxfT
c:OBF.in.cpp@589@F@main#@LOG -> MmgJ
c:OBF.in.cpp@2271@F@main#@Sa@F@operator()#I#I#1@b -> cQP9
c:OBF.in.cpp@233@F@main#@i -> oGiP
c:OBF.in.cpp@MAXC -> QgqG
c:OBF.in.cpp@3916@F@main#@addEdgeVT -> fxZV
c:OBF.in.cpp@976@F@main#@st -> mqYh
c:OBF.in.cpp@1126@F@main#@order -> t6Qt
c:OBF.in.cpp@3475@F@main#@Sa@F@operator()#I#K#1@val -> JYcs
c:OBF.in.cpp@2143@F@main#@is_ancestor -> cxjS
c:OBF.in.cpp@3944@F@main#@Sa@F@operator()#I#I#1@ch -> gzjr
c:OBF.in.cpp@3937@F@main#@Sa@F@operator()#I#I#1@p -> ZIbK
c:OBF.in.cpp@411@F@main#@y -> hmMK
c:OBF.in.cpp@2370@F@main#@Sa@F@operator()#I#I#1@x -> uRA2
c:OBF.in.cpp@3439@F@main#@range_add_subtree -> aiHI
c:OBF.in.cpp@2394@F@main#@Sa@F@operator()#I#I#1@k -> laYZ
c:OBF.in.cpp@2166@F@main#@Sa@F@operator()#I#I#1@a -> _OcM
c:OBF.in.cpp@3468@F@main#@Sa@F@operator()#I#K#1@u -> V3cZ
c:OBF.in.cpp@2789@F@main#@t -> LY8c
c:OBF.in.cpp@3140@F@main#@colorsPresent -> OF8D
c:OBF.in.cpp@2173@F@main#@Sa@F@operator()#I#I#1@b -> KiHs
c:OBF.in.cpp@2249@F@main#@lca -> HqQA
c:OBF.in.cpp@3683@F@main#@curTag -> WHwc
c:OBF.in.cpp@905@F@main#@S@Frame@FI@it -> OSCm
c:OBF.in.cpp@2438@F@main#@Sa@F@operator()#I#I#1@nx -> eDre
c:OBF.in.cpp@8002@F@main#@i2 -> Ly7A
c:OBF.in.cpp@2264@F@main#@Sa@F@operator()#I#I#1@a -> aAB1
c:OBF.in.cpp@3285@F@main#@m -> Ri7E
