7388054505
100149183290
94402918675
246305098097
205794270317
72238755160
264694045547
109999922630
72238755160
209278107339
26268638240
256131548227
155006047347
726918805753
54893717004
352400420443
20028422876
835433074180
234057488520
757983356690
380815899890
607931874027
761470710386
233698413425
231759388815
1200463258763
310782924168
1001390081728
857431325288
316537568522
615874242338
228778734571
2540485173513
1501726509680
730948812381
281352916189
1572071218963
1469620840223
1304475024566
1272964511365
1033730238852
986877713512
2166058289439
2258565870211
926062832917
409017447113
766836848061
1581356062633
1946112277830
802149539222
32667217288
701804675532
3608015307384
3316572230358
2658785769967
244326170192
726876014269
5348818310254
1765462956859
3976868480791
3631005408049
56995313719
741232656567
3541657737361
217074034600
2565054004769
379489732466
3202742270474
2065132421988
1429927151384
2292671673687
83749125495
64117126649
3301443974412
521634758896
4727950159138
5469421298127
2041007517264
2305760630176
2900463902356
333470105877
4684284945122
721805536680
659077218692
3910466830451
6078981339700
173213275338
931302275990
1201389048789
382043190564
879913652400
1044957966179
1549468483174
4307795010515
1178258963290
188492114272
1003853173168
12454315424
2958936274250
6363208169723
2384818781138
1018615589477
1535063408908
1828157495576
2759714267126
764003815329
2406085546620
2051921554945
478442799805
2334236211205
7012345628732
188041183994
4111033998252
325700297183
546717688285
7460967836622
298954901945
4299359544856
603295130501
96388665243
3893916530614
534928845140
4195250105886
674543474446
3508450883834
316013853238
330414591190
6972156419490
431147101133
4970176264460
1359060141908
1669514212386
698758116343
5335997619644
1260344768829
4436150775509
4364812513854
2170001087933
6184818783432
4800498187957
837497339757
4677266565172
2031242704318
2920239010834
15733604998
2480312918118
1696320350531
2918738510339
763827533267
9487414904191
7195377424136
6245377316566
1531111612520
2302077734601
2056360739149
106291384911
3029985905368
2778775752620
4134005209238
765082549912
1772986869087
1382667233221
8171587687810
2349919329383
4059293203814
5481122390693
4739454262593
2122233286915
6634398486939
4971107116578
1061026796423
10673592300896
5519013090420
2599053918237
2763952641665
150982245004
571850001744
9733178188686
3315828877083
4418249058132
116951216369
6206354293540
4143714349883
5204479936671
7002170092796
5178607732330
3091023613487
11935939363761
3501914969605
5415566985344
868337197631
6116861406910
494127792485
3211766837606
7141315592611
1539236178226
4020191009852
7204230298204
2300850678791
10993781692857
50761219827
3353909434217
7019687351747
5137519752680
7177473510170
2046306825143
2469537910960
1487320911275
6546839774828
1372125228610
4819187349288
9258766725437
3995872178652
1058660525198
4010556700671
1227279158495
6630862272494
3063445307534
3106962566015
4072842819897
3583296618493
349467157663
1428163040194
10465118980299
4441048602218
5794967525099
10203951996339
5406573075926
8736909168954
8943714902944
1881520617961
8648997469421
4327497756307
11370196974996
567575365845
9176470151305
9699019652473
12835921668884
8436308050467
6589056791832
1009098318378
6925892888095
7674313501717
285291394331
5243493621379
490222075296
1561551882161
484499522803
11022467039983
1770835658419
9693418971522
1341674611804
3750568152973
8804986581179
14777028887738
2136430780362
6116628957613
6540895544573
4975503834502
1464788630422
9922191139376
2340261164196
2233410335641
4891501925973
309164478362
1442384950028
4134118673697
166443500581
669259706030
652349492677
78513397497
1152169972538
4023137963245
4378373205522
1837704532783
2560961039923
1883561899706
4782129261696
1470499386570
485751296068
2238965692637
2990914129356
1054939173941
2597695102470
6513956716753
3680191651726
634734011919
16957295565728
12970414767682
88743291636
6844808799790
3536829463147
2493640090398
2227877193548
13040212226834
747200234510
5899667305688
3817496555198
4335623548449
3853438687314
6527355248421
7956228602732
4431236229459
6436494565936
5641390220781
4789125990470
6005559394781
3469079185073
29458418564
1863471671740
9806195270176
13215849301937
2937238741702
1794949058035
7235676307248
11660061569238
7611444474624
8519689945238
1254673162385
2692875889263
3150748793386
8449138761709
1519813444720
904204102745
19245531350630
11100506858697
2040909164442
431917429558
500707302731
3538363032320
4717549540615
2037237981277
8779789701261
11715833488557
4771781003209
1921396425851
5541072547117
4500297189230
5203929877752
12190485313543
1929609582087
5615177467971
10554786925374
259056209753
1178448964324
2122683216874
12597217995564
748516964354
4841936768464
2533275200378
9663356485637
910591253820
6740509096062
7587809833957
2605138719729
3957139825269
1043855855666
7838733131949
7731201069794
190374313736
11788458415666
19758349344884
12966249124625
984197687910
18113932236930
18620028794756
5459475109079
5422698122275
10288326259320
12225285830698
6317411937378
10099842117378
1076123041858
386657847241
4146456149512
1293771441625
5974847757672
11200887088
12632452071856
6706957255686
48894784646
4900306554246
1003775940039
5725660674968
11951646666212
1120471677379
366786302091
322700926703
9672012613975
4306680345307
5150486664541
10435502315740
16036581520206
6666935961967
10166976318496
4176575117007
4526007280327
11025109832036
6906506529117
2200580992710
3351260029315
231821317202
14200222236595
4468388542166
7756705388154
9713164556028
18323880978512
2299148313495
6694249308689
537833222419
174316103595
2927941539959
5948114816001
5777925077063
4811840155015
2033101162632
15682649744946
3667019122484
4253292950773
7177561903684
303706457172
1651518172034
8564353579334
893012922898
1915030245716
3274209602730
115935874545
1280410934858
495787274419
8281741068404
7065384821757
7456704317161
12151926942290
13367951132633
572444383576
10232191328497
9271473608678
6507659903609
1562263621714
11878582631444
7351950397584
1569707508289
5100938682179
7160143241757
5471345945849
7555325038027
2172762232028
27617676261536
7806144832668
1338253759001
14429236346365
8815169486731
6825276562374
16916925362365
23306742691968
2537212308154
16991493323262
23380299769544
2986331212503
4138909517562
596623877335
20073073453425
865754337484
3714573532953
10279921757877
11660764947201
657528230570
10136861714515
1780803134464
8316750182924
20866228013409
894881255151
1199841080333
21518938164162
6392463098797
6837691983180
11416108618407
7686648910322
1843665671445
2229001723324
1011314776622
678989412331
7414351758772
6505644660621
3127267301154
4078837769114
8769083162345
5522864717030
6264755436386
935714828204
3881290912407
5022895239546
4100524709051
4081871797493
365991466423
8976004908477
2122460306858
16522174832991
18998192093335
17615124472002
6344226834606
1387226020290
