0 <--> 1: 1
8 <--> 41: 3
2 <--> 1: 10
2 <--> 3: 10
4 <--> 3: 3
4 <--> 5: 1
6 <--> 5: 2
6 <--> 7: 8
8 <--> 7: 5
0 <--> 9: 10
16 <--> 41: 6
10 <--> 9: 4
10 <--> 11: 1
12 <--> 11: 2
12 <--> 13: 8
14 <--> 13: 10
14 <--> 15: 7
16 <--> 15: 7
0 <--> 17: 4
24 <--> 41: 8
18 <--> 17: 3
18 <--> 19: 7
20 <--> 19: 5
20 <--> 21: 1
22 <--> 21: 6
22 <--> 23: 9
24 <--> 23: 7
0 <--> 25: 7
32 <--> 41: 2
26 <--> 25: 7
26 <--> 27: 7
28 <--> 27: 6
28 <--> 29: 7
30 <--> 29: 7
30 <--> 31: 10
32 <--> 31: 2
0 <--> 33: 10
40 <--> 41: 6
34 <--> 33: 7
34 <--> 35: 6
36 <--> 35: 4
36 <--> 37: 6
38 <--> 37: 5
38 <--> 39: 5
40 <--> 39: 2
1 <--> 10: 0
3 <--> 12: 0
9 <--> 20: 0
11 <--> 22: 0
17 <--> 26: 0
19 <--> 28: 0
29 <--> 38: 0
