169
10839
2010
204
11848
1419
656
1541
2368
0
475
2274
1946
740
7949
12833
6185
1065
3727
904
8
652
3348
629
2719
2853
4561
916
6579
13321
143
10
308
3720
1802
5934
2069
15295
7606
6320
1062
654
149
4086
8143
5000
4359
11749
3218
250
3546
7423
4604
6081
2437
12298
2286
578
1689
1737
1676
3548
58
63
9663
698
5318
5527
499
1861
57
144
9145
2762
6177
4122
1224
1017
7135
2281
5680
26
2644
4876
6130
872
9231
865
1350
14839
4176
4559
12
10945
2485
6758
6221
300
5759
5668
2679
788
1727
2982
8963
7084
192
10290
6098
5423
3098
6028
0
584
2036
3320
51
3359
14665
619
4111
551
5981
81
4665
1444
676
478
518
584
4858
2965
1724
431
210
4428
1163
3966
456
722
159
1841
217
170
2559
7161
1486
0
3547
679
2511
193
179
15148
2
17
910
48
181
15546
0
60
1209
2126
52
5407
78
4769
3650
12614
307
2618
248
9
7398
618
1901
440
1264
56
2001
3026
6213
12699
7011
13396
9462
0
997
5703
213
500
196
7035
5384
204
25
5951
1159
163
5872
526
186
1712
2163
2264
2387
24
5256
41
6152
1150
46
3124
22
636
313
2626
1109
1834
7143
1072
1443
10766
937
748
52
439
226
2807
4742
2499
3607
11201
6527
26
172
912
47
8205
3853
8872
3543
591
6187
4561
561
4878
28
1178
9551
174
5299
5032
2593
8218
8995
8044
604
1385
2477
30
1681
1758
0
153
4358
3264
434
34
940
1251
0
1733
198
25
782
63
227
15668
2
1440
134
28
0
787
2656
8350
1800
780
808
1242
1026
4327
1552
3552
2839
162
522
444
11352
1319
2669
1675
13523
11423
131
4329
419
60
837
2216
2392
161
1690
3111
693
2815
4485
1777
3760
4770
844
551
123
3109
2827
5123
13225
97
2515
137
6507
2692
5310
296
106
227
1889
380
2422
542
152
945
2421
31
578
2724
0
105
1093
6873
7540
7724
5793
2282
104
3933
4881
3770
6894
3087
27
752
7029
8539
4910
1118
12594
539
291
6556
4280
2821
197
2148
361
17
581
0
992
3249
54
1388
1574
1168
1712
154
194
40
4011
1012
24
2655
531
224
3143
82
12328
10831
726
2252
888
289
11131
1275
37
3133
9
357
670
3379
2365
1130
5
187
57
106
128
416
231
0
934
5562
208
1295
651
8
1127
12131
28
10
2216
10
546
3766
2690
346
3197
109
4023
220
0
809
863
4159
455
1246
2974
2065
360
6815
11113
2016
15890
150
10
8144
49
2404
1001
1319
1104
947
12719
954
2280
6315
0
10
9
1875
334
354
1650
1823
1502
7
3659
4387
374
200
2975
208
0
13758
780
5
104
6739
672
14431
55
440
1306
3787
146
1129
190
88
2969
806
612
4469
189
756
72
4076
413
2786
191
14
6225
1509
11441
302
1550
671
781
1370
260
10400
34
20
3573
1192
372
7955
631
78
566
8334
82
195
8609
9101
146
5824
52
33
384
99
429
151
12
764
6086
10328
9215
131
1530
3138
7295
2280
3986
5056
62
9
75
73
4081
6875
412
1691
213
3230
7740
767
496
6803
5600
10
178
1288
546
97
2413
8508
7
11379
509
9
1450
3002
3862
5576
1421
313
658
3888
327
0
707
1682
7446
2001
4621
26
43
3827
3640
16472
2842
56
3685
1981
10202
26
351
1292
34
0
229
1980
79
7700
3014
33
848
1252
49
5976
770
674
9409
1979
6021
5907
8007
490
3805
2390
8402
39
15584
0
444
95
2508
14683
8783
125
1071
3485
4
177
7
5319
8837
143
525
735
10135
1493
4371
5685
6264
6934
334
2591
941
1817
623
0
1244
1012
73
1108
4105
1684
1058
5805
8020
66
6022
4937
10823
2830
1330
10531
2249
6950
27
3104
1834
848
705
765
374
2
9941
208
1037
37
2871
5387
9364
97
486
6532
7280
229
0
1921
3735
1226
11433
190
54
8506
417
6829
219
6209
165
55
3294
1227
0
4852
4833
1218
212
2139
642
4759
799
8118
14781
3693
402
1642
7614
5832
5102
1978
39
3182
6
2452
0
2540
5965
883
3004
66
6
1171
1449
11034
1217
10344
8802
1940
3228
507
14
155
2907
1680
571
467
1518
182
2751
2873
1660
262
2167
1557
156
5126
1460
12792
5965
92
568
5021
8926
2290
2464
1639
7
4614
5196
103
1433
30
170
3986
647
0
2141
1177
1945
619
4697
131
2640
407
41
3595
14672
2529
2827
4957
4765
1069
10935
8150
2598
14730
21
4556
1155
5297
140
4132
0
3276
6183
467
9313
691
437
98
2787
371
7852
2334
2806
1830
684
1235
2448
711
7550
137
51
234
270
1090
1317
1568
5410
2088
960
1052
1263
127
13003
155
4108
11218
2657
4544
8331
2825
1343
408
7787
2727
39
2631
8370
1058
78
6429
3
1300
501
463
2329
1312
250
340
184
10868
3711
12986
6194
404
505
3224
122
2423
409
1083
616
379
706
4371
4588
488
7897
2715
1838
0
483
3518
1972
496
4476
1572
2006
8164
5097
2818
141
171
769
45
97
5002
4104
3447
4769
5258
167
3869
57
0
1007
1048
2102
1720
700
3871
12990
7790
3527
5154
1891
2836
167
651
420
2588
444
1052
526
208
2557
504
156
810
169
887
2268
372
2108
317
88
1027
8
9499
653
29
2410
1978
4432
3533
3875
527
4032
0
1488
927
1219
3050
457
1438
24
14207
749
4775
2865
807
1603
1988
62
62
8475
101
8
500
63
214
7607
2
11535
2450
0
78
1669
6806
3068
18
0
4923
