Calculating f(42, 18468)
84 18426
168 18342
336 18174
672 17838
1344 17166
2688 15822
5376 13134
10752 7758
15516 2994
5988 12522
11976 6534
13068 5442
10884 7626
15252 3258
6516 11994
13032 5478
10956 7554
15108 3402
6804 11706
13608 4902
9804 8706
17412 1098
2196 16314
4392 14118
8784 9726
17568 942
1884 16626
3768 14742
7536 10974
15072 3438
6876 11634
13752 4758
9516 8994
17988 522
1044 17466
2088 16422
4176 14334
8352 10158
16704 1806
3612 14898
7224 11286
14448 4062
8124 10386
16248 2262
4524 13986
9048 9462
18096 414
828 17682
1656 16854
3312 15198
6624 11886
13248 5262
10524 7986
15972 2538
5076 13434
10152 8358
16716 1794
3588 14922
7176 11334
14352 4158
8316 10194
16632 1878
3756 14754
7512 10998
15024 3486
6972 11538
13944 4566
9132 9378
18264 246
492 18018
984 17526
1968 16542
3936 14574
7872 10638
15744 2766
5532 12978
11064 7446
14892 3618
7236 11274
14472 4038
8076 10434
16152 2358
4716 13794
9432 9078
18156 354
708 17802
1416 17094
2832 15678
5664 12846
11328 7182
14364 4146
8292 10218
16584 1926
3852 14658
7704 10806
15408 3102
6204 12306
12408 6102
12204 6306
12612 5898
11796 6714
13428 5082
10164 8346
16692 1818
3636 14874
7272 11238
14544 3966
7932 10578
15864 2646
5292 13218
10584 7926
15852 2658
5316 13194
10632 7878
15756 2754
5508 13002
11016 7494
14988 3522
7044 11466
14088 4422
8844 9666
17688 822
1644 16866
3288 15222
6576 11934
13152 5358
10716 7794
15588 2922
5844 12666
11688 6822
13644 4866
9732 8778
17556 954
1908 16602
3816 14694
7632 10878
15264 3246
6492 12018
12984 5526
11052 7458
14916 3594
7188 11322
14376 4134
8268 10242
16536 1974
3948 14562
7896 10614
15792 2718
5436 13074
10872 7638
15276 3234
6468 12042
12936 5574
11148 7362
14724 3786
7572 10938
15144 3366
6732 11778
13464 5046
10092 8418
16836 1674
3348 15162
6696 11814
13392 5118
10236 8274
16548 1962
3924 14586
7848 10662
15696 2814
5628 12882
11256 7254
14508 4002
8004 10506
16008 2502
5004 13506
10008 8502
17004 1506
3012 15498
6024 12486
12048 6462
12924 5586
11172 7338
14676 3834
7668 10842
15336 3174
6348 12162
12696 5814
11628 6882
13764 4746
9492 9018
18036 474
948 17562
1896 16614
3792 14718
7584 10926
15168 3342
6684 11826
13368 5142
10284 8226
16452 2058
4116 14394
8232 10278
16464 2046
4092 14418
8184 10326
16368 2142
4284 14226
8568 9942
17136 1374
2748 15762
5496 13014
10992 7518
15036 3474
6948 11562
13896 4614
9228 9282
18456 54
108 18402
216 18294
432 18078
864 17646
1728 16782
3456 15054
6912 11598
13824 4686
9372 9138
18276 234
468 18042
936 17574
1872 16638
3744 14766
7488 11022
14976 3534
7068 11442
14136 4374
8748 9762
17496 1014
2028 16482
4056 14454
8112 10398
16224 2286
4572 13938
9144 9366
18288 222
444 18066
888 17622
1776 16734
3552 14958
7104 11406
14208 4302
8604 9906
17208 1302
2604 15906
5208 13302
10416 8094
16188 2322
4644 13866
9288 9222
18444 66
132 18378
264 18246
528 17982
1056 17454
2112 16398
4224 14286
8448 10062
16896 1614
3228 15282
6456 12054
12912 5598
11196 7314
14628 3882
7764 10746
15528 2982
5964 12546
11928 6582
13164 5346
10692 7818
15636 2874
5748 12762
11496 7014
14028 4482
8964 9546
17928 582
1164 17346
2328 16182
4656 13854
9312 9198
18396 114
228 18282
456 18054
912 17598
1824 16686
3648 14862
7296 11214
14592 3918
7836 10674
15672 2838
5676 12834
11352 7158
14316 4194
8388 10122
16776 1734
3468 15042
6936 11574
13872 4638
9276 9234
18468 42
84 18426
