778801794
778801794
22929962
22929962
22929962
22929962
235027126
680376940
588149757
588149757
588149757
588149757
27473390
27473390
609031969
124645715
124645715
124645715
124645715
124645715
124645715
124645715
124645715
124645715
571269825
571269825
776030658
776030658
776030658
776030658
776030658
776030658
77258823
77258823
77258823
77258823
77258823
77258823
644479062
58302303
242748630
242748630
127911120
482947889
638251576
168792508
813164590
313044007
492296291
478151665
478151665
478151665
976473711
976473711
3347075
581437861
581437861
509009437
556914378
913178021
606715180
606715180
606715180
606715180
828074655
596203722
510901862
216457539
216457539
980527618
637509682
637509682
637509682
637509682
637509682
962993474
962993474
962993474
962993474
879544500
348216999
7826489
7826489
108994161
108994161
920540791
920540791
642951065
482951345
713676902
713676902
150763882
967848473
967848473
967848473
967848473
967848473
967848473
967848473
415696035
415696035
415696035
507970771
507970771
634845965
47398945
246300959
907462133
90772435
90772435
335094938
335094938
335094938
335094938
694773559
444011072
444011072
449434183
449434183
322393618
322393618
235676404
235676404
507644867
507644867
285042894
285042894
285042894
13717394
13717394
13717394
13717394
119141632
177329400
177329400
941159506
941159506
309215230
966050520
966050520
966050520
966050520
966050520
966050520
706391283
706391283
706391283
911487864
737331915
212031458
212031458
262872405
539096447
911176947
516954325
516954325
516954325
489973128
519159380
519159380
519159380
519159380
519159380
465394785
465394785
454806622
454806622
454508251
454508251
454508251
735218495
735218495
735218495
460997524
460997524
333409850
843985125
843985125
189308374
38499358
38499358
38499358
518422131
518422131
518422131
791664401
26145275
26145275
192827146
192827146
192827146
389288984
213650320
837431605
782846312
782846312
782846312
782846312
982056093
982056093
154628994
309770510
185309415
185309415
185309415
185309415
7562095
652228605
652228605
298653036
132231799
132231799
36425445
63529328
584192685
28338022
828905320
274664842
45422755
527451548
176397469
900740584
900740584
846509793
846509793
846509793
392441736
338700830
987392204
363383434
363383434
713925943
257441304
257441304
257441304
257441304
257441304
265197281
265197281
265197281
265197281
265197281
550282839
550282839
550282839
550282839
435264549
435264549
435264549
435264549
907297005
907297005
869206108
255594238
255594238
340800392
562886583
562886583
562886583
23287694
23807229
120735228
120735228
120735228
120735228
120735228
152330943
246549070
246549070
246549070
246549070
15316287
109538511
109538511
410530820
377177704
377177704
441184437
441184437
107918425
614930362
930742835
65281677
346296153
346296153
312116795
124276890
124276890
840142711
574635235
153217828
153217828
153217828
688777987
688777987
688777987
688777987
865078822
865078822
865078822
865078822
735062287
735062287
735062287
735062287
25296624
585712793
844355062
372276803
372276803
372276803
372276803
372276803
918367168
918367168
918367168
680546549
680546549
622311948
622311948
489742672
489742672
489742672
489742672
489742672
489742672
848740559
848740559
68825299
68825299
68825299
411850902
866765935
899926897
899926897
899926897
899926897
899926897
183193746
183193746
803746640
803746640
851842968
149859139
149859139
149859139
149859139
149859139
879240885
837747801
14571398
14571398
14571398
592550044
592550044
592550044
983988022
555241772
831320685
415892564
415892564
415892564
447351148
7219875
7219875
323544313
867863495
867863495
588611250
588611250
266753604
407193474
407193474
407193474
618838587
618838587
618838587
881410629
881410629
881410629
881410629
99060726
99060726
99060726
95859876
95859876
176571097
176571097
257333633
257333633
130577651
45122561
45122561
353632891
353632891
121176771
121176771
121176771
399673736
399673736
729627810
247305970
247305970
247305970
501014573
819489972
693387316
207946793
130662770
424033299
424033299
424033299
424033299
424033299
424033299
424033299
424033299
424033299
785737977
973493965
973493965
973493965
973493965
973493965
973493965
973493965
973493965
257404553
497070968
576442593
674468908
919559953
919559953
919559953
817488588
817488588
817488588
817488588
152844716
526206954
508898978
508898978
968286155
968286155
960672385
366536704
752456839
376033708
265041160
450174556
450174556
314271989
126880316
126880316
930283449
930283449
286263101
787603774
787603774
787603774
787603774
324018690
324018690
746787675
239966610
99938990
99938990
99938990
382742170
106169230
660890546
309447386
696475600
696475600
602676011
843579116
843579116
995004598
995004598
995004598
995004598
589545097
589545097
589545097
709293040
709293040
709293040
709293040
897843562
897843562
14674876
781061120
496427070
496427070
714851707
714851707
434588132
434588132
434588132
434588132
434588132
434588132
434588132
218384012
218384012
218384012
338161593
338161593
417289121
417289121
324680683
324680683
324680683
324680683
700954489
918698297
669237523
669237523
669237523
669237523
906896550
751492759
751492759
104737263
104737263
104737263
210446126
334455187
505747642
505747642
505747642
744959244
583183586
83010993
354368472
354368472
275963333
275963333
275963333
379485963
338132242
357050734
68304350
21845383
274854426
197082788
197082788
197082788
453463242
453463242
453463242
216206023
216206023
216206023
216206023
903841957
903841957
699189472
316327524
454868346
647917945
647917945
647917945
947022050
614049982
442431792
163405854
163405854
163405854
163405854
163405854
177249323
343946436
343946436
221065537
957011454
748146661
748146661
911881998
5790842
5790842
5790842
452641353
400250180
769039475
479385207
479385207
479385207
866662634
689642932
689642932
689642932
970559574
811436949
811436949
900842112
900842112
546789830
529957326
529957326
462451292
462451292
14152820
14152820
14152820
14152820
14152820
14152820
14152820
588380989
588380989
814110582
574326241
565123794
532999097
692276829
542739799
302378531
302378531
302378531
302378531
906087485
268077121
114485296
188301663
188301663
188301663
188301663
555501989
530822460
530822460
530822460
345258502
438704636
713879468
713879468
713879468
325414697
255906863
448553237
448553237
548939305
437158665
649217317
384462798
586210037
586210037
586210037
576563564
206624613
509554839
509554839
509554839
509554839
509554839
509554839
509554839
509554839
981240610
981240610
981240610
272267677
646178872
646178872
618713438
130736499
794807058
794807058
794807058
794807058
794807058
794807058
447319644
627130953
447768628
447768628
447768628
622240801
482220641
583162053
733308279
336408881
336408881
318783022
318783022
318783022
318783022
548088871
548088871
548088871
548088871
548088871
707174066
855479924
855479924
855479924
41316112
41316112
880365144
880365144
880365144
880365144
880365144
505151677
505151677
505151677
505151677
505151677
505151677
505151677
411171265
411171265
411171265
411171265
411171265
71138044
71138044
71138044
71138044
37003769
37003769
472340781
472340781
844545838
529214329
529214329
529214329
276815066
368218154
446191568
153804062
523247646
932068933
932068933
932068933
932068933
932068933
932068933
692571091
692571091
692571091
847543875
847543875
847543875
847543875
754175539
754175539
754175539
754175539
754175539
716611554
978150352
33587786
391895280
123759991
123759991
123759991
123759991
123759991
913907901
913907901
730273029
702931559
702931559
702931559
245216420
245216420
245216420
245216420
918556078
918556078
918556078
918556078
985849424
985849424
6822733
191584899
948961192
575279128
542316235
404129419
404129419
404129419
685294871
685294871
750296713
750296713
984551993
115236528
974765255
739400507
149354779
173476546
173476546
62487396
62487396
62487396
62487396
316644684
196956368
196956368
196956368
782487556
537710252
537710252
263214901
991382756
991382756
342151476
446233123
446233123
937452835
937452835
937452835
127252343
127252343
127252343
127252343
127252343
127252343
357703808
357703808
357703808
44795447
44795447
748399140
970483480
970483480
970483480
970483480
437833056
863253713
210565071
210565071
210565071
434420376
434420376
434420376
304758949
90371408
90371408
90371408
90371408
90371408
189810579
697277857
697277857
697277857
697277857
697277857
697277857
41890593
41890593
911020681
723314361
723314361
723314361
90956929
390179560
270802620
81755111
542406785
542406785
542406785
542406785
542406785
542406785
493808362
7100239
479869279
358257328
358257328
997422098
997422098
95229144
522635352
987013186
950530951
199125934
199125934
874810652
138471060
138471060
138471060
113713667
113713667
989318732
989318732
556242223
659177400
659177400
869664979
659144515
70355035
701582216
701582216
701582216
418059916
993463366
419650951
419650951
337086705
672521577
202999006
780199148
780199148
984212551
236365995
236365995
236365995
541279376
891894486
891894486
558448681
558448681
558448681
154033353
506688459
506688459
506688459
774809137
234209704
359690644
389061427
673805108
673805108
673805108
673805108
673805108
70367895
826283944
291916830
291916830
66088139
753893647
753893647
753893647
753893647
753893647
753893647
753893647
753893647
987219565
987219565
987219565
599013976
599013976
544933868
465504979
565569727
565569727
565569727
565569727
301076506
301076506
301076506
301076506
301076506
448083097
439101173
439101173
55683449
55683449
439564553
439564553
301598428
301598428
202269020
125699425
125699425
565579330
87491588
87491588
800733253
800733253
903339770
219462160
912517784
282840240
282840240
676459867
502011714
102906115
102906115
632014176
632014176
632014176
632014176
632014176
632014176
119784949
196122552
196122552
261868905
261868905
261868905
261868905
261868905
261868905
261868905
261868905
753541513
981458423
447681799
550671741
550671741
550671741
976951051
851051273
850710132
850710132
850710132
850710132
21872342
30432169
845423539
664955709
251384113
251384113
251384113
713919024
360919576
360919576
360919576
92855806
236908225
236908225
258503603
497742924
448184888
944896346
788932616
788932616
788932616
593525914
593525914
593525914
20319097
559653735
297652129
675729816
675729816
288508135
288508135
749572346
573570638
842152894
842152894
842152894
842152894
842152894
240193847
584252468
584252468
597345193
597345193
597345193
638537770
280226899
981773407
981773407
981773407
981773407
154893055
154893055
154893055
154893055
121726254
359974662
196584066
605332046
605332046
605332046
841187791
751608915
751608915
855543964
855543964
782310653
782310653
245569050
245569050
245569050
483696259
483696259
483696259
483696259
847164156
459839947
596068244
596068244
596068244
596068244
961781533
117113431
117113431
117113431
432423880
810398339
525059214
525059214
525059214
353801111
353801111
353801111
353801111
353801111
362140673
733266484
871736650
871736650
964344791
964344791
359467738
790200064
790200064
790200064
687162780
687162780
573490617
752073900
752073900
752073900
752073900
752073900
752073900
978251915
978251915
978251915
978251915
978251915
978251915
552027360
454047409
454047409
454047409
454047409
928030138
928030138
264475695
628099868
628099868
628099868
507513268
507513268
507513268
507513268
939656022
939656022
939656022
939656022
939656022
361377865
18481895
726561611
726561611
726561611
525740744
525740744
213935603
213935603
413190908
758586204
541699529
541699529
541699529
777684967
777684967
777684967
777684967
777684967
777684967
99130851
99130851
100262431
304959348
198119350
198119350
515478030
515478030
515478030
623801995
623801995
878262789
878262789
852231420
852231420
852231420
524623639
987390892
37171946
662779981
662779981
513541152
513541152
513541152
513541152
513541152
518747875
29590942
29590942
426500272
426500272
426500272
871740088
96868323
817640945
817640945
57098636
649528793
433149984
23453155
442556297
442556297
440623298
203021790
360747899
190175044
646195383
646195383
282304785
282304785
903710499
903710499
903710499
893422126
893422126
607406910
607406910
281295267
281295267
37244447
733456788
733456788
733456788
57108578
918947993
918947993
918947993
918947993
53673075
53673075
53673075
368553829
835696120
641678192
735702027
532703193
132017705
159959937
159959937
159959937
159959937
411574020
867890755
890974533
890974533
232571548
734408213
55671271
55671271
55671271
530771174
530771174
694447529
783078825
754835332
849616730
849616730
849616730
355386915
355386915
355386915
355386915
82413581
82413581
82413581
82413581
217213405
217213405
217213405
682166522
427822314
226054090
226054090
226054090
226054090
226054090
226054090
350497162
350497162
197553266
609586068
832502897
476463955
476463955
461914655
461914655
461914655
550731173
598169168
598169168
758195893
86696889
86696889
556207978
280943857
403052862
403052862
977610511
977610511
977610511
977610511
977610511
977610511
486361113
702330103
702330103
702330103
420206940
420206940
420206940
295146710
295146710
295146710
748015941
748015941
140421193
140421193
140421193
731793181
731793181
731793181
731793181
731793181
205105411
205105411
887333383
869065695
538627061
844712933
844712933
653855223
653855223
653855223
443964271
661279479
22836219
22836219
799929888
799929888
427218887
427218887
841341358
841341358
310069895
310069895
310069895
310069895
310069895
753500933
613101556
613101556
613101556
613101556
884249189
555050318
98710310
98710310
98710310
400968978
400968978
400968978
347392918
122766533
230313469
869475680
869475680
869475680
705744641
705744641
705744641
705744641
705744641
116504897
116504897
116504897
455840991
455840991
455840991
455840991
455840991
813609945
929024547
539172493
539172493
539172493
539172493
539172493
539172493
461715778
461715778
461715778
485058207
489983292
933026486
933026486
933026486
679175303
679175303
501690159
119651969
542070982
5245158
862541001
862541001
965068403
965068403
459382083
459382083
459382083
191771210
106120505
938825635
532105922
532105922
432023871
432023871
460072108
168206663
87001888
36703968
296266545
694030280
694030280
668025262
661243147
661243147
661243147
661243147
661243147
661243147
72123448
72123448
72123448
72123448
72123448
72123448
72123448
72123448
243515733
754548122
754548122
754548122
295746112
343979287
19643312
19643312
19643312
967112770
507826312
444877632
444877632
430884925
430884925
430884925
430884925
430884925
849689719
849689719
207049461
207049461
207049461
207049461
855532574
855532574
512515413
512515413
512515413
512515413
563725171
563725171
207695483
584568994
584568994
584568994
863732025
863732025
863732025
863732025
720815399
279938296
279938296
249579421
249579421
598639497
225301331
225301331
225301331
65408075
362511874
312434147
312434147
344910254
344910254
344910254
71058799
27972839
140416971
201530085
201530085
201530085
201530085
201530085
201530085
201530085
201530085
883244576
825357179
825357179
825357179
825357179
825357179
112397625
209052068
694172857
459771596
459771596
432592443
432592443
432592443
432592443
432592443
432592443
418157536
418157536
970904015
970904015
970904015
970904015
776154789
776154789
144537181
820259496
991366790
991366790
991366790
991366790
991366790
991366790
905097995
868377305
200130035
200130035
78907696
78907696
78907696
179877868
179877868
878238538
196765296
325622053
741506276
741506276
79424105
206192828
783818441
783818441
730467702
534440234
398812468
398812468
398812468
647869454
765257443
765257443
630109804
630109804
630109804
71967653
71967653
429091283
785540593
785540593
579871733
579871733
579871733
579871733
899719038
432174602
986660888
674775111
674775111
674775111
674775111
85589575
85589575
85589575
138291303
302987605
302987605
302987605
302987605
302987605
894517304
894517304
894517304
894517304
686409425
686409425
917194776
953045478
12923840
16383607
262930244
262930244
262930244
368092545
368092545
368092545
134002673
837484785
837484785
837484785
837484785
29238059
30033380
652328932
118991162
385996116
659626599
659626599
137008434
137008434
137008434
156625450
156625450
156625450
69512145
69512145
825920951
825920951
825920951
242958591
747596558
747596558
747596558
278497062
278497062
639847818
756773581
756773581
396726333
396726333
396726333
278921286
278921286
278921286
278921286
128340262
128340262
128340262
128340262
219006219
219006219
276630642
276630642
723713943
633560612
633560612
633560612
633560612
527949420
911388478
150061681
125246578
125246578
125246578
125246578
217015191
711596556
711596556
711596556
633167604
519084405
519084405
519084405
519084405
268756596
106325478
106325478
106325478
425406303
648090396
648090396
648090396
736212509
633702320
633702320
633702320
633702320
302406612
302406612
692421391
94601003
94601003
94601003
94601003
967546381
751147076
751147076
751147076
751147076
235678322
968881476
968881476
968881476
364202939
364202939
364202939
785458363
785458363
785458363
785458363
82715219
403065664
403065664
403065664
403065664
403065664
403065664
403065664
841319602
841319602
53697611
252831808
782289653
782289653
327484676
327484676
327484676
327484676
327484676
327484676
327484676
327484676
123151044
736473463
736473463
736473463
702436421
298797734
298797734
53057636
53057636
629796769
955116096
396179037
57705547
57705547
57705547
262882629
262882629
570307914
570307914
570307914
570307914
570307914
570307914
990602901
990602901
990602901
990602901
374131817
374131817
374131817
374131817
575788749
575788749
950326502
412989484
412989484
412989484
412989484
443026831
443026831
390061102
358333911
358333911
366583464
366583464
366583464
53379340
53379340
53379340
956400218
956400218
956400218
480754497
534340440
534340440
505095437
404966280
13540593
408416673
552825061
552825061
969365030
969365030
71934257
833291400
731075512
731075512
731075512
731075512
212056673
212056673
667693595
667693595
126169237
126169237
126169237
37316508
37316508
37316508
37316508
150343795
588230136
588230136
588230136
287237203
306048837
534943871
529712346
529712346
529712346
529712346
646092458
646092458
23773924
23773924
7075390
53393556
824130637
824130637
885569523
186061276
186061276
186061276
186061276
335513124
310813723
72579533
72579533
72579533
809135760
56933998
750530172
750530172
487426958
487426958
487426958
487426958
254747047
284390521
284390521
991844534
991844534
734049613
734049613
734049613
797809088
567923753
567923753
592623399
592623399
592623399
592623399
828710392
828710392
265525174
265525174
265525174
761930532
456757486
265850013
265850013
868208126
868208126
868208126
749534742
474306821
474306821
474306821
474306821
474306821
474306821
657865930
971708898
971708898
971708898
419522801
639433767
456803563
26604415
322999370
647417217
647417217
428842946
428842946
428842946
428842946
665408756
872850022
428330623
40789528
411655371
411655371
701987758
873234631
430246172
430246172
430246172
430246172
430246172
430246172
430246172
430246172
430246172
643117528
374360704
662390914
662390914
761047196
196210492
688197180
402388159
83565629
83565629
83565629
724257586
724257586
704903089
704903089
250555492
696868172
696868172
696868172
696868172
696868172
696868172
489652047
489652047
489652047
843738895
513880371
247152780
400331607
81373308
81373308
372599921
372599921
372599921
871363273
821669613
821669613
919093625
691063541
33702554
859509561
859509561
140083713
140083713
384594338
384594338
384594338
603475328
603475328
819777695
819777695
819777695
481339999
205939722
33271857
253138081
857209289
857209289
234370421
234370421
437845
31940757
835011667
873795351
873795351
94347065
94347065
94347065
820840857
820840857
820840857
820840857
820840857
881993620
881993620
486885919
631723854
824460093
824460093
824460093
99254467
99254467
688281248
980571850
980571850
240525472
25636119
25636119
25636119
25636119
70844080
457782199
610717046
98825723
98825723
98825723
98825723
98825723
98825723
567375537
959135364
959135364
656891541
656891541
897085306
925026484
167710198
167710198
167710198
85130107
748641118
630415420
630415420
630415420
549671997
549671997
549671997
549671997
675431990
675431990
675431990
675431990
675431990
675431990
675431990
89467182
570223998
570223998
60037761
794876965
794876965
848728145
759633444
759633444
835739956
835739956
579297820
975702290
975702290
663459206
663459206
663459206
663459206
663459206
680599394
680599394
680599394
680599394
232494270
859168374
859168374
859168374
859168374
859168374
818269642
818269642
855787042
719720829
427018267
427018267
427018267
573661450
573661450
67566242
482935263
627465240
45504723
85645661
85645661
820192532
353625638
749889035
749889035
749889035
749889035
307082877
926661690
14862178
14862178
789219694
789219694
592688896
201942790
497175351
704382683
624664715
624664715
812859815
572657836
572657836
636046842
636046842
391999665
551785444
854065166
854065166
360687643
533977965
219456716
219456716
759182715
759182715
501393351
501393351
501393351
927443887
246486159
246486159
246486159
246486159
246486159
246486159
246486159
246486159
246486159
246486159
246486159
355000495
68902547
68902547
68902547
68902547
68902547
68902547
878356709
973594445
40774936
752125341
752125341
191130561
855550133
855550133
191214719
563102859
563102859
835087266
719321954
719321954
719321954
888708920
888708920
168385267
753384505
971187396
971187396
586924586
979143145
979143145
262334359
569847328
380473091
380473091
770839892
247254968
247254968
422709378
422709378
529995027
238686636
953021043
361246746
361246746
311546660
311546660
164595859
164595859
164595859
492984655
286302114
231339768
582208631
165090355
322341625
322341625
240667992
240667992
152394621
152394621
152394621
152394621
999310788
999310788
276676007
304543345
125247167
51887522
512086496
606365283
606365283
606365283
606365283
156841378
156841378
714873052
649861105
849734105
849734105
849734105
849734105
849734105
916067359
916067359
916067359
648539523
532644415
532644415
532644415
532644415
532644415
619238205
619238205
619238205
619238205
619238205
772530863
772530863
772530863
13816096
13816096
13816096
255748479
867962417
867962417
850218789
850218789
850218789
850218789
850218789
850218789
850218789
580701775
580701775
952748521
569464968
641479350
676910830
28126538
28126538
28126538
28126538
28126538
28126538
384363883
384363883
384363883
384363883
746987451
876263252
876263252
876263252
855457727
855457727
855457727
855457727
955336333
96671132
171790985
465894921
760188811
768598806
768598806
768598806
242473932
65183435
65183435
65183435
102072162
102072162
102072162
102072162
377323694
182364257
182364257
182364257
182364257
182364257
182364257
164928069
247619852
420453889
420453889
420453889
211444415
324909484
220276735
329979520
329979520
329979520
329979520
329979520
329979520
329979520
329979520
974662786
974662786
838706844
838706844
838706844
567516083
278800925
278800925
278800925
833233353
833233353
449624953
449624953
444959216
514890657
303462646
303462646
65360
65360
65360
401457992
545762626
545762626
545762626
333633643
957494588
437121706
326285538
330826497
330826497
952832373
966285494
117198737
763275253
177943105
186709904
245488696
122044993
741996352
741996352
741996352
890155418
458062689
458062689
458062689
458062689
458062689
920212416
920212416
765306251
765306251
765306251
763846215
763846215
877252571
282110696
282110696
282110696
282110696
282110696
282110696
847591617
130841947
130841947
838884879
297409937
297409937
297409937
297409937
297409937
297409937
297409937
297409937
398356470
333895950
333895950
445732533
445732533
925689317
925689317
925689317
885330253
98368312
436815438
436815438
436815438
111653919
111653919
111653919
291439677
291439677
347957873
93776946
430585742
430585742
430585742
430585742
430585742
684987441
684987441
149508964
149508964
961998855
961998855
758282430
510110343
510110343
766905466
766905466
766905466
645948732
141609937
141609937
126633440
126633440
126633440
415575979
158741655
140965920
140965920
140965920
946370312
420832555
31955876
889966896
120344021
120344021
120344021
120344021
120344021
120344021
120344021
120344021
302330793
628143867
628143867
628143867
318002799
318002799
318002799
318002799
899417148
923925259
915167592
369734560
263630763
263630763
263630763
263630763
356649170
356649170
654486570
654486570
351694120
351694120
464486217
464486217
464486217
127799312
332316532
350606473
906196604
430716006
167345994
563085837
563085837
956850247
720091835
836473869
836473869
836473869
836473869
836473869
109939608
109939608
133448849
133448849
850124149
267126728
267126728
351270189
351270189
351270189
916221392
760598333
770223436
770223436
770223436
639078680
366568829
366568829
848037955
848037955
360108017
69006470
69006470
69006470
69006470
69006470
69006470
670863819
670863819
413815334
413815334
413815334
731579425
279276001
279276001
279276001
279276001
279276001
897710327
897710327
632959384
73998988
73998988
318470182
22179370
22179370
22179370
22179370
457613467
190104366
190104366
190104366
7877050
45799107
683200551
619570188
619570188
152565608
498749503
498749503
6360573
6360573
483957374
60954501
195970398
835036207
835036207
835036207
708174178
616883607
616883607
794248491
842020993
911869403
911869403
911869403
292659098
292659098
292659098
292659098
292659098
292659098
292659098
292659098
846200277
188692268
188692268
842040088
842040088
161171849
161171849
161171849
731103064
731103064
480711026
19021927
987468989
987468989
987468989
987468989
452144077
452144077
452144077
452144077
635208766
245627176
139520555
575427217
31126068
31126068
270204157
976668850
976668850
976668850
976668850
976668850
381200819
381200819
347637545
347637545
347637545
988072023
269090460
269090460
659160280
790591550
207223102
39410778
588525333
60334949
959219252
553404164
905218535
905218535
905218535
905218535
905218535
638278103
564445367
564445367
692835078
692835078
692835078
692835078
692835078
692835078
692835078
559011111
559011111
197936479
705069475
705069475
705069475
705069475
388668545
637958125
235211939
235211939
890703830
679484829
679484829
571385313
571385313
571385313
453697114
453697114
833175133
880343466
880343466
146843645
146843645
146843645
682720334
682720334
682720334
267554223
267554223
267554223
267554223
267554223
267554223
267554223
267554223
101515668
618473080
198103179
198103179
319946583
190464836
190464836
190464836
190464836
190464836
190464836
190464836
190464836
221965557
270653221
139940285
139940285
139940285
304244879
96667071
213553475
213553475
274040094
274040094
274040094
274040094
274040094
274040094
772775548
772775548
772775548
331033893
214320662
214320662
407173793
407173793
407173793
928211500
478338742
64701736
64701736
64701736
755359206
570509420
570509420
570509420
570509420
820503127
744669990
381636752
381636752
381636752
381636752
874332225
19389026
19389026
19389026
601360344
463181184
463181184
463181184
463181184
463181184
135458200
135458200
135458200
667852732
667852732
667852732
644272389
644272389
644272389
644272389
526680471
526680471
526680471
80495457
725734156
26160891
26160891
26160891
26160891
26160891
26160891
699122458
936090551
295292894
471466143
918503145
580136842
580136842
580136842
857439360
857439360
490601153
298394100
492775555
492775555
950205618
958745824
958745824
376854135
376854135
376854135
964209571
918816590
131739389
132275382
913496542
199909519
128093125
509477407
509477407
89958848
703559293
570402271
357954992
357954992
357954992
604695788
598034241
160420460
160420460
133874840
787467573
787467573
455598229
353447211
353447211
353447211
703765246
784841210
784841210
635687709
99544733
99544733
99544733
99544733
99544733
99544733
383572198
759953309
241464015
241464015
241464015
496089095
496089095
496089095
649942510
660791400
660791400
660791400
6204703
892970871
649015369
127085580
127085580
127085580
127085580
961794518
961794518
83089113
83089113
83089113
83089113
129888764
129888764
129888764
414715701
930304814
632547394
144613845
144613845
456238490
456238490
447296602
447296602
447296602
447296602
549504738
991267976
991267976
991267976
753061240
753061240
753061240
753061240
753061240
753061240
948599617
182868133
953021351
38116162
38116162
38116162
38116162
38116162
38116162
32778158
32778158
938784130
938784130
818954817
818954817
818954817
818954817
830612921
452980460
643011951
643011951
643011951
643011951
140454961
140454961
802004503
660457823
660457823
660457823
660457823
648269242
32451589
182132648
182132648
182132648
182132648
915835720
915835720
915835720
915835720
915835720
810473672
779079694
802118449
412394913
412394913
412394913
989627656
989627656
989627656
972061373
866060484
866060484
866060484
866060484
866060484
866060484
460595728
971413625
202325710
202325710
202325710
594006568
594006568
594006568
594006568
728687018
738506644
738506644
593870921
982014442
329651857
329651857
321847793
321847793
85976516
253084001
569779815
569779815
137467541
137467541
564767301
20515284
20515284
20515284
20515284
20515284
20515284
20515284
784665458
784665458
784665458
784665458
7259870
869116572
869116572
869116572
869116572
329227698
329227698
699569563
371226840
721733984
721733984
532375362
316003514
217204947
454378756
653805133
653805133
653805133
420630995
420630995
420630995
29126553
31472090
31472090
31472090
31472090
31472090
621826035
38326074
270005325
69297761
69297761
69297761
69297761
69297761
69297761
338812365
338812365
365329947
365329947
