796534500
565116423
248979565
599479909
285150432
270748670
929246823
308818946
232815518
351208144
187978915
586329396
974490422
463013934
353653464
517199726
20742399
344700591
924251870
851375784
418722193
838497435
21945670
779015175
8940877
896519566
609052355
151229702
830077017
1404900
148627719
676434496
265775046
917312328
300611248
650088055
979928130
647859932
991125535
829671337
673496747
582188617
305471810
349640650
463762590
819288557
158251619
793635013
567450294
87753699
940904488
976452968
245265687
731383328
667829037
628334252
224501282
387278853
69291661
484012863
311216643
315015594
11095765
497656134
282488137
723108584
896194063
844934336
412619623
203327528
443925404
8401100
220674580
77079163
601659101
215544521
393354519
547227597
932197768
740966936
955593634
568393951
868027770
506949040
701653295
647359237
739213169
665261747
377919134
37667999
158534700
57115176
537575328
478438680
331985389
850799230
837344859
97478128
42186869
241827703
266823564
423480526
650595840
944444945
194946703
724455648
994163447
706423192
398811657
704999234
348634452
89329715
746264665
511896881
155467895
814049248
375561745
958646468
162452114
548494623
124542913
949041293
388419963
949591481
902547498
214088384
564525387
447326569
92821061
573076966
386145685
908173395
370281490
80281246
877727112
26978358
147456592
518068188
795833166
495717706
718014277
500335425
237224721
358442949
941107645
574645267
12585595
585903146
130850016
910090564
830788911
136761285
60653978
318258637
921162406
449218135
311396901
641226236
837302261
735507009
751851939
131374326
133229956
267978655
393591784
704302211
923166580
207249710
275263221
453046582
593940136
510949033
554668766
64646003
841168991
578899353
306443997
162213702
333943618
273186561
539438480
909883744
113201501
325383920
839112551
574255266
103434956
424356874
86809616
539586757
983355809
820486736
524598462
361453118
922317059
235349600
403903163
543469368
370257428
570191301
146884751
394379660
651218796
123069275
675929078
287796266
488925804
953381533
777121668
312008663
513781089
516466276
312478609
696923221
631223154
803820382
89290920
548032107
578995813
834199696
423679544
324367198
962698438
577483049
374588107
680269622
642463671
71368188
304689839
852114154
143028713
768892524
192127858
157072131
678667312
18794431
719981147
879901215
493142016
694156645
225729291
502461861
240579418
42076123
507499618
907116427
852494214
195495995
227917910
146796782
13309495
833700765
711546526
122687338
723703899
199353245
480953206
42063525
895558268
848615920
378998003
569732504
975584001
301872388
35887448
191718629
431811147
780619162
694359533
700234246
399384553
707439949
749926656
844409903
958244173
126605522
205871726
734198387
525867024
982315978
325863236
262673242
119594527
573826769
794921532
457444927
206670789
702006198
161655289
183149992
208879586
286948520
223138061
928903154
550353480
630490714
180692538
169649423
339966143
638501846
276028311
545040734
196665325
34977572
4286933
863696642
701050105
388067912
518948626
617338027
345843583
13254277
48433320
302782320
103315889
544054445
703830295
585301374
145923569
554094637
559313579
969284723
113263472
835267849
340737726
592802808
644626215
601220195
476917806
962729762
677981976
546973488
560772465
99015401
69671825
45966730
974424206
655037629
572827950
318051716
144008390
731053356
947035365
310607339
677218797
403711155
98737365
364343012
316154103
955371739
971548688
618233897
464385379
129399583
219744002
125515951
111257337
631038046
929837730
604019809
249636867
214750310
939790508
628245870
11891484
402121091
367102200
25223220
210983388
552939180
575834863
144804682
973778111
297584304
383255430
210227059
87048784
516711993
591724029
925036412
685020252
435737014
160972746
930026333
441570091
816601571
704913610
422968583
604201868
598008330
289434036
862626204
648951482
755485044
736563893
524390088
274951314
853600213
218806309
922649385
667145227
162674262
876418110
255925308
89310979
634906401
431434362
897504836
741285046
64652043
411385218
634888879
235499429
636445202
100114124
223269651
381579561
670550315
926516502
232210249
638693866
871518140
971359987
239497026
40839572
2821344
838210570
696950434
491760805
152126442
840275895
728262323
584284373
770517462
818876921
373270172
277506161
2204536
181717541
507729616
102230169
983884021
377940403
761063687
66743366
774242349
595353409
493273169
473794324
358057232
426585064
533582732
431951467
454663635
365938175
391060201
546555439
643081226
864073738
378487968
848144788
296535280
597607379
271323184
870932081
247111801
236845738
13118478
454225910
820907304
246190532
203211174
594576616
340779502
920642774
285501510
433315817
765432617
393919618
966804649
276314516
107979198
683431338
407410783
419107072
33618597
85512365
663463382
361137919
597965628
644134343
889949939
564384832
893877106
748095671
395033161
539292379
341511142
212083661
405222052
533478100
242926469
870867203
373323091
350392581
963145839
346747536
10470551
746088128
635614898
302829667
80047752
217910348
412675679
782936274
490222531
619577164
843049150
228844636
784629933
797577036
428521733
707408626
720879650
30706856
889971109
4930337
580033624
956223617
354355616
248856870
496497622
222226993
897499818
662404189
394140564
541558377
978028333
566819267
242935023
116161883
83315826
4713489
891243979
112238246
471931675
792234857
155796011
172942195
291251113
875546741
37917989
457589345
684959595
185659483
700231931
996151120
774205253
96229432
539185965
901101080
943755195
938712851
44336352
15250914
31664443
99853338
258756484
332520795
266124437
598577060
879504866
654886859
491160578
428377616
316984733
6625936
121571646
894622409
192051835
281526998
194003768
430058435
696515277
303989242
745462714
605444366
856906017
140489172
175481339
946431290
35928705
115179786
376986361
402066127
104366423
378672181
377278810
835870187
614732759
92565785
191265061
149167003
381348779
497316785
577591711
219657495
203063233
629208106
412910845
9785670
707724873
71399824
982364056
952248370
870489158
87197654
101064435
443073633
256207753
225314269
941295373
534779099
632228159
829154084
911815560
59488330
568295403
181804066
68867800
410607817
345323923
287345576
59885268
188301744
559421410
24913862
450205744
257998408
764194130
545988063
194104133
873387594
259198
787962488
486323730
406256166
220470430
812052929
830568921
310681536
490385814
963560812
22839219
257648388
829079674
61979132
82942734
484136619
685499265
241856752
971267800
481919790
379799155
727553250
335174358
895820223
389156151
375750226
96431466
901990423
8070923
40886398
709597663
280969556
390747646
644380038
347054794
545334453
769181382
804827866
730800531
121501450
485598541
318617495
836232186
662168155
942185810
734829287
995476030
82999576
325345249
741358480
24034616
111058481
162713167
860431568
792725129
593259964
139705988
111589685
191940360
4631699
202359133
582834132
498083314
79782689
522618890
423614883
544693026
535833261
38185465
571965012
948889101
678284358
733427584
933082010
647245138
162150218
382802904
184052209
478125616
645500875
944056233
603302797
320819270
154497101
594597074
434578458
84964405
195894161
362634033
917016267
957022680
279033045
919376749
790451852
915565522
292497178
882395919
188664090
180544505
471567183
188233580
167135532
631879913
326794515
796970353
135234859
311692546
170401810
771049889
154863772
669411648
153686487
805057408
107206018
871197665
278200300
736563095
756450130
352312674
97198180
112623571
148426066
373551970
851194592
311676235
957402122
939238098
187558837
351069366
502540267
411696434
954128965
620375559
417250038
197742781
457572597
233116051
798045166
854286637
534432649
805869007
280257311
908056080
620743320
473556848
567628721
358427743
121918664
632483979
626172449
914876830
888275565
123388443
102394402
229184684
716153096
84540652
411828073
717904662
96002198
737730484
38009373
466712591
153114208
855895260
818152655
635768056
504300575
591624975
127260557
444122458
412922543
948607341
786587080
667680917
339873237
541954984
384500426
671135857
633243388
588807669
249849256
957231159
615716574
28209826
203815101
223859793
145067529
394331782
579565654
403273645
703765526
329456760
144552308
918379490
496302529
606915850
287346189
857246485
646185135
421382138
26470173
639872094
148999348
897766639
521023506
825958791
835523111
958520228
816636921
848974791
596019576
707504142
584957573
828755838
188341392
56168648
567031294
642478163
200716355
662352258
259041073
760583158
647549901
342614459
39232841
331276552
264428502
627011147
737676031
724375874
651751897
316733976
968200084
72428720
648454477
659094653
984782936
572820140
979321515
27329174
239341573
936586815
826105531
824700272
149207147
536291444
292983249
820572458
22565334
632806140
641573818
418672211
282466842
606852566
328423346
966338347
266069448
764621726
282179974
581913978
667134643
815462420
382661799
831294213
637820624
550060721
214160847
194164863
492983927
235500156
278693680
266016445
225642347
17049732
43109234
467527495
236544946
847894753
908149947
386235433
333755947
775393940
495971263
609790377
193020075
104427491
817202392
158042436
475802989
194669350
174370400
306098022
241345760
555259708
576248765
355972401
360821112
97779614
938659250
428290540
743450037
578704365
222046512
854254923
335720604
723471542
533436918
977921203
925212400
719665194
220129535
536521290
597932126
496153382
767427059
743996189
298237736
73027612
304143699
389929854
887266915
572134544
287524555
695994852
59896306
6392710
705151327
888446063
164647896
769619102
422297664
61260537
550378717
802550181
728093837
56297584
182064257
925223271
242806939
803574915
724264732
655446664
817840098
623551789
705129364
717917072
80961451
608700561
177951727
992334764
453620626
865182865
833221172
850667538
690280843
924378707
319380606
255090673
669914044
843344027
167185316
797216704
252273131
252710660
546586467
852770919
356846061
669237158
924693319
33292173
280617389
239673434
47128415
655409926
832421497
357142363
426956663
816778146
700511575
261253076
669118435
177552044
873994244
672953810
333452609
338438451
177002757
691825908
885465415
144523248
83555919
371756312
470050904
563256387
437963478
241791951
992294858
417888348
134658653
644389007
944962113
245212550
262269396
435058837
553486451
386355136
19318510
999695812
359511691
593151206
489636219
57709224
441910477
4371549
323630835
855019071
436956703
223011063
129453433
970770813
322616626
393275808
516678245
884099253
776494059
762045405
789626005
143221256
877832122
180526627
24917004
836159738
758755379
647021043
269773814
760551859
723250625
493832630
746774878
80586076
340449497
164110108
577589308
175828648
221429496
739036356
532675562
156828703
148918494
333698618
285769763
711734468
855201228
739753973
858946539
968060883
43957594
25466662
687242240
345305986
197699598
763163675
573502621
779073205
704369892
143890226
426474226
350828077
138807291
978463670
739358904
690160112
778960177
352671965
966853573
576435387
31930960
593187260
182953349
240236160
109592531
68465229
180839338
131068759
724935969
768270623
72497847
515495088
96230753
237368622
100404604
161344022
161938745
895107078
330877519
787660459
879735449
634921428
861059075
548248334
782985259
702076344
138655689
996685942
678356606
377024640
783229171
109001650
40363582
921754809
581847498
569977207
582934937
759825407
253427244
589375848
294976123
171865959
18709245
91750997
260281149
993153179
95612854
571487175
23967392
351191821
186883581
8193308
8125638
139184977
973825753
763354265
20200093
378158675
591102703
299615053
641256927
947597626
87448817
706718598
872493336
645396048
609404296
174154938
463976020
712825088
195064727
460139463
979173315
604807763
245366322
665913634
180335898
404164616
806355448
240292326
396094571
484519643
755959620
463414592
664659974
33730741
319386859
412095554
880073308
154164720
908672689
713472458
505027453
599740133
726324103
329664127
633810417
334863959
600355280
761351406
164368383
55352714
706052639
210546277
906527589
995158602
711821046
63084315
686524008
835269855
964274289
24050672
369328513
303778660
243871427
653044611
636998344
791456914
254374476
587683278
3430309
189585699
344486391
472093015
36448862
440392664
250625507
382464666
989844748
654364958
98749197
764842339
92772178
898840798
860693458
801750301
512235263
908758119
795584537
151224915
255110954
380238559
920743477
236922400
419406588
534869591
104207359
408848750
669841233
253192065
456246162
517181466
984455857
704852091
472325750
373825243
683937172
246279421
478543583
818171803
981536112
860082124
723385225
334896857
444814041
513370651
623209585
212797364
147885780
805917145
4360886
144972916
402069618
962705566
791547657
141962102
495548886
98559657
246753317
854983356
573236935
717370192
204712080
936453950
427318488
28616304
233448032
421644284
759209925
936647042
474805204
43522558
967019094
261459827
572474388
489973995
692855764
326998944
47434881
463941884
474975830
436599174
677413285
421087682
23561858
876625164
280694848
702313785
910685611
189359273
155476180
782297888
793505441
462004506
422331544
784716425
988875421
289248743
296710888
739238186
16900077
246856695
559828105
923657758
571342124
875857125
359759018
577559222
742340395
969621290
237068399
760712996
654079154
132329101
785414511
597115801
876305202
771653102
812484586
719188603
231922479
459814673
342864901
280812410
485064683
466344967
47564328
295381693
348592584
419819243
294548725
865960179
496802533
265691451
566769068
591664285
822060521
738987870
608683382
148816068
267518028
127470109
306587825
276175236
425549509
114779052
53936786
553864755
704241200
547241135
14861123
541735311
212514950
145746530
3552032
470272215
845420137
472237814
486893825
84679271
519621534
291601618
324437269
978535186
612210181
310669925
21290344
186159869
696286297
659445075
665821570
3696220
698149220
108623668
846422859
586375272
322717189
960644812
660996438
672607831
81329512
745533545
646336775
853900709
58130220
983673109
661784973
475444097
329724200
962907600
175412784
797535296
818245417
290868356
91720951
538659218
765389454
137903811
915413313
189126032
601777981
158150260
243482969
748605726
811847185
829468442
118541509
705023035
260725022
802154539
393136084
639098845
31009695
768947555
235048610
485672174
724733447
451428937
330703876
149929584
380732947
255423650
492799308
453145583
136684888
602784236
613665884
474165681
566348968
596719750
426736385
406867286
950133449
331721568
299538838
944396707
178552360
656270943
798752363
984854774
222693991
934368004
544162815
208299435
11253018
181635596
697976811
70920793
478968227
348025028
481949488
402344090
38299471
950032574
786145779
630730195
197977861
612076552
42100890
777002109
543919952
943976558
577328567
857028839
510495669
975022426
334653648
252328235
601389724
78945236
222385384
858168992
463784035
332426437
346867963
984063588
634369563
821958861
309177055
552987208
487392116
596996276
856714653
532822491
663848621
286539513
165258079
499274717
186739587
610984847
440691633
48894949
565135797
725384118
995383029
333974706
269781396
962777010
207982295
666209224
534432199
799395046
404596919
943107610
954654987
625395128
502676901
327488229
912460130
253497006
751816076
423265852
241231776
657627356
66832664
726244038
89881878
930261098
213790001
835372758
825464675
11838853
827533486
714201089
496195082
960863581
875032227
235568390
62924266
611209065
526087195
761648082
591674070
369825468
563435738
459044938
502825452
972315115
302423508
170862105
58133073
114845727
390121053
896597563
444208358
520101284
86614815
108628082
244518329
19352894
76697604
782116336
62801443
966960089
228944289
120941517
399723458
208593400
252727492
311990321
499117185
846050073
916771645
240967833
990988218
207182288
247547566
357294683
94303554
127735444
705938068
903258746
713620761
471663216
258450764
268713776
204219314
785998547
412289823
312082676
57053691
258176739
545487879
604061711
350389600
998208820
430144539
238828411
545489001
788706698
24884157
499463417
770575224
907170882
88453806
506349910
659320333
30003339
2131201
209524159
181147127
765140474
429822036
264626280
545486480
837688472
908084593
556779105
940041174
2651880
810237150
21193297
281212041
75391636
979726577
868997331
490706307
161036801
431064194
616934711
39174171
370016547
869391470
516355294
610786938
342656051
194554755
748951761
934702924
347114886
445632381
25009476
761254289
165574308
570639707
180557319
756758406
751868400
18495912
620885915
737819137
739683308
379852443
924534660
526447735
89818241
811696257
252746593
251243144
755379672
867877665
760518855
890481642
475722496
328724160
496275407
906830835
39724649
934864642
639188717
4456824
984209460
800168654
430314560
205405025
642543973
996918168
21867880
928125565
120115351
636120943
857589835
51038822
261262032
669196312
855296838
422482716
405855838
455881095
377336947
637174145
477068758
89023105
15032145
743831374
340107978
352605000
426198142
956796060
204637120
117172450
259349001
225135953
767567827
7513669
244827327
882005862
775618735
170762323
166163821
861931600
266064690
151934039
149631710
974019458
410508762
401478672
653238866
569720410
480367806
766946431
452767140
440145241
147808638
410464652
208564709
866996189
540681278
994341994
466639489
205087118
871394501
44396954
719943794
610933000
784455578
829323931
523276986
795122597
721668953
844261774
904758702
170451565
698470804
476168643
842821136
209068502
110494908
400131027
240484340
210595562
749315291
116991652
356818429
971501131
773527499
909204538
846964217
793466574
234210676
756471268
880732820
918371501
743555425
184086919
88451480
848873993
566111775
863233339
67551797
670418718
435232032
244421549
598833222
945213947
630544213
926740426
360587621
264639108
620707428
574913215
369541249
436682378
395352325
601942246
233771164
669766895
21934628
271205104
389923840
304378134
866032763
990615993
340880412
984660430
72494990
52230579
56771084
696294021
910655550
498036097
110908549
526613582
352216128
788348116
608909694
658689107
898260664
909207063
633989468
859265068
350447965
970723544
524441289
405836574
243453688
895062194
391767608
353389585
785747829
504734632
784912246
977533867
988603138
222665967
599923808
648473017
484123745
853857471
592458275
747678814
906717070
154014742
980481466
856838243
166718386
288666049
452620489
282149036
730860184
406555734
64575288
198035569
232977666
923038446
291679404
785941430
511801879
691878374
95968272
459524428
408553354
24518766
316469352
402489155
102632028
135403703
717102958
745592684
666468777
351491307
523451132
796386584
374539445
174590058
465840397
201238909
776049903
574946713
165790215
937308734
302378532
786364665
205661328
18367703
487282315
269054863
646837623
457525943
955848869
869072131
417916718
478001002
672142645
683432059
882403113
288256019
560765416
448060632
798248969
258690104
200186440
262995492
571719018
3430916
716809120
515288871
562636235
116814947
51892604
558896579
997760168
747693707
45583415
51484918
303954171
559706651
456207808
817590689
793811122
27850902
906473510
744540015
871770792
614927955
906731677
598377904
536808795
310821866
41801255
290785408
404912645
867453590
740184138
87467069
567372964
672932186
157747797
348213508
322634398
608747231
960129422
902223280
655045918
395543750
701524066
399066786
811993684
651541534
473200350
132941106
205946447
131306861
257694282
980316064
823814382
998456944
45727809
457438973
418259130
984064023
894220872
440139384
34212752
611897549
632162931
897868684
68923733
542355917
382935376
991325675
97029494
957306535
429607399
982608172
718933134
303958741
908379750
289755986
948393710
36794818
338552203
529123317
486937610
250398860
502138163
345250492
716528862
172163244
22944613
155219903
749101090
267213772
97762501
857909750
894817620
798720701
104141352
150986675
584892393
825375336
109785959
785923128
276682419
297457633
767553749
347154625
847057747
188839952
457464888
73770490
270845952
578115901
830702113
215041644
397397328
47050702
312546692
260779448
923067895
549690023
191297390
703773537
646087133
580893231
558377097
230966069
114308960
808442398
604631897
332676102
467179422
601533711
583000887
274252059
742304436
819228546
252592529
324264965
441810912
461014200
820735989
558694893
743810143
858383607
21444933
667191278
893586313
278231736
73975042
696819303
317921747
27946918
107693855
171305687
242550335
450279513
67918733
525019881
212470871
445640097
347510405
36821419
127022076
999968619
634654726
87206666
359838394
903295003
266378467
928534074
321990925
540733222
2251262
745815660
186819665
774600910
13576395
417962150
126398174
921975656
657589895
595879987
964949702
189468614
386930152
30295259
913251744
988349235
727472345
152970534
674184714
562456291
601845983
377977934
840578735
572565877
674286700
536825639
793340416
442084219
710046637
509395898
347235056
317721472
641646865
806139632
600523209
734781434
177296292
83770103
331461194
894571778
32538323
661088192
587090650
509219643
240337064
709005386
384371172
400004343
120927714
676922050
827176053
738767310
338817530
486644045
468053135
567561705
898308249
183707229
248345371
165750482
968276570
203451676
630319396
367861447
769497620
543393964
365426436
491994970
308194950
926404010
64118211
267251932
628545535
896467357
967215123
304294877
86422947
969888131
807232985
905690473
769302820
432637351
580669954
239980919
727164139
646978383
22769551
187606350
527043437
469827787
176598579
655317203
233030319
328711981
720036930
978703787
844441551
692945189
299819855
632698622
31416199
775985061
434858988
881891608
152510837
179831671
842087622
12306298
697545905
912896827
865669037
740843482
385163800
185394950
932506111
980180104
147364555
340809157
263525836
29084156
246903196
269222160
192960043
464161733
360224038
811889595
901918512
419502304
924482790
991886983
632267781
943029852
717344587
359085935
143704967
695954552
61224281
795713910
450385611
883709655
673467138
763325950
471115898
338884805
945512917
951842953
700511208
552296817
131881479
80081223
394310157
243011202
971740102
348939929
808583023
248025284
474289057
272759883
438284933
567156088
353615083
665847610
500094619
684879991
176096383
557374965
766540581
272315136
705307386
906992255
384226513
298268667
769886805
188920702
69560774
316952935
533953471
485007890
189498109
992146454
627477231
376273928
724455567
830305359
26106663
313018001
985948100
487544425
646501899
96313083
67972585
651108274
670637089
974544722
714761370
541632037
841186639
419212131
133594177
715271825
143488530
136662227
533837325
910735876
384957260
199565948
613300853
7888083
33933681
740816143
25963395
174159982
824373906
381522105
376958258
769944000
28232394
651449786
571631364
411095958
425320933
325532005
806311940
415451478
950032384
672873213
677091598
112548649
258038456
1032901
515340684
760805352
250809365
7134587
267857515
8316662
364614559
426880109
18582220
320610145
939336203
321350448
290558519
8572764
26809994
469388022
306491380
586169707
962841624
708029974
942608661
445442236
766122249
956204550
138739616
286147055
588585437
823177879
185205986
538376479
454533312
865078010
644116635
3272497
924631090
686917656
220900040
763252432
7303427
143998666
244556061
943537635
155611454
237094507
337839486
158150813
854691849
279294734
610249475
797094502
417992077
814331206
178065638
491318095
315297550
515679672
209937038
83007603
991955963
700951019
36095664
525354822
495433174
417250253
786042557
725071785
59597544
243009827
802654545
788410747
372761549
339974659
921853143
69734594
661167908
98926497
450514466
404439118
521900626
855678584
946237235
875627244
226626273
721854609
804566049
747544051
751208769
354130828
974460207
728990614
337813469
259316950
284973911
759874739
511137334
444064771
148753357
303257381
21839755
929746520
408816708
618663039
408091732
945725998
515284051
625092579
906680156
171258086
149402919
729759564
329191962
65923480
26114286
282970642
289105516
429734177
251868082
257408401
232276345
852237898
82061483
61000578
882643969
842778533
45643700
303104896
624946162
785757042
786617712
916021929
749289213
996156888
879177755
954625676
6425390
622395629
367083494
660248743
841228619
274926369
711725823
862083677
783587997
378918200
199990267
359978733
189964962
809967479
867410703
59371587
411033820
887129929
361273490
851573876
635774377
635095692
771594949
723320986
106779747
445033987
750561262
903034664
850979553
291222449
485907137
24248903
531110017
865509575
588132531
967392371
895542616
508068473
689787965
367452907
559152238
906687605
359406659
989481180
167375916
707196513
157295929
809632365
370174310
899867327
977363040
602827100
441099512
422296804
477929850
661532110
510404569
239982108
712424974
871605184
672667456
951052818
509956228
213876473
813157773
766480282
53680882
353673604
795641124
946628927
841414714
101781952
920357065
530783302
452535388
250094947
875742626
16352208
243130935
377240076
397992359
872176971
407584180
487009009
600502665
981678365
916721671
545906861
169013621
338495164
598694067
948566479
234743107
479808736
247984475
936030600
544815776
516977157
847662899
93334122
828775818
944878210
850894891
454789059
399226258
731072410
748705442
803682447
41095355
469353512
805082727
674768214
185968617
260746411
656170148
946537483
761697779
708326983
432522757
748554920
811463795
4837125
46558049
640416865
220313329
125251828
216479787
351270504
53377280
896984767
788646243
293229663
834951539
781201416
400212717
143975023
186790182
372514533
527937778
559123338
372461873
604103804
634277624
212615855
881713393
205536556
540926958
199753279
182840765
145338369
775853600
614849889
786833222
797218595
779544770
238930889
705131128
143458130
864334681
582818488
93427123
771754249
842645298
53447254
347673032
118146939
956881809
732580474
280212468
137894545
460295670
111699103
306746858
216416821
630649840
388359184
701310516
686673395
882353954
536306434
223830658
955409874
331850245
14178002
114529749
612792576
698430709
328138886
467336054
483751164
273188758
890152959
229162625
649726176
898505729
806322733
946315454
839174104
259324178
662162415
745961947
737331986
16798636
783600156
23632602
431315020
171793969
707245236
497405408
269833315
709882552
608439325
436455781
879456506
397315112
853786600
455924827
514810819
309067927
268357293
31244951
163252801
184444868
744616002
790378809
288926042
785973247
747068396
885579014
580665728
746127408
289574145
633631473
883622037
556023856
249759616
962103380
517197731
985694982
895838106
221512333
222029383
720630322
13147372
241717119
341433401
461510259
670823013
966973945
244836744
720504061
562651649
129945556
432861250
474710493
662271176
439116693
36417753
488474770
472480809
185438005
937013014
655505246
286293790
497407350
555885722
687737926
86910764
822714043
573858460
920784217
27407603
736246075
36468236
908382575
516642536
602822690
956109611
863051394
495936551
82764785
656485881
867834960
472579944
642978605
751184967
843066960
371305429
483859581
451846022
117533940
595132665
805264415
34688209
336128300
121365416
495194394
480877573
493503055
416109697
221817918
945817837
990499040
486586083
779098144
182354641
436065497
826520134
359241015
183008054
541713797
979760293
935007328
3806459
409933211
155315682
804940271
567379430
512191912
603340826
893337541
194733144
721361698
795382420
277412688
95381721
336349482
59153466
217843593
255846584
831645617
587640034
298468242
13298788
763688870
16801213
366918540
401382393
229933228
422507044
489339803
734668418
491343379
314199780
257093450
876647675
969659135
366925771
116425306
35302168
41786280
656857797
69148180
4218811
114066669
642697323
456541337
394158549
824479845
136001201
308896057
555434129
771424667
415692257
531680687
636716071
76300704
728980838
686725906
985390455
319202667
472888514
281231173
62700472
457703471
825407090
275300308
982132896
461256232
647706897
539830
558565759
434039029
611382134
278614303
722691673
395644772
342900205
36626048
302430748
441936236
531830917
358059493
398470925
95414737
556053566
158682469
886126594
364713066
430893139
346741573
946443114
646175283
343276174
964580454
218991669
344018743
784861389
320885312
545061607
78362053
890475254
145766740
332897193
475253016
876596471
542741130
779549293
532501632
374063506
232535303
459690540
512889247
281586144
110200713
851486067
563047458
392165041
700415460
613332419
584788162
482515019
383773704
53732491
905649725
89347418
770901908
939603700
637333627
741181338
954250261
582523689
716757744
172489180
347669965
908872843
763164510
389202575
435427570
729075463
56350808
960694743
823799796
731474725
383187955
573020527
372187592
798495177
260305232
101775460
636464450
673802692
590707127
390679405
685830988
449303025
950241416
916748771
161349909
650404471
204033789
855490891
298163806
158516404
683476822
669172948
823383614
657355692
389982575
988669260
191941864
893580584
17726072
379219952
70919209
678410750
496826894
951780211
637024525
434792038
723867606
456502303
792373801
886759888
779108466
546179629
398535399
800858209
233637777
787836399
137736693
632386837
634137175
489407407
600194500
532505385
653118093
672343585
88275269
730506336
934550045
146583705
338269975
3377081
899326388
629308881
804550920
269741258
270737586
996422501
302506536
538728502
181403648
724968427
538497500
762110263
324736496
312738378
301483421
769701557
130265355
17666988
487188601
619529890
820479643
992439008
103230835
418831135
871693230
896263398
16101226
130961323
439375361
