990630323
128978162
833454041
118211586
648620255
578205259
977816565
19171926
88115500
987786385
280561220
469051999
962129304
567591578
424753194
925144206
349252555
103029588
312762714
126119242
20744210
752417131
525366178
399786241
915832001
584191872
787781713
566187167
134890072
589564625
47653988
572965288
36192816
303829396
931590483
426388080
316137020
138323230
107243065
898813738
86940136
327806178
724020741
150048465
363293333
848249567
323855869
331781482
684751104
614855524
896048866
151056483
773377839
809802948
319822627
943265461
715196695
540544266
17153537
290493266
303732327
642994614
775327695
65801023
629372481
851063865
172267160
834280540
313173876
675934175
472124228
450980156
575495259
72858356
946722769
766947924
810826958
352730060
497750142
313372441
659911521
596207683
819647931
691687302
71627588
875108809
795631536
307243108
638663748
232731492
612109385
536409038
499968047
306855939
62004370
616839374
610454232
560973320
279891436
111969241
506954627
30686351
769981006
181914143
500652461
310783895
107100452
43119638
571579161
537521615
718375430
655855568
26196644
966239516
917456387
750384023
354585848
180874998
307125204
47364062
200874313
906007583
144636476
963480744
591959199
850559869
460382743
505525306
968901088
178413146
149082455
270470139
65482015
541456587
499393151
739608386
606867404
347552417
461874450
587219153
472637324
57244485
246704236
655775596
79766325
327644500
982071232
477936538
65794242
758973160
170720556
205524066
771965131
361972852
463261473
122464303
855844574
80489003
662904146
760020502
226279172
47738257
673145444
752440341
695777764
145365700
919184266
645780890
595926959
776128221
834756310
919322324
788881661
202055930
641505293
275819181
115691304
975023793
581088021
151332720
696366277
783584314
668122366
754957684
483691739
271634508
974132457
497685738
997365946
718349367
145295541
252207055
878526331
491213605
767811065
710343983
680613780
653535391
768984531
473537024
502398944
577431637
538345871
199400598
209270993
661690548
825291931
911638593
175211601
5169960
443487625
837873557
364516178
346976264
375936151
579096878
491131979
790995088
64536075
706195428
826550583
927783915
555262764
700183490
977411435
158307351
922083292
165157505
709257370
984236667
171059597
126274311
165595245
326167987
334010145
274846272
572621616
989018271
684663874
662995973
127945570
856557450
690245321
779210853
754368461
346456834
528999427
208241413
666393012
320259107
713207528
960992633
676378654
275484380
368767403
521944372
516005003
49612720
677410054
641501890
436045821
17627577
84952277
88525795
296908899
40941516
657421845
480998613
31924123
100217136
162670396
325338198
1602772
602517547
381122598
147870530
977834998
979094420
777751271
126426267
294992301
275934607
847605408
910952109
512692535
241329233
952218403
890672235
121480133
317363874
489258023
775833226
905698917
457699967
17973948
598454535
588972701
201449940
208245818
412876718
951787696
194436715
96818637
385541278
568914258
623060101
864759597
771590076
229101618
863305895
366422881
28601272
540128744
635962732
869315085
61776379
559095311
970862747
995961247
224890308
11613571
428228864
486333497
795301439
186005665
159207140
68112495
657219027
455414913
276290307
662090913
213372377
956152742
968954938
986844063
116170225
835678176
162008793
958313330
42125829
730473616
203561857
707385046
86540856
841181515
597689774
191402524
841137015
822094945
666535563
999809143
155150426
201228359
814418231
586232005
511880585
429307413
158125006
190461367
681167910
423251092
773742554
841268530
14421839
150872902
966076203
245610523
256498653
154228522
543772
883586204
695431181
282226370
478351662
547020051
54725738
110238872
610748673
128564399
498511557
834061848
693467728
778779092
27875893
59076225
652587776
772796797
96400750
400523023
576000666
493165719
676511771
761124104
356650490
14846805
902141049
242477089
218532143
739901507
722985388
357389264
214736081
454220130
290051825
767570884
600120088
669884892
83201018
229386771
768390157
482134912
367664127
472978481
269736498
328698698
412840675
5433370
178245359
444142642
174646455
41360253
852627827
327193625
990133044
337309246
177676341
900108839
630148812
769585160
553073726
859572610
299293002
768202792
581876350
950097400
116805577
342703419
942127252
859894383
889416812
614717672
491494530
523174079
84978405
600050975
278849617
34858466
580191904
256197627
366782123
782293478
589654016
304634845
871830931
86878377
837658413
375336252
611735852
732825855
464933629
72381499
302228485
923128997
163469612
391538175
203674966
802553484
582179117
152231077
992873136
778204538
154641466
537375364
333634691
410340225
440906803
986613738
708078418
980094445
297614935
633341594
546130790
987494246
450410177
480783032
757895659
945461358
775843847
889770909
170106386
958556338
474344629
51224407
445553521
261672629
510968265
561900112
62724833
619343373
298608026
122058882
123153242
344290896
606929153
351155386
625065199
15408928
47080419
444064474
616056229
233967276
454610796
379586996
579422246
193267476
902934691
965065908
117127343
787562934
145242537
135969344
857230025
15343383
530532197
884483842
571673911
905092402
214211440
454927663
983100295
527059396
45598584
76914970
227995064
204426348
604289976
270440710
751030785
851294479
443051341
800578224
81246911
188881360
670781362
716827091
943489613
795129618
610240180
716125328
542988577
502188520
896354710
639484804
542152483
39074409
586384460
185844588
835428077
88667637
359952424
488509307
152720394
83264437
694610448
791194398
320528400
953947167
689093697
477810901
742370479
612363225
607833021
527983619
378877112
300343281
633737376
118955763
683308211
848768787
283095941
528929490
741955999
767168224
57154024
198503311
647259954
476499643
469644272
461904772
989722901
830149715
311645127
730761133
923225961
172147704
562587347
684040123
305142978
669571606
759482369
340243430
146200398
863586578
937982496
118852875
483114905
744666980
828018977
44166100
251155377
221050460
215911073
551341696
798651238
810131425
936260892
538040176
762367620
823805439
277561010
218858995
842975125
777205981
106799042
10060979
91767683
181999342
683853762
172590366
555845156
34844736
641201423
785491959
993099715
879331088
701572179
605440322
552025363
481925657
142710666
837142617
395927546
566590661
751283989
83737891
511563812
10114011
167373490
334578706
405785086
63510482
539174287
817591003
341216518
194797465
475744022
424133751
281460143
303313874
790544524
341661442
528261583
352752661
432380096
727109588
149925216
366400190
265101247
219022270
868749425
389622303
838323232
904878776
173137863
449543176
271261250
578613777
939616058
195552329
896991570
920359011
735511716
39663933
408184182
103193800
274886814
118453939
274421996
312503275
188267109
951687596
334461392
991185617
619538402
444662694
858101744
397863480
849362401
627544979
349569975
358323991
516517809
749665756
747242234
433250039
744252613
435431318
605239681
806160755
32473860
30209753
268307895
47510106
469603120
141773081
385862336
735535118
884324876
299641253
389456048
892306960
911708657
231063168
382205240
583480058
801655394
861538298
158418753
195245561
797591253
48764509
69217069
167496707
134529615
956640785
972969193
247947945
924377293
384213375
576023563
454693019
264811076
416380663
551039664
314517507
6894147
524916622
318499009
485276024
36865500
779230321
278056283
191772272
193990738
304798329
634651236
502728973
337378047
576899143
194771193
638665109
8739213
350297019
58921455
202327412
748017529
900432798
958299436
996494311
913944816
524998371
817712062
522455399
869393453
862842727
50257251
495817500
550515529
854399413
898884408
958198979
441877799
283583753
741993482
313062187
192405863
451093838
275957651
557623399
592344404
954356202
796100937
613468731
65286412
360958645
945806720
410971601
27860141
885753648
961083239
804728829
334415004
818961292
853446379
465531517
303650773
281599383
15960638
116463323
125032035
737080265
667942337
1807448
941926800
576248452
49894394
44538262
995731385
179018615
929682603
459138560
3882583
203215711
165958007
960357295
879703462
523567925
835284129
204408576
74523415
317745705
784734622
335195123
148623601
303428508
89076157
288510116
764685042
327069762
583326014
152960878
380570725
692591870
820531328
412119531
788244654
90900855
389806869
391119724
183605595
358395918
166984053
669752116
85506802
295448888
707757138
122260411
592981584
337657444
677763242
459380992
670367273
806914710
855388217
569349736
202527411
888805793
272643387
862396969
896027186
401397051
964219206
864562441
94144958
982415322
607140106
473969473
680604995
520831810
451032191
142828941
290313420
113345597
312821865
487753111
50598042
63416448
505446668
453215691
359090918
82910621
111829666
224562960
861588892
652073300
206110642
296483728
444776130
847167345
639247501
824997460
58619012
866820616
887124218
646471643
245669189
476648389
506757796
930820853
981534280
213265021
77629940
464548566
124503881
133972908
393842862
471802722
796403703
555387228
548665490
657869736
330072936
496260552
280177605
49880076
430330093
951568356
645468259
600277531
604361183
101611155
441321103
324556962
909344477
992115183
728191781
325465561
362760276
970256228
105838504
496890104
445740806
628555919
838795562
276438328
742681103
49194205
724557828
585435288
342499596
924650289
271510595
932245803
420320537
239560110
826570356
812062335
367911810
263759293
557167920
757112407
282402158
66504588
177917436
767264273
746261837
276822367
961471724
630737797
979432841
635656255
444563532
259369633
810139928
782066140
710674476
738611218
641691450
139283819
785513701
962647021
132420502
416519846
758667198
558584470
10691198
620398758
309474699
195824469
791286398
286066849
583970474
792034594
877138500
353545221
413237840
278049223
741925704
698040925
929858644
215979739
257017027
97479371
837475926
241083665
348956380
381201391
981616956
313510981
993382150
773347618
918795285
669399313
345196256
195724844
972981213
298043003
95273384
122877971
358370284
724884025
663397405
83213804
697843748
550012673
547608553
453642370
997273668
209403187
424750451
780552223
150157719
478712203
531791916
699508879
303394032
386771750
858212359
305106272
821441649
954436068
54692034
244904207
191620884
847826974
825914937
774820825
803640294
315227618
1323013
96483403
786598708
169908194
661644661
546554387
727433899
260957525
452064411
14496543
351409441
779978494
385990083
224588894
191657924
84058535
262217705
638681389
421778343
688646679
114505417
316304506
276434588
817838490
232427875
413336399
327086706
634695551
228480656
92085858
421863229
552223469
604121793
767791441
541166630
505630438
857543997
86422451
445396462
224232507
995103415
554003936
376182044
981428293
666496141
784415102
903018986
827574175
581078814
711356380
451311759
114232832
43027288
671345925
47140640
566730134
525187965
846384586
674922910
420603582
2858026
136991701
457776355
267102166
370585506
17404607
580348222
589729318
461507895
781250106
629328307
41314623
39895276
448797175
616489271
422942858
60339519
12780983
504564064
956891472
404180466
205203953
986604843
110150421
210197012
231846227
541308275
128282974
483683302
641145955
80750117
962140195
314936991
927120720
444862277
133904666
181781939
899034226
892977115
880370335
782352274
797244453
594198602
135267478
417191049
811972515
655000505
993845054
772429092
37292283
713332684
868238832
443811773
722302295
334206376
846401324
986477950
49896999
596640732
972598783
384164495
844611697
183379379
337987512
143005344
584025873
288948659
629062620
78993751
553041680
895951240
759943550
708049105
307521009
204882398
890766553
545875153
768476497
314941534
556554911
608300935
276795912
111674799
963841533
748737317
317683123
308153280
743441639
183703874
274053887
255394245
208038831
577573324
927503961
806554995
857791869
28316995
751161098
579976366
563927457
105675688
567111544
555618488
232795663
118411172
487672335
966358611
916479661
71094946
37670568
867127875
207684859
809952840
941961430
565647877
718791897
92037393
78137703
657925724
676630985
69603859
387514618
531658219
462126050
954682337
604887315
923571185
10806947
986702192
128774700
213357692
223476160
492339225
338367216
126554834
353047147
640637436
978316539
257218531
630467064
708552569
766490536
485085432
26717074
535817741
599942377
93466599
681307148
323644274
707302587
191619790
154729676
548721118
229446306
266038013
590960161
533425585
923032439
382830500
282522344
409009284
674961949
466678281
755284223
832371631
591113931
495051840
776425329
914231568
59583147
341892715
931293121
694938143
114869659
489118134
840913571
430944218
346920865
212344981
543806168
114217595
626542203
220579057
526363416
430895876
880183327
961080258
524307954
908460715
926816575
880474151
132204219
281029919
727895453
998286595
659854890
399411713
50737033
12441934
220401950
514214732
898427167
522815820
950915089
490539348
651336390
982703635
554667336
618242193
31902425
645774533
712174532
178049276
583740757
917954084
545365924
178802660
549543730
464026152
264683528
634497485
505843047
625948146
476264160
262433355
415811453
403512946
877280972
386062962
644731680
31257590
922033957
304093706
715985999
75558864
330597613
639005077
462011682
720729229
188684201
929584101
377122140
998780817
39676982
612374392
229576526
449953079
365621323
919777558
382386214
329794363
651324786
234431100
397054648
711547019
745154374
566088135
143534213
881173760
20142194
532631469
540604863
409936635
528696824
143418357
513195886
844904801
819208146
299674993
991655048
941021772
261338225
2659528
844730618
406864837
15142028
534499371
971758540
729356340
860659869
122447252
591393027
48193682
937050674
755580493
966859921
95151421
843510520
337057862
44925715
189730648
650211792
950347559
852425955
174802443
73881501
859517871
762300540
36853296
409409625
711035885
806139213
376617143
484148262
295785506
280646319
3139787
895969694
661948970
180882313
889556412
259174563
226031935
703423169
939555390
110550523
529922910
546163231
347961828
611296515
690642105
292490439
813301289
76510114
686326843
73302517
120367910
427431503
161722487
562997402
187635345
749645999
721508406
50518073
440245470
943578253
375366230
590071911
699070579
598901289
198356766
422155087
242686343
164450038
261365006
840258703
606872152
528400158
6095972
26324480
896754480
646682824
215803083
656013822
17477939
448009965
196892511
923998173
283528827
676554323
271816117
890196134
199581452
151480151
265866522
689394434
116872134
300008345
374936956
850775524
465353909
95026185
141536683
517198030
644682785
368558661
246992949
746032613
394113016
742835629
483042536
579402411
613900766
674399422
29099675
786657320
84029069
258274564
434111749
832638872
778305733
742480315
286716331
329444097
952734580
778247519
6351326
42288830
70843295
319584273
807329126
236349218
884154658
256673342
975915923
995639222
891571556
30476699
762684561
630366952
908871890
559152862
500985473
243677019
299852078
956108468
99449475
794360992
1890362
57471584
215432384
398281417
772753580
522243449
932925535
210544891
191320861
232163699
505119576
409985118
355764881
549611191
735486844
114301291
466936876
360398618
619690256
644048788
596151881
838341969
844588951
628661188
185175419
330194966
440888869
574421688
828458340
641040388
114037888
226429265
314939262
157262914
611245582
396142781
599166633
65564598
500703802
800908255
156454544
211584471
780367046
768457144
895043784
582916196
956430
519180309
70710343
399403896
26872534
779836124
449738467
815936369
273715149
667549391
93552186
869223736
288533008
338227997
313509702
588892538
790382353
142853711
481429059
155902442
783556396
288325029
131638152
331838209
392359210
778499004
557436491
666679004
300770071
333706574
637201268
514575031
962287155
285368512
611680981
255910425
551747570
47496011
956939952
864652147
682450144
268585057
73840989
47709196
903748288
443208739
617047651
822277845
295913998
621645650
708211601
227967155
306276107
328592586
753795868
45608143
485804309
302654206
337024652
5665173
245467507
657226989
999919695
744504714
854050759
115075257
894839127
242015396
530932279
28885048
29793222
478912755
497649395
370933951
829351566
131908826
325098836
544433354
946221357
270721046
465173804
698528986
641835333
116669548
338603186
713766724
189043261
421163224
147626965
610839561
710684082
106985421
420242849
735434655
386015308
487774219
417619929
99722174
225214839
118077055
15681079
163805043
987113867
658046887
780362618
356804819
560738323
41903280
286051965
283946102
370009087
39486785
32274278
88490368
504454918
572266735
342832505
226487250
795098121
953021306
914450387
857847443
166968750
20533790
631311908
173781840
950262236
752453468
528458038
492181554
651849327
524729926
798569906
157048132
262679815
614867649
162126413
882155465
470595775
912853589
680880577
426382813
720736364
372279141
732557683
322346512
938878174
504556296
13045917
376679377
971725753
129272784
13833304
53123890
534830806
139934320
260110396
328633447
774419908
295847783
621557932
637932351
154532859
291533997
380721823
771561458
986041747
693038999
137671511
140516266
211583358
408961565
146949961
530357060
342664868
558993698
769300104
714967910
932748964
127504141
484498013
635021822
957756433
911064436
529214098
92618678
166469199
502173091
649440674
295457032
687038743
76648539
55938675
224539876
303279983
618051099
458729167
198408100
73121342
462372287
40816903
460487360
588938711
180251924
206655000
458825618
679125308
715012216
525108902
332661714
812638688
42410735
680762016
951207031
365658839
297993398
652832601
100024456
206314887
219019300
718436683
335155182
229274958
602711205
764887139
71531928
11157173
708754829
915955108
915813567
301716573
592699735
457087697
226481436
846038734
923527496
150054366
658029112
937274755
142892468
870871828
445169965
221566286
39265789
765860894
388921468
381584096
828977383
390725969
912156959
430197844
222296584
880527956
680468137
158898539
192097142
663993631
155876008
51585405
421237417
934505302
254209474
284760571
546186420
605202923
132926517
128077236
622068457
873233152
428547788
676339252
651539148
748957341
185754596
569711613
928741396
969047148
931890478
752572053
788744958
580435647
684516359
690124205
41681533
970691625
678649162
380083068
607581026
800439354
884970583
496614180
552164609
889760631
383474785
9611585
34429630
573549485
737868802
216209769
513399803
886553504
97073843
767178697
862399485
372956416
591613545
416147605
924872562
577990780
257952459
752721183
407170775
451679038
809811586
676356692
182803245
52309242
258869237
309413252
130911403
854225222
751869534
862558883
63343678
144590657
40542012
623372788
517044321
722295400
889688590
396134021
392592414
641060795
855705907
314853686
945535059
141994836
487178856
554656950
798746040
783216617
501114586
181127163
297987031
442657067
782156187
512719348
198732626
342271966
863153888
28693532
378902200
59595436
637340518
629035431
314330574
416951149
484930806
157059795
517333856
710506819
176729668
278883765
21090336
469916238
340760324
591136393
856973232
161756084
571039320
85478594
673811644
783929024
998372558
25839842
356071830
577102837
146416633
294926351
163649435
599664900
552362195
634137647
129437082
752282763
802162756
311039076
259857943
275521416
19350453
17868840
439787936
685441972
895744646
471167842
803292238
239976806
991351966
396955586
749692703
267289147
164320197
188756156
966236560
694169569
961219040
566726219
196734905
917488287
107325317
238657255
442267977
591010087
853104276
80108605
585615610
637383636
869307953
730941464
53822427
162474319
563877749
834583548
40116779
827441135
42149763
201804451
843485930
587213211
191296803
832664243
919067199
820784840
729614064
598796968
958370910
506356315
95570149
864705852
522191126
755048820
281864182
901791561
966539618
371698692
766607375
888507872
446565467
907179419
421987894
495217870
390570093
688784729
266989799
894236170
577981526
427422563
480205536
257273925
120598100
649726200
770972616
671165716
730603937
621090881
84203226
285641134
857009191
341215918
460236355
455157074
184962357
163090035
281154195
421339000
17943661
898798998
28000551
676221995
965576783
895394132
789224245
879054843
116210596
939941411
317022965
541663039
467304024
950750047
564374249
820386703
969025911
46959214
5160976
80798801
345672491
706768443
797357043
265136805
955112272
20361214
908112732
787225054
387760318
403531700
298933155
174203925
668199707
338629917
99687088
98682021
408576608
144453086
966933570
761049380
418674850
956688800
320553020
362687095
184441734
927018330
844676186
788993287
270783004
504701461
428312652
132732570
106795924
16293818
774620784
328921962
368441592
763172084
93401913
884378578
901400847
100636384
135550132
919040569
523929999
493607648
443613445
383709316
204039013
912338194
751797662
826383262
634460711
812093273
610858126
101609904
98005094
739087898
768814188
355281785
259833324
525401621
837144101
445038466
152800288
847180588
591420625
402318254
715101817
629290080
820059448
422042556
202411380
182658502
124202770
30716742
95831489
112393495
996617789
503386325
261266310
181440364
726944375
225906657
979694908
180838353
966177185
96131410
332891442
145186637
634494831
651280564
557667597
492691768
715736161
833540691
894471264
72072223
589231395
31049517
809323716
238483390
132804936
879855617
98977008
257265879
378748952
54182473
487991373
919342040
210767958
604308991
570112012
706758461
324015234
827756598
455248223
341762383
207416038
341211185
361424395
770009721
19912536
759005549
779802045
967265905
433908972
875516969
933375238
132362091
258587085
291087955
300313503
473193366
752818888
349288736
948664808
609946023
215247473
592710753
101340719
379112602
300170922
50781690
438801371
134954384
247863365
563396628
79068439
935228697
781895433
884808905
824307095
856830822
624345660
630575014
570725082
736066622
997066854
221815695
337934143
430423511
282639903
942349042
143541656
208580772
629549197
410811670
959936855
25917402
879403084
777722831
100412500
190796712
859690518
740039983
750277632
22563193
127554169
467359722
918093233
34200971
44962314
89159959
343890309
886318990
880786508
724200242
397542191
512222661
516995654
830940877
991106136
669497153
300380584
86772943
510760015
678223948
502435509
217286699
136422378
61214412
520019421
601611898
303397850
18254946
213402165
540993797
914853485
865205935
572886857
707227056
806264670
626418909
836636956
427691433
678694221
335787476
993749760
830090927
812737599
994955098
900150117
962255284
558226105
742448449
929296552
85610682
471917492
138159407
382361515
600164680
192722280
410175882
36641652
62131157
759777888
587193872
111754200
336894914
192614312
67975992
484146168
999591414
728693203
154941589
443932372
481955076
294912920
898439423
156584557
271879691
373662933
503277529
160641623
531662685
795817241
937982823
214971414
672760858
308850107
164489437
350534402
517736589
931659161
788644955
431197227
679253917
231972010
419359210
896715897
594565102
218051518
126071572
116411921
677907131
687482110
364724844
584449508
366594778
612422555
155760081
655326637
148959487
47023381
706931468
835794713
144831126
819970158
996881906
739971485
521209772
446458927
419709951
612681080
349804613
343801243
88120084
270261294
583436946
446377434
911140680
614865515
532249882
540639853
924499278
341192066
880478464
942014511
103763603
808401151
256490609
449902675
786677
37635161
24930789
139268645
602610814
550689576
970909939
654532507
549072057
19322168
889997289
872452713
990815693
450778469
302960132
687372695
641135275
155171855
268161388
843778395
249605993
191086634
801338245
732831824
553133508
530695128
249129692
937516674
85173421
897375395
34432535
15158843
911805305
423417158
174772906
149074824
947877210
867711642
875423825
86800899
50655807
318191962
183540976
955664526
723170641
3517259
244483
654483799
481763252
169009861
910472175
997559041
887532261
682439812
106125358
349517358
340235275
279331480
491234405
647319311
346514343
873982328
772957775
219307868
302739795
338926901
92582122
1783633
386631536
715930215
585210170
326779404
145413104
349664818
25091770
962790493
337577410
675509752
464675890
242054991
450584137
281731970
123742381
112665450
541365860
661649321
211483460
551801587
472461379
120108793
851852548
281886672
143483747
487831507
599380230
295645139
433422143
771797000
797632329
246265693
782801183
857287404
468773239
794423390
457804241
442997075
529007175
963886988
665804428
287278658
690764511
365151006
520247131
748277406
208675438
340583437
481791112
735263845
104007231
258833279
814299294
227089734
273853118
552132003
643247819
651500009
44637067
556516215
69635481
777995380
837236550
569338763
783907687
495811250
503002891
684176417
794995241
417448526
767377778
807557479
688368528
173583518
509481737
270696759
442635237
348396888
537240685
24813643
162644401
498396594
395670960
136131206
584927071
149157445
393447185
347855279
815579822
935207166
718047097
146172902
83002832
328424396
245780533
821941889
463547445
94840207
23635947
564865135
417504823
964794036
775166927
53710982
3456994
601857275
681821895
711324805
22264090
171086032
973032805
718436010
194387960
488528374
432221001
670490800
743708782
347646006
201881684
89987389
245521993
484463146
611137589
8003747
535863478
120551833
494412775
26295082
289807984
622204122
540144826
483349317
568796628
346656447
86830972
627205395
67519386
717675727
718532754
939723845
583848319
265929501
551710482
874235874
102616693
17079890
988861753
72226437
308681060
979066472
24047386
670702774
579951005
715318800
598968399
109916390
933039442
333486214
851365828
679123049
857796640
198229167
978047351
232677015
142712063
17497800
94054255
903936747
402017091
857716153
961205677
403918609
244418876
175366716
626905226
876821682
197297844
631922679
634427486
402051498
357683041
901666014
34430106
418464201
139782737
611658087
94643748
260574153
43024240
264940786
444848143
145640341
691291804
741581731
474610008
586283193
229880019
670642895
695789357
651132562
77156429
195067515
915639675
620560543
838668371
265524392
978676385
663712708
40253724
916916544
241478486
338559901
294732354
450724235
397920465
978981056
723961815
783153347
807775742
309069746
104832602
528302455
588929261
405947441
399134033
788615043
566775551
335481828
67762407
77935513
685708075
865213171
453245075
333710416
35358594
938640237
478568452
909350985
261275187
554691826
760510612
824153289
25740080
14108745
592855338
189592593
778102828
79771471
549302901
8184923
399920205
183919975
976683858
997520238
246082060
339521748
589318302
647949868
355318346
175839682
452383186
452421552
906912913
41599175
586038476
735427088
234078497
692823837
866554407
619973392
880794957
404812101
293285025
221516231
286388299
860120003
705157326
509033221
698302303
567326060
148122858
249218213
848534316
839877915
593624351
33398634
354353353
10422479
634226108
309225277
199138428
499458106
470801816
820753278
358756098
186393120
721244423
683561240
2897905
198475777
67688210
687044052
757205357
731875613
114664784
796229090
394175595
770850275
433951451
519137109
916869782
559184611
934707023
213414398
582099892
982135060
599935019
726404604
352176255
375842228
789744008
446371635
200440346
680641714
204232793
413399230
741329608
654854784
255042499
334140556
335053135
91922230
739316287
920350505
127280084
26085804
965084050
586714495
525077666
98102268
688723629
742920249
114963604
307423762
524165961
572601678
200088932
605479086
968283321
381968780
600931944
32093093
317085365
657262356
604581168
481736339
458259253
193755050
688098653
23776170
888301041
103977231
124909905
978815006
274806564
61714569
426856024
313881494
729036327
680205368
911034792
449967673
533891357
86119175
728724180
765504734
185293154
812324351
145360042
122559467
711582138
396974669
124997787
800656435
170058938
879117241
108473143
886048081
920468632
691816687
167121892
599396377
762967007
736194180
878677786
393902632
783361486
252236647
126442497
208334898
33419909
388317929
778017723
747922486
77890407
612680177
628445676
489153847
343625250
298685019
620507275
770523387
796200368
228577791
592919640
701622405
64977105
999636211
252770450
266435969
197423546
67778830
856394959
86942056
369406489
216283981
349961085
172722390
583144993
221416517
532512666
912306095
591724759
726954757
107067289
764823788
982135019
503212408
443353718
615620558
397330593
179651063
479120026
825686917
940256889
125287624
262161044
938464224
96297078
779984498
370776992
143346153
239056749
45114845
484218346
727984987
363754474
675274176
511423995
335104556
558318377
647710971
930005699
417216894
876585587
185578200
62107276
783769623
30007849
884713588
604686560
57839416
212915472
87642339
486562186
537560051
955054769
517340112
711699395
689198869
938950056
923034494
215153994
851793252
362514328
318322584
594335510
962306783
875439713
665662360
857164145
90352802
732729503
492290646
977151331
415410108
770352365
519681686
956580092
999622040
168805924
117513815
760638664
181717429
148797966
26836145
338422180
885930382
639796227
72857036
900444121
602094692
778785703
224825931
34486376
263638900
820167781
645147801
16363287
901884774
973798494
451178267
185115205
9598739
599644208
995564278
402883121
460986231
763739609
237095474
490867517
158367009
429687004
265127653
620084202
528472396
452743282
887005460
785300851
207448650
345792137
546934091
915027592
414684848
827012150
296496539
307083729
924983017
638101725
899257504
964045778
