572060755
583336228
839237710
592886618
474093966
219111680
641590956
881324789
8738
316975368
825013635
5618
8
566504365
561943665
636750
705393052
30480177
533298545
556258963
586374601
934537036
133933896
820210588
580534535
333346141
148244802
159530700
73286084
539757245
611497626
524937283
82735170
920796145
869943009
983836228
654469717
692821221
253414525
305156456
73590475
327942852
948277550
864889545
781144223
500000224
646040102
830996543
18880620
71086774
469002014
333338269
309532732
932933813
619048731
7525
322216678
848560187
949671660
333337298
333361674
583347580
583159778
348802449
338345023
9063725
161173191
457761139
524664930
809534131
248188681
572038018
628638874
696433532
71907043
699157694
583335524
288
213493401
712126246
77399554
904790209
893310675
401787741
45932478
476043668
539846091
102817478
500001516
796510942
470599800
170640336
267887151
194729556
529215328
21520248
834470069
500012328
762857276
173672611
83438130
799258167
833950256
377734408
16840834
686981731
333360337
333356147
500008848
381557990
774108156
814966098
292260543
797086144
521135987
29778049
148468722
829200836
225371608
199703042
315125921
97077725
367768944
993704295
476396727
865654296
715914292
922192433
701414343
738803440
610843854
945587046
152807467
711628079
934544775
1758220
583343426
893132028
43548696
686836160
611257312
500000028
649873807
983306266
790686362
333389045
605457906
604471588
575672002
637162248
394814268
98
520147266
143479022
645021485
577338844
500004328
208798785
309583068
495088375
901984423
839153562
363125875
991759204
865556977
254126878
166783427
546175882
719684805
999113166
12828867
458349893
393777239
119662472
500002668
12482
991802770
101116119
322541687
976204628
291114542
31621
953729506
132350362
200
47473848
313987049
890646377
934859729
192916706
29787519
562726319
578357591
673982968
309575510
871202978
976891860
363117331
489513706
362994801
28540012
754106270
804270921
673760334
337944962
853880148
562733841
567700054
690355619
455814497
12020
532531597
286140858
200778639
357974638
993600886
363106588
390192726
4608
333338538
690653063
101217655
886850383
870555388
1568
260825764
425780122
5000
699982395
862180587
276929521
23616676
953075216
367915684
379229958
65782152
876906917
633634971
567139567
857013077
857533572
463733140
696513116
916516954
379889676
24500748
668348266
785793866
333340954
288
193141936
237148741
495466466
776461909
29819214
432722784
744204146
323933861
583353760
214948793
7508
669508498
746677198
344448943
437920052
972333901
803439805
553070125
583351864
238162099
555191551
505406821
171462397
405413891
162453287
482149928
644622337
752767351
888546316
317325058
4790032
756286313
867822231
51649359
544437357
601704803
938552897
500000548
301506775
930977077
252385727
7688
204287249
606199592
250010595
613122105
23688832
601273053
954960828
566465996
855554558
653801164
168853788
457845949
567288883
942807171
500013288
630550271
907913428
333347165
63329618
33661
575775385
28954547
116890935
645627090
55159830
875207123
967146792
290701784
432488211
594110698
182509613
7938
854387245
197340256
730864673
500004144
893661973
996864454
356635222
452457577
12806733
262589051
843603418
615066163
141278902
156660499
158331672
850289957
16212614
59715124
904784997
33185507
154971444
581477662
578
744062081
337114203
875564300
831478584
465475966
270989982
744180551
862179383
885348331
1800
363106973
450628748
669421182
324252602
485023163
610331090
456795840
98
648281555
173301317
371428035
598598957
1152
707268101
714557488
355532444
507036261
36461453
157306009
483007877
79767933
134521697
788567987
468329387
368904353
716974423
239708806
341987504
146173303
95922
259647539
926342585
276358778
905476266
98678424
500001204
748200975
715082851
257590248
865725915
326193371
937353962
674158726
386821929
333351418
768848300
906761899
495336811
41610568
536392951
298557061
583381544
286713632
288247904
567581927
746296181
636466200
955091678
522372519
458071043
166123979
294320114
971531903
50487000
983066597
553958594
860400760
696631118
114758098
189592862
282372987
649108780
896678841
726913895
583385658
12482
309610656
31864330
919693026
6547353
821023755
700006131
250072241
334096975
471376433
768830909
478200054
500003964
500114699
317019304
693651808
756742750
557318131
285792262
603892825
448889054
637013634
980479020
333480121
609705187
831270815
342643024
583346604
501259853
234879182
421111241
806033968
903753119
502330968
28174764
524051247
717296768
514618796
514074329
500032516
133318383
56233764
243665675
755264010
583336420
267649372
4926545
864581945
916324595
271304721
914273489
8080
187977974
72200
29780832
714972168
583350794
73804231
78594099
816388131
297675550
333368902
456202431
601323095
817346819
500000004
29818946
529856633
856108666
997593406
500000224
148432320
228551078
337933002
333362638
529527099
65982193
98
989882430
800
228174559
