1 3 1 7 10
1 3 3 10 7
1 3 7 0 1
1 3 5 8 4
5 5 9 0 1
6 6 10 0 1
1 3 2 2 9
1 3 6 3 2
9 9 8 0 1
1 3 4 4 6
f[1]=0, fmx[1]=0
#1: fmx[0] <-- 0, fpre[1] <-- 0, fsuf[1] <-- 0
Initial calc(2) = max(-1000000000000000000, fpre[4,7] - -7) = -999999999999999993
to #2: umax 0+fsuf[1,3]-7 = -7
f[2]=-7, fmx[2]=-7
#2: fmx[0] <-- -14, fpre[3] <-- -14, fsuf[3] <-- 0
Initial calc(3) = max(-1000000000000000000, fpre[11,7] - 0) = -1000000000000000000
to #3: umax 0+fsuf[1,7]-0 = 0
f[3]=0, fmx[3]=0
#3: fmx[0] <-- 0, fpre[7] <-- 0, fsuf[7] <-- 0
Initial calc(4) = max(-1000000000000000000, fpre[6,7] - -4) = 4
to #4: umax 0+fsuf[1,5]-4 = -4
f[4]=4, fmx[4]=4
#4: fmx[0] <-- 0, fpre[5] <-- 0, fsuf[5] <-- 8
Initial calc(5) = max(-1000000000000000000, fpre[11,9] - -6) = -999999999999999994
to #5: umax 0+fsuf[9,9]-0 = -1000000000000000000
to #10: umax -6+fsuf[1,4]-9 = -15
f[5]=3, fmx[5]=3
#5: fmx[10] <-- -3, fpre[9] <-- -3, fsuf[9] <-- 3
#10: fmx[0] <-- -12, fpre[4] <-- -12, fsuf[4] <-- 6
Initial calc(6) = max(-1000000000000000000, fpre[11,10] - 7) = -1000000000000000000
to #6: umax 0+fsuf[10,10]-0 = -1000000000000000000
to #7: umax 7+fsuf[1,2]-1 = 6
f[6]=8, fmx[6]=8
#6: fmx[7] <-- 15, fpre[10] <-- 15, fsuf[10] <-- 8
#7: fmx[0] <-- 14, fpre[2] <-- 14, fsuf[2] <-- 16
Initial calc(7) = max(15, fpre[3,7] - -1) = 15
to #7: umax 0+fsuf[1,2]-1 = 15
f[7]=15, fmx[7]=15
#7: fmx[0] <-- 14, fpre[2] <-- 14, fsuf[2] <-- 16
Initial calc(8) = max(-1000000000000000000, fpre[7,7] - 5) = -5
to #8: umax 0+fsuf[1,6]--5 = 21
f[8]=21, fmx[8]=21
#8: fmx[0] <-- 26, fpre[6] <-- 26, fsuf[6] <-- 16
Initial calc(9) = max(-1000000000000000000, fpre[11,8] - 9) = -1000000000000000000
to #9: umax 0+fsuf[8,8]-0 = -1000000000000000000
to #4: umax 9+fsuf[1,5]-4 = 21
f[9]=39, fmx[9]=39
#9: fmx[4] <-- 48, fpre[8] <-- 48, fsuf[8] <-- 39
#4: fmx[0] <-- 44, fpre[5] <-- 44, fsuf[5] <-- 52
Initial calc(10) = max(-3, fpre[5,7] - -9) = 53
to #10: umax 0+fsuf[1,4]-9 = 7
f[10]=53, fmx[10]=53
#10: fmx[0] <-- 44, fpre[4] <-- 44, fsuf[4] <-- 62
