359041442
59855820
557606177
891596114
183042601
993478731
711309589
843724745
359617512
725972458
108380677
288973125
6856361
904086293
643758881
404482097
680666110
614080218
157704660
308318212
212473099
730248915
64006001
666349475
240104835
483344555
931185024
507018630
566726373
522575498
302128403
812826829
428341663
210443685
179580022
38081955
339166318
181254754
376028736
262017030
293482087
611628089
828175035
639286529
53292924
742149602
691077550
564017149
534684795
49835247
589865223
706236136
180610463
81084816
272713546
160068315
28622851
589353926
67315923
63280923
700024956
477293244
190429558
510680219
580366979
61202110
179810975
385837537
490698652
628962718
732733585
994158256
55011137
837891773
420651510
786948420
109393117
208143690
338774187
959830738
441188648
145409283
10322358
815974712
796792783
902843217
552606478
603944650
555005893
943009526
547283458
607896436
459743722
936291859
495115560
630138283
929119566
460901524
997495771
352589329
694089992
30033947
927531176
929282240
398633722
811026270
451862188
192083309
242447252
877459288
200649563
563156615
792907086
836308248
916245003
527635364
583154314
955255903
15821489
949129803
361687972
357512038
759161845
917676269
859501394
532684137
468717056
471899209
88345942
580352043
703336079
371183957
731516659
261968202
7849329
920169264
783356257
614737499
952902283
547767508
648652965
307892248
487036436
840132983
875278423
622028803
904198080
919906035
828875486
806026291
665963689
113287373
347028768
732147800
314157953
906619486
749057536
551030517
727909517
437487315
945718433
249281634
660904957
598070655
625788276
41669515
847151678
755493108
798084371
460224767
120588595
356399863
587014089
813871571
185282183
332016212
778481491
349660555
664811201
665086713
377996768
686998805
422662510
459979696
49079471
293553990
41176048
524927408
840946369
566989090
930825916
609856032
594391806
76271854
257148260
305089413
605681670
244713281
591295657
954898410
880203678
428111477
286627974
373385354
509385736
36537477
951529580
318911602
915236082
658735261
3021204
593481006
381585294
993730255
712769621
57713409
685418438
808932571
837607799
970949497
728370749
694097649
821421979
140799226
46870607
624497082
992950878
170884590
973408694
892081907
576767238
246037369
933501528
385028889
91642286
81628298
472400411
545189804
404811069
393827823
966959072
489150170
957022246
204183931
476574468
955857350
284627236
893054383
959863439
431534151
520625736
497582229
863825354
650103326
94405991
906321753
644911102
530563005
464318996
253111140
473386198
638526338
652739633
836425691
181424602
792598136
888967993
82038625
327617283
295522072
121191564
170782245
920457085
870030685
113768819
325005886
964720083
681080108
607140158
460408288
395809061
157721995
644394099
565706963
868091872
176062203
717042095
32868279
822458492
602882875
641400844
12285485
660706460
140913937
628751657
693682965
368140358
617425921
985887368
938501770
661373690
438286821
894779626
778313943
567715351
224993528
89965247
674171261
374879407
447895196
552505839
884909419
319723075
715220702
649844398
179102846
281889795
968501418
787642301
86571090
172197178
515482287
786440505
524942892
526802567
641434647
580487173
295892636
714848788
32010092
553779285
238690579
490675778
827444497
891184378
788560526
494541081
56477029
107041681
206782217
40645236
96880307
642144790
308098815
627121970
840126372
528011574
580374188
623452504
924458285
991246950
6222612
450292779
278202034
162350645
991136849
183774438
764064325
354365380
840848386
222887498
955426436
145468160
114185464
166613640
313521116
26035473
769526263
824723306
539238700
901576705
883624519
145805042
520838680
15936338
839906729
539517553
519555151
696270374
596329951
582286118
145183966
155897345
298147137
777907912
247063454
348178069
655391452
26754947
530478866
714048085
289814523
41013650
91529148
428715507
734276974
191833487
341130666
932485755
149328961
211680002
476512904
551331185
25462033
42407044
876013343
689455347
204064242
873333428
907149899
145465674
455209245
827168379
934131558
186483338
282361987
491076633
681042629
974129051
967304342
266722867
473910151
690229249
679066581
174374086
578921256
149754856
973532604
45811464
250031659
196110399
787184544
653559791
797262182
48090480
282153351
535770390
603105445
544646362
271400875
841014892
272586250
255748814
314789753
432831020
277312084
504882917
155832726
849368868
212029931
490429315
709139719
799977212
653567132
718202392
966888875
269317803
310399527
275946841
216683705
796458418
61533981
690939702
172816338
364053849
463740898
479750150
141347544
767737618
292435113
243518347
135680116
80820682
330415359
875976587
589520255
61717819
548806832
236603853
334130134
365806492
617393938
103016335
955278710
95976684
808804242
62907312
28435324
823974743
48934926
933778222
52813983
890402127
803516698
971613835
193722437
962127466
726734198
240168722
692247287
508553186
828968399
454020037
479090511
317354323
787398206
255609204
216093661
407141993
938788718
491200016
236989001
171208366
441353470
315682233
723600631
573821000
929372582
516392113
449362828
567161962
354623149
495714665
764728030
157764731
749075490
631980415
327645830
853933331
897424506
565218186
475989579
218200442
848101154
654243823
538207918
364806534
50766436
79929127
853991575
479396373
130976433
279848449
387027455
883838811
538133961
683185112
721857721
445424454
226942005
755260430
595068050
501359816
312382344
937009468
114078505
627455671
936252398
294423632
395377027
592620215
618413765
285996940
529231656
505935314
9674800
404491484
728435895
932913946
926042729
653266317
350822754
871843420
767584185
993831258
497581698
469796971
19804042
440734022
959028444
884572466
335830200
814374982
979214227
467605211
441025723
394702739
907128035
660866318
403288368
967567449
199073028
716486247
185381223
303814422
873745949
777640460
585912048
930054900
653069394
358244260
9184554
867948345
670522733
989898028
870119381
27661755
267577276
154835362
738555765
829231748
286134765
713359915
578230966
315013157
452115063
575125643
385973780
38525946
586304830
540616224
643428171
523047987
416290960
123480956
351853504
257879413
817180258
767231140
837124419
639121048
992032773
207938346
289782898
928186031
190861284
132813106
479041759
537677399
893984984
15763612
436018665
881126326
874753110
172671648
690122140
31528989
788139483
146519803
996390407
714016057
219003264
215952438
733089145
482826523
404783836
848327062
719991286
692823644
43068765
752347781
622661372
555849334
375009976
106958486
880357397
170038224
934237945
514214424
250711070
173923876
89302770
282459746
745284015
173939271
265989070
168555341
342600394
481046866
49731048
909135598
487329492
856615327
960178783
112849934
214065600
506461874
738194182
833049998
677941589
996351228
131136017
987107553
446688202
651190779
830963326
618984044
824967982
505474767
813604140
283074951
493077462
825436087
991981002
100076778
488932358
518902316
102812854
435159403
338177344
832251766
118918132
55413059
503358369
711604284
566114733
459337626
637893957
437380378
233615600
261655762
222169314
907112737
849456259
262431907
621214808
11426699
583644352
880389974
994735514
44509444
735758648
230489843
753010125
376499707
685531293
997447972
57917715
171298028
338633015
452889688
660261600
126238871
488292530
981840789
126950302
566168508
457351709
517740279
537061248
673194579
880680018
764148771
676712447
482999946
867754252
538793590
563608260
302740673
168207244
318143747
570240329
348410710
987406909
56917928
544338431
912416533
168992752
56760193
970765530
551899096
457527559
73944616
480698078
943121131
959482326
405924662
647278659
144560154
551338348
940120030
101581850
708949963
597783139
496860031
661704445
104194783
300749068
778501719
670237992
317450403
801495805
405915344
538237001
309393166
177109131
614069166
633386864
66324396
574482047
421675329
661230876
427463876
889427076
203727207
133820036
684143144
879147858
262886845
289176361
710024381
675908116
594842852
727982257
124581130
330808464
535442288
589794676
30095031
64099548
698627048
947206880
24404861
693491036
636871094
429367698
216281955
293725719
269400316
706753056
142351998
135505304
364130151
174219697
598232766
249518696
716902851
339624271
950911674
874662921
315761816
736348133
665740547
984653135
820576345
589034734
615256462
738733906
325139897
663627366
939849948
461510932
666269282
595145813
745423095
814449307
92120332
847130011
683138265
737006401
490473042
912042520
922326972
777166379
784061952
765652161
934944372
242616069
235102665
23720035
469504648
247525096
633820248
271461406
57826859
393552803
296373164
809248504
125754826
422236448
41115448
730201709
518823260
781821379
415796642
403728376
229408126
254256323
251525755
232525320
240346984
931082697
502048598
383385000
926868796
912880771
723473029
527352046
213516539
937636973
809579913
400266500
167706993
930684944
313527391
751823493
773520269
171068574
297367834
564819582
885475648
556067914
710115482
343797259
467899299
699473595
302632115
934337939
162365598
840880391
807464717
173245243
934341092
420071266
16258840
586991798
242582889
988478400
728175547
618854258
706862048
232562517
157303293
578401864
690027329
351710382
703368971
309705891
880736144
823871638
789734202
788857665
41566539
232173492
183018524
255663532
68372280
118303525
296772524
314027763
240638924
107816010
913491990
881629899
436970098
913188103
761489313
553228285
868562120
110206756
894467786
737981764
236359648
474355836
96322662
362512041
640123569
340782134
872469125
155517992
39428679
686773119
951974568
272462791
952630970
531264034
292139906
94507105
89116470
798970576
994727226
214750959
423397738
700116205
846588159
311735258
585844218
318842689
971883488
104660054
613707689
319851423
900705774
838806626
798691614
52938310
718926384
308542209
351550233
835823770
447661008
475526903
47442003
800246589
470801577
740343257
569432141
946110008
590178528
485448326
101442966
455467538
721992286
677128250
722038879
679421343
548436453
688630910
729975216
379433378
439028319
706775483
207280813
745795968
168358973
942755892
81041188
563847007
941210554
763266999
45707616
573040539
409551615
875349996
295010736
814032702
971371932
460744984
917616682
69947380
247943535
323664047
724799612
761335143
547026841
108580068
817964400
955775326
273719304
339248685
670955694
71629276
188528538
29127178
490064849
163086847
247238522
296379483
484149735
162462504
622087451
657274891
205349283
487006707
279918379
391629704
232342092
583998977
892594879
538244703
386431453
318574855
478336424
856973244
849335661
162455952
405072180
806499233
712579585
924478515
236942361
870317643
408498355
557019680
944829738
94321499
212305418
198839939
163149561
912708083
975595766
123778697
901181858
456486316
608647239
545884000
229999525
589912534
389562202
206335033
13810510
318905790
146202091
77762286
49092463
691182748
898542323
162712951
179135464
907633387
297466322
582081548
659319543
185440631
99023052
983649047
940103000
170908204
679568289
55016234
964456961
461636096
719290170
434804507
468906441
525071089
925084260
384470807
2350410
488415669
40660136
949274365
158481005
924105871
257886387
161352551
973568845
540479033
139431168
764629401
603987348
752430101
907958970
619901807
938867778
771051711
495805754
799191297
676043301
697898699
6020141
281140606
6453542
514312272
131838075
803056198
238074900
231600258
602082308
576333203
604724068
525095097
6591560
365836546
779473090
260976388
510276818
771321206
240999136
512179303
838379884
924336310
920628241
143653126
334424275
67773816
806709393
499298706
585484302
503926658
996288516
417485061
806260643
48228407
590142589
229026999
78966982
498882106
627900019
896726079
884977305
355981764
641579727
446787885
494935958
553480543
309958824
955540150
338120998
563552670
390146839
382483012
618596902
843040625
237160025
583911912
788989967
705606011
544448865
488030039
929453789
537280754
910287833
682177783
187346845
842458686
860087303
110781117
260624680
179839702
145598899
151636039
967321724
370508768
712356144
447003932
932778970
456265628
654100922
337913090
911745616
923191597
423275470
553790440
892823549
683150848
934949841
371027123
348824154
400303725
698323710
350865139
395078376
962647356
632735522
147175579
609871531
84600030
457973674
326197516
237900118
654706856
253447047
691112811
183646493
988461370
850681841
826764512
913331489
888097028
260093234
469410008
783336328
474697167
876813648
643820770
958233149
475059944
539633872
394295305
221884895
832265204
268265204
573930478
570720078
591531641
181721693
146688282
256287245
604062236
456236530
687502572
755231760
669678935
402119807
147016813
947236905
989560157
580216067
8761800
13193040
756762163
44621423
257276897
626613973
606728659
593524764
138513021
143659737
110273516
858422542
257333811
332636369
208808082
621266302
917828432
236296191
606452078
299338761
729547892
51210406
963473238
394411064
740461009
736234109
623385378
137965794
162547243
933206594
565847120
245566249
443835656
201360193
706712759
109923048
666638141
92059972
871377234
79207558
149392345
335281242
597041410
520103537
285894888
373948199
220284866
714348565
729725996
180603496
841093896
204562464
898279345
33798664
739894246
348547729
22870407
289570952
206284042
293331936
592225638
176479040
868241897
435615186
284907020
218421527
111449110
430075579
734711878
326498900
374809321
631166394
698832436
118210526
892202101
767257016
841869550
550617879
939919170
678030863
928644542
414973663
882263428
820728698
821648611
209504962
960428519
207058694
994313443
594986262
515478538
172907160
128945355
478013985
576238011
260195735
613096485
218591089
455328189
56226685
237857333
163824525
181354715
503272463
263298465
804646968
177777221
364969615
347289150
721189898
272390682
568570576
856261582
967071961
918846934
893953813
494956671
639429059
217132695
407886082
346468422
664415143
382425126
760968068
506699183
150645988
401038878
770746230
661452647
590173100
806265512
274911994
509455427
635361675
130590948
585332798
458106085
76071061
723842353
224436140
672418385
118344426
277270808
389888379
393382715
842466153
540950454
544872866
213705818
111499150
837625992
353418676
619394764
645222009
965059839
755856758
582540955
999969575
73077020
333731255
343587191
680538716
955952059
983948038
899888440
509161733
317013575
434634339
640861582
412830202
944094983
879902381
92820516
885023024
112561292
960284932
143399134
394464527
527752213
550073228
111366060
876513683
301196002
754567959
61473571
385197037
895594273
615918530
115801609
184512558
250463495
286204392
342380067
693959510
859233447
793886773
403465731
981739245
245219147
305314364
329265005
112867674
61717068
1694288
68316364
469030631
353304623
804285952
494206035
4675765
964037178
128693198
1701392
246645359
90084801
990121311
865782119
802927939
758374960
173612872
885623571
964357653
848138094
544760112
85700350
648742450
650892170
550739317
162041139
824901967
82118714
842817642
432227717
414303786
432542714
349047869
973061133
432478605
421682150
755408686
702865244
925291982
156852458
696131610
792256460
868329971
65188832
922006734
63817160
13897463
241982725
284487093
601292415
125893435
878871752
504778536
624417012
119854132
253456403
332551934
527123462
299149112
589390194
982180805
510852133
550022960
253237622
128461233
778539312
452120235
633815346
552571669
884338438
279675730
496972161
131028350
81680737
490473918
81559869
611682267
848757064
921859922
635308925
594140389
815495331
857199715
839564121
220057403
63816472
378549179
564089257
144079015
333530311
377852884
373340732
763833799
72612337
521998812
193455019
978860894
308513766
783622877
172337641
18482910
64794995
233091777
62709330
518136067
754746218
747027199
356725425
86987082
780222788
115105347
800362831
364885044
940117165
395618199
488478645
904229177
605310355
764275545
138432135
743221624
787954679
486369946
722445533
137953820
75413699
993936197
240823436
772128803
317773892
113840768
38983125
379742726
825728380
180554120
973110828
249259351
638742543
81007961
521262320
111703191
794968641
689004835
468990296
49509846
882579386
212144753
931218370
643090611
288001092
698468689
97586617
419171071
927238344
833382266
692942498
7582136
431325191
908171898
785047323
640665991
4942009
229599362
182326545
1504278
371988201
939955860
862624491
884842237
96605441
722805012
245615767
403766550
132383292
752894523
910906601
171646727
341493275
789017301
371014687
765562523
604238353
979896646
914319731
429482932
435850274
404845723
39674544
525474576
300433025
493344948
52046465
264528777
478768133
719808139
31637975
670618910
572618545
42630587
105624135
748926945
435867122
202592957
552646114
483652259
670125757
867437689
202772151
293985284
381089644
217468995
275098979
238601101
21306216
728980518
591482530
992961974
503607712
505655096
678497682
12898180
76288673
618427339
457830353
822585771
248897941
807660685
894860999
730687250
902690765
247888186
531394960
263728848
120236463
795715226
952228541
775846356
677773552
730730356
99864352
740615551
792902821
818543966
245079892
397583872
552687516
356402798
357342948
694606513
882250377
838850649
849659019
423362783
730551717
134334487
939687342
251777130
929525007
101269002
128039561
53073412
353794173
569867125
989827289
604206386
286970931
945910824
936959115
510830318
916538624
588778389
336389280
236752461
470500328
847293162
524246502
986287909
330171163
760393894
926854620
135689380
206766642
988725008
792082433
139231779
310271110
186558861
662311814
718449391
810294524
427135657
245999115
538613887
61208444
827530487
357214531
5936086
151367280
913162404
221163974
172358070
163925454
742310590
60711021
634651092
832126907
503990415
434258136
600011474
450873558
285434758
333222447
942676247
838115660
715397334
960760394
160131953
734456768
441104318
596663694
757752834
168726375
710685276
30535019
172456414
832509589
976025001
842431353
243977825
379912461
239506347
498026355
107058837
319165633
507246128
347114504
720461166
738071238
704030234
296092224
625846692
879932788
993547979
633007918
259864094
15702263
410295319
648878128
28198406
974965158
58234935
784787477
871311612
465351039
355056422
862952318
440689162
113901129
737591930
176599900
976312513
840132371
350134139
852427907
788738167
945308582
511162521
888209475
363594599
619230615
303917100
356213226
419799219
310670122
692246923
779863813
463568959
748135209
785055037
993172459
692620091
303245579
154319632
78998500
755569052
216843780
434479841
619525230
745371673
654057450
989575550
81687219
725405165
784785672
263636208
232500629
34626461
326538019
379855511
558038451
274800648
835092333
748136089
21399306
534787894
128219919
749118096
222247046
35614523
880623880
477162044
721882748
86338594
387923241
711137738
702717054
484091376
214444549
679551918
587759051
796413371
210061529
145395638
882927412
857414242
396817798
359243342
836828060
879696210
147602948
329444578
600133829
566405160
824780429
515891473
652946086
833750509
147610326
172534935
23616079
914558927
881282419
444367232
917404843
117732410
503559360
388338619
796899398
567169093
435534003
948198700
897359633
245725968
437201574
260644681
374178646
993363273
246045938
360289206
297357835
11052609
374211907
101950722
834829270
730304633
986108393
590781678
177841085
20733101
793892933
324418921
525311058
865948062
242410421
41134082
53513050
644681752
758266326
345157958
57775458
537832666
984642113
636162924
941647128
712865263
453455218
4283304
439589819
329562733
893531056
804548611
954424692
549827563
548000705
322778643
286203766
433987963
453406648
508384572
392785094
774321660
283752068
249277666
679173646
360746103
557195866
756931620
868753856
