115899824
455266125
215914391
320596485
344941626
981316718
312363940
564011708
68651863
815959807
822305852
771497996
448802476
630125644
289972790
10718093
701440234
462315913
428601487
981624254
572428819
217790109
969969870
964694017
243475581
934761993
345529102
845748223
63578725
983455260
461949678
20314497
119329240
329263819
737964975
742818187
598706259
207062944
213243470
506882876
208533792
693370239
523828826
812868834
409756786
843634782
941526326
329074082
58219373
638751300
407543799
965796356
57828894
686058865
486950651
66011027
257822436
455969671
97570096
275698351
411684293
332604330
314394723
462420962
209147514
930365557
784420611
366886174
337081049
192617943
360448785
237716746
81615567
523528464
873157414
315872461
881652134
801231811
1758784
232970707
866378481
323205443
371095289
56598410
828286168
887120837
563948000
810431215
572114803
82510293
298970848
81169353
365000878
142261128
882635885
101228387
598007399
146953054
226342132
764893494
955637100
474184554
829029121
89822653
61462151
435503822
271052504
971423146
436772624
443852512
402678189
511549792
283706773
739372098
596259616
143567397
479134953
67683332
552975189
968977397
502882826
791474204
666408892
829803464
78909168
960193375
397942444
970797439
309489016
90332219
782847240
100693504
113523628
494758388
738702558
795986247
390202027
371451001
39106632
293398540
318551078
419464160
627972668
732590304
214244072
116988760
812201520
881740573
699279969
343280592
593745436
693381607
250320007
268501632
448251551
803359494
706653283
777182286
870726916
779764839
626882079
306882153
791986745
363837927
302736383
777666841
940465918
926828892
390189197
929581954
109845846
35752270
20074944
878533655
265763687
438926708
736299216
534978005
580472663
579897634
746638273
189543544
113757884
346343363
810951555
886334968
149712329
457777961
709342638
90132877
89151008
190757249
151150595
623033618
969968270
406385442
748694435
923881851
69669250
410504739
925803235
648707107
826207377
161483860
311160221
858651049
618034212
2637848
200510558
23269341
269847915
466887665
804578419
962335801
320630401
532936646
839680210
16227003
520979385
384219734
398370548
420197747
181707741
995176913
153777737
864876415
607679644
373682530
717360739
224698118
305797428
927811012
580877897
324000387
403018400
228720525
811791607
358544580
601982317
210498815
44880260
611547512
806598635
105861749
8842291
851589093
548000462
47161220
784392822
739356328
802622825
362768223
367531879
38862500
889121351
330287596
739606113
459179983
548138919
665322671
689205593
150386567
905840750
261427351
18369199
91649427
469525715
602250413
607853604
291198424
810406184
947108303
615616040
555082310
724101917
157531917
787560765
971849613
5564695
977460114
246175753
408077669
30315007
454552705
358848402
376668515
724352307
529030849
267561233
195051953
650835486
821929885
587444466
860847263
632082968
304073
728556942
921614533
105176189
121154395
488258132
382145578
114201255
686173310
294206762
744721069
7216160
671907136
988126622
503765634
332014073
953917784
663301799
345085504
582080219
81259274
651709784
463758796
806112894
580490927
537571199
397103384
555045379
844738776
462883656
76837524
751660247
407163265
767918636
700794466
88215631
951082228
683598531
242973322
829861195
858362380
383017857
632439949
571860916
796354013
348271977
891048393
604896643
99830546
575164871
647931522
806434258
906164646
908581631
476051132
798912299
111853029
561318749
152437683
647701280
207661922
175873882
209124202
882686211
776668147
667042257
554012663
339709063
731238531
712887878
838037934
56082438
698581128
618426612
313025033
72990609
115522623
116348948
777887747
543212022
492283297
254088276
834869590
11174433
562593045
798877919
989834382
16064193
754607406
566916930
414946178
812507567
142838907
954237469
41692295
60613013
502808237
256531381
449709475
910457188
300484995
934638130
706704418
997494944
31865088
217237798
715243005
977780662
360262140
571437327
160095079
518078201
999610758
736550455
636279830
787126690
40433523
716293320
105744074
913182160
27216220
897238407
150360314
379689016
104642269
522467955
859674033
478966974
101462470
230007225
428110943
709393051
950267774
848383543
898035850
140515085
586969062
155021695
804133952
168979063
91871009
612434669
990119201
602597194
358608953
894598090
386877538
175562562
432538890
272451402
177841212
889756991
27216529
960414033
923215327
533773121
287431724
496783359
151996827
926928852
646341918
809265687
970471449
405317385
584894396
222796257
421121599
206758268
436022319
320951917
358575643
171484229
55487998
759738001
292370021
72847503
733004053
990700670
634575397
854590625
5396447
19920526
202056846
716069665
10027423
681132555
618967673
738233028
7686506
907093454
611425085
143914036
952544125
568295238
566570360
773963622
15286420
494155869
481860597
686580734
652336380
596256666
455941985
542585242
965762685
584501281
662032030
930084147
552630589
294537042
508493441
624258170
970590772
705992455
635091897
539479928
965029610
174908472
267507936
863413671
491556277
56474043
887074181
352120555
357911332
503099819
538307569
207418423
328307018
742626610
422625495
926091597
146258448
363774940
337969741
706772421
931129581
373291689
156357368
605486104
93611405
806526975
284219889
685615486
719085218
394920564
197044687
809793643
204021898
544714339
676313940
73435117
129349010
280194903
832848381
326037280
75047917
497796910
210465628
281185422
332541281
686956819
987625335
97265886
249414252
311981788
258149830
135226194
520873810
177722888
200049830
18949733
373795870
188328260
983889824
197184578
813867777
972706656
325389516
849730868
888440455
437831917
60021058
736219398
809681223
985340767
454706745
95225459
69588467
844640885
872427374
864147893
961683220
663165723
321527282
248301668
607050120
966287632
355747833
784057236
838909647
527204193
927397559
403450696
546120457
213607150
431448001
302141518
707481870
81074537
25958549
112688719
193881595
217966226
452392865
50475622
467358
377332792
744687426
237062087
649981566
515458035
345800114
766395249
437965557
869170601
338113974
55583197
790248040
653136844
184160440
278904461
460053493
730554030
186067640
786866554
902631063
70735536
489660212
327770344
829935081
916025248
792815760
148464783
934168572
873237710
179608046
671321134
899392494
783214869
213546474
292363976
807619357
101063709
133587857
907752515
220474587
646719155
300077340
669341110
810887964
244046971
498254093
822814440
82070940
202676922
915340490
504584010
505693140
584414813
475796271
473840579
268909581
585595906
575662577
8043969
189943442
926461389
175462879
893432942
832083805
141230849
316465923
25002558
877029581
605521668
783754492
514738770
320213615
181578848
696672469
120710285
747773882
595999011
832135155
930344969
389747426
7427345
987840078
801431558
5489181
795359452
223025514
721805882
710078130
34464131
733907448
169276662
439407006
861152470
497415002
853990899
845201383
91084481
738310272
44873054
773412693
302491639
969073162
649946154
849610680
531768473
960585136
186772153
189248478
783712970
561037574
403192293
114182189
834434631
998039583
509495737
841001345
998701416
768526872
484125169
93555948
887837425
725631399
239259106
225683910
386262765
381126054
198571093
676891079
378094602
590799122
962981739
294954957
768475843
616922277
58415798
948567399
824948976
402912127
850490139
361805256
475004386
762466028
971390324
251083732
612978818
929287488
965073230
377575175
475022313
607098733
897087634
325115860
692583334
927455863
690712724
690845905
69661334
474676895
431753194
94399005
381506770
702037707
242340952
916167827
92418353
351812594
551031064
251015520
765477280
238188992
326608396
271269748
953620275
105558192
273137604
742116693
375659197
892184377
521637598
658105603
659749079
176882455
180154145
433831254
850985640
334745592
39174308
938859394
175204519
396886437
481990376
668542978
662675194
41356143
684792651
258740243
625891614
101168568
202063214
796273448
601087584
585280871
362730031
544309150
144732981
50735307
277740003
996004991
130550206
32132520
893327345
580815794
760028130
159452670
974136099
704699400
405115508
501576770
237916443
681096934
740078936
106140570
906672789
54248965
839967968
86264741
790363552
801647426
186353206
283561519
506460621
516065715
693113570
534775706
862420443
95729692
191156293
102713187
890918118
208556695
852706522
70606766
765458486
619005923
785243126
610886060
879911314
211943338
591620574
55866774
735004482
570448920
503462955
588776924
609901575
85574779
666761289
506153126
132300539
45216067
157876396
461614696
516404431
820498864
681640298
630203720
868328248
638058890
310866851
950063650
740102069
883867352
529411996
654557975
433327909
109711053
741543629
582671369
917799572
157620808
474386665
437500950
760891478
737836294
318732586
6099554
685812284
720578469
820153078
223035356
778559377
170744994
560483138
284570317
545135743
829556741
974716084
952098277
922825294
931189711
881549061
549437835
34719843
837045503
349557965
907672682
971927340
993710771
102576978
986164478
571976423
432298473
371360558
742571609
202371935
349286229
294600554
675386196
68186672
784733546
363575960
858817795
632767535
236458487
856134540
548736874
110537212
418315387
707419053
930417069
283498425
779154831
897569634
426498490
791257273
540702839
579497242
874245340
120776743
702956820
493087334
325559330
525509264
580942068
376178203
825131343
356984408
730487467
571344855
568333505
735062232
533246400
791645073
477776780
790086736
495705026
647391084
385448528
779375680
302997138
276104657
735080489
33625763
801169415
214782337
375034698
107789162
90473015
891888627
511267222
5992955
844505712
488145702
537395528
324877097
757529943
960491743
17670251
727371952
38151015
490079261
474525902
734924981
18587064
356077957
339959711
378843108
587050258
742585371
612366725
184571874
130405834
759243523
146266627
390020441
701703166
309118853
88606519
782598113
58993992
793199589
980080407
42057667
502789555
160854722
367582585
829940189
887745031
858991271
866678467
728557051
346839538
744605288
725217351
541579292
410998024
328279684
894824052
330276160
610098488
934156979
961308317
401109906
856907619
525635999
614650945
898855555
225768067
402462077
460335238
665271486
942508799
597895861
156100509
785958417
289224743
411591237
140928266
604173923
801692128
963544560
377888061
588955983
692936361
67111983
866240208
712901000
891256562
191877344
750000353
438953214
300073085
713975357
427744241
783581743
454963535
232892855
195388419
236679309
265385264
692352642
241280001
791169375
978406779
354831475
774372775
338048308
426953164
614658466
127584400
168179440
902012774
862217876
450006418
796669850
377988773
411329911
302983537
306279720
804294909
355588504
373372624
670851940
815818480
609588323
292859943
531235996
405508022
476344285
468913614
493961636
918347826
476792444
951028571
683107351
649165637
237321864
508476874
517533953
492090173
246747788
17968276
503099667
938722799
714563109
124220147
711191296
308625497
598403629
553651499
847523809
980000479
204507654
381056403
352414848
432498913
285847535
225957034
842209582
53608620
977362006
772652589
712497690
833714614
387441709
317211230
685974905
913367026
430025867
564873261
307579078
826742440
85328821
994394190
690177980
349564984
512236761
956936850
688788077
534522848
234892060
981935129
348127580
581827134
195403902
823462950
469590531
328221232
36371733
339626336
65340307
890842056
967596664
495402750
727656387
711649999
422228401
752284649
547240730
73612320
343845241
248041536
829924237
880297897
389913310
645608368
393179739
896308950
232057688
728169539
762847255
171113177
154214495
206202936
566200099
677883812
368375207
751961934
695959969
599541415
485041498
54409108
127431543
829560767
975667205
852213403
933798443
940503193
211704737
386810843
934472624
330968760
727749143
464914333
169240304
709362174
562266810
725842672
283552084
745329007
241927796
277992294
501432403
56791365
924106735
561546485
53780304
912391064
358722604
760383223
116557610
392562632
601587695
591153213
66257295
696960778
46366636
139944105
533055192
785568415
970707567
515001192
652358506
72753547
535688594
717206332
166975613
857380077
342687083
866430168
804888004
404910659
358187149
235284857
265227426
474322125
823508762
468877528
555194229
860311960
698217473
839003868
24050730
359674588
296734482
319956165
955513629
248171370
714585520
874339823
190521627
627570159
514174155
567672809
132846586
899153649
304683979
709848271
137384189
987532634
433744828
205804858
285866486
350429186
639154461
171480839
393964529
75954310
72943713
406189542
839174810
363107922
907939999
739204588
649225850
444850472
701440487
948724435
443811014
268537850
883462032
167373928
254000734
849480050
41681859
452743490
14700201
641402912
299057029
399887596
60059288
222020812
30759991
905054790
66378692
830648348
123355570
644954305
768529738
888011778
24461628
91273036
726390761
923043907
536826813
171963579
834524893
420238385
770173268
367927908
396790780
930112117
191067628
322920564
726837425
218239265
472516171
802211875
814133991
839711774
310284488
490908733
221644301
539470175
288254746
265270463
247752293
748342739
805939183
21456327
192017013
306471389
51345599
389894271
484721040
940176830
490919140
893690654
732250646
588262020
55635535
323985030
114676031
612537123
25053182
871689771
734034720
530501539
836828346
522471837
201317480
483632749
988555811
785458237
630771324
259056427
304080018
47432522
487045392
741756284
186526098
208976735
59051457
779608279
527790063
516355935
844766822
693863677
405117301
405521538
952310217
249080290
9436942
980980677
831720369
114540944
300853014
65930714
633395785
632137360
5742169
400680564
716256440
2042403
765461880
664493795
941373453
987880034
572468556
693189299
571685970
68621406
21445665
871027888
944663099
938063579
411671865
1261367
34846267
468425090
449529078
982591782
909731819
835149933
108647113
568726319
335806873
532759262
579248889
833747185
826189309
385497639
939149654
340519003
749417242
796335948
614287325
159298138
576928537
111515812
372602891
121215182
768449229
131536827
297788142
522686724
249129785
800991955
689133136
440991640
32182709
693993210
64578737
577227493
450370401
749249232
572301367
969578797
629055063
963652086
998333107
144010685
657351676
748016261
421101891
786085898
627221485
627392692
46203263
130849958
196157339
928306367
182334127
689756766
466245341
90573852
61491099
281048249
64451613
830645406
306975114
469293021
273142556
540313233
781069836
781438692
182327028
455927183
994849906
625968468
116205349
51537618
44796482
375000174
709862711
432934703
732735052
4106437
862006974
556635370
521899164
480456999
833780183
149959057
653116048
460128057
226972011
278656923
28613032
67245845
497776067
458948843
792800315
478531880
993528064
233182209
335156107
131386591
224063167
195463815
864162998
504425757
739853215
309246502
949834721
728378869
617974841
227358062
392827046
538165034
522195600
268122601
16859126
443008561
428168592
744741331
261140909
200535374
157487340
622498537
592550366
134338320
288325302
571229992
321707253
668377401
723683419
494700758
745909009
377271628
268432789
618525406
78029650
223227524
296821770
218556251
569507349
579075005
466681200
750390555
458854448
967256427
589054628
749561334
209045788
126505362
169047569
930743908
432418572
352019604
969174891
558973213
405976030
569443470
26666498
148644841
236837914
344810362
13859944
832860490
666154314
395069598
872781843
441136083
379326930
957601796
901311391
308488813
592807186
621660557
974728533
567156687
37565389
663871811
364468927
395316826
345293770
35071968
51178751
243944209
514298573
788270233
394621888
715281559
931664679
515476067
753084573
455129529
56081297
332656011
841612892
666548302
187638246
895698001
535749530
309158489
185542166
21339738
40025686
502914510
468246510
569300696
494445123
731676084
795468041
300166615
876636061
25930169
531842728
810509736
721782180
571852577
192118760
32342603
411291765
143420762
126276963
290934289
248252540
639713676
194137258
732858188
928914968
344188833
685171608
152871439
565326483
164423093
662358233
338144107
217907961
217977874
379228580
17940444
433059475
907776025
924317429
926442829
207243780
421677197
771261827
422248088
211915217
877191903
574393751
558266239
596105434
400588198
793004698
593140376
601599426
397213113
103876186
984695176
398681782
150895776
215885236
492926207
914656938
333572514
836883871
509301054
518765995
522560864
146214509
153857308
704474545
903097165
648326043
648433144
714493011
994394901
200353266
860757952
203335728
177854595
256896871
664813391
404058946
230475867
192693667
665529965
847118886
634064538
498247667
337356484
148680601
542641110
286871362
426644290
471244311
282512447
330413212
745765146
663887820
359986660
43776155
562309199
634999239
981601032
555295296
515220104
801643032
605369108
544477106
583128336
566345430
754772578
164807614
609995906
595541690
380959318
502296053
919525393
592478257
784157477
408169514
61554198
680452532
321570026
571646794
882417375
382706390
950196402
567662660
102838701
887918155
298308455
150723491
328629641
564600156
683206441
621025419
864604794
89266025
7840186
15915020
52439467
425049122
688101349
750166043
934285049
750047923
624435782
982626987
305111214
768228020
116554957
617269566
918202895
589005061
933749973
508947000
890245309
630823916
467940081
740120000
163787552
984050044
966081073
316114280
925049520
174566563
420851165
830588267
711896613
681785115
773842268
167838074
290570804
545152639
786208913
734015022
580397
231429022
81524290
706248451
815164989
514689715
707017160
780841682
33531448
750675197
153660171
27540243
263805650
636264231
56941046
706814563
758031022
50440437
78169477
606979959
125051833
685176193
101485419
80137983
626722254
283073007
949070526
184094187
155278068
257000602
979255604
893279396
754451088
421786805
516675730
262210849
504392992
733237254
598145291
161394141
787848534
70652278
174868564
73910687
647161775
842782940
476682783
88289545
100702377
853947856
291070543
413689742
277041684
68514357
754451885
593732099
653087649
323301596
604104879
671259600
716141953
949011205
99153925
677414233
701249304
962453974
425289021
550994352
899097658
671890052
82082438
409254555
678404404
616637883
976592569
614409581
928525486
228919926
323943958
692186661
348585701
710520669
107771557
976212312
744976733
561772353
759636065
362859960
221000626
722585691
38044095
828214933
757103385
418735403
702190590
700896480
588392348
775653165
149638688
742832878
750728946
991490836
873898331
400946739
384250075
333762096
507554011
732459407
826096038
660121858
185580645
813830451
342949365
156274494
949068269
324935051
817516070
661396131
268660417
511090233
49409080
485239409
209053606
669098945
866881006
115987701
911336489
323024680
482517166
41532918
31888323
858336303
786308677
926122688
930119141
240652547
460866506
188568458
332444055
321149588
701142295
434423844
984999684
550533942
205069661
582421653
891655472
624591775
352459075
508763294
79919208
198541370
522636061
706929541
446450142
385646883
238480569
406894183
209425095
863348717
135644297
206146946
580088750
27555559
318689097
267070970
808896630
544646657
466771472
441873295
950295388
665096957
418705123
447105950
429976994
347490533
860328281
562173761
154346425
183476083
643900817
892388901
583662587
383525528
249754197
569791351
648758238
550031819
2427637
412817217
814773716
4636167
614911902
805637291
539837599
435819064
371438787
263011640
539908660
34018660
934361928
814105954
116573616
814710162
306490481
409034376
639014770
147906744
141256245
815427811
436419399
705182499
795366758
179007582
940398861
