70042
76218
79577
81511
83408
85137
86501
87852
89061
90221
91365
92508
93643
94682
95658
96610
97557
98477
99354
100182
100990
101796
102601
103396
104183
104941
105676
106403
107119
107835
108545
109245
109939
110627
111305
111964
112600
113224
113846
114428
115010
115587
116158
116712
117264
117814
118361
118901
119437
119953
120467
120972
121451
121920
122388
122854
123312
123761
124193
124619
125043
125466
125874
126275
126650
127023
127395
127751
128101
128436
128764
129088
129408
129708
130006
130293
130573
130847
131121
131388
131651
131911
132170
132428
132682
132916
133135
133346
133552
133756
133958
134156
134351
134542
134722
134901
135078
135254
135426
135583
135738
135884
136026
136161
136288
136405
136511
136605
136698
136789
136879
136968
137057
137145
137232
137312
137388
137463
137533
137602
137665
137722
137767
137809
137848
137872
137894
137915
137932
137945
137957
137969
137976
137983
137988
137988
137988
137988
137988
137988
137988
137988
137988
137988
137988
137988
137988
137988
137988
137988
137988
137988
137988
137988
137988
137988
137988
137988
137988
137988
137988
137988
137988
137988
137988
137988
137988
137988
137988
137988
137988
