=== Node 4 === mul 1 === add 1 === len 1 ===
1
=== Node 5 === mul 1 === add 1 === len 1 ===
1
v=4 f[2][1] <== 1 + 1 * 1
=== Node 2 === mul 1 === add 1 === len 2 ===
1 2
=== Node 3 === mul 1 === add 1 === len 1 ===
1
v=3 f[1][1] <== 1 + 1 * 1
=== Node 1 === mul 1 === add 1 === len 3 ===
1 2 2
=== Node 4 === mul 1 === add 1 === len 1 ===
1
=== Node 5 === mul 1 === add 1 === len 1 ===
1
v=4 f[2][1] <== 1 + 1 * 1
=== Node 2 === mul 1 === add 1 === len 2 ===
1 2
=== Node 3 === mul 1 === add 1 === len 1 ===
1
v=3 f[1][1] <== 1 + 1 * 2
=== Node 1 === mul 1 === add 1 === len 3 ===
1 3 2
=== Node 5 === mul 1 === add 1 === len 1 ===
1
=== Node 2 === mul 1 === add 1 === len 2 ===
1 1
=== Node 8 === mul 1 === add 1 === len 1 ===
1
=== Node 4 === mul 1 === add 1 === len 2 ===
1 1
=== Node 6 === mul 1 === add 1 === len 1 ===
1
v=6 f[3][1] <== 1 + 1 * 1
=== Node 3 === mul 1 === add 1 === len 3 ===
1 2 1
=== Node 7 === mul 1 === add 1 === len 1 ===
1
v=2 f[1][1] <== 1 + 1 * 1
v=2 f[1][2] <== 2 + 1 * 1
v=7 f[1][1] <== 2 + 1 * 1
=== Node 1 === mul 2 === add 2 === len 4 ===
2 6 6 2
