f=  0   0, g=  2   1, h=  1   1   0   0   0   0   0   0   0   0,  0   0   1   0   0   0   0   0   0   0
0: h[2][1] += h[2][1](1) * g[1](1) (1)
0: h[0][0] += h[0][0](1) * g[0](2) (2)
0: h[1][0] += h[1][0](1) * g[0](2) (2)
1: h[0][0] += h[0][0](1) * g[0](2) (2)
1: h[1][0] += h[1][0](1) * g[0](2) (2)
2: h[0][0] += h[0][0](1) * g[0](2) (2)
2: h[1][0] += h[1][0](1) * g[0](2) (2)
3: h[0][0] += h[0][0](1) * g[0](2) (2)
3: h[1][0] += h[1][0](1) * g[0](2) (2)
4: h[0][0] += h[0][0](1) * g[0](2) (2)
4: h[1][0] += h[1][0](1) * g[0](2) (2)
5: h[0][0] += h[0][0](1) * g[0](2) (2)
5: h[1][0] += h[1][0](1) * g[0](2) (2)
6: h[0][0] += h[0][0](1) * g[0](2) (2)
6: h[1][0] += h[1][0](1) * g[0](2) (2)
7: h[0][0] += h[0][0](1) * g[0](2) (2)
7: h[1][0] += h[1][0](1) * g[0](2) (2)
8: h[0][0] += h[0][0](1) * g[0](2) (2)
8: h[1][0] += h[1][0](1) * g[0](2) (2)
9: h[0][0] += h[0][0](1) * g[0](2) (2)
9: h[1][0] += h[1][0](1) * g[0](2) (2)
f=  1   1, g= 20   1, h= 12  12   2   2   2   2   2   2   2   2,  1   0   1   0   0   0   0   0   0   0
0: h[0][1] += h[0][1](1) * g[1](1) (1)
0: h[2][1] += h[2][1](1) * g[1](1) (1)
0: h[0][0] += h[0][0](12) * g[0](20) (240)
0: h[1][0] += h[1][0](12) * g[0](20) (240)
0: h[2][0] += h[2][0](2) * g[0](20) (40)
0: h[3][0] += h[3][0](2) * g[0](20) (40)
0: h[4][0] += h[4][0](2) * g[0](20) (40)
0: h[5][0] += h[5][0](2) * g[0](20) (40)
0: h[6][0] += h[6][0](2) * g[0](20) (40)
0: h[7][0] += h[7][0](2) * g[0](20) (40)
0: h[8][0] += h[8][0](2) * g[0](20) (40)
0: h[9][0] += h[9][0](2) * g[0](20) (40)
1: h[0][0] += h[0][0](12) * g[0](20) (240)
1: h[1][0] += h[1][0](12) * g[0](20) (240)
1: h[2][0] += h[2][0](2) * g[0](20) (40)
1: h[3][0] += h[3][0](2) * g[0](20) (40)
1: h[4][0] += h[4][0](2) * g[0](20) (40)
1: h[5][0] += h[5][0](2) * g[0](20) (40)
1: h[6][0] += h[6][0](2) * g[0](20) (40)
1: h[7][0] += h[7][0](2) * g[0](20) (40)
1: h[8][0] += h[8][0](2) * g[0](20) (40)
1: h[9][0] += h[9][0](2) * g[0](20) (40)
2: h[0][0] += h[0][0](12) * g[0](20) (240)
2: h[1][0] += h[1][0](12) * g[0](20) (240)
2: h[2][0] += h[2][0](2) * g[0](20) (40)
2: h[3][0] += h[3][0](2) * g[0](20) (40)
2: h[4][0] += h[4][0](2) * g[0](20) (40)
2: h[5][0] += h[5][0](2) * g[0](20) (40)
2: h[6][0] += h[6][0](2) * g[0](20) (40)
2: h[7][0] += h[7][0](2) * g[0](20) (40)
2: h[8][0] += h[8][0](2) * g[0](20) (40)
2: h[9][0] += h[9][0](2) * g[0](20) (40)
3: h[0][0] += h[0][0](12) * g[0](20) (240)
3: h[1][0] += h[1][0](12) * g[0](20) (240)
3: h[2][0] += h[2][0](2) * g[0](20) (40)
3: h[3][0] += h[3][0](2) * g[0](20) (40)
3: h[4][0] += h[4][0](2) * g[0](20) (40)
3: h[5][0] += h[5][0](2) * g[0](20) (40)
3: h[6][0] += h[6][0](2) * g[0](20) (40)
3: h[7][0] += h[7][0](2) * g[0](20) (40)
3: h[8][0] += h[8][0](2) * g[0](20) (40)
3: h[9][0] += h[9][0](2) * g[0](20) (40)
4: h[0][0] += h[0][0](12) * g[0](20) (240)
4: h[1][0] += h[1][0](12) * g[0](20) (240)
4: h[2][0] += h[2][0](2) * g[0](20) (40)
4: h[3][0] += h[3][0](2) * g[0](20) (40)
4: h[4][0] += h[4][0](2) * g[0](20) (40)
4: h[5][0] += h[5][0](2) * g[0](20) (40)
4: h[6][0] += h[6][0](2) * g[0](20) (40)
4: h[7][0] += h[7][0](2) * g[0](20) (40)
4: h[8][0] += h[8][0](2) * g[0](20) (40)
4: h[9][0] += h[9][0](2) * g[0](20) (40)
5: h[0][0] += h[0][0](12) * g[0](20) (240)
5: h[1][0] += h[1][0](12) * g[0](20) (240)
5: h[2][0] += h[2][0](2) * g[0](20) (40)
5: h[3][0] += h[3][0](2) * g[0](20) (40)
5: h[4][0] += h[4][0](2) * g[0](20) (40)
5: h[5][0] += h[5][0](2) * g[0](20) (40)
5: h[6][0] += h[6][0](2) * g[0](20) (40)
5: h[7][0] += h[7][0](2) * g[0](20) (40)
5: h[8][0] += h[8][0](2) * g[0](20) (40)
5: h[9][0] += h[9][0](2) * g[0](20) (40)
6: h[0][0] += h[0][0](12) * g[0](20) (240)
6: h[1][0] += h[1][0](12) * g[0](20) (240)
6: h[2][0] += h[2][0](2) * g[0](20) (40)
6: h[3][0] += h[3][0](2) * g[0](20) (40)
6: h[4][0] += h[4][0](2) * g[0](20) (40)
6: h[5][0] += h[5][0](2) * g[0](20) (40)
6: h[6][0] += h[6][0](2) * g[0](20) (40)
6: h[7][0] += h[7][0](2) * g[0](20) (40)
6: h[8][0] += h[8][0](2) * g[0](20) (40)
6: h[9][0] += h[9][0](2) * g[0](20) (40)
7: h[0][0] += h[0][0](12) * g[0](20) (240)
7: h[1][0] += h[1][0](12) * g[0](20) (240)
7: h[2][0] += h[2][0](2) * g[0](20) (40)
7: h[3][0] += h[3][0](2) * g[0](20) (40)
7: h[4][0] += h[4][0](2) * g[0](20) (40)
7: h[5][0] += h[5][0](2) * g[0](20) (40)
7: h[6][0] += h[6][0](2) * g[0](20) (40)
7: h[7][0] += h[7][0](2) * g[0](20) (40)
7: h[8][0] += h[8][0](2) * g[0](20) (40)
7: h[9][0] += h[9][0](2) * g[0](20) (40)
8: h[0][0] += h[0][0](12) * g[0](20) (240)
8: h[1][0] += h[1][0](12) * g[0](20) (240)
8: h[2][0] += h[2][0](2) * g[0](20) (40)
8: h[3][0] += h[3][0](2) * g[0](20) (40)
8: h[4][0] += h[4][0](2) * g[0](20) (40)
8: h[5][0] += h[5][0](2) * g[0](20) (40)
8: h[6][0] += h[6][0](2) * g[0](20) (40)
8: h[7][0] += h[7][0](2) * g[0](20) (40)
8: h[8][0] += h[8][0](2) * g[0](20) (40)
8: h[9][0] += h[9][0](2) * g[0](20) (40)
9: h[0][0] += h[0][0](12) * g[0](20) (240)
9: h[1][0] += h[1][0](12) * g[0](20) (240)
9: h[2][0] += h[2][0](2) * g[0](20) (40)
9: h[3][0] += h[3][0](2) * g[0](20) (40)
9: h[4][0] += h[4][0](2) * g[0](20) (40)
9: h[5][0] += h[5][0](2) * g[0](20) (40)
9: h[6][0] += h[6][0](2) * g[0](20) (40)
9: h[7][0] += h[7][0](2) * g[0](20) (40)
9: h[8][0] += h[8][0](2) * g[0](20) (40)
9: h[9][0] += h[9][0](2) * g[0](20) (40)
f=110   2, g=200   1, h=140 140  40  40  40  40  40  40  40  40,  2   0   1   0   0   0   0   0   0   0
