Updating 0 -200 0
tr[19]: (1061109567) [-200,-199] [0,0] {20,0,0,0} {200,200,-200,-200} {1061109567,1061109567,1061109567,1061109567}
tr[18]: (1061109567) [-200,-198] [-2,0] {0,19,0,0} {200,200,-200,-200} {1061109567,1061109567,1061109567,1061109567}
tr[17]: (1061109567) [-204,-198] [-6,0] {0,0,0,18} {200,200,-200,-200} {1061109567,1061109567,1061109567,1061109567}
tr[16]: (1061109567) [-212,-198] [-14,0] {0,0,0,17} {200,200,-200,-200} {1061109567,1061109567,1061109567,1061109567}
tr[15]: (1061109567) [-212,-183] [-29,0] {0,16,0,0} {200,200,-200,-200} {1061109567,1061109567,1061109567,1061109567}
tr[14]: (1061109567) [-243,-183] [-60,0] {0,0,0,15} {200,200,-200,-200} {1061109567,1061109567,1061109567,1061109567}
tr[13]: (1061109567) [-243,-122] [-121,0] {0,14,0,0} {200,200,-200,-200} {1061109567,1061109567,1061109567,1061109567}
tr[12]: (1061109567) [-243,0] [-243,0] {0,13,0,0} {200,200,-200,-200} {1061109567,1061109567,1061109567,1061109567}
tr[11]: (1061109567) [-487,0] [-487,0] {0,0,0,12} {200,200,-200,-200} {1061109567,1061109567,1061109567,1061109567}
tr[10]: (1061109567) [-975,0] [-975,0] {0,0,0,11} {200,200,-200,-200} {1061109567,1061109567,1061109567,1061109567}
tr[9]: (1061109567) [-1952,0] [-1952,0] {0,0,0,10} {200,200,-200,-200} {1061109567,1061109567,1061109567,1061109567}
tr[8]: (1061109567) [-3905,0] [-3905,0] {0,0,0,9} {200,200,-200,-200} {1061109567,1061109567,1061109567,1061109567}
tr[7]: (1061109567) [-7811,0] [-7811,0] {0,0,0,8} {200,200,-200,-200} {1061109567,1061109567,1061109567,1061109567}
tr[6]: (1061109567) [-15624,0] [-15624,0] {0,0,0,7} {200,200,-200,-200} {1061109567,1061109567,1061109567,1061109567}
tr[5]: (1061109567) [-31249,0] [-31249,0] {0,0,0,6} {200,200,-200,-200} {1061109567,1061109567,1061109567,1061109567}
tr[4]: (1061109567) [-62499,0] [-62499,0] {0,0,0,5} {200,200,-200,-200} {1061109567,1061109567,1061109567,1061109567}
tr[3]: (1061109567) [-124999,0] [-124999,0] {0,0,0,4} {200,200,-200,-200} {1061109567,1061109567,1061109567,1061109567}
tr[2]: (1061109567) [-250000,0] [-250000,0] {0,0,0,3} {200,200,-200,-200} {1061109567,1061109567,1061109567,1061109567}
tr[1]: (1061109567) [-250000,250000] [-250000,250000] {2,0,0,0} {200,200,-200,-200} {1061109567,1061109567,1061109567,1061109567}
Updating 1 160 -100
tr[38]: (1061109567) [159,160] [-101,-100] {0,0,0,39} {1061109567,1061109567,1061109567,1061109567} {-60,-260,260,60}
tr[37]: (1061109567) [159,162] [-101,-98] {38,0,0,0} {1061109567,1061109567,1061109567,1061109567} {-60,-260,260,60}
tr[36]: (1061109567) [155,162] [-105,-98] {0,0,0,37} {1061109567,1061109567,1061109567,1061109567} {-60,-260,260,60}
tr[35]: (1061109567) [155,169] [-105,-91] {36,0,0,0} {1061109567,1061109567,1061109567,1061109567} {-60,-260,260,60}
tr[34]: (1061109567) [155,184] [-121,-91] {0,35,0,0} {1061109567,1061109567,1061109567,1061109567} {-60,-260,260,60}
tr[33]: (1061109567) [124,184] [-121,-61] {0,0,34,0} {1061109567,1061109567,1061109567,1061109567} {-60,-260,260,60}
tr[32]: (1061109567) [124,245] [-121,0] {33,0,0,0} {1061109567,1061109567,1061109567,1061109567} {-60,-260,260,60}
tr[31]: (1061109567) [1,245] [-243,0] {0,0,0,32} {1061109567,1061109567,1061109567,1061109567} {-60,-260,260,60}
tr[30]: (1061109567) [1,489] [-487,0] {0,31,0,0} {1061109567,1061109567,1061109567,1061109567} {-60,-260,260,60}
tr[29]: (1061109567) [1,977] [-975,0] {0,30,0,0} {1061109567,1061109567,1061109567,1061109567} {-60,-260,260,60}
tr[28]: (1061109567) [1,1954] [-1952,0] {0,29,0,0} {1061109567,1061109567,1061109567,1061109567} {-60,-260,260,60}
tr[27]: (1061109567) [1,3907] [-3905,0] {0,28,0,0} {1061109567,1061109567,1061109567,1061109567} {-60,-260,260,60}
tr[26]: (1061109567) [1,7813] [-7811,0] {0,27,0,0} {1061109567,1061109567,1061109567,1061109567} {-60,-260,260,60}
tr[25]: (1061109567) [1,15625] [-15624,0] {0,26,0,0} {1061109567,1061109567,1061109567,1061109567} {-60,-260,260,60}
tr[24]: (1061109567) [1,31250] [-31249,0] {0,25,0,0} {1061109567,1061109567,1061109567,1061109567} {-60,-260,260,60}
tr[23]: (1061109567) [1,62500] [-62499,0] {0,24,0,0} {1061109567,1061109567,1061109567,1061109567} {-60,-260,260,60}
tr[22]: (1061109567) [1,125000] [-124999,0] {0,23,0,0} {1061109567,1061109567,1061109567,1061109567} {-60,-260,260,60}
tr[21]: (1061109567) [1,250000] [-250000,0] {0,22,0,0} {1061109567,1061109567,1061109567,1061109567} {-60,-260,260,60}
tr[1]: (1061109567) [-250000,250000] [-250000,250000] {2,0,21,0} {200,200,-200,-200} {-60,-260,260,60}
Updating 0 -290 50
tr[57]: (1061109567) [-290,-289] [50,51] {58,0,0,0} {240,340,-340,-240} {1061109567,1061109567,1061109567,1061109567}
tr[56]: (1061109567) [-292,-289] [48,51] {0,0,0,57} {240,340,-340,-240} {1061109567,1061109567,1061109567,1061109567}
tr[55]: (1061109567) [-296,-289] [48,55] {0,0,56,0} {240,340,-340,-240} {1061109567,1061109567,1061109567,1061109567}
tr[54]: (1061109567) [-304,-289] [48,62] {0,0,55,0} {240,340,-340,-240} {1061109567,1061109567,1061109567,1061109567}
tr[53]: (1061109567) [-304,-274] [32,62] {0,54,0,0} {240,340,-340,-240} {1061109567,1061109567,1061109567,1061109567}
tr[52]: (1061109567) [-304,-244] [1,62] {0,53,0,0} {240,340,-340,-240} {1061109567,1061109567,1061109567,1061109567}
tr[51]: (1061109567) [-365,-244] [1,123] {0,0,52,0} {240,340,-340,-240} {1061109567,1061109567,1061109567,1061109567}
tr[50]: (1061109567) [-487,-244] [1,245] {0,0,51,0} {240,340,-340,-240} {1061109567,1061109567,1061109567,1061109567}
tr[49]: (1061109567) [-487,0] [1,489] {50,0,0,0} {240,340,-340,-240} {1061109567,1061109567,1061109567,1061109567}
tr[48]: (1061109567) [-975,0] [1,977] {0,0,49,0} {240,340,-340,-240} {1061109567,1061109567,1061109567,1061109567}
tr[47]: (1061109567) [-1952,0] [1,1954] {0,0,48,0} {240,340,-340,-240} {1061109567,1061109567,1061109567,1061109567}
tr[46]: (1061109567) [-3905,0] [1,3907] {0,0,47,0} {240,340,-340,-240} {1061109567,1061109567,1061109567,1061109567}
tr[45]: (1061109567) [-7811,0] [1,7813] {0,0,46,0} {240,340,-340,-240} {1061109567,1061109567,1061109567,1061109567}
tr[44]: (1061109567) [-15624,0] [1,15625] {0,0,45,0} {240,340,-340,-240} {1061109567,1061109567,1061109567,1061109567}
tr[43]: (1061109567) [-31249,0] [1,31250] {0,0,44,0} {240,340,-340,-240} {1061109567,1061109567,1061109567,1061109567}
tr[42]: (1061109567) [-62499,0] [1,62500] {0,0,43,0} {240,340,-340,-240} {1061109567,1061109567,1061109567,1061109567}
tr[41]: (1061109567) [-124999,0] [1,125000] {0,0,42,0} {240,340,-340,-240} {1061109567,1061109567,1061109567,1061109567}
tr[40]: (1061109567) [-250000,0] [1,250000] {0,0,41,0} {240,340,-340,-240} {1061109567,1061109567,1061109567,1061109567}
tr[1]: (600) [-250000,250000] [-250000,250000] {2,40,21,0} {200,200,-340,-240} {-60,-260,260,60}
Updating 0 -200 0
tr[19]: (1061109567) [-200,-199] [0,0] {20,0,0,0} {1061109567,1061109567,1061109567,1061109567} {1061109567,1061109567,1061109567,1061109567}
tr[18]: (1061109567) [-200,-198] [-2,0] {0,19,0,0} {1061109567,1061109567,1061109567,1061109567} {1061109567,1061109567,1061109567,1061109567}
tr[17]: (1061109567) [-204,-198] [-6,0] {0,0,0,18} {1061109567,1061109567,1061109567,1061109567} {1061109567,1061109567,1061109567,1061109567}
tr[16]: (1061109567) [-212,-198] [-14,0] {0,0,0,17} {1061109567,1061109567,1061109567,1061109567} {1061109567,1061109567,1061109567,1061109567}
tr[15]: (1061109567) [-212,-183] [-29,0] {0,16,0,0} {1061109567,1061109567,1061109567,1061109567} {1061109567,1061109567,1061109567,1061109567}
tr[14]: (1061109567) [-243,-183] [-60,0] {0,0,0,15} {1061109567,1061109567,1061109567,1061109567} {1061109567,1061109567,1061109567,1061109567}
tr[13]: (1061109567) [-243,-122] [-121,0] {0,14,0,0} {1061109567,1061109567,1061109567,1061109567} {1061109567,1061109567,1061109567,1061109567}
tr[12]: (1061109567) [-243,0] [-243,0] {0,13,0,0} {1061109567,1061109567,1061109567,1061109567} {1061109567,1061109567,1061109567,1061109567}
tr[11]: (1061109567) [-487,0] [-487,0] {0,0,0,12} {1061109567,1061109567,1061109567,1061109567} {1061109567,1061109567,1061109567,1061109567}
tr[10]: (1061109567) [-975,0] [-975,0] {0,0,0,11} {1061109567,1061109567,1061109567,1061109567} {1061109567,1061109567,1061109567,1061109567}
tr[9]: (1061109567) [-1952,0] [-1952,0] {0,0,0,10} {1061109567,1061109567,1061109567,1061109567} {1061109567,1061109567,1061109567,1061109567}
tr[8]: (1061109567) [-3905,0] [-3905,0] {0,0,0,9} {1061109567,1061109567,1061109567,1061109567} {1061109567,1061109567,1061109567,1061109567}
tr[7]: (1061109567) [-7811,0] [-7811,0] {0,0,0,8} {1061109567,1061109567,1061109567,1061109567} {1061109567,1061109567,1061109567,1061109567}
tr[6]: (1061109567) [-15624,0] [-15624,0] {0,0,0,7} {1061109567,1061109567,1061109567,1061109567} {1061109567,1061109567,1061109567,1061109567}
tr[5]: (1061109567) [-31249,0] [-31249,0] {0,0,0,6} {1061109567,1061109567,1061109567,1061109567} {1061109567,1061109567,1061109567,1061109567}
tr[4]: (1061109567) [-62499,0] [-62499,0] {0,0,0,5} {1061109567,1061109567,1061109567,1061109567} {1061109567,1061109567,1061109567,1061109567}
tr[3]: (1061109567) [-124999,0] [-124999,0] {0,0,0,4} {1061109567,1061109567,1061109567,1061109567} {1061109567,1061109567,1061109567,1061109567}
tr[2]: (1061109567) [-250000,0] [-250000,0] {0,0,0,3} {1061109567,1061109567,1061109567,1061109567} {1061109567,1061109567,1061109567,1061109567}
tr[1]: (600) [-250000,250000] [-250000,250000] {2,40,21,0} {240,340,-340,-240} {-60,-260,260,60}
Updating 1 170 -30
tr[64]: (1061109567) [170,171] [-30,-30] {65,0,0,0} {1061109567,1061109567,1061109567,1061109567} {-140,-200,200,140}
tr[63]: (1061109567) [170,173] [-32,-30] {0,64,0,0} {1061109567,1061109567,1061109567,1061109567} {-140,-200,200,140}
tr[62]: (1061109567) [170,177] [-36,-30] {0,63,0,0} {1061109567,1061109567,1061109567,1061109567} {-140,-200,200,140}
tr[61]: (1061109567) [170,184] [-44,-30] {0,62,0,0} {1061109567,1061109567,1061109567,1061109567} {-140,-200,200,140}
tr[60]: (1061109567) [155,184] [-60,-30] {0,0,0,61} {1061109567,1061109567,1061109567,1061109567} {-140,-200,200,140}
tr[59]: (1061109567) [124,184] [-60,0] {0,0,60,0} {1061109567,1061109567,1061109567,1061109567} {-140,-200,200,140}
tr[32]: (1061109567) [124,245] [-121,0] {33,59,0,0} {1061109567,1061109567,1061109567,1061109567} {-140,-260,200,60}
tr[31]: (1061109567) [1,245] [-243,0] {0,0,0,32} {1061109567,1061109567,1061109567,1061109567} {-140,-260,200,60}
tr[30]: (1061109567) [1,489] [-487,0] {0,31,0,0} {1061109567,1061109567,1061109567,1061109567} {-140,-260,200,60}
tr[29]: (1061109567) [1,977] [-975,0] {0,30,0,0} {1061109567,1061109567,1061109567,1061109567} {-140,-260,200,60}
tr[28]: (1061109567) [1,1954] [-1952,0] {0,29,0,0} {1061109567,1061109567,1061109567,1061109567} {-140,-260,200,60}
tr[27]: (1061109567) [1,3907] [-3905,0] {0,28,0,0} {1061109567,1061109567,1061109567,1061109567} {-140,-260,200,60}
tr[26]: (1061109567) [1,7813] [-7811,0] {0,27,0,0} {1061109567,1061109567,1061109567,1061109567} {-140,-260,200,60}
tr[25]: (1061109567) [1,15625] [-15624,0] {0,26,0,0} {1061109567,1061109567,1061109567,1061109567} {-140,-260,200,60}
tr[24]: (1061109567) [1,31250] [-31249,0] {0,25,0,0} {1061109567,1061109567,1061109567,1061109567} {-140,-260,200,60}
tr[23]: (1061109567) [1,62500] [-62499,0] {0,24,0,0} {1061109567,1061109567,1061109567,1061109567} {-140,-260,200,60}
tr[22]: (1061109567) [1,125000] [-124999,0] {0,23,0,0} {1061109567,1061109567,1061109567,1061109567} {-140,-260,200,60}
tr[21]: (1061109567) [1,250000] [-250000,0] {0,22,0,0} {1061109567,1061109567,1061109567,1061109567} {-140,-260,200,60}
tr[1]: (540) [-250000,250000] [-250000,250000] {2,40,21,0} {240,340,-340,-240} {-140,-260,200,60}
Updating 0 -290 50
tr[57]: (1061109567) [-290,-289] [50,51] {58,0,0,0} {1061109567,1061109567,1061109567,1061109567} {1061109567,1061109567,1061109567,1061109567}
tr[56]: (1061109567) [-292,-289] [48,51] {0,0,0,57} {1061109567,1061109567,1061109567,1061109567} {1061109567,1061109567,1061109567,1061109567}
tr[55]: (1061109567) [-296,-289] [48,55] {0,0,56,0} {1061109567,1061109567,1061109567,1061109567} {1061109567,1061109567,1061109567,1061109567}
tr[54]: (1061109567) [-304,-289] [48,62] {0,0,55,0} {1061109567,1061109567,1061109567,1061109567} {1061109567,1061109567,1061109567,1061109567}
tr[53]: (1061109567) [-304,-274] [32,62] {0,54,0,0} {1061109567,1061109567,1061109567,1061109567} {1061109567,1061109567,1061109567,1061109567}
tr[52]: (1061109567) [-304,-244] [1,62] {0,53,0,0} {1061109567,1061109567,1061109567,1061109567} {1061109567,1061109567,1061109567,1061109567}
tr[51]: (1061109567) [-365,-244] [1,123] {0,0,52,0} {1061109567,1061109567,1061109567,1061109567} {1061109567,1061109567,1061109567,1061109567}
tr[50]: (1061109567) [-487,-244] [1,245] {0,0,51,0} {1061109567,1061109567,1061109567,1061109567} {1061109567,1061109567,1061109567,1061109567}
tr[49]: (1061109567) [-487,0] [1,489] {50,0,0,0} {1061109567,1061109567,1061109567,1061109567} {1061109567,1061109567,1061109567,1061109567}
tr[48]: (1061109567) [-975,0] [1,977] {0,0,49,0} {1061109567,1061109567,1061109567,1061109567} {1061109567,1061109567,1061109567,1061109567}
tr[47]: (1061109567) [-1952,0] [1,1954] {0,0,48,0} {1061109567,1061109567,1061109567,1061109567} {1061109567,1061109567,1061109567,1061109567}
tr[46]: (1061109567) [-3905,0] [1,3907] {0,0,47,0} {1061109567,1061109567,1061109567,1061109567} {1061109567,1061109567,1061109567,1061109567}
tr[45]: (1061109567) [-7811,0] [1,7813] {0,0,46,0} {1061109567,1061109567,1061109567,1061109567} {1061109567,1061109567,1061109567,1061109567}
tr[44]: (1061109567) [-15624,0] [1,15625] {0,0,45,0} {1061109567,1061109567,1061109567,1061109567} {1061109567,1061109567,1061109567,1061109567}
tr[43]: (1061109567) [-31249,0] [1,31250] {0,0,44,0} {1061109567,1061109567,1061109567,1061109567} {1061109567,1061109567,1061109567,1061109567}
tr[42]: (1061109567) [-62499,0] [1,62500] {0,0,43,0} {1061109567,1061109567,1061109567,1061109567} {1061109567,1061109567,1061109567,1061109567}
tr[41]: (1061109567) [-124999,0] [1,125000] {0,0,42,0} {1061109567,1061109567,1061109567,1061109567} {1061109567,1061109567,1061109567,1061109567}
tr[40]: (1061109567) [-250000,0] [1,250000] {0,0,41,0} {1061109567,1061109567,1061109567,1061109567} {1061109567,1061109567,1061109567,1061109567}
tr[1]: (1061109567) [-250000,250000] [-250000,250000] {2,40,21,0} {1061109567,1061109567,1061109567,1061109567} {-140,-260,200,60}
