Working on gruop 0:
(0,1) (1,0)
(1,1) (1,0)
(2,1) (0,1)
(1,0) (2,2)
(3,2) (0,1)
Working on gruop 1:
(0,1) (1,0)
(1,1) (1,0)
(2,1) (0,1)
(0,1) (2,2)
(2,3) (0,1)
Working on gruop 2:
(1,0) (1,0)
(2,0) (1,0)
(3,0) (0,1)
(1,0) (3,1)
(4,1) (0,1)
Working on gruop 3:
(0,1) (0,1)
(0,2) (1,0)
(1,2) (0,1)
(1,0) (1,3)
(2,3) (0,1)
Working on gruop 4:
(0,1) (1,0)
(1,1) (1,0)
(2,1) (1,0)
(1,0) (3,1)
(4,1) (0,1)
Working on gruop 5:
(0,1) (1,0)
(1,1) (1,0)
(2,1) (0,1)
(1,0) (2,2)
(3,2) (1,0)
Working on gruop 6:
(0,1) (1,0)
(1,1) (0,1)
(1,2) (0,1)
(1,0) (1,3)
(2,3) (0,1)
