200000 left
199000 left
198000 left
197000 left
196000 left
195000 left
194000 left
193000 left
192000 left
191000 left
190000 left
189000 left
188000 left
187000 left
186000 left
185000 left
184000 left
183000 left
182000 left
181000 left
180000 left
179000 left
178000 left
177000 left
176000 left
175000 left
174000 left
173000 left
172000 left
171000 left
170000 left
169000 left
168000 left
167000 left
166000 left
165000 left
164000 left
163000 left
162000 left
161000 left
160000 left
159000 left
158000 left
157000 left
156000 left
155000 left
154000 left
153000 left
152000 left
151000 left
150000 left
149000 left
148000 left
147000 left
146000 left
145000 left
144000 left
143000 left
142000 left
141000 left
140000 left
139000 left
138000 left
137000 left
136000 left
135000 left
134000 left
133000 left
132000 left
131000 left
130000 left
129000 left
128000 left
127000 left
126000 left
125000 left
124000 left
123000 left
122000 left
121000 left
120000 left
119000 left
118000 left
117000 left
116000 left
115000 left
114000 left
113000 left
112000 left
111000 left
110000 left
109000 left
108000 left
107000 left
106000 left
105000 left
104000 left
103000 left
102000 left
101000 left
100000 left
99000 left
98000 left
97000 left
96000 left
95000 left
94000 left
93000 left
92000 left
91000 left
90000 left
89000 left
88000 left
87000 left
86000 left
85000 left
84000 left
83000 left
82000 left
81000 left
80000 left
79000 left
78000 left
77000 left
76000 left
75000 left
74000 left
73000 left
72000 left
71000 left
70000 left
69000 left
68000 left
67000 left
66000 left
65000 left
64000 left
63000 left
62000 left
61000 left
60000 left
59000 left
58000 left
57000 left
56000 left
55000 left
54000 left
53000 left
52000 left
51000 left
50000 left
49000 left
48000 left
47000 left
46000 left
45000 left
44000 left
43000 left
42000 left
41000 left
40000 left
39000 left
38000 left
37000 left
36000 left
35000 left
34000 left
33000 left
32000 left
31000 left
30000 left
29000 left
28000 left
27000 left
26000 left
25000 left
24000 left
23000 left
22000 left
21000 left
20000 left
19000 left
18000 left
17000 left
16000 left
15000 left
14000 left
13000 left
12000 left
11000 left
10000 left
9000 left
8000 left
7000 left
6000 left
5000 left
4000 left
3000 left
2000 left
1000 left
0 left
