155151217594
154786520271
155048772738
155252949652
155925543210
155925543210
153857159334
153438239672
154653700129
153551436640
155291127784
154338087115
154719529128
155925543210
155088812140
155110306613
155569349030
155637069651
155228587991
155530118840
155817694772
155008983386
155217489902
154972970675
155822159172
155925543210
153990112968
155925543210
155925543210
153911971110
155173269201
155451728590
155505186066
154781445377
155666834183
155925543210
154763773771
155925543210
155925543210
155800818021
155619603414
155925543210
155198831591
155466321198
155925543210
155925543210
154121118453
154485390603
154930601429
155269047395
154821833054
154294713920
155884445815
155234076377
155695504168
155925543210
155925543210
155925543210
155375703111
155925543210
155925543210
155637572699
155711963379
155594920780
155318771670
155704546083
155122193224
155544012637
155354851497
155925543210
154444928426
154570457488
155925543210
155598327611
155449679891
155925543210
154476099958
154832607518
155925543210
155925543210
155925543210
155588346498
155765487402
154662045276
155925543210
155925543210
155925543210
155623281998
155457836951
155008983386
155777249991
154978642265
154866422924
155270685599
155925543210
155925543210
155019246876
155925543210
154994900819
155925543210
155925543210
155829145267
155338646428
155925543210
155925543210
154930601429
155372480179
155704546083
155925543210
155925543210
155925543210
155925543210
155925543210
155418166522
155925543210
155925543210
155925543210
155625167052
155925543210
155756557353
155925543210
154023150210
155925543210
155654573623
155925543210
155008983386
155925543210
155925543210
155711963379
155925543210
155629324098
155524552325
155925543210
155392866929
155917058963
155925543210
155776056841
154866422924
154890969645
155925543210
154016343624
155014940334
154531146062
155552208610
155925543210
155313586477
155213326290
154889607840
155092128646
155537042559
155355399470
155099554152
154680464785
155425177574
155925543210
155361422870
155448839718
154883901842
155925543210
155925543210
154853295495
155645061897
154890318151
155925543210
154321855955
155925543210
155803927575
153712198267
155634865540
155925543210
153235118886
154427782182
155232369995
155666834183
155925543210
155895113027
154444928426
155645249173
154894282256
155925543210
155925543210
153193930499
155619603414
155214108794
155552208610
155925543210
155925543210
153875733907
154673193439
155196014430
154663355033
155513238993
155925543210
155901223690
155420063405
155925543210
154539466725
154918869469
155653130470
155925543210
153668262786
155925543210
155217102356
155925543210
154288681244
154954994836
155925543210
155925543210
154841529727
155161845944
155507540283
155420063405
155836245307
155737313277
155925543210
155678777030
154961513446
155925543210
155925543210
154752340132
155925543210
155078908532
155875056121
155173269201
155689264985
154758091493
154929884617
155602354947
154297160316
155008128396
155623000311
155925543210
154693355028
155925543210
155487318471
155420063405
155451728590
155925543210
155925543210
155331406759
155925543210
155375348631
154855409458
155314181458
155800818021
155925543210
155805142045
155288995723
155254489552
155025960460
155046036909
155788639516
155245308866
155002318409
155925543210
154523609632
155535180544
155925543210
154122769032
155673479684
155093616918
154541532289
155050366393
153709372630
154846361620
155925543210
155320626585
155441746424
155168467727
153812109461
155925543210
155487318471
155925543210
153502603595
155925543210
155840379328
155647752811
155216367643
154816943413
155403776927
155925543210
155925543210
155925543210
155925543210
155619603414
154523904803
153632542680
155364296773
155551912511
155552208610
155925543210
155474555049
154318013020
155676226134
155581618519
154198972172
155925543210
154883901842
155925543210
155925543210
155925543210
155818102251
155817694772
155237248732
155122193224
155925543210
154172034182
155838751354
154958774140
154942938110
154341607560
155704546083
155925543210
155541423211
155925543210
155198831591
154167294138
155135775673
154413042806
155215731240
155552208610
154890969645
154465043144
155861913701
155673479684
155299963882
155925543210
155925543210
155407608057
155925543210
153865077359
153456374334
155925543210
155925543210
154862734620
154115645962
155428608659
155105076781
155772348396
155619603414
155911755557
155695504168
155231102763
155014212293
155598327611
154198972172
155850783302
155103858787
155757233684
155673479684
155776056841
155925543210
154177763491
155007179257
155211141564
155019246876
155178385401
154961513446
155629324098
155925543210
155472692755
155925543210
154581361766
155861312296
155470363394
155925543210
155925543210
155623000311
153570145622
154901359768
154815401461
155871621277
155383212835
154318013020
154518392305
155772348396
155911755557
155449679891
155925543210
155472912654
155474555049
155428608659
155925543210
155234076377
155619603414
155320626585
155400321258
155925543210
154899429393
155182521819
155149899238
154795025913
153785285050
154724274895
155911755557
155925543210
155925543210
155925543210
155925543210
155752685554
155925543210
155925543210
155925543210
155925543210
155925543210
153924656214
153849659368
155925543210
155925543210
155361422870
155915379183
155626030598
155925543210
154896258011
155217851561
155751914635
155925543210
155483874837
155925543210
155925543210
154645425797
154871915999
155925543210
155078908532
155925543210
154871504468
155283816767
153588736676
155017584979
155400321258
155925543210
155544465451
153889413222
155925543210
154663582005
154193287831
153818281900
155925543210
155270685599
155925543210
155925543210
155925543210
154482622531
155637069651
155598327611
154868342774
155925543210
155925543210
155925543210
154933814757
155925543210
155162617657
155752685554
155046036909
155228377469
154258710213
155925543210
155925543210
155373807474
154837553681
155925543210
154519100454
155925543210
155925543210
154767429199
155658231307
155371309240
155576173237
155569349030
155925543210
155619603414
154063397269
155075463910
155676597346
155925543210
155048772738
155673479684
155246268814
155925543210
155925543210
155452728109
155925543210
155659862080
154944981164
155925543210
155925543210
154402657849
155100667801
155133838314
155254489552
155653130470
154837582590
155925543210
155925543210
154954564634
154995262209
154001147011
155497113140
155875056121
155093329485
154605093912
155014599548
155925543210
155505641401
154148462821
155925543210
155925543210
155472176607
153960696632
155116372860
155925543210
155659862080
155925543210
155048772738
155676226134
155198891148
154106641317
155925543210
154330000698
155663387651
154232383126
155402532714
155784567789
154258567207
155925543210
155925543210
155925543210
155007179257
155568497651
155744201307
154288681244
155777249991
155925543210
155284418583
154558906598
154624236882
153429755425
155925543210
155233454723
155925543210
154251342027
155372480179
154726289494
155925543210
154919531384
154837582590
155764542614
155590899326
155850783302
155925543210
154678671833
155925543210
154734600692
154992575057
155861913701
154778204881
155925543210
155135036522
155925543210
155101647809
154404278238
155925543210
155911755557
155925543210
155619603414
155925543210
155559798946
155925543210
154001147011
155917058963
155925543210
155474406998
155110306613
155113207546
155925543210
155925543210
155925543210
155517989010
155925543210
155925543210
154429407796
155199010950
155925543210
155046036909
154710502210
154930084718
155925543210
155436571678
155395636901
154465043144
155917058963
155925543210
155212925219
155588346498
154465043144
155237834392
153771760235
155535180544
155925543210
155925543210
155233454723
154975795263
153774042263
154388860409
155925543210
155497135901
155925543210
155507617395
155485622143
155925543210
155874931510
155925543210
155757233684
154947073406
155518973719
155449004841
154984093539
155883247892
155925543210
155925543210
155530118840
155925543210
155925543210
155925543210
154826349423
155925543210
155925543210
155211608011
155676145114
154537122175
155365702836
155619603414
153085507135
155925543210
155501171568
155160790683
155925543210
155925543210
155574482421
154813035448
155530820378
155925543210
155925543210
155925543210
155925543210
155925543210
155078908532
155704240788
155552208610
155925543210
154805189543
155320626585
155634865540
155611119167
155925543210
155569349030
155925543210
155925543210
155925543210
155925543210
153767212313
154412696863
155925543210
155535180544
155925543210
153189293808
155619603414
155406716095
155552208610
155353256883
155925543210
155817694772
155925543210
154411724238
155925543210
155202579990
153125651527
155619603414
155565089214
154220769681
154939211952
155925543210
155637572699
155925543210
155925543210
155925543210
153611066307
155925543210
155088812140
155571925790
155925543210
153951901813
155925543210
155900079452
155925543210
155925543210
155925543210
155313586477
155390663030
155925543210
155895113027
155925543210
155507617395
155836245307
155364296773
155925543210
155925543210
155627321218
155925543210
154850585849
155925543210
155925543210
155925543210
155101187807
155598327611
155629324098
155552208610
155315891472
154897079487
155361422870
155925543210
155836449943
155925543210
155019246876
155925543210
155925543210
155552208610
154724274895
155925543210
154786520271
154866422924
155423439235
155708296839
155765487402
154781507926
155182521819
155497135901
155492054359
155925543210
154232383126
155137492168
154444928426
152954010511
155597216753
155776056841
155925543210
155925543210
155535180544
154429407796
155915379183
155917058963
155925543210
154846630808
154885983561
155186690348
155558135929
155390663030
155544012637
155925543210
154701897387
155627321218
155925543210
155925543210
154198972172
154822573986
155925543210
154232383126
155925543210
155925543210
154318013020
155348286651
154206785055
154831363514
155196767072
155895113027
155925543210
154758091493
155925543210
154412696863
155573621584
155925543210
155624032695
155361422870
155925543210
154937538029
154427782182
155339307869
155925543210
155428608659
153982741448
154972970675
155574482421
155757233684
155424370264
155840379328
155254941045
154753703207
155925543210
155909568266
155704546083
155559798946
155178385401
155836245307
155925543210
154748936587
154750171211
155061032102
155925543210
155518973719
155457019240
155778071093
154805231045
153960696632
154724989468
155925543210
155925543210
155925543210
153880037475
155925543210
155420063405
154945437070
154429407796
154140284123
155737313277
155593172719
155925543210
155072123047
155670283065
154954564634
155925543210
154232383126
155925543210
154619585035
155704240788
155925543210
154444928426
155423439235
155925543210
155925543210
155925543210
155925543210
155876639824
155756557353
154813726999
155187554190
155925543210
154486644809
155925543210
155925543210
155228587991
155144738871
154975795263
155818102251
154106826719
155420063405
153932967213
155925543210
154528459000
155173269201
155925543210
155544012637
155233454723
155459011692
155210355179
155925543210
155429353080
155925543210
155782077482
155267074098
155198831591
155925543210
155590899326
155397003646
155925543210
154288874986
155925543210
155472176607
155615984260
155800818021
155048772738
155925543210
154945754037
155925543210
155817658759
155072422124
155653130470
153297544880
155925543210
153546122684
155619603414
155110306613
155818102251
155552525577
154281878706
154653700129
155635120923
155925543210
155925543210
155429353080
155838751354
155925543210
155803927575
155676597346
155544012637
153994971975
155519187566
155318220814
155925543210
154662045276
155925543210
155588732506
155925543210
155694270881
155472176607
155925543210
155925543210
155122193224
155925543210
155660185269
155372480179
155925543210
155544012637
154560836262
155188791076
155925543210
155647752811
155383212835
155925543210
155424370264
155925543210
155925543210
155654573623
155925543210
155876639824
155925543210
155406143918
155925543210
154786520271
153960696632
155925543210
155008626613
155530118840
155925543210
155144738871
155815354404
155530118840
154950395360
155623000311
155925543210
155917058963
154341607560
154678530038
155925543210
155925543210
155535180544
155925543210
155925543210
154956380055
154929884617
155174711018
155577860812
155328313912
155925543210
155925543210
155241383934
155764885770
155428608659
154937538029
155925543210
155925543210
154772338553
154939211952
155330001084
155577860812
155034823611
155925543210
155451293888
154656031213
155061032102
155817658759
155925543210
155861312296
154698256138
153906535244
155925543210
155803927575
155925543210
155428608659
155025155268
155925543210
155424996052
155046036909
155803927575
155925543210
154148462821
155565089214
154954994836
155911755557
154696415209
155772348396
