3182055
1476640
2008428
281987
1688467
3136900
4290209
7335804
825487
3637515
1425465
3422396
2783452
3192917
3156383
6728132
917551
1913792
2355227
1198017
1105927
5279872
652210
1115621
1493286
2598653
4199817
317589
2064900
2275759
5629251
5824668
3431091
213039
7380656
3082078
629911
3413743
1310751
238522
4293861
705899
2770805
3207391
4598115
4861186
4217390
5053635
628708
6075892
707007
2221024
5384183
1867363
1979101
1162388
886447
513125
2625168
3946181
3089909
6504931
5031309
5235849
1039043
2385034
6586123
955708
2247237
1878477
2506930
4875006
737922
242645
5497312
3134846
4678360
766992
5791050
559415
1065367
266551
664196
2117373
489928
1631293
4684360
2094444
4078934
5315762
5536027
647513
2716189
596054
74174
1617286
1360215
2505893
4645744
1531727
1133729
3632370
6349688
1155007
1767437
5568412
287548
6771908
2884050
5272530
2319686
5775534
2063728
677444
1327663
6330215
2739944
1018181
4776698
4012169
3953225
4758758
2660408
1183819
5802497
7615557
5352747
4763174
1206385
2107033
5177583
3903728
1819049
2028997
3190728
138992
7324929
2417654
6588237
2814761
2130152
1660787
3208875
2238564
3831715
2294881
1853720
4225624
5673948
2192638
821882
7270605
4765368
929856
2922481
739461
5115088
371039
126528
2805079
4016637
3033842
2317421
3274408
3503926
7265483
204559
3350490
8825872
69239
5202056
2952178
988174
7435447
843972
311655
6711334
915259
243771
1407253
4545951
1141752
3213157
2714170
3182292
4469164
495956
3458920
5717051
751943
1866595
356251
2159356
3799509
888590
2823019
2772100
5509202
7534475
3894848
4129486
8259837
1143778
4639168
4739827
1283053
5525812
3733519
6073478
606423
4329336
2352630
3743149
8447877
2858451
2032952
2365887
3685580
8990942
3887281
2867559
1162629
1680157
7436874
2265557
4533489
1382243
1280412
108076
1052373
594463
4840606
3105627
4960456
4059453
8988687
2545589
4929960
130415
6220546
6824153
7853340
4617309
6774984
1519130
1025881
1768599
201800
1144754
1514152
4646414
8086796
6670803
831700
5933141
4841262
1837374
732147
1069967
2366160
702544
1729508
1495452
1566162
1564259
2544212
2598356
2909338
225394
1695278
2295840
3910996
6559394
7452946
3771390
8242656
2487608
2712746
3741050
313589
2173139
727520
134641
1015984
4325039
2816991
2569531
4452944
6037568
4901055
3813139
5073548
1077721
4404665
1744633
5465601
7142141
1383779
1615393
1404129
4317691
7889897
2052951
2566357
4761535
2224885
1532675
5384246
3366328
2694428
4849520
4749303
6141761
2628977
5670028
4285401
2349068
3722528
3699287
2344622
198854
2620675
2938875
214688
3991055
5221425
3779672
3593211
2481446
1483807
377138
1213649
5981891
4389474
8571136
6623703
3746887
5478781
808550
1997224
1950546
2234523
6628289
4175896
660745
232905
1868193
83135
986523
8609099
661978
361224
1364225
1038148
7013537
2066958
10176938
4315637
1928220
3413166
5312284
516222
3307078
4995726
3418746
1971160
1960966
1924202
866583
1386480
4518050
2041785
6574418
2757290
3794432
7503681
1177596
7883905
9090599
3628058
7834087
4725889
2351878
5197944
1134566
7813851
4094620
5990184
1614049
6640307
2093973
6133385
3434049
4345974
7154948
1133224
2501967
6451619
7819535
4298810
3960532
4333007
9542220
3871473
9630402
3913831
3989489
5405596
6829785
8735881
1736417
266687
4698070
9666364
4011
2141449
381095
6185450
210282
6007274
5493843
225362
2585550
4951489
1041478
2194048
6292470
2788269
3461635
3380800
10198480
181255
2232633
5730966
3334346
1670633
867553
1739418
2052473
1825504
6844138
5100207
823675
505851
662594
7452416
3340198
4955000
1110743
3232913
8541539
3302238
4706648
2657681
149174
861213
8219168
1306060
165879
1182048
10646
6201313
4282757
9564493
5954859
9182864
5060599
649439
1424206
4702553
1372015
881278
1349437
8918482
7995975
2068178
5325320
3727217
2529085
3338645
374623
4875581
749069
1226233
2956193
5056695
4138499
6668010
10982537
160739
110410
4681129
4051291
10433988
193797
1236521
3813942
976323
2254930
6901126
1797123
1735287
1736266
1861413
4044006
10934012
1534830
