[0][0] --> g[1][1] = 1
[0][1] --> g[1][2] = 0
[0][2] --> g[1][3] = 0
[0][3] --> g[1][4] = 0
[0][0] --> g[2][1] = 1
[0][1] --> g[2][2] = 0
[0][2] --> g[2][3] = 0
[0][3] --> g[2][4] = 0
[0][0] --> g[3][1] = 1
[0][1] --> g[3][2] = 0
[0][2] --> g[3][3] = 0
[0][3] --> g[3][4] = 0
[0][0] --> g[4][1] = 1
[0][1] --> g[4][2] = 0
[0][2] --> g[4][3] = 0
[0][3] --> g[4][4] = 0
[0][0] --> g[5][1] = 1
[0][1] --> g[5][2] = 0
[0][2] --> g[5][3] = 0
[0][3] --> g[5][4] = 0
[0][0] --> g[6][1] = 2
[0][1] --> g[6][2] = 0
[0][2] --> g[6][3] = 0
[0][3] --> g[6][4] = 0
[4][0] --> g[6][1] = 2
[4][1] --> g[6][2] = 1
[4][2] --> g[6][3] = 0
[4][3] --> g[6][4] = 0
[0][0] --> g[7][1] = 2
[0][1] --> g[7][2] = 0
[0][2] --> g[7][3] = 0
[0][3] --> g[7][4] = 0
[0][0] --> g[8][1] = 1
[0][1] --> g[8][2] = 0
[0][2] --> g[8][3] = 0
[0][3] --> g[8][4] = 0
[0][0] --> g[9][1] = 1
[0][1] --> g[9][2] = 0
[0][2] --> g[9][3] = 0
[0][3] --> g[9][4] = 0
[0][0] --> g[10][1] = 1
[0][1] --> g[10][2] = 0
[0][2] --> g[10][3] = 0
[0][3] --> g[10][4] = 0
[0][0] --> g[11][1] = 1
[0][1] --> g[11][2] = 0
[0][2] --> g[11][3] = 0
[0][3] --> g[11][4] = 0
[0][0] --> g[12][1] = 2
[0][1] --> g[12][2] = 0
[0][2] --> g[12][3] = 0
[0][3] --> g[12][4] = 0
[8][0] --> g[12][1] = 2
[8][1] --> g[12][2] = 1
[8][2] --> g[12][3] = 0
[8][3] --> g[12][4] = 0
[0][0] --> g[13][1] = 2
[0][1] --> g[13][2] = 0
[0][2] --> g[13][3] = 0
[0][3] --> g[13][4] = 0
[0][0] --> g[14][1] = 3
[0][1] --> g[14][2] = 0
[0][2] --> g[14][3] = 0
[0][3] --> g[14][4] = 0
[4][0] --> g[14][1] = 3
[4][1] --> g[14][2] = 1
[4][2] --> g[14][3] = 0
[4][3] --> g[14][4] = 0
[0][0] --> g[15][1] = 3
[0][1] --> g[15][2] = 0
[0][2] --> g[15][3] = 0
[0][3] --> g[15][4] = 0
[1]: 1
	[1] 1 1
	[2] 0 0
	[3] 0 0
	[4] 0 0
[2]: 1
	[1] 1 1
	[2] 0 0
	[3] 0 0
	[4] 0 0
[3]: 1
	[1] 1 1
	[2] 1 0
	[3] 0 0
	[4] 0 0
[4]: 1
	[1] 1 1
	[2] 0 0
	[3] 0 0
	[4] 0 0
[5]: 1
	[1] 1 1
	[2] 1 0
	[3] 0 0
	[4] 0 0
[6]: 2
	[1] 2 2
	[2] 1 1
	[3] 0 0
	[4] 0 0
[7]: 2
	[1] 2 2
	[2] 4 0
	[3] 1 0
	[4] 0 0
[8]: 1
	[1] 1 1
	[2] 0 0
	[3] 0 0
	[4] 0 0
[9]: 1
	[1] 1 1
	[2] 1 0
	[3] 0 0
	[4] 0 0
[10]: 1
	[1] 1 1
	[2] 1 0
	[3] 0 0
	[4] 0 0
[11]: 1
	[1] 1 1
	[2] 2 0
	[3] 1 0
	[4] 0 0
[12]: 2
	[1] 2 2
	[2] 1 1
	[3] 0 0
	[4] 0 0
[13]: 2
	[1] 2 2
	[2] 4 0
	[3] 1 0
	[4] 0 0
[14]: 3
	[1] 3 3
	[2] 5 1
	[3] 1 0
	[4] 0 0
[15]: 3
	[1] 3 3
	[2] 9 0
	[3] 7 0
	[4] 1 0
ans=17640 / 40320
